******************************************************************************
                  TI ARM Linker PC v15.12.1                    
******************************************************************************
>> Linked Wed Sep 28 20:25:46 2016

OUTPUT FILE NAME:   <EventHandler.out>
ENTRY POINT SYMBOL: "_c_int00"  address: 00000d41


MEMORY CONFIGURATION

         name            origin    length      used     unused   attr    fill
----------------------  --------  ---------  --------  --------  ----  --------
  MAIN                  00000000   00040000  000010d9  0003ef27  R  X
  INFO                  00200000   00004000  00000000  00004000  R  X
  SRAM_CODE             01000000   00010000  00000638  0000f9c8  RW X
  SRAM_DATA             20000000   00010000  00000638  0000f9c8  RW  


SEGMENT ALLOCATION MAP

run origin  load origin   length   init length attrs members
----------  ----------- ---------- ----------- ----- -------
00000000    00000000    000010dc   000010dc    r-x
  00000000    00000000    000000e4   000000e4    r-- .intvecs
  000000e4    000000e4    00000e0a   00000e0a    r-x .text
  00000ef0    00000ef0    0000019f   0000019f    r-- .const
  00001090    00001090    0000004c   0000004c    r-- .cinit
20000000    20000000    00000438   00000000    rw-
  20000000    20000000    00000400   00000000    rw- .sysmem
  20000400    20000400    00000034   00000000    rw- .data
  20000434    20000434    00000004   00000000    rw- .bss
2000fe00    2000fe00    00000200   00000000    rw-
  2000fe00    2000fe00    00000200   00000000    rw- .stack


SECTION ALLOCATION MAP

 output                                  attributes/
section   page    origin      length       input sections
--------  ----  ----------  ----------   ----------------
.intvecs   0    00000000    000000e4     
                  00000000    000000e4     startup_msp432p401r_ccs.obj (.intvecs:retain)

.binit     0    00000000    00000000     

.text      0    000000e4    00000e0a     
                  000000e4    000003dc     rtsv7M4_T_le_v4SPD16_eabi.lib : memory.obj (.text)
                  000004c0    0000032c     system_msp432p401r.obj (.text)
                  000007ec    00000168     Scheduler.obj (.text)
                  00000954    0000013c     main.obj (.text)
                  00000a90    000000bc     rtsv7M4_T_le_v4SPD16_eabi.lib : typeinfo_.obj (.text)
                  00000b4c    0000009c                                   : memcpy_t2.obj (.text)
                  00000be8    0000007a                                   : memset_t2.obj (.text)
                  00000c62    00000002                                   : mpu_init.obj (.text)
                  00000c64    00000070                                   : autoinit.obj (.text)
                  00000cd4    0000006a                                   : copy_decompress_rle.obj (.text)
                  00000d3e    00000002                                   : startup.obj (.text)
                  00000d40    00000054                                   : boot.obj (.text)
                  00000d94    00000054                                   : exit.obj (.text)
                  00000de8    0000004c                                   : cpy_tbl.obj (.text)
                  00000e34    00000030     Task.obj (.text)
                  00000e64    00000024     LED.obj (.text)
                  00000e88    00000018     rtsv7M4_T_le_v4SPD16_eabi.lib : args_main.obj (.text)
                  00000ea0    00000014                                   : _lock.obj (.text)
                  00000eb4    0000000e                                   : copy_decompress_none.obj (.text:decompress:none)
                  00000ec2    0000000e     startup_msp432p401r_ccs.obj (.text)
                  00000ed0    0000000c     Task.obj (.text:_ZN4Task3runEv)
                  00000edc    00000008     rtsv7M4_T_le_v4SPD16_eabi.lib : delete.obj (.text)
                  00000ee4    00000006                                   : copy_decompress_rle.obj (.text:decompress:rle24)
                  00000eea    00000004                                   : pre_init.obj (.text)

.const     0    00000ef0    0000019f     
                  00000ef0    00000028     rtsv7M4_T_le_v4SPD16_eabi.lib : typeinfo_.obj (.const:.typeinfo:_ZTSN10__cxxabiv123__fundamental_type_infoE)
                  00000f18    00000025                                   : typeinfo_.obj (.const:.typeinfo:_ZTSN10__cxxabiv120__si_class_type_infoE)
                  00000f3d    00000024                                   : typeinfo_.obj (.const:.typeinfo:_ZTSN10__cxxabiv119__pointer_type_infoE)
                  00000f61    00000022                                   : typeinfo_.obj (.const:.typeinfo:_ZTSN10__cxxabiv117__class_type_infoE)
                  00000f83    00000022                                   : typeinfo_.obj (.const:.typeinfo:_ZTSN10__cxxabiv117__pbase_type_infoE)
                  00000fa5    00000002                                   : typeinfo_.obj (.const:.typeinfo:_ZTSe)
                  00000fa7    00000001     --HOLE-- [fill = 0]
                  00000fa8    00000010                                   : typeinfo_.obj (.const:.typeinfo:_ZTIPKe)
                  00000fb8    00000010                                   : typeinfo_.obj (.const:_ZTVN10__cxxabiv117__class_type_infoE)
                  00000fc8    00000010                                   : typeinfo_.obj (.const:_ZTVN10__cxxabiv119__pointer_type_infoE)
                  00000fd8    00000010                                   : typeinfo_.obj (.const:_ZTVN10__cxxabiv120__si_class_type_infoE)
                  00000fe8    00000010                                   : typeinfo_.obj (.const:_ZTVN10__cxxabiv123__fundamental_type_infoE)
                  00000ff8    0000000d                                   : typeinfo_.obj (.const:.typeinfo:_ZTSSt9type_info)
                  00001005    00000003     --HOLE-- [fill = 0]
                  00001008    0000000c     LED.obj (.const:.typeinfo:_ZTI3LED)
                  00001014    0000000c     rtsv7M4_T_le_v4SPD16_eabi.lib : typeinfo_.obj (.const:.typeinfo:_ZTIN10__cxxabiv117__class_type_infoE)
                  00001020    0000000c                                   : typeinfo_.obj (.const:.typeinfo:_ZTIN10__cxxabiv117__pbase_type_infoE)
                  0000102c    0000000c                                   : typeinfo_.obj (.const:.typeinfo:_ZTIN10__cxxabiv119__pointer_type_infoE)
                  00001038    0000000c                                   : typeinfo_.obj (.const:.typeinfo:_ZTIN10__cxxabiv120__si_class_type_infoE)
                  00001044    0000000c                                   : typeinfo_.obj (.const:.typeinfo:_ZTIN10__cxxabiv123__fundamental_type_infoE)
                  00001050    0000000c     LED.obj (.const:_ZTV3LED)
                  0000105c    0000000c     Task.obj (.const:_ZTV4Task)
                  00001068    00000008     LED.obj (.const:.typeinfo:_ZTI4Task)
                  00001070    00000008     rtsv7M4_T_le_v4SPD16_eabi.lib : typeinfo_.obj (.const:.typeinfo:_ZTISt9type_info)
                  00001078    00000008                                   : typeinfo_.obj (.const:.typeinfo:_ZTIe)
                  00001080    00000006     LED.obj (.const:.typeinfo:_ZTS4Task)
                  00001086    00000005     LED.obj (.const:.typeinfo:_ZTS3LED)
                  0000108b    00000004     rtsv7M4_T_le_v4SPD16_eabi.lib : typeinfo_.obj (.const:.typeinfo:_ZTSPKe)

.cinit     0    00001090    0000004c     
                  00001090    00000023     (.cinit..data.load) [load image, compression = rle]
                  000010b3    00000005     --HOLE-- [fill = 0]
                  000010b8    00000009     (.cinit..bss.load) [load image, compression = rle]
                  000010c1    00000003     --HOLE-- [fill = 0]
                  000010c4    00000008     (__TI_handler_table)
                  000010cc    00000010     (__TI_cinit_table)

.init_array 
*          0    00000000    00000000     UNINITIALIZED

.sysmem    0    20000000    00000400     UNINITIALIZED
                  20000000    00000008     rtsv7M4_T_le_v4SPD16_eabi.lib : memory.obj (.sysmem)
                  20000008    000003f8     --HOLE--

.data      0    20000400    00000034     UNINITIALIZED
                  20000400    0000000c     rtsv7M4_T_le_v4SPD16_eabi.lib : exit.obj (.data:$O1$$)
                  2000040c    0000000c                                   : memory.obj (.data:$O1$$)
                  20000418    00000009     main.obj (.data)
                  20000421    00000003     --HOLE--
                  20000424    00000008     rtsv7M4_T_le_v4SPD16_eabi.lib : _lock.obj (.data:$O1$$)
                  2000042c    00000004                                   : stkdepth_vars.obj (.data)
                  20000430    00000004     system_msp432p401r.obj (.data)

.bss       0    20000434    00000004     UNINITIALIZED
                  20000434    00000004     (.common:_ZSt16__dummy_typeinfo)

.stack     0    2000fe00    00000200     UNINITIALIZED
                  2000fe00    00000200     --HOLE--

MODULE SUMMARY

       Module                        code   ro data   rw data
       ------                        ----   -------   -------
    .\
       system_msp432p401r.obj        812    0         8      
       Scheduler.obj                 360    0         0      
       main.obj                      316    0         18     
       startup_msp432p401r_ccs.obj   14     228       0      
       LED.obj                       36     43        0      
       Task.obj                      60     12        0      
    +--+-----------------------------+------+---------+---------+
       Total:                        1598   283       26     
                                                             
    C:\ti\ccsv6\tools\compiler\ti-cgt-arm_15.12.1.LTS\lib\rtsv7M4_T_le_v4SPD16_eabi.lib
       memory.obj                    988    0         24     
       typeinfo_.obj                 188    356       8      
       memcpy_t2.obj                 156    0         0      
       memset_t2.obj                 122    0         0      
       autoinit.obj                  112    0         0      
       copy_decompress_rle.obj       112    0         0      
       exit.obj                      84     0         24     
       boot.obj                      84     0         0      
       cpy_tbl.obj                   76     0         0      
       _lock.obj                     20     0         16     
       args_main.obj                 24     0         0      
       copy_decompress_none.obj      14     0         0      
       delete.obj                    8      0         0      
       stkdepth_vars.obj             0      0         8      
       pre_init.obj                  4      0         0      
       mpu_init.obj                  2      0         0      
       startup.obj                   2      0         0      
    +--+-----------------------------+------+---------+---------+
       Total:                        1996   356       80     
                                                             
       Heap:                         0      0         2048   
       Stack:                        0      0         1024   
       Linker Generated:             0      68        0      
    +--+-----------------------------+------+---------+---------+
       Grand Total:                  3594   707       3178   


LINKER GENERATED COPY TABLES

__TI_cinit_table @ 000010cc records: 2, size/record: 8, table size: 16
	.data: load addr=00001090, load size=00000023 bytes, run addr=20000400, run size=00000034 bytes, compression=rle
	.bss: load addr=000010b8, load size=00000009 bytes, run addr=20000434, run size=00000004 bytes, compression=rle


LINKER GENERATED HANDLER TABLE

__TI_handler_table @ 000010c4 records: 2, size/record: 4, table size: 8
	index: 0, handler: __TI_decompress_rle24
	index: 1, handler: __TI_decompress_none


GLOBAL SYMBOLS: SORTED ALPHABETICALLY BY Name 

address   name                                              
-------   ----                                              
00000ecf  ADC14_IRQHandler                                  
00000ecf  AES256_IRQHandler                                 
00000ecf  BusFault_Handler                                  
00000d95  C$$EXIT                                           
00000ecf  COMP_E0_IRQHandler                                
00000ecf  COMP_E1_IRQHandler                                
00000ecf  CS_IRQHandler                                     
00000ecf  DMA_ERR_IRQHandler                                
00000ecf  DMA_INT0_IRQHandler                               
00000ecf  DMA_INT1_IRQHandler                               
00000ecf  DMA_INT2_IRQHandler                               
00000ecf  DMA_INT3_IRQHandler                               
00000ecf  DebugMon_Handler                                  
00000ecf  Default_Handler                                   
00000ecf  EUSCIA0_IRQHandler                                
00000ecf  EUSCIA1_IRQHandler                                
00000ecf  EUSCIA2_IRQHandler                                
00000ecf  EUSCIA3_IRQHandler                                
00000ecf  EUSCIB0_IRQHandler                                
00000ecf  EUSCIB1_IRQHandler                                
00000ecf  EUSCIB2_IRQHandler                                
00000ecf  EUSCIB3_IRQHandler                                
00000ecf  FLCTL_IRQHandler                                  
00000ecf  FPU_IRQHandler                                    
00000ecf  HardFault_Handler                                 
00000ecf  MemManage_Handler                                 
00000ecf  NMI_Handler                                       
00000ecf  PCM_IRQHandler                                    
00000ecf  PORT1_IRQHandler                                  
00000ecf  PORT2_IRQHandler                                  
00000ecf  PORT3_IRQHandler                                  
00000ecf  PORT4_IRQHandler                                  
00000ecf  PORT5_IRQHandler                                  
00000ecf  PORT6_IRQHandler                                  
00000ecf  PSS_IRQHandler                                    
00000ecf  PendSV_Handler                                    
00000ecf  RTC_C_IRQHandler                                  
00000ec3  Reset_Handler                                     
UNDEFED   SHT$$INIT_ARRAY$$Base                             
UNDEFED   SHT$$INIT_ARRAY$$Limit                            
00000ecf  SVC_Handler                                       
00000ecf  SysTick_Handler                                   
20000430  SystemCoreClock                                   
000004c1  SystemCoreClockUpdate                             
00000735  SystemInit                                        
00000a3d  T32_INT1_IRQHandler                               
00000a3d  T32_INT1_IRQHandler                               
00000ecf  T32_INT2_IRQHandler                               
00000ecf  T32_INTC_IRQHandler                               
00000ecf  TA0_0_IRQHandler                                  
00000ecf  TA0_N_IRQHandler                                  
00000ecf  TA1_0_IRQHandler                                  
00000ecf  TA1_N_IRQHandler                                  
00000ecf  TA2_0_IRQHandler                                  
00000ecf  TA2_N_IRQHandler                                  
00000ecf  TA3_0_IRQHandler                                  
00000ecf  TA3_N_IRQHandler                                  
00000ecf  UsageFault_Handler                                
4000480c  WDTCTL_SYM                                        
00000ecf  WDT_A_IRQHandler                                  
00000a03  _Z5Setupv                                         
00000b3d  _ZN10__cxxabiv116__enum_type_infoD0Ev             
00000b3b  _ZN10__cxxabiv116__enum_type_infoD1Ev             
00000b3b  _ZN10__cxxabiv116__enum_type_infoD2Ev             
00000b33  _ZN10__cxxabiv117__array_type_infoD0Ev            
00000b31  _ZN10__cxxabiv117__array_type_infoD1Ev            
00000b31  _ZN10__cxxabiv117__array_type_infoD2Ev            
00000b29  _ZN10__cxxabiv117__class_type_infoD0Ev            
00000b27  _ZN10__cxxabiv117__class_type_infoD1Ev            
00000b27  _ZN10__cxxabiv117__class_type_infoD2Ev            
00000b1f  _ZN10__cxxabiv117__pbase_type_infoD0Ev            
00000b1d  _ZN10__cxxabiv117__pbase_type_infoD1Ev            
00000b1d  _ZN10__cxxabiv117__pbase_type_infoD2Ev            
00000b15  _ZN10__cxxabiv119__pointer_type_infoD0Ev          
00000b13  _ZN10__cxxabiv119__pointer_type_infoD1Ev          
00000b13  _ZN10__cxxabiv119__pointer_type_infoD2Ev          
00000b0b  _ZN10__cxxabiv120__function_type_infoD0Ev         
00000b09  _ZN10__cxxabiv120__function_type_infoD1Ev         
00000b09  _ZN10__cxxabiv120__function_type_infoD2Ev         
00000b01  _ZN10__cxxabiv120__si_class_type_infoD0Ev         
00000aff  _ZN10__cxxabiv120__si_class_type_infoD1Ev         
00000aff  _ZN10__cxxabiv120__si_class_type_infoD2Ev         
00000af7  _ZN10__cxxabiv121__vmi_class_type_infoD0Ev        
00000af5  _ZN10__cxxabiv121__vmi_class_type_infoD1Ev        
00000af5  _ZN10__cxxabiv121__vmi_class_type_infoD2Ev        
00000aed  _ZN10__cxxabiv123__fundamental_type_infoD0Ev      
00000aeb  _ZN10__cxxabiv123__fundamental_type_infoD1Ev      
00000aeb  _ZN10__cxxabiv123__fundamental_type_infoD2Ev      
00000ae3  _ZN10__cxxabiv129__pointer_to_member_type_infoD0Ev
00000ae1  _ZN10__cxxabiv129__pointer_to_member_type_infoD1Ev
00000ae1  _ZN10__cxxabiv129__pointer_to_member_type_infoD2Ev
00000e79  _ZN3LED3runEv                                     
00000e65  _ZN3LEDC1Ev                                       
00000e65  _ZN3LEDC2Ev                                       
20000420  _ZN4Task14m_u8NextTaskIDE                         
00000ed1  _ZN4Task3runEv                                    
00000e35  _ZN4TaskC1Ev                                      
00000e35  _ZN4TaskC2Ev                                      
0000093b  _ZN9Scheduler21CalculateNextScheduleEv            
00000947  _ZN9Scheduler22SortScheduleByPriorityEP4Task      
000008d7  _ZN9Scheduler3runEv                               
00000833  _ZN9Scheduler6attachEP4Task                       
00000881  _ZN9Scheduler6attachEP4Tasky                      
000007ed  _ZN9SchedulerC1Ev                                 
000007ed  _ZN9SchedulerC2Ev                                 
00000aa3  _ZNKSt9type_info4nameEv                           
00000ad3  _ZNKSt9type_info6beforeERKS_                      
00000abd  _ZNKSt9type_infoeqERKS_                           
00000aa7  _ZNKSt9type_infoneERKS_                           
00000a9b  _ZNSt9type_infoD0Ev                               
00000a99  _ZNSt9type_infoD1Ev                               
00000a99  _ZNSt9type_infoD2Ev                               
20000434  _ZSt16__dummy_typeinfo                            
00000a91  _ZSt21__gen_dummy_typeinfosv                      
00001008  _ZTI3LED                                          
00001068  _ZTI4Task                                         
00001014  _ZTIN10__cxxabiv117__class_type_infoE             
00001020  _ZTIN10__cxxabiv117__pbase_type_infoE             
0000102c  _ZTIN10__cxxabiv119__pointer_type_infoE           
00001038  _ZTIN10__cxxabiv120__si_class_type_infoE          
00001044  _ZTIN10__cxxabiv123__fundamental_type_infoE       
00000fa8  _ZTIPKe                                           
00001070  _ZTISt9type_info                                  
00001078  _ZTIe                                             
00001086  _ZTS3LED                                          
00001080  _ZTS4Task                                         
00000f61  _ZTSN10__cxxabiv117__class_type_infoE             
00000f83  _ZTSN10__cxxabiv117__pbase_type_infoE             
00000f3d  _ZTSN10__cxxabiv119__pointer_type_infoE           
00000f18  _ZTSN10__cxxabiv120__si_class_type_infoE          
00000ef0  _ZTSN10__cxxabiv123__fundamental_type_infoE       
0000108b  _ZTSPKe                                           
00000ff8  _ZTSSt9type_info                                  
00000fa5  _ZTSe                                             
00001050  _ZTV3LED                                          
0000105c  _ZTV4Task                                         
00000fb8  _ZTVN10__cxxabiv117__class_type_infoE             
00000fc8  _ZTVN10__cxxabiv119__pointer_type_infoE           
00000fd8  _ZTVN10__cxxabiv120__si_class_type_infoE          
00000fe8  _ZTVN10__cxxabiv123__fundamental_type_infoE       
00000edd  _ZdlPv                                            
20010000  __STACK_END                                       
00000200  __STACK_SIZE                                      
00000400  __SYSMEM_SIZE                                     
000010cc  __TI_CINIT_Base                                   
000010dc  __TI_CINIT_Limit                                  
000010c4  __TI_Handler_Table_Base                           
000010cc  __TI_Handler_Table_Limit                          
00000c65  __TI_auto_init                                    
20000400  __TI_cleanup_ptr                                  
00000eb5  __TI_decompress_none                              
00000ee5  __TI_decompress_rle24                             
20000404  __TI_dtors_ptr                                    
20000408  __TI_enable_exit_profile_output                   
ffffffff  __TI_pprof_out_hndl                               
ffffffff  __TI_prof_data_size                               
ffffffff  __TI_prof_data_start                              
00000000  __TI_static_base__                                
00000be9  __aeabi_memclr                                    
00000be9  __aeabi_memclr4                                   
00000be9  __aeabi_memclr8                                   
00000b4d  __aeabi_memcpy                                    
00000b4d  __aeabi_memcpy4                                   
00000b4d  __aeabi_memcpy8                                   
00000beb  __aeabi_memset                                    
00000beb  __aeabi_memset4                                   
00000beb  __aeabi_memset8                                   
ffffffff  __binit__                                         
ffffffff  __c_args__                                        
00000c63  __mpu_init                                        
2000fe00  __stack                                           
00000e89  _args_main                                        
00000d41  _c_int00                                          
20000424  _lock                                             
00000eaf  _nop                                              
00000ea7  _register_lock                                    
00000ea1  _register_unlock                                  
20000000  _sys_memory                                       
00000d3f  _system_post_cinit                                
00000eeb  _system_pre_init                                  
20000428  _unlock                                           
00000d99  abort                                             
ffffffff  binit                                             
0000048d  calloc                                            
00000de9  copy_in                                           
00000da1  exit                                              
000001db  free                                              
00000000  interruptVectors                                  
000009bf  main                                              
2000042c  main_func_sp                                      
00000173  malloc                                            
000003a9  memalign                                          
00000b4d  memcpy                                            
00000bf1  memset                                            
000000e5  minit                                             
0000029d  realloc                                           


GLOBAL SYMBOLS: SORTED BY Symbol Address 

address   name                                              
-------   ----                                              
00000000  __TI_static_base__                                
00000000  interruptVectors                                  
000000e5  minit                                             
00000173  malloc                                            
000001db  free                                              
00000200  __STACK_SIZE                                      
0000029d  realloc                                           
000003a9  memalign                                          
00000400  __SYSMEM_SIZE                                     
0000048d  calloc                                            
000004c1  SystemCoreClockUpdate                             
00000735  SystemInit                                        
000007ed  _ZN9SchedulerC1Ev                                 
000007ed  _ZN9SchedulerC2Ev                                 
00000833  _ZN9Scheduler6attachEP4Task                       
00000881  _ZN9Scheduler6attachEP4Tasky                      
000008d7  _ZN9Scheduler3runEv                               
0000093b  _ZN9Scheduler21CalculateNextScheduleEv            
00000947  _ZN9Scheduler22SortScheduleByPriorityEP4Task      
000009bf  main                                              
00000a03  _Z5Setupv                                         
00000a3d  T32_INT1_IRQHandler                               
00000a3d  T32_INT1_IRQHandler                               
00000a91  _ZSt21__gen_dummy_typeinfosv                      
00000a99  _ZNSt9type_infoD1Ev                               
00000a99  _ZNSt9type_infoD2Ev                               
00000a9b  _ZNSt9type_infoD0Ev                               
00000aa3  _ZNKSt9type_info4nameEv                           
00000aa7  _ZNKSt9type_infoneERKS_                           
00000abd  _ZNKSt9type_infoeqERKS_                           
00000ad3  _ZNKSt9type_info6beforeERKS_                      
00000ae1  _ZN10__cxxabiv129__pointer_to_member_type_infoD1Ev
00000ae1  _ZN10__cxxabiv129__pointer_to_member_type_infoD2Ev
00000ae3  _ZN10__cxxabiv129__pointer_to_member_type_infoD0Ev
00000aeb  _ZN10__cxxabiv123__fundamental_type_infoD1Ev      
00000aeb  _ZN10__cxxabiv123__fundamental_type_infoD2Ev      
00000aed  _ZN10__cxxabiv123__fundamental_type_infoD0Ev      
00000af5  _ZN10__cxxabiv121__vmi_class_type_infoD1Ev        
00000af5  _ZN10__cxxabiv121__vmi_class_type_infoD2Ev        
00000af7  _ZN10__cxxabiv121__vmi_class_type_infoD0Ev        
00000aff  _ZN10__cxxabiv120__si_class_type_infoD1Ev         
00000aff  _ZN10__cxxabiv120__si_class_type_infoD2Ev         
00000b01  _ZN10__cxxabiv120__si_class_type_infoD0Ev         
00000b09  _ZN10__cxxabiv120__function_type_infoD1Ev         
00000b09  _ZN10__cxxabiv120__function_type_infoD2Ev         
00000b0b  _ZN10__cxxabiv120__function_type_infoD0Ev         
00000b13  _ZN10__cxxabiv119__pointer_type_infoD1Ev          
00000b13  _ZN10__cxxabiv119__pointer_type_infoD2Ev          
00000b15  _ZN10__cxxabiv119__pointer_type_infoD0Ev          
00000b1d  _ZN10__cxxabiv117__pbase_type_infoD1Ev            
00000b1d  _ZN10__cxxabiv117__pbase_type_infoD2Ev            
00000b1f  _ZN10__cxxabiv117__pbase_type_infoD0Ev            
00000b27  _ZN10__cxxabiv117__class_type_infoD1Ev            
00000b27  _ZN10__cxxabiv117__class_type_infoD2Ev            
00000b29  _ZN10__cxxabiv117__class_type_infoD0Ev            
00000b31  _ZN10__cxxabiv117__array_type_infoD1Ev            
00000b31  _ZN10__cxxabiv117__array_type_infoD2Ev            
00000b33  _ZN10__cxxabiv117__array_type_infoD0Ev            
00000b3b  _ZN10__cxxabiv116__enum_type_infoD1Ev             
00000b3b  _ZN10__cxxabiv116__enum_type_infoD2Ev             
00000b3d  _ZN10__cxxabiv116__enum_type_infoD0Ev             
00000b4d  __aeabi_memcpy                                    
00000b4d  __aeabi_memcpy4                                   
00000b4d  __aeabi_memcpy8                                   
00000b4d  memcpy                                            
00000be9  __aeabi_memclr                                    
00000be9  __aeabi_memclr4                                   
00000be9  __aeabi_memclr8                                   
00000beb  __aeabi_memset                                    
00000beb  __aeabi_memset4                                   
00000beb  __aeabi_memset8                                   
00000bf1  memset                                            
00000c63  __mpu_init                                        
00000c65  __TI_auto_init                                    
00000d3f  _system_post_cinit                                
00000d41  _c_int00                                          
00000d95  C$$EXIT                                           
00000d99  abort                                             
00000da1  exit                                              
00000de9  copy_in                                           
00000e35  _ZN4TaskC1Ev                                      
00000e35  _ZN4TaskC2Ev                                      
00000e65  _ZN3LEDC1Ev                                       
00000e65  _ZN3LEDC2Ev                                       
00000e79  _ZN3LED3runEv                                     
00000e89  _args_main                                        
00000ea1  _register_unlock                                  
00000ea7  _register_lock                                    
00000eaf  _nop                                              
00000eb5  __TI_decompress_none                              
00000ec3  Reset_Handler                                     
00000ecf  ADC14_IRQHandler                                  
00000ecf  AES256_IRQHandler                                 
00000ecf  BusFault_Handler                                  
00000ecf  COMP_E0_IRQHandler                                
00000ecf  COMP_E1_IRQHandler                                
00000ecf  CS_IRQHandler                                     
00000ecf  DMA_ERR_IRQHandler                                
00000ecf  DMA_INT0_IRQHandler                               
00000ecf  DMA_INT1_IRQHandler                               
00000ecf  DMA_INT2_IRQHandler                               
00000ecf  DMA_INT3_IRQHandler                               
00000ecf  DebugMon_Handler                                  
00000ecf  Default_Handler                                   
00000ecf  EUSCIA0_IRQHandler                                
00000ecf  EUSCIA1_IRQHandler                                
00000ecf  EUSCIA2_IRQHandler                                
00000ecf  EUSCIA3_IRQHandler                                
00000ecf  EUSCIB0_IRQHandler                                
00000ecf  EUSCIB1_IRQHandler                                
00000ecf  EUSCIB2_IRQHandler                                
00000ecf  EUSCIB3_IRQHandler                                
00000ecf  FLCTL_IRQHandler                                  
00000ecf  FPU_IRQHandler                                    
00000ecf  HardFault_Handler                                 
00000ecf  MemManage_Handler                                 
00000ecf  NMI_Handler                                       
00000ecf  PCM_IRQHandler                                    
00000ecf  PORT1_IRQHandler                                  
00000ecf  PORT2_IRQHandler                                  
00000ecf  PORT3_IRQHandler                                  
00000ecf  PORT4_IRQHandler                                  
00000ecf  PORT5_IRQHandler                                  
00000ecf  PORT6_IRQHandler                                  
00000ecf  PSS_IRQHandler                                    
00000ecf  PendSV_Handler                                    
00000ecf  RTC_C_IRQHandler                                  
00000ecf  SVC_Handler                                       
00000ecf  SysTick_Handler                                   
00000ecf  T32_INT2_IRQHandler                               
00000ecf  T32_INTC_IRQHandler                               
00000ecf  TA0_0_IRQHandler                                  
00000ecf  TA0_N_IRQHandler                                  
00000ecf  TA1_0_IRQHandler                                  
00000ecf  TA1_N_IRQHandler                                  
00000ecf  TA2_0_IRQHandler                                  
00000ecf  TA2_N_IRQHandler                                  
00000ecf  TA3_0_IRQHandler                                  
00000ecf  TA3_N_IRQHandler                                  
00000ecf  UsageFault_Handler                                
00000ecf  WDT_A_IRQHandler                                  
00000ed1  _ZN4Task3runEv                                    
00000edd  _ZdlPv                                            
00000ee5  __TI_decompress_rle24                             
00000eeb  _system_pre_init                                  
00000ef0  _ZTSN10__cxxabiv123__fundamental_type_infoE       
00000f18  _ZTSN10__cxxabiv120__si_class_type_infoE          
00000f3d  _ZTSN10__cxxabiv119__pointer_type_infoE           
00000f61  _ZTSN10__cxxabiv117__class_type_infoE             
00000f83  _ZTSN10__cxxabiv117__pbase_type_infoE             
00000fa5  _ZTSe                                             
00000fa8  _ZTIPKe                                           
00000fb8  _ZTVN10__cxxabiv117__class_type_infoE             
00000fc8  _ZTVN10__cxxabiv119__pointer_type_infoE           
00000fd8  _ZTVN10__cxxabiv120__si_class_type_infoE          
00000fe8  _ZTVN10__cxxabiv123__fundamental_type_infoE       
00000ff8  _ZTSSt9type_info                                  
00001008  _ZTI3LED                                          
00001014  _ZTIN10__cxxabiv117__class_type_infoE             
00001020  _ZTIN10__cxxabiv117__pbase_type_infoE             
0000102c  _ZTIN10__cxxabiv119__pointer_type_infoE           
00001038  _ZTIN10__cxxabiv120__si_class_type_infoE          
00001044  _ZTIN10__cxxabiv123__fundamental_type_infoE       
00001050  _ZTV3LED                                          
0000105c  _ZTV4Task                                         
00001068  _ZTI4Task                                         
00001070  _ZTISt9type_info                                  
00001078  _ZTIe                                             
00001080  _ZTS4Task                                         
00001086  _ZTS3LED                                          
0000108b  _ZTSPKe                                           
000010c4  __TI_Handler_Table_Base                           
000010cc  __TI_CINIT_Base                                   
000010cc  __TI_Handler_Table_Limit                          
000010dc  __TI_CINIT_Limit                                  
20000000  _sys_memory                                       
20000400  __TI_cleanup_ptr                                  
20000404  __TI_dtors_ptr                                    
20000408  __TI_enable_exit_profile_output                   
20000420  _ZN4Task14m_u8NextTaskIDE                         
20000424  _lock                                             
20000428  _unlock                                           
2000042c  main_func_sp                                      
20000430  SystemCoreClock                                   
20000434  _ZSt16__dummy_typeinfo                            
2000fe00  __stack                                           
20010000  __STACK_END                                       
4000480c  WDTCTL_SYM                                        
ffffffff  __TI_pprof_out_hndl                               
ffffffff  __TI_prof_data_size                               
ffffffff  __TI_prof_data_start                              
ffffffff  __binit__                                         
ffffffff  __c_args__                                        
ffffffff  binit                                             
UNDEFED   SHT$$INIT_ARRAY$$Base                             
UNDEFED   SHT$$INIT_ARRAY$$Limit                            

[196 symbols]
