<?xml version="1.0"?>
<link_info>
   <banner>TI ARM Linker PC v15.12.1.LTS</banner>
   <copyright>Copyright (c) 1996-2015 Texas Instruments Incorporated</copyright>
   <link_time>0x582cd7f7</link_time>
   <link_errors>0x0</link_errors>
   <output_file>Lab2.out</output_file>
   <entry_point>
      <name>_c_int00</name>
      <address>0x4225</address>
   </entry_point>
   <input_file_list>
      <input_file id="fl-2">
         <path>.\</path>
         <kind>object</kind>
         <file>LED.obj</file>
         <name>LED.obj</name>
      </input_file>
      <input_file id="fl-3">
         <path>.\</path>
         <kind>object</kind>
         <file>Scheduler.obj</file>
         <name>Scheduler.obj</name>
      </input_file>
      <input_file id="fl-4">
         <path>.\</path>
         <kind>object</kind>
         <file>Screen.obj</file>
         <name>Screen.obj</name>
      </input_file>
      <input_file id="fl-5">
         <path>.\</path>
         <kind>object</kind>
         <file>Servo.obj</file>
         <name>Servo.obj</name>
      </input_file>
      <input_file id="fl-6">
         <path>.\</path>
         <kind>object</kind>
         <file>Task.obj</file>
         <name>Task.obj</name>
      </input_file>
      <input_file id="fl-7">
         <path>.\</path>
         <kind>object</kind>
         <file>main.obj</file>
         <name>main.obj</name>
      </input_file>
      <input_file id="fl-8">
         <path>.\</path>
         <kind>object</kind>
         <file>startup_msp432p401r_ccs.obj</file>
         <name>startup_msp432p401r_ccs.obj</name>
      </input_file>
      <input_file id="fl-9">
         <path>.\</path>
         <kind>object</kind>
         <file>system_msp432p401r.obj</file>
         <name>system_msp432p401r.obj</name>
      </input_file>
      <input_file id="fl-a">
         <path>.\GrLib\fonts\</path>
         <kind>object</kind>
         <file>fontfixed6x8.obj</file>
         <name>fontfixed6x8.obj</name>
      </input_file>
      <input_file id="fl-b">
         <path>.\GrLib\grlib\</path>
         <kind>object</kind>
         <file>button.obj</file>
         <name>button.obj</name>
      </input_file>
      <input_file id="fl-c">
         <path>.\GrLib\grlib\</path>
         <kind>object</kind>
         <file>checkbox.obj</file>
         <name>checkbox.obj</name>
      </input_file>
      <input_file id="fl-d">
         <path>.\GrLib\grlib\</path>
         <kind>object</kind>
         <file>circle.obj</file>
         <name>circle.obj</name>
      </input_file>
      <input_file id="fl-e">
         <path>.\GrLib\grlib\</path>
         <kind>object</kind>
         <file>context.obj</file>
         <name>context.obj</name>
      </input_file>
      <input_file id="fl-f">
         <path>.\GrLib\grlib\</path>
         <kind>object</kind>
         <file>display.obj</file>
         <name>display.obj</name>
      </input_file>
      <input_file id="fl-10">
         <path>.\GrLib\grlib\</path>
         <kind>object</kind>
         <file>image.obj</file>
         <name>image.obj</name>
      </input_file>
      <input_file id="fl-11">
         <path>.\GrLib\grlib\</path>
         <kind>object</kind>
         <file>imageButton.obj</file>
         <name>imageButton.obj</name>
      </input_file>
      <input_file id="fl-12">
         <path>.\GrLib\grlib\</path>
         <kind>object</kind>
         <file>line.obj</file>
         <name>line.obj</name>
      </input_file>
      <input_file id="fl-13">
         <path>.\GrLib\grlib\</path>
         <kind>object</kind>
         <file>radioButton.obj</file>
         <name>radioButton.obj</name>
      </input_file>
      <input_file id="fl-14">
         <path>.\GrLib\grlib\</path>
         <kind>object</kind>
         <file>rectangle.obj</file>
         <name>rectangle.obj</name>
      </input_file>
      <input_file id="fl-15">
         <path>.\GrLib\grlib\</path>
         <kind>object</kind>
         <file>string.obj</file>
         <name>string.obj</name>
      </input_file>
      <input_file id="fl-16">
         <path>.\LcdDriver\</path>
         <kind>object</kind>
         <file>Crystalfontz128x128_ST7735.obj</file>
         <name>Crystalfontz128x128_ST7735.obj</name>
      </input_file>
      <input_file id="fl-17">
         <path>.\LcdDriver\</path>
         <kind>object</kind>
         <file>HAL_MSP_EXP432P401R_Crystalfontz128x128_ST7735.obj</file>
         <name>HAL_MSP_EXP432P401R_Crystalfontz128x128_ST7735.obj</name>
      </input_file>
      <input_file id="fl-18">
         <path>.\driverlib\MSP432P4xx\</path>
         <kind>object</kind>
         <file>adc14.obj</file>
         <name>adc14.obj</name>
      </input_file>
      <input_file id="fl-19">
         <path>.\driverlib\MSP432P4xx\</path>
         <kind>object</kind>
         <file>aes256.obj</file>
         <name>aes256.obj</name>
      </input_file>
      <input_file id="fl-1a">
         <path>.\driverlib\MSP432P4xx\</path>
         <kind>object</kind>
         <file>comp_e.obj</file>
         <name>comp_e.obj</name>
      </input_file>
      <input_file id="fl-1b">
         <path>.\driverlib\MSP432P4xx\</path>
         <kind>object</kind>
         <file>cpu.obj</file>
         <name>cpu.obj</name>
      </input_file>
      <input_file id="fl-1c">
         <path>.\driverlib\MSP432P4xx\</path>
         <kind>object</kind>
         <file>crc32.obj</file>
         <name>crc32.obj</name>
      </input_file>
      <input_file id="fl-1d">
         <path>.\driverlib\MSP432P4xx\</path>
         <kind>object</kind>
         <file>cs.obj</file>
         <name>cs.obj</name>
      </input_file>
      <input_file id="fl-1e">
         <path>.\driverlib\MSP432P4xx\</path>
         <kind>object</kind>
         <file>dma.obj</file>
         <name>dma.obj</name>
      </input_file>
      <input_file id="fl-1f">
         <path>.\driverlib\MSP432P4xx\</path>
         <kind>object</kind>
         <file>flash.obj</file>
         <name>flash.obj</name>
      </input_file>
      <input_file id="fl-20">
         <path>.\driverlib\MSP432P4xx\</path>
         <kind>object</kind>
         <file>fpu.obj</file>
         <name>fpu.obj</name>
      </input_file>
      <input_file id="fl-21">
         <path>.\driverlib\MSP432P4xx\</path>
         <kind>object</kind>
         <file>gpio.obj</file>
         <name>gpio.obj</name>
      </input_file>
      <input_file id="fl-22">
         <path>.\driverlib\MSP432P4xx\</path>
         <kind>object</kind>
         <file>i2c.obj</file>
         <name>i2c.obj</name>
      </input_file>
      <input_file id="fl-23">
         <path>.\driverlib\MSP432P4xx\</path>
         <kind>object</kind>
         <file>interrupt.obj</file>
         <name>interrupt.obj</name>
      </input_file>
      <input_file id="fl-24">
         <path>.\driverlib\MSP432P4xx\</path>
         <kind>object</kind>
         <file>mpu.obj</file>
         <name>mpu.obj</name>
      </input_file>
      <input_file id="fl-25">
         <path>.\driverlib\MSP432P4xx\</path>
         <kind>object</kind>
         <file>pcm.obj</file>
         <name>pcm.obj</name>
      </input_file>
      <input_file id="fl-26">
         <path>.\driverlib\MSP432P4xx\</path>
         <kind>object</kind>
         <file>pmap.obj</file>
         <name>pmap.obj</name>
      </input_file>
      <input_file id="fl-27">
         <path>.\driverlib\MSP432P4xx\</path>
         <kind>object</kind>
         <file>pss.obj</file>
         <name>pss.obj</name>
      </input_file>
      <input_file id="fl-28">
         <path>.\driverlib\MSP432P4xx\</path>
         <kind>object</kind>
         <file>ref_a.obj</file>
         <name>ref_a.obj</name>
      </input_file>
      <input_file id="fl-29">
         <path>.\driverlib\MSP432P4xx\</path>
         <kind>object</kind>
         <file>reset.obj</file>
         <name>reset.obj</name>
      </input_file>
      <input_file id="fl-2a">
         <path>.\driverlib\MSP432P4xx\</path>
         <kind>object</kind>
         <file>rtc_c.obj</file>
         <name>rtc_c.obj</name>
      </input_file>
      <input_file id="fl-2b">
         <path>.\driverlib\MSP432P4xx\</path>
         <kind>object</kind>
         <file>spi.obj</file>
         <name>spi.obj</name>
      </input_file>
      <input_file id="fl-2c">
         <path>.\driverlib\MSP432P4xx\</path>
         <kind>object</kind>
         <file>sysctl.obj</file>
         <name>sysctl.obj</name>
      </input_file>
      <input_file id="fl-2d">
         <path>.\driverlib\MSP432P4xx\</path>
         <kind>object</kind>
         <file>systick.obj</file>
         <name>systick.obj</name>
      </input_file>
      <input_file id="fl-2e">
         <path>.\driverlib\MSP432P4xx\</path>
         <kind>object</kind>
         <file>timer32.obj</file>
         <name>timer32.obj</name>
      </input_file>
      <input_file id="fl-2f">
         <path>.\driverlib\MSP432P4xx\</path>
         <kind>object</kind>
         <file>timer_a.obj</file>
         <name>timer_a.obj</name>
      </input_file>
      <input_file id="fl-30">
         <path>.\driverlib\MSP432P4xx\</path>
         <kind>object</kind>
         <file>uart.obj</file>
         <name>uart.obj</name>
      </input_file>
      <input_file id="fl-31">
         <path>.\driverlib\MSP432P4xx\</path>
         <kind>object</kind>
         <file>wdt_a.obj</file>
         <name>wdt_a.obj</name>
      </input_file>
      <input_file id="fl-eb">
         <path>C:\ti\ccsv6\tools\compiler\ti-cgt-arm_15.12.1.LTS\lib\</path>
         <kind>archive</kind>
         <file>rtsv7M4_T_le_v4SPD16_eabi.lib</file>
         <name>boot.obj</name>
      </input_file>
      <input_file id="fl-ec">
         <path>C:\ti\ccsv6\tools\compiler\ti-cgt-arm_15.12.1.LTS\lib\</path>
         <kind>archive</kind>
         <file>rtsv7M4_T_le_v4SPD16_eabi.lib</file>
         <name>copy_decompress_none.obj</name>
      </input_file>
      <input_file id="fl-ed">
         <path>C:\ti\ccsv6\tools\compiler\ti-cgt-arm_15.12.1.LTS\lib\</path>
         <kind>archive</kind>
         <file>rtsv7M4_T_le_v4SPD16_eabi.lib</file>
         <name>copy_decompress_rle.obj</name>
      </input_file>
      <input_file id="fl-ee">
         <path>C:\ti\ccsv6\tools\compiler\ti-cgt-arm_15.12.1.LTS\lib\</path>
         <kind>archive</kind>
         <file>rtsv7M4_T_le_v4SPD16_eabi.lib</file>
         <name>copy_zero_init.obj</name>
      </input_file>
      <input_file id="fl-ef">
         <path>C:\ti\ccsv6\tools\compiler\ti-cgt-arm_15.12.1.LTS\lib\</path>
         <kind>archive</kind>
         <file>rtsv7M4_T_le_v4SPD16_eabi.lib</file>
         <name>exit.obj</name>
      </input_file>
      <input_file id="fl-f0">
         <path>C:\ti\ccsv6\tools\compiler\ti-cgt-arm_15.12.1.LTS\lib\</path>
         <kind>archive</kind>
         <file>rtsv7M4_T_le_v4SPD16_eabi.lib</file>
         <name>fd_add_t2.obj</name>
      </input_file>
      <input_file id="fl-f1">
         <path>C:\ti\ccsv6\tools\compiler\ti-cgt-arm_15.12.1.LTS\lib\</path>
         <kind>archive</kind>
         <file>rtsv7M4_T_le_v4SPD16_eabi.lib</file>
         <name>fd_mul_t2.obj</name>
      </input_file>
      <input_file id="fl-f2">
         <path>C:\ti\ccsv6\tools\compiler\ti-cgt-arm_15.12.1.LTS\lib\</path>
         <kind>archive</kind>
         <file>rtsv7M4_T_le_v4SPD16_eabi.lib</file>
         <name>fd_toi_t2.obj</name>
      </input_file>
      <input_file id="fl-f3">
         <path>C:\ti\ccsv6\tools\compiler\ti-cgt-arm_15.12.1.LTS\lib\</path>
         <kind>archive</kind>
         <file>rtsv7M4_T_le_v4SPD16_eabi.lib</file>
         <name>fd_tou_t2.obj</name>
      </input_file>
      <input_file id="fl-f4">
         <path>C:\ti\ccsv6\tools\compiler\ti-cgt-arm_15.12.1.LTS\lib\</path>
         <kind>archive</kind>
         <file>rtsv7M4_T_le_v4SPD16_eabi.lib</file>
         <name>memcpy_t2.obj</name>
      </input_file>
      <input_file id="fl-f5">
         <path>C:\ti\ccsv6\tools\compiler\ti-cgt-arm_15.12.1.LTS\lib\</path>
         <kind>archive</kind>
         <file>rtsv7M4_T_le_v4SPD16_eabi.lib</file>
         <name>memset_t2.obj</name>
      </input_file>
      <input_file id="fl-f6">
         <path>C:\ti\ccsv6\tools\compiler\ti-cgt-arm_15.12.1.LTS\lib\</path>
         <kind>archive</kind>
         <file>rtsv7M4_T_le_v4SPD16_eabi.lib</file>
         <name>mpu_init.obj</name>
      </input_file>
      <input_file id="fl-f7">
         <path>C:\ti\ccsv6\tools\compiler\ti-cgt-arm_15.12.1.LTS\lib\</path>
         <kind>archive</kind>
         <file>rtsv7M4_T_le_v4SPD16_eabi.lib</file>
         <name>pre_init.obj</name>
      </input_file>
      <input_file id="fl-f8">
         <path>C:\ti\ccsv6\tools\compiler\ti-cgt-arm_15.12.1.LTS\lib\</path>
         <kind>archive</kind>
         <file>rtsv7M4_T_le_v4SPD16_eabi.lib</file>
         <name>stkdepth_vars.obj</name>
      </input_file>
      <input_file id="fl-f9">
         <path>C:\ti\ccsv6\tools\compiler\ti-cgt-arm_15.12.1.LTS\lib\</path>
         <kind>archive</kind>
         <file>rtsv7M4_T_le_v4SPD16_eabi.lib</file>
         <name>typeinfo_.obj</name>
      </input_file>
      <input_file id="fl-fa">
         <path>C:\ti\ccsv6\tools\compiler\ti-cgt-arm_15.12.1.LTS\lib\</path>
         <kind>archive</kind>
         <file>rtsv7M4_T_le_v4SPD16_eabi.lib</file>
         <name>ull_tofd_t2.obj</name>
      </input_file>
      <input_file id="fl-fb">
         <path>C:\ti\ccsv6\tools\compiler\ti-cgt-arm_15.12.1.LTS\lib\</path>
         <kind>archive</kind>
         <file>rtsv7M4_T_le_v4SPD16_eabi.lib</file>
         <name>_lock.obj</name>
      </input_file>
      <input_file id="fl-fc">
         <path>C:\ti\ccsv6\tools\compiler\ti-cgt-arm_15.12.1.LTS\lib\</path>
         <kind>archive</kind>
         <file>rtsv7M4_T_le_v4SPD16_eabi.lib</file>
         <name>args_main.obj</name>
      </input_file>
      <input_file id="fl-fd">
         <path>C:\ti\ccsv6\tools\compiler\ti-cgt-arm_15.12.1.LTS\lib\</path>
         <kind>archive</kind>
         <file>rtsv7M4_T_le_v4SPD16_eabi.lib</file>
         <name>autoinit.obj</name>
      </input_file>
      <input_file id="fl-fe">
         <path>C:\ti\ccsv6\tools\compiler\ti-cgt-arm_15.12.1.LTS\lib\</path>
         <kind>archive</kind>
         <file>rtsv7M4_T_le_v4SPD16_eabi.lib</file>
         <name>cpy_tbl.obj</name>
      </input_file>
      <input_file id="fl-ff">
         <path>C:\ti\ccsv6\tools\compiler\ti-cgt-arm_15.12.1.LTS\lib\</path>
         <kind>archive</kind>
         <file>rtsv7M4_T_le_v4SPD16_eabi.lib</file>
         <name>delete.obj</name>
      </input_file>
      <input_file id="fl-100">
         <path>C:\ti\ccsv6\tools\compiler\ti-cgt-arm_15.12.1.LTS\lib\</path>
         <kind>archive</kind>
         <file>rtsv7M4_T_le_v4SPD16_eabi.lib</file>
         <name>memory.obj</name>
      </input_file>
      <input_file id="fl-101">
         <path>C:\ti\ccsv6\tools\compiler\ti-cgt-arm_15.12.1.LTS\lib\</path>
         <kind>archive</kind>
         <file>rtsv7M4_T_le_v4SPD16_eabi.lib</file>
         <name>startup.obj</name>
      </input_file>
   </input_file_list>
   <object_component_list>
      <object_component id="oc-2d">
         <name>.intvecs:retain</name>
         <load_address>0x0</load_address>
         <run_address>0x0</run_address>
         <size>0xe4</size>
         <input_file_ref idref="fl-8"/>
      </object_component>
      <object_component id="oc-ed">
         <name>.text</name>
         <load_address>0xe4</load_address>
         <run_address>0xe4</run_address>
         <size>0x8e0</size>
         <input_file_ref idref="fl-18"/>
      </object_component>
      <object_component id="oc-d5">
         <name>.text</name>
         <load_address>0x9c4</load_address>
         <run_address>0x9c4</run_address>
         <size>0x8a4</size>
         <input_file_ref idref="fl-3"/>
      </object_component>
      <object_component id="oc-26b">
         <name>.text</name>
         <load_address>0x1268</load_address>
         <run_address>0x1268</run_address>
         <size>0x8a4</size>
         <input_file_ref idref="fl-2b"/>
      </object_component>
      <object_component id="oc-db">
         <name>.text</name>
         <load_address>0x1b0c</load_address>
         <run_address>0x1b0c</run_address>
         <size>0x678</size>
         <input_file_ref idref="fl-16"/>
      </object_component>
      <object_component id="oc-7b">
         <name>.text</name>
         <load_address>0x2184</load_address>
         <run_address>0x2184</run_address>
         <size>0x4a0</size>
         <input_file_ref idref="fl-7"/>
      </object_component>
      <object_component id="oc-1a9">
         <name>.text</name>
         <load_address>0x2624</load_address>
         <run_address>0x2624</run_address>
         <size>0x480</size>
         <input_file_ref idref="fl-21"/>
      </object_component>
      <object_component id="oc-1cd">
         <name>.text</name>
         <load_address>0x2aa4</load_address>
         <run_address>0x2aa4</run_address>
         <size>0x3f0</size>
         <input_file_ref idref="fl-23"/>
      </object_component>
      <object_component id="oc-34e">
         <name>.text</name>
         <load_address>0x2e94</load_address>
         <run_address>0x2e94</run_address>
         <size>0x3dc</size>
         <input_file_ref idref="fl-100"/>
      </object_component>
      <object_component id="oc-11c">
         <name>.text</name>
         <load_address>0x3270</load_address>
         <run_address>0x3270</run_address>
         <size>0x370</size>
         <input_file_ref idref="fl-9"/>
      </object_component>
      <object_component id="oc-e1">
         <name>.text</name>
         <load_address>0x35e0</load_address>
         <run_address>0x35e0</run_address>
         <size>0x266</size>
         <input_file_ref idref="fl-e"/>
      </object_component>
      <object_component id="oc-165">
         <name>.text</name>
         <load_address>0x3846</load_address>
         <run_address>0x3846</run_address>
         <size>0x1b6</size>
         <input_file_ref idref="fl-f0"/>
      </object_component>
      <object_component id="oc-cf">
         <name>.text</name>
         <load_address>0x39fc</load_address>
         <run_address>0x39fc</run_address>
         <size>0x178</size>
         <input_file_ref idref="fl-4"/>
      </object_component>
      <object_component id="oc-e7">
         <name>.text</name>
         <load_address>0x3b74</load_address>
         <run_address>0x3b74</run_address>
         <size>0x134</size>
         <input_file_ref idref="fl-f"/>
      </object_component>
      <object_component id="oc-160">
         <name>.text</name>
         <load_address>0x3ca8</load_address>
         <run_address>0x3ca8</run_address>
         <size>0xfc</size>
         <input_file_ref idref="fl-f1"/>
      </object_component>
      <object_component id="oc-1a3">
         <name>.text</name>
         <load_address>0x3da4</load_address>
         <run_address>0x3da4</run_address>
         <size>0xbc</size>
         <input_file_ref idref="fl-17"/>
      </object_component>
      <object_component id="oc-30d">
         <name>.text</name>
         <load_address>0x3e60</load_address>
         <run_address>0x3e60</run_address>
         <size>0xbc</size>
         <input_file_ref idref="fl-f9"/>
      </object_component>
      <object_component id="oc-34">
         <name>.text</name>
         <load_address>0x3f1c</load_address>
         <run_address>0x3f1c</run_address>
         <size>0x9c</size>
         <input_file_ref idref="fl-f4"/>
      </object_component>
      <object_component id="oc-c3">
         <name>.text</name>
         <load_address>0x3fb8</load_address>
         <run_address>0x3fb8</run_address>
         <size>0x90</size>
         <input_file_ref idref="fl-5"/>
      </object_component>
      <object_component id="oc-c9">
         <name>.text</name>
         <load_address>0x4048</load_address>
         <run_address>0x4048</run_address>
         <size>0x84</size>
         <input_file_ref idref="fl-2"/>
      </object_component>
      <object_component id="oc-4d">
         <name>.text</name>
         <load_address>0x40cc</load_address>
         <run_address>0x40cc</run_address>
         <size>0x7a</size>
         <input_file_ref idref="fl-f5"/>
      </object_component>
      <object_component id="oc-59">
         <name>.text</name>
         <load_address>0x4146</load_address>
         <run_address>0x4146</run_address>
         <size>0x2</size>
         <input_file_ref idref="fl-f6"/>
      </object_component>
      <object_component id="oc-65">
         <name>.text</name>
         <load_address>0x4148</load_address>
         <run_address>0x4148</run_address>
         <size>0x70</size>
         <input_file_ref idref="fl-fd"/>
      </object_component>
      <object_component id="oc-40">
         <name>.text</name>
         <load_address>0x41b8</load_address>
         <run_address>0x41b8</run_address>
         <size>0x6a</size>
         <input_file_ref idref="fl-ed"/>
      </object_component>
      <object_component id="oc-ae">
         <name>.text</name>
         <load_address>0x4222</load_address>
         <run_address>0x4222</run_address>
         <size>0x2</size>
         <input_file_ref idref="fl-101"/>
      </object_component>
      <object_component id="oc-26">
         <name>.text</name>
         <load_address>0x4224</load_address>
         <run_address>0x4224</run_address>
         <size>0x54</size>
         <input_file_ref idref="fl-eb"/>
      </object_component>
      <object_component id="oc-71">
         <name>.text</name>
         <load_address>0x4278</load_address>
         <run_address>0x4278</run_address>
         <size>0x54</size>
         <input_file_ref idref="fl-ef"/>
      </object_component>
      <object_component id="oc-a8">
         <name>.text</name>
         <load_address>0x42cc</load_address>
         <run_address>0x42cc</run_address>
         <size>0x4c</size>
         <input_file_ref idref="fl-fe"/>
      </object_component>
      <object_component id="oc-184">
         <name>.text</name>
         <load_address>0x4318</load_address>
         <run_address>0x4318</run_address>
         <size>0x48</size>
         <input_file_ref idref="fl-f2"/>
      </object_component>
      <object_component id="oc-16a">
         <name>.text</name>
         <load_address>0x4360</load_address>
         <run_address>0x4360</run_address>
         <size>0x44</size>
         <input_file_ref idref="fl-f3"/>
      </object_component>
      <object_component id="oc-297">
         <name>.text</name>
         <load_address>0x43a4</load_address>
         <run_address>0x43a4</run_address>
         <size>0x3e</size>
         <input_file_ref idref="fl-1b"/>
      </object_component>
      <object_component id="oc-15b">
         <name>.text</name>
         <load_address>0x43e2</load_address>
         <run_address>0x43e2</run_address>
         <size>0x2c</size>
         <input_file_ref idref="fl-fa"/>
      </object_component>
      <object_component id="oc-155">
         <name>.text</name>
         <load_address>0x4410</load_address>
         <run_address>0x4410</run_address>
         <size>0x1c</size>
         <input_file_ref idref="fl-6"/>
      </object_component>
      <object_component id="oc-6b">
         <name>.text</name>
         <load_address>0x442c</load_address>
         <run_address>0x442c</run_address>
         <size>0x18</size>
         <input_file_ref idref="fl-fc"/>
      </object_component>
      <object_component id="oc-258">
         <name>.text:_ZN4Task11readMessageEhy</name>
         <load_address>0x4444</load_address>
         <run_address>0x4444</run_address>
         <size>0x14</size>
         <input_file_ref idref="fl-2"/>
      </object_component>
      <object_component id="oc-149">
         <name>.text</name>
         <load_address>0x4458</load_address>
         <run_address>0x4458</run_address>
         <size>0x14</size>
         <input_file_ref idref="fl-fb"/>
      </object_component>
      <object_component id="oc-14">
         <name>.text:decompress:none</name>
         <load_address>0x446c</load_address>
         <run_address>0x446c</run_address>
         <size>0xe</size>
         <input_file_ref idref="fl-ec"/>
      </object_component>
      <object_component id="oc-81">
         <name>.text</name>
         <load_address>0x447a</load_address>
         <run_address>0x447a</run_address>
         <size>0xe</size>
         <input_file_ref idref="fl-8"/>
      </object_component>
      <object_component id="oc-2c2">
         <name>.text:_ZN4Task3runEv</name>
         <load_address>0x4488</load_address>
         <run_address>0x4488</run_address>
         <size>0xc</size>
         <input_file_ref idref="fl-6"/>
      </object_component>
      <object_component id="oc-326">
         <name>.text</name>
         <load_address>0x4494</load_address>
         <run_address>0x4494</run_address>
         <size>0x8</size>
         <input_file_ref idref="fl-ff"/>
      </object_component>
      <object_component id="oc-1a">
         <name>.text:decompress:rle24</name>
         <load_address>0x449c</load_address>
         <run_address>0x449c</run_address>
         <size>0x6</size>
         <input_file_ref idref="fl-ed"/>
      </object_component>
      <object_component id="oc-5f">
         <name>.text</name>
         <load_address>0x44a2</load_address>
         <run_address>0x44a2</run_address>
         <size>0x4</size>
         <input_file_ref idref="fl-f7"/>
      </object_component>
      <object_component id="oc-1ca">
         <name>.const:_ctlRegs</name>
         <load_address>0x44a8</load_address>
         <run_address>0x44a8</run_address>
         <size>0x80</size>
         <input_file_ref idref="fl-18"/>
      </object_component>
      <object_component id="oc-2a3">
         <name>.const:g_pulRegs</name>
         <load_address>0x4528</load_address>
         <run_address>0x4528</run_address>
         <size>0x50</size>
         <input_file_ref idref="fl-23"/>
      </object_component>
      <object_component id="oc-ff">
         <name>.const:g_sCrystalfontz128x128</name>
         <load_address>0x4578</load_address>
         <run_address>0x4578</run_address>
         <size>0x2c</size>
         <input_file_ref idref="fl-16"/>
      </object_component>
      <object_component id="oc-395">
         <name>.const:.typeinfo:_ZTSN10__cxxabiv123__fundamental_type_infoE</name>
         <load_address>0x45a4</load_address>
         <run_address>0x45a4</run_address>
         <size>0x28</size>
         <input_file_ref idref="fl-f9"/>
      </object_component>
      <object_component id="oc-321">
         <name>.const:.typeinfo:_ZTSN10__cxxabiv120__si_class_type_infoE</name>
         <load_address>0x45cc</load_address>
         <run_address>0x45cc</run_address>
         <size>0x25</size>
         <input_file_ref idref="fl-f9"/>
      </object_component>
      <object_component id="oc-381">
         <name>.const:.typeinfo:_ZTSN10__cxxabiv119__pointer_type_infoE</name>
         <load_address>0x45f1</load_address>
         <run_address>0x45f1</run_address>
         <size>0x24</size>
         <input_file_ref idref="fl-f9"/>
      </object_component>
      <object_component id="oc-344">
         <name>.const:.typeinfo:_ZTSN10__cxxabiv117__class_type_infoE</name>
         <load_address>0x4615</load_address>
         <run_address>0x4615</run_address>
         <size>0x22</size>
         <input_file_ref idref="fl-f9"/>
      </object_component>
      <object_component id="oc-390">
         <name>.const:.typeinfo:_ZTSN10__cxxabiv117__pbase_type_infoE</name>
         <load_address>0x4637</load_address>
         <run_address>0x4637</run_address>
         <size>0x22</size>
         <input_file_ref idref="fl-f9"/>
      </object_component>
      <object_component id="oc-37a">
         <name>.const:.typeinfo:_ZTSe</name>
         <load_address>0x4659</load_address>
         <run_address>0x4659</run_address>
         <size>0x2</size>
         <input_file_ref idref="fl-f9"/>
      </object_component>
      <object_component id="oc-2a0">
         <name>.const:g_pulPriority</name>
         <load_address>0x465c</load_address>
         <run_address>0x465c</run_address>
         <size>0x20</size>
         <input_file_ref idref="fl-23"/>
      </object_component>
      <object_component id="oc-271">
         <name>.const:$P$T0$1</name>
         <load_address>0x467c</load_address>
         <run_address>0x467c</run_address>
         <size>0x1c</size>
         <input_file_ref idref="fl-17"/>
      </object_component>
      <object_component id="oc-27d">
         <name>.const:GPIO_PORT_TO_INT</name>
         <load_address>0x4698</load_address>
         <run_address>0x4698</run_address>
         <size>0x1c</size>
         <input_file_ref idref="fl-21"/>
      </object_component>
      <object_component id="oc-17c">
         <name>.const:_ZTV3LED</name>
         <load_address>0x46b4</load_address>
         <run_address>0x46b4</run_address>
         <size>0x14</size>
         <input_file_ref idref="fl-2"/>
      </object_component>
      <object_component id="oc-32d">
         <name>.const:.typeinfo:_ZTIPKe</name>
         <load_address>0x46c8</load_address>
         <run_address>0x46c8</run_address>
         <size>0x10</size>
         <input_file_ref idref="fl-f9"/>
      </object_component>
      <object_component id="oc-23b">
         <name>.const:_ZTV4Task</name>
         <load_address>0x46d8</load_address>
         <run_address>0x46d8</run_address>
         <size>0x10</size>
         <input_file_ref idref="fl-6"/>
      </object_component>
      <object_component id="oc-16f">
         <name>.const:_ZTV5Servo</name>
         <load_address>0x46e8</load_address>
         <run_address>0x46e8</run_address>
         <size>0x10</size>
         <input_file_ref idref="fl-5"/>
      </object_component>
      <object_component id="oc-189">
         <name>.const:_ZTV6screen</name>
         <load_address>0x46f8</load_address>
         <run_address>0x46f8</run_address>
         <size>0x10</size>
         <input_file_ref idref="fl-4"/>
      </object_component>
      <object_component id="oc-2fe">
         <name>.const:_ZTVN10__cxxabiv117__class_type_infoE</name>
         <load_address>0x4708</load_address>
         <run_address>0x4708</run_address>
         <size>0x10</size>
         <input_file_ref idref="fl-f9"/>
      </object_component>
      <object_component id="oc-356">
         <name>.const:_ZTVN10__cxxabiv119__pointer_type_infoE</name>
         <load_address>0x4718</load_address>
         <run_address>0x4718</run_address>
         <size>0x10</size>
         <input_file_ref idref="fl-f9"/>
      </object_component>
      <object_component id="oc-2cb">
         <name>.const:_ZTVN10__cxxabiv120__si_class_type_infoE</name>
         <load_address>0x4728</load_address>
         <run_address>0x4728</run_address>
         <size>0x10</size>
         <input_file_ref idref="fl-f9"/>
      </object_component>
      <object_component id="oc-375">
         <name>.const:_ZTVN10__cxxabiv123__fundamental_type_infoE</name>
         <load_address>0x4738</load_address>
         <run_address>0x4738</run_address>
         <size>0x10</size>
         <input_file_ref idref="fl-f9"/>
      </object_component>
      <object_component id="oc-365">
         <name>.const:.typeinfo:_ZTSSt9type_info</name>
         <load_address>0x4748</load_address>
         <run_address>0x4748</run_address>
         <size>0xd</size>
         <input_file_ref idref="fl-f9"/>
      </object_component>
      <object_component id="oc-253">
         <name>.const:.typeinfo:_ZTI3LED</name>
         <load_address>0x4758</load_address>
         <run_address>0x4758</run_address>
         <size>0xc</size>
         <input_file_ref idref="fl-2"/>
      </object_component>
      <object_component id="oc-24c">
         <name>.const:.typeinfo:_ZTI5Servo</name>
         <load_address>0x4764</load_address>
         <run_address>0x4764</run_address>
         <size>0xc</size>
         <input_file_ref idref="fl-5"/>
      </object_component>
      <object_component id="oc-262">
         <name>.const:.typeinfo:_ZTI6screen</name>
         <load_address>0x4770</load_address>
         <run_address>0x4770</run_address>
         <size>0xc</size>
         <input_file_ref idref="fl-4"/>
      </object_component>
      <object_component id="oc-31c">
         <name>.const:.typeinfo:_ZTIN10__cxxabiv117__class_type_infoE</name>
         <load_address>0x477c</load_address>
         <run_address>0x477c</run_address>
         <size>0xc</size>
         <input_file_ref idref="fl-f9"/>
      </object_component>
      <object_component id="oc-386">
         <name>.const:.typeinfo:_ZTIN10__cxxabiv117__pbase_type_infoE</name>
         <load_address>0x4788</load_address>
         <run_address>0x4788</run_address>
         <size>0xc</size>
         <input_file_ref idref="fl-f9"/>
      </object_component>
      <object_component id="oc-370">
         <name>.const:.typeinfo:_ZTIN10__cxxabiv119__pointer_type_infoE</name>
         <load_address>0x4794</load_address>
         <run_address>0x4794</run_address>
         <size>0xc</size>
         <input_file_ref idref="fl-f9"/>
      </object_component>
      <object_component id="oc-308">
         <name>.const:.typeinfo:_ZTIN10__cxxabiv120__si_class_type_infoE</name>
         <load_address>0x47a0</load_address>
         <run_address>0x47a0</run_address>
         <size>0xc</size>
         <input_file_ref idref="fl-f9"/>
      </object_component>
      <object_component id="oc-38b">
         <name>.const:.typeinfo:_ZTIN10__cxxabiv123__fundamental_type_infoE</name>
         <load_address>0x47ac</load_address>
         <run_address>0x47ac</run_address>
         <size>0xc</size>
         <input_file_ref idref="fl-f9"/>
      </object_component>
      <object_component id="oc-1b8">
         <name>.const:$P$T0$1</name>
         <load_address>0x47b8</load_address>
         <run_address>0x47b8</run_address>
         <size>0x8</size>
         <input_file_ref idref="fl-16"/>
      </object_component>
      <object_component id="oc-2bd">
         <name>.const:.typeinfo:_ZTI4Task</name>
         <load_address>0x47c0</load_address>
         <run_address>0x47c0</run_address>
         <size>0x8</size>
         <input_file_ref idref="fl-2"/>
      </object_component>
      <object_component id="oc-349">
         <name>.const:.typeinfo:_ZTISt9type_info</name>
         <load_address>0x47c8</load_address>
         <run_address>0x47c8</run_address>
         <size>0x8</size>
         <input_file_ref idref="fl-f9"/>
      </object_component>
      <object_component id="oc-360">
         <name>.const:.typeinfo:_ZTIe</name>
         <load_address>0x47d0</load_address>
         <run_address>0x47d0</run_address>
         <size>0x8</size>
         <input_file_ref idref="fl-f9"/>
      </object_component>
      <object_component id="oc-2da">
         <name>.const:.typeinfo:_ZTS6screen</name>
         <load_address>0x47d8</load_address>
         <run_address>0x47d8</run_address>
         <size>0x8</size>
         <input_file_ref idref="fl-4"/>
      </object_component>
      <object_component id="oc-2a9">
         <name>.const:g_pulDisRegs</name>
         <load_address>0x47e0</load_address>
         <run_address>0x47e0</run_address>
         <size>0x8</size>
         <input_file_ref idref="fl-23"/>
      </object_component>
      <object_component id="oc-2a6">
         <name>.const:g_pulEnRegs</name>
         <load_address>0x47e8</load_address>
         <run_address>0x47e8</run_address>
         <size>0x8</size>
         <input_file_ref idref="fl-23"/>
      </object_component>
      <object_component id="oc-2ac">
         <name>.const:g_pulPendRegs</name>
         <load_address>0x47f0</load_address>
         <run_address>0x47f0</run_address>
         <size>0x8</size>
         <input_file_ref idref="fl-23"/>
      </object_component>
      <object_component id="oc-2af">
         <name>.const:g_pulUnpendRegs</name>
         <load_address>0x47f8</load_address>
         <run_address>0x47f8</run_address>
         <size>0x8</size>
         <input_file_ref idref="fl-23"/>
      </object_component>
      <object_component id="oc-2d0">
         <name>.const:.typeinfo:_ZTS5Servo</name>
         <load_address>0x4800</load_address>
         <run_address>0x4800</run_address>
         <size>0x7</size>
         <input_file_ref idref="fl-5"/>
      </object_component>
      <object_component id="oc-303">
         <name>.const:.typeinfo:_ZTS4Task</name>
         <load_address>0x4807</load_address>
         <run_address>0x4807</run_address>
         <size>0x6</size>
         <input_file_ref idref="fl-2"/>
      </object_component>
      <object_component id="oc-2d5">
         <name>.const:.typeinfo:_ZTS3LED</name>
         <load_address>0x480d</load_address>
         <run_address>0x480d</run_address>
         <size>0x5</size>
         <input_file_ref idref="fl-2"/>
      </object_component>
      <object_component id="oc-35b">
         <name>.const:.typeinfo:_ZTSPKe</name>
         <load_address>0x4812</load_address>
         <run_address>0x4812</run_address>
         <size>0x4</size>
         <input_file_ref idref="fl-f9"/>
      </object_component>
      <object_component id="oc-3c2">
         <name>.cinit..data.load</name>
         <load_address>0x4820</load_address>
         <run_address>0x4820</run_address>
         <size>0x52</size>
      </object_component>
      <object_component id="oc-3c3">
         <name>.cinit..bss.load</name>
         <load_address>0x4878</load_address>
         <run_address>0x4878</run_address>
         <size>0xb</size>
      </object_component>
      <object_component id="oc-3c1">
         <name>.cinit..vtable.load</name>
         <load_address>0x4888</load_address>
         <run_address>0x4888</run_address>
         <size>0x9</size>
      </object_component>
      <object_component id="oc-3bf">
         <name>__TI_handler_table</name>
         <load_address>0x4894</load_address>
         <run_address>0x4894</run_address>
         <size>0x8</size>
      </object_component>
      <object_component id="oc-3c0">
         <name>__TI_cinit_table</name>
         <load_address>0x489c</load_address>
         <run_address>0x489c</run_address>
         <size>0x18</size>
      </object_component>
      <object_component id="oc-2c">
         <name>.init_array</name>
         <load_address>0x4818</load_address>
         <run_address>0x4818</run_address>
         <size>0x4</size>
         <input_file_ref idref="fl-7"/>
      </object_component>
      <object_component id="oc-39c">
         <name>.binit</name>
         <load_address>0x0</load_address>
         <run_address>0x0</run_address>
         <size>0x0</size>
      </object_component>
      <object_component id="oc-29d">
         <name>.vtable</name>
         <uninitialized>true</uninitialized>
         <run_address>0x20000000</run_address>
         <size>0xe4</size>
         <input_file_ref idref="fl-23"/>
      </object_component>
      <object_component id="oc-fc">
         <name>.data</name>
         <load_address>0x20005718</load_address>
         <run_address>0x20005718</run_address>
         <size>0x8</size>
         <input_file_ref idref="fl-7"/>
      </object_component>
      <object_component id="oc-22d">
         <name>.data</name>
         <load_address>0x20005724</load_address>
         <run_address>0x20005724</run_address>
         <size>0x4</size>
         <input_file_ref idref="fl-9"/>
      </object_component>
      <object_component id="oc-27a">
         <name>.data:GPIO_PORT_TO_BASE</name>
         <load_address>0x200056c8</load_address>
         <run_address>0x200056c8</run_address>
         <size>0x30</size>
         <input_file_ref idref="fl-21"/>
      </object_component>
      <object_component id="oc-b8">
         <name>.data:$O1$$</name>
         <load_address>0x200056f8</load_address>
         <run_address>0x200056f8</run_address>
         <size>0xc</size>
         <input_file_ref idref="fl-ef"/>
      </object_component>
      <object_component id="oc-77">
         <name>.data</name>
         <load_address>0x20005720</load_address>
         <run_address>0x20005720</run_address>
         <size>0x4</size>
         <input_file_ref idref="fl-f8"/>
      </object_component>
      <object_component id="oc-bb">
         <name>.data:$O1$$</name>
         <load_address>0x20005710</load_address>
         <run_address>0x20005710</run_address>
         <size>0x8</size>
         <input_file_ref idref="fl-fb"/>
      </object_component>
      <object_component id="oc-36a">
         <name>.data:$O1$$</name>
         <load_address>0x20005704</load_address>
         <run_address>0x20005704</run_address>
         <size>0xc</size>
         <input_file_ref idref="fl-100"/>
      </object_component>
      <object_component id="oc-f9">
         <name>.bss:g_sMainScheduler</name>
         <uninitialized>true</uninitialized>
         <run_address>0x200000e8</run_address>
         <size>0x51a0</size>
         <input_file_ref idref="fl-7"/>
      </object_component>
      <object_component id="oc-f7">
         <name>.common:g_sContext</name>
         <uninitialized>true</uninitialized>
         <run_address>0x20005288</run_address>
         <size>0x1c</size>
      </object_component>
      <object_component id="oc-f3">
         <name>.common:g_sSky</name>
         <uninitialized>true</uninitialized>
         <run_address>0x200052ac</run_address>
         <size>0x8</size>
      </object_component>
      <object_component id="oc-f8">
         <name>.common:g_sLand</name>
         <uninitialized>true</uninitialized>
         <run_address>0x200052a4</run_address>
         <size>0x8</size>
      </object_component>
      <object_component id="oc-1b7">
         <name>.common:Lcd_Orientation</name>
         <uninitialized>true</uninitialized>
         <run_address>0x200052c0</run_address>
         <size>0x1</size>
      </object_component>
      <object_component id="oc-1af">
         <name>.common:Lcd_ScreenWidth</name>
         <uninitialized>true</uninitialized>
         <run_address>0x200052ba</run_address>
         <size>0x2</size>
      </object_component>
      <object_component id="oc-1b2">
         <name>.common:Lcd_ScreenHeigth</name>
         <uninitialized>true</uninitialized>
         <run_address>0x200052b8</run_address>
         <size>0x2</size>
      </object_component>
      <object_component id="oc-1b3">
         <name>.common:Lcd_PenSolid</name>
         <uninitialized>true</uninitialized>
         <run_address>0x200052c1</run_address>
         <size>0x1</size>
      </object_component>
      <object_component id="oc-1b4">
         <name>.common:Lcd_FontSolid</name>
         <uninitialized>true</uninitialized>
         <run_address>0x200052bf</run_address>
         <size>0x1</size>
      </object_component>
      <object_component id="oc-1b5">
         <name>.common:Lcd_FlagRead</name>
         <uninitialized>true</uninitialized>
         <run_address>0x200052be</run_address>
         <size>0x1</size>
      </object_component>
      <object_component id="oc-1b6">
         <name>.common:Lcd_TouchTrim</name>
         <uninitialized>true</uninitialized>
         <run_address>0x200052bc</run_address>
         <size>0x2</size>
      </object_component>
      <object_component id="oc-32c">
         <name>.common:_ZSt16__dummy_typeinfo</name>
         <uninitialized>true</uninitialized>
         <run_address>0x200052b4</run_address>
         <size>0x4</size>
      </object_component>
      <object_component id="oc-31">
         <name>.sysmem</name>
         <uninitialized>true</uninitialized>
         <run_address>0x200052c8</run_address>
         <size>0x8</size>
         <input_file_ref idref="fl-100"/>
      </object_component>
      <object_component id="oc-3c5">
         <name>.sysmem</name>
         <uninitialized>true</uninitialized>
         <run_address>0x200052c8</run_address>
         <size>0x0</size>
      </object_component>
      <object_component id="oc-30">
         <name>.stack</name>
         <uninitialized>true</uninitialized>
         <run_address>0x2000fe00</run_address>
         <size>0x0</size>
         <input_file_ref idref="fl-eb"/>
      </object_component>
      <object_component id="oc-3c4">
         <name>.stack</name>
         <uninitialized>true</uninitialized>
         <run_address>0x2000fe00</run_address>
         <size>0x0</size>
      </object_component>
      <object_component id="oc-182">
         <name>.debug_info</name>
         <load_address>0x0</load_address>
         <run_address>0x0</run_address>
         <size>0x152d</size>
         <input_file_ref idref="fl-2"/>
      </object_component>
      <object_component id="oc-17d">
         <name>.debug_info</name>
         <load_address>0x152d</load_address>
         <run_address>0x152d</run_address>
         <size>0xeb</size>
         <input_file_ref idref="fl-2"/>
      </object_component>
      <object_component id="oc-254">
         <name>.debug_info</name>
         <load_address>0x1618</load_address>
         <run_address>0x1618</run_address>
         <size>0xdd</size>
         <input_file_ref idref="fl-2"/>
      </object_component>
      <object_component id="oc-2be">
         <name>.debug_info</name>
         <load_address>0x16f5</load_address>
         <run_address>0x16f5</run_address>
         <size>0xdf</size>
         <input_file_ref idref="fl-2"/>
      </object_component>
      <object_component id="oc-304">
         <name>.debug_info</name>
         <load_address>0x17d4</load_address>
         <run_address>0x17d4</run_address>
         <size>0xe4</size>
         <input_file_ref idref="fl-2"/>
      </object_component>
      <object_component id="oc-2d6">
         <name>.debug_info</name>
         <load_address>0x18b8</load_address>
         <run_address>0x18b8</run_address>
         <size>0xe2</size>
         <input_file_ref idref="fl-2"/>
      </object_component>
      <object_component id="oc-259">
         <name>.debug_info</name>
         <load_address>0x199a</load_address>
         <run_address>0x199a</run_address>
         <size>0x18a</size>
         <input_file_ref idref="fl-2"/>
      </object_component>
      <object_component id="oc-ca">
         <name>.debug_info</name>
         <load_address>0x1b24</load_address>
         <run_address>0x1b24</run_address>
         <size>0x2f9</size>
         <input_file_ref idref="fl-2"/>
      </object_component>
      <object_component id="oc-1d7">
         <name>.debug_info</name>
         <load_address>0x1e1d</load_address>
         <run_address>0x1e1d</run_address>
         <size>0x1251</size>
         <input_file_ref idref="fl-2"/>
      </object_component>
      <object_component id="oc-117">
         <name>.debug_info</name>
         <load_address>0x306e</load_address>
         <run_address>0x306e</run_address>
         <size>0x3eb4</size>
         <input_file_ref idref="fl-2"/>
      </object_component>
      <object_component id="oc-108">
         <name>.debug_info</name>
         <load_address>0x6f22</load_address>
         <run_address>0x6f22</run_address>
         <size>0xdc</size>
         <input_file_ref idref="fl-2"/>
      </object_component>
      <object_component id="oc-1f5">
         <name>.debug_info</name>
         <load_address>0x6ffe</load_address>
         <run_address>0x6ffe</run_address>
         <size>0x18c</size>
         <input_file_ref idref="fl-2"/>
      </object_component>
      <object_component id="oc-19e">
         <name>.debug_info</name>
         <load_address>0x718a</load_address>
         <run_address>0x718a</run_address>
         <size>0x8b</size>
         <input_file_ref idref="fl-2"/>
      </object_component>
      <object_component id="oc-112">
         <name>.debug_info</name>
         <load_address>0x7215</load_address>
         <run_address>0x7215</run_address>
         <size>0x18b</size>
         <input_file_ref idref="fl-2"/>
      </object_component>
      <object_component id="oc-19c">
         <name>.debug_info</name>
         <load_address>0x73a0</load_address>
         <run_address>0x73a0</run_address>
         <size>0x11b8</size>
         <input_file_ref idref="fl-3"/>
      </object_component>
      <object_component id="oc-d8">
         <name>.debug_info</name>
         <load_address>0x8558</load_address>
         <run_address>0x8558</run_address>
         <size>0xca3</size>
         <input_file_ref idref="fl-3"/>
      </object_component>
      <object_component id="oc-1e6">
         <name>.debug_info</name>
         <load_address>0x91fb</load_address>
         <run_address>0x91fb</run_address>
         <size>0xaa</size>
         <input_file_ref idref="fl-3"/>
      </object_component>
      <object_component id="oc-197">
         <name>.debug_info</name>
         <load_address>0x92a5</load_address>
         <run_address>0x92a5</run_address>
         <size>0x1f6</size>
         <input_file_ref idref="fl-3"/>
      </object_component>
      <object_component id="oc-1eb">
         <name>.debug_info</name>
         <load_address>0x949b</load_address>
         <run_address>0x949b</run_address>
         <size>0xbe</size>
         <input_file_ref idref="fl-3"/>
      </object_component>
      <object_component id="oc-241">
         <name>.debug_info</name>
         <load_address>0x9559</load_address>
         <run_address>0x9559</run_address>
         <size>0x184</size>
         <input_file_ref idref="fl-3"/>
      </object_component>
      <object_component id="oc-21d">
         <name>.debug_info</name>
         <load_address>0x96dd</load_address>
         <run_address>0x96dd</run_address>
         <size>0x15a</size>
         <input_file_ref idref="fl-3"/>
      </object_component>
      <object_component id="oc-194">
         <name>.debug_info</name>
         <load_address>0x9837</load_address>
         <run_address>0x9837</run_address>
         <size>0x1bc5</size>
         <input_file_ref idref="fl-4"/>
      </object_component>
      <object_component id="oc-18a">
         <name>.debug_info</name>
         <load_address>0xb3fc</load_address>
         <run_address>0xb3fc</run_address>
         <size>0xf4</size>
         <input_file_ref idref="fl-4"/>
      </object_component>
      <object_component id="oc-263">
         <name>.debug_info</name>
         <load_address>0xb4f0</load_address>
         <run_address>0xb4f0</run_address>
         <size>0xe6</size>
         <input_file_ref idref="fl-4"/>
      </object_component>
      <object_component id="oc-2db">
         <name>.debug_info</name>
         <load_address>0xb5d6</load_address>
         <run_address>0xb5d6</run_address>
         <size>0xeb</size>
         <input_file_ref idref="fl-4"/>
      </object_component>
      <object_component id="oc-d0">
         <name>.debug_info</name>
         <load_address>0xb6c1</load_address>
         <run_address>0xb6c1</run_address>
         <size>0x46a</size>
         <input_file_ref idref="fl-4"/>
      </object_component>
      <object_component id="oc-1e1">
         <name>.debug_info</name>
         <load_address>0xbb2b</load_address>
         <run_address>0xbb2b</run_address>
         <size>0x4a0</size>
         <input_file_ref idref="fl-4"/>
      </object_component>
      <object_component id="oc-1f0">
         <name>.debug_info</name>
         <load_address>0xbfcb</load_address>
         <run_address>0xbfcb</run_address>
         <size>0x1ef</size>
         <input_file_ref idref="fl-4"/>
      </object_component>
      <object_component id="oc-1fa">
         <name>.debug_info</name>
         <load_address>0xc1ba</load_address>
         <run_address>0xc1ba</run_address>
         <size>0xb7</size>
         <input_file_ref idref="fl-4"/>
      </object_component>
      <object_component id="oc-1ff">
         <name>.debug_info</name>
         <load_address>0xc271</load_address>
         <run_address>0xc271</run_address>
         <size>0xa3</size>
         <input_file_ref idref="fl-4"/>
      </object_component>
      <object_component id="oc-204">
         <name>.debug_info</name>
         <load_address>0xc314</load_address>
         <run_address>0xc314</run_address>
         <size>0xdf</size>
         <input_file_ref idref="fl-4"/>
      </object_component>
      <object_component id="oc-209">
         <name>.debug_info</name>
         <load_address>0xc3f3</load_address>
         <run_address>0xc3f3</run_address>
         <size>0x3d7</size>
         <input_file_ref idref="fl-4"/>
      </object_component>
      <object_component id="oc-18f">
         <name>.debug_info</name>
         <load_address>0xc7ca</load_address>
         <run_address>0xc7ca</run_address>
         <size>0x1f4</size>
         <input_file_ref idref="fl-4"/>
      </object_component>
      <object_component id="oc-213">
         <name>.debug_info</name>
         <load_address>0xc9be</load_address>
         <run_address>0xc9be</run_address>
         <size>0x163</size>
         <input_file_ref idref="fl-4"/>
      </object_component>
      <object_component id="oc-218">
         <name>.debug_info</name>
         <load_address>0xcb21</load_address>
         <run_address>0xcb21</run_address>
         <size>0x107</size>
         <input_file_ref idref="fl-4"/>
      </object_component>
      <object_component id="oc-222">
         <name>.debug_info</name>
         <load_address>0xcc28</load_address>
         <run_address>0xcc28</run_address>
         <size>0xb7</size>
         <input_file_ref idref="fl-4"/>
      </object_component>
      <object_component id="oc-17a">
         <name>.debug_info</name>
         <load_address>0xccdf</load_address>
         <run_address>0xccdf</run_address>
         <size>0x1709</size>
         <input_file_ref idref="fl-5"/>
      </object_component>
      <object_component id="oc-170">
         <name>.debug_info</name>
         <load_address>0xe3e8</load_address>
         <run_address>0xe3e8</run_address>
         <size>0xf1</size>
         <input_file_ref idref="fl-5"/>
      </object_component>
      <object_component id="oc-24d">
         <name>.debug_info</name>
         <load_address>0xe4d9</load_address>
         <run_address>0xe4d9</run_address>
         <size>0xe3</size>
         <input_file_ref idref="fl-5"/>
      </object_component>
      <object_component id="oc-2d1">
         <name>.debug_info</name>
         <load_address>0xe5bc</load_address>
         <run_address>0xe5bc</run_address>
         <size>0xe8</size>
         <input_file_ref idref="fl-5"/>
      </object_component>
      <object_component id="oc-c4">
         <name>.debug_info</name>
         <load_address>0xe6a4</load_address>
         <run_address>0xe6a4</run_address>
         <size>0x368</size>
         <input_file_ref idref="fl-5"/>
      </object_component>
      <object_component id="oc-175">
         <name>.debug_info</name>
         <load_address>0xea0c</load_address>
         <run_address>0xea0c</run_address>
         <size>0x10a</size>
         <input_file_ref idref="fl-5"/>
      </object_component>
      <object_component id="oc-246">
         <name>.debug_info</name>
         <load_address>0xeb16</load_address>
         <run_address>0xeb16</run_address>
         <size>0x13d9</size>
         <input_file_ref idref="fl-6"/>
      </object_component>
      <object_component id="oc-23c">
         <name>.debug_info</name>
         <load_address>0xfeef</load_address>
         <run_address>0xfeef</run_address>
         <size>0xee</size>
         <input_file_ref idref="fl-6"/>
      </object_component>
      <object_component id="oc-2c4">
         <name>.debug_info</name>
         <load_address>0xffdd</load_address>
         <run_address>0xffdd</run_address>
         <size>0x12b</size>
         <input_file_ref idref="fl-6"/>
      </object_component>
      <object_component id="oc-157">
         <name>.debug_info</name>
         <load_address>0x10108</load_address>
         <run_address>0x10108</run_address>
         <size>0x12a</size>
         <input_file_ref idref="fl-6"/>
      </object_component>
      <object_component id="oc-f4">
         <name>.debug_info</name>
         <load_address>0x10232</load_address>
         <run_address>0x10232</run_address>
         <size>0x1ba1</size>
         <input_file_ref idref="fl-7"/>
      </object_component>
      <object_component id="oc-fd">
         <name>.debug_info</name>
         <load_address>0x11dd3</load_address>
         <run_address>0x11dd3</run_address>
         <size>0xe5</size>
         <input_file_ref idref="fl-7"/>
      </object_component>
      <object_component id="oc-fa">
         <name>.debug_info</name>
         <load_address>0x11eb8</load_address>
         <run_address>0x11eb8</run_address>
         <size>0xe6</size>
         <input_file_ref idref="fl-7"/>
      </object_component>
      <object_component id="oc-7c">
         <name>.debug_info</name>
         <load_address>0x11f9e</load_address>
         <run_address>0x11f9e</run_address>
         <size>0x927</size>
         <input_file_ref idref="fl-7"/>
      </object_component>
      <object_component id="oc-1dc">
         <name>.debug_info</name>
         <load_address>0x128c5</load_address>
         <run_address>0x128c5</run_address>
         <size>0xd8</size>
         <input_file_ref idref="fl-7"/>
      </object_component>
      <object_component id="oc-103">
         <name>.debug_info</name>
         <load_address>0x1299d</load_address>
         <run_address>0x1299d</run_address>
         <size>0x10a</size>
         <input_file_ref idref="fl-7"/>
      </object_component>
      <object_component id="oc-10d">
         <name>.debug_info</name>
         <load_address>0x12aa7</load_address>
         <run_address>0x12aa7</run_address>
         <size>0x1f4</size>
         <input_file_ref idref="fl-7"/>
      </object_component>
      <object_component id="oc-20e">
         <name>.debug_info</name>
         <load_address>0x12c9b</load_address>
         <run_address>0x12c9b</run_address>
         <size>0x67</size>
         <input_file_ref idref="fl-7"/>
      </object_component>
      <object_component id="oc-89">
         <name>.debug_info</name>
         <load_address>0x12d02</load_address>
         <run_address>0x12d02</run_address>
         <size>0x11f</size>
         <input_file_ref idref="fl-8"/>
      </object_component>
      <object_component id="oc-2e">
         <name>.debug_info</name>
         <load_address>0x12e21</load_address>
         <run_address>0x12e21</run_address>
         <size>0xf7</size>
         <input_file_ref idref="fl-8"/>
      </object_component>
      <object_component id="oc-82">
         <name>.debug_info</name>
         <load_address>0x12f18</load_address>
         <run_address>0x12f18</run_address>
         <size>0x1be</size>
         <input_file_ref idref="fl-8"/>
      </object_component>
      <object_component id="oc-96">
         <name>.debug_info</name>
         <load_address>0x130d6</load_address>
         <run_address>0x130d6</run_address>
         <size>0x84</size>
         <input_file_ref idref="fl-8"/>
      </object_component>
      <object_component id="oc-1bc">
         <name>.debug_info</name>
         <load_address>0x1315a</load_address>
         <run_address>0x1315a</run_address>
         <size>0x18b</size>
         <input_file_ref idref="fl-8"/>
      </object_component>
      <object_component id="oc-2ea">
         <name>.debug_info</name>
         <load_address>0x132e5</load_address>
         <run_address>0x132e5</run_address>
         <size>0x38d</size>
         <input_file_ref idref="fl-9"/>
      </object_component>
      <object_component id="oc-22e">
         <name>.debug_info</name>
         <load_address>0x13672</load_address>
         <run_address>0x13672</run_address>
         <size>0xf0</size>
         <input_file_ref idref="fl-9"/>
      </object_component>
      <object_component id="oc-11d">
         <name>.debug_info</name>
         <load_address>0x13762</load_address>
         <run_address>0x13762</run_address>
         <size>0x262</size>
         <input_file_ref idref="fl-9"/>
      </object_component>
      <object_component id="oc-2b6">
         <name>.debug_info</name>
         <load_address>0x139c4</load_address>
         <run_address>0x139c4</run_address>
         <size>0x36f2</size>
         <input_file_ref idref="fl-9"/>
      </object_component>
      <object_component id="oc-289">
         <name>.debug_info</name>
         <load_address>0x170b6</load_address>
         <run_address>0x170b6</run_address>
         <size>0x103e</size>
         <input_file_ref idref="fl-9"/>
      </object_component>
      <object_component id="oc-290">
         <name>.debug_info</name>
         <load_address>0x180f4</load_address>
         <run_address>0x180f4</run_address>
         <size>0x209</size>
         <input_file_ref idref="fl-a"/>
      </object_component>
      <object_component id="oc-1c1">
         <name>.debug_info</name>
         <load_address>0x182fd</load_address>
         <run_address>0x182fd</run_address>
         <size>0x40a</size>
         <input_file_ref idref="fl-a"/>
      </object_component>
      <object_component id="oc-1c7">
         <name>.debug_info</name>
         <load_address>0x18707</load_address>
         <run_address>0x18707</run_address>
         <size>0x354</size>
         <input_file_ref idref="fl-e"/>
      </object_component>
      <object_component id="oc-e4">
         <name>.debug_info</name>
         <load_address>0x18a5b</load_address>
         <run_address>0x18a5b</run_address>
         <size>0xf21</size>
         <input_file_ref idref="fl-e"/>
      </object_component>
      <object_component id="oc-1c9">
         <name>.debug_info</name>
         <load_address>0x1997c</load_address>
         <run_address>0x1997c</run_address>
         <size>0x1f4</size>
         <input_file_ref idref="fl-f"/>
      </object_component>
      <object_component id="oc-e9">
         <name>.debug_info</name>
         <load_address>0x19b70</load_address>
         <run_address>0x19b70</run_address>
         <size>0x93e</size>
         <input_file_ref idref="fl-f"/>
      </object_component>
      <object_component id="oc-1b0">
         <name>.debug_info</name>
         <load_address>0x1a4ae</load_address>
         <run_address>0x1a4ae</run_address>
         <size>0x784</size>
         <input_file_ref idref="fl-16"/>
      </object_component>
      <object_component id="oc-100">
         <name>.debug_info</name>
         <load_address>0x1ac32</load_address>
         <run_address>0x1ac32</run_address>
         <size>0x111</size>
         <input_file_ref idref="fl-16"/>
      </object_component>
      <object_component id="oc-1b9">
         <name>.debug_info</name>
         <load_address>0x1ad43</load_address>
         <run_address>0x1ad43</run_address>
         <size>0xf2</size>
         <input_file_ref idref="fl-16"/>
      </object_component>
      <object_component id="oc-dc">
         <name>.debug_info</name>
         <load_address>0x1ae35</load_address>
         <run_address>0x1ae35</run_address>
         <size>0x15b2</size>
         <input_file_ref idref="fl-16"/>
      </object_component>
      <object_component id="oc-284">
         <name>.debug_info</name>
         <load_address>0x1c3e7</load_address>
         <run_address>0x1c3e7</run_address>
         <size>0x36f2</size>
         <input_file_ref idref="fl-16"/>
      </object_component>
      <object_component id="oc-275">
         <name>.debug_info</name>
         <load_address>0x1fad9</load_address>
         <run_address>0x1fad9</run_address>
         <size>0x131</size>
         <input_file_ref idref="fl-16"/>
      </object_component>
      <object_component id="oc-2e3">
         <name>.debug_info</name>
         <load_address>0x1fc0a</load_address>
         <run_address>0x1fc0a</run_address>
         <size>0x69f</size>
         <input_file_ref idref="fl-17"/>
      </object_component>
      <object_component id="oc-272">
         <name>.debug_info</name>
         <load_address>0x202a9</load_address>
         <run_address>0x202a9</run_address>
         <size>0x105</size>
         <input_file_ref idref="fl-17"/>
      </object_component>
      <object_component id="oc-1a4">
         <name>.debug_info</name>
         <load_address>0x203ae</load_address>
         <run_address>0x203ae</run_address>
         <size>0x59f</size>
         <input_file_ref idref="fl-17"/>
      </object_component>
      <object_component id="oc-1d4">
         <name>.debug_info</name>
         <load_address>0x2094d</load_address>
         <run_address>0x2094d</run_address>
         <size>0x4e7</size>
         <input_file_ref idref="fl-18"/>
      </object_component>
      <object_component id="oc-1cb">
         <name>.debug_info</name>
         <load_address>0x20e34</load_address>
         <run_address>0x20e34</run_address>
         <size>0xe9</size>
         <input_file_ref idref="fl-18"/>
      </object_component>
      <object_component id="oc-ee">
         <name>.debug_info</name>
         <load_address>0x20f1d</load_address>
         <run_address>0x20f1d</run_address>
         <size>0x22fa</size>
         <input_file_ref idref="fl-18"/>
      </object_component>
      <object_component id="oc-299">
         <name>.debug_info</name>
         <load_address>0x23217</load_address>
         <run_address>0x23217</run_address>
         <size>0x3c6</size>
         <input_file_ref idref="fl-1b"/>
      </object_component>
      <object_component id="oc-281">
         <name>.debug_info</name>
         <load_address>0x235dd</load_address>
         <run_address>0x235dd</run_address>
         <size>0x4e2</size>
         <input_file_ref idref="fl-21"/>
      </object_component>
      <object_component id="oc-27e">
         <name>.debug_info</name>
         <load_address>0x23abf</load_address>
         <run_address>0x23abf</run_address>
         <size>0xf8</size>
         <input_file_ref idref="fl-21"/>
      </object_component>
      <object_component id="oc-27b">
         <name>.debug_info</name>
         <load_address>0x23bb7</load_address>
         <run_address>0x23bb7</run_address>
         <size>0xfa</size>
         <input_file_ref idref="fl-21"/>
      </object_component>
      <object_component id="oc-1aa">
         <name>.debug_info</name>
         <load_address>0x23cb1</load_address>
         <run_address>0x23cb1</run_address>
         <size>0x19fb</size>
         <input_file_ref idref="fl-21"/>
      </object_component>
      <object_component id="oc-2b3">
         <name>.debug_info</name>
         <load_address>0x256ac</load_address>
         <run_address>0x256ac</run_address>
         <size>0x470</size>
         <input_file_ref idref="fl-23"/>
      </object_component>
      <object_component id="oc-2a1">
         <name>.debug_info</name>
         <load_address>0x25b1c</load_address>
         <run_address>0x25b1c</run_address>
         <size>0xf7</size>
         <input_file_ref idref="fl-23"/>
      </object_component>
      <object_component id="oc-2a4">
         <name>.debug_info</name>
         <load_address>0x25c13</load_address>
         <run_address>0x25c13</run_address>
         <size>0xef</size>
         <input_file_ref idref="fl-23"/>
      </object_component>
      <object_component id="oc-2a7">
         <name>.debug_info</name>
         <load_address>0x25d02</load_address>
         <run_address>0x25d02</run_address>
         <size>0xf3</size>
         <input_file_ref idref="fl-23"/>
      </object_component>
      <object_component id="oc-2aa">
         <name>.debug_info</name>
         <load_address>0x25df5</load_address>
         <run_address>0x25df5</run_address>
         <size>0xf5</size>
         <input_file_ref idref="fl-23"/>
      </object_component>
      <object_component id="oc-2ad">
         <name>.debug_info</name>
         <load_address>0x25eea</load_address>
         <run_address>0x25eea</run_address>
         <size>0xf7</size>
         <input_file_ref idref="fl-23"/>
      </object_component>
      <object_component id="oc-2b0">
         <name>.debug_info</name>
         <load_address>0x25fe1</load_address>
         <run_address>0x25fe1</run_address>
         <size>0xfb</size>
         <input_file_ref idref="fl-23"/>
      </object_component>
      <object_component id="oc-29e">
         <name>.debug_info</name>
         <load_address>0x260dc</load_address>
         <run_address>0x260dc</run_address>
         <size>0xfc</size>
         <input_file_ref idref="fl-23"/>
      </object_component>
      <object_component id="oc-1ce">
         <name>.debug_info</name>
         <load_address>0x261d8</load_address>
         <run_address>0x261d8</run_address>
         <size>0x119f</size>
         <input_file_ref idref="fl-23"/>
      </object_component>
      <object_component id="oc-2e0">
         <name>.debug_info</name>
         <load_address>0x27377</load_address>
         <run_address>0x27377</run_address>
         <size>0x4d6</size>
         <input_file_ref idref="fl-2b"/>
      </object_component>
      <object_component id="oc-26c">
         <name>.debug_info</name>
         <load_address>0x2784d</load_address>
         <run_address>0x2784d</run_address>
         <size>0x3d67</size>
         <input_file_ref idref="fl-2b"/>
      </object_component>
      <object_component id="oc-28">
         <name>.debug_info</name>
         <load_address>0x2b5b4</load_address>
         <run_address>0x2b5b4</run_address>
         <size>0x17c</size>
         <input_file_ref idref="fl-eb"/>
      </object_component>
      <object_component id="oc-3f">
         <name>.debug_info</name>
         <load_address>0x2b730</load_address>
         <run_address>0x2b730</run_address>
         <size>0x15c</size>
         <input_file_ref idref="fl-ec"/>
      </object_component>
      <object_component id="oc-17">
         <name>.debug_info</name>
         <load_address>0x2b88c</load_address>
         <run_address>0x2b88c</run_address>
         <size>0x1fb</size>
         <input_file_ref idref="fl-ec"/>
      </object_component>
      <object_component id="oc-3a">
         <name>.debug_info</name>
         <load_address>0x2ba87</load_address>
         <run_address>0x2ba87</run_address>
         <size>0x46</size>
         <input_file_ref idref="fl-ec"/>
      </object_component>
      <object_component id="oc-8f">
         <name>.debug_info</name>
         <load_address>0x2bacd</load_address>
         <run_address>0x2bacd</run_address>
         <size>0x2c</size>
         <input_file_ref idref="fl-ec"/>
      </object_component>
      <object_component id="oc-47">
         <name>.debug_info</name>
         <load_address>0x2baf9</load_address>
         <run_address>0x2baf9</run_address>
         <size>0x150</size>
         <input_file_ref idref="fl-ed"/>
      </object_component>
      <object_component id="oc-42">
         <name>.debug_info</name>
         <load_address>0x2bc49</load_address>
         <run_address>0x2bc49</run_address>
         <size>0x263</size>
         <input_file_ref idref="fl-ed"/>
      </object_component>
      <object_component id="oc-1d">
         <name>.debug_info</name>
         <load_address>0x2beac</load_address>
         <run_address>0x2beac</run_address>
         <size>0x1cd</size>
         <input_file_ref idref="fl-ed"/>
      </object_component>
      <object_component id="oc-48">
         <name>.debug_info</name>
         <load_address>0x2c079</load_address>
         <run_address>0x2c079</run_address>
         <size>0x39</size>
         <input_file_ref idref="fl-ed"/>
      </object_component>
      <object_component id="oc-9e">
         <name>.debug_info</name>
         <load_address>0x2c0b2</load_address>
         <run_address>0x2c0b2</run_address>
         <size>0x2c</size>
         <input_file_ref idref="fl-ed"/>
      </object_component>
      <object_component id="oc-bf">
         <name>.debug_info</name>
         <load_address>0x2c0de</load_address>
         <run_address>0x2c0de</run_address>
         <size>0x250</size>
         <input_file_ref idref="fl-ef"/>
      </object_component>
      <object_component id="oc-b9">
         <name>.debug_info</name>
         <load_address>0x2c32e</load_address>
         <run_address>0x2c32e</run_address>
         <size>0x1a1</size>
         <input_file_ref idref="fl-ef"/>
      </object_component>
      <object_component id="oc-73">
         <name>.debug_info</name>
         <load_address>0x2c4cf</load_address>
         <run_address>0x2c4cf</run_address>
         <size>0x230</size>
         <input_file_ref idref="fl-ef"/>
      </object_component>
      <object_component id="oc-167">
         <name>.debug_info</name>
         <load_address>0x2c6ff</load_address>
         <run_address>0x2c6ff</run_address>
         <size>0x160</size>
         <input_file_ref idref="fl-f0"/>
      </object_component>
      <object_component id="oc-163">
         <name>.debug_info</name>
         <load_address>0x2c85f</load_address>
         <run_address>0x2c85f</run_address>
         <size>0x14e</size>
         <input_file_ref idref="fl-f1"/>
      </object_component>
      <object_component id="oc-185">
         <name>.debug_info</name>
         <load_address>0x2c9ad</load_address>
         <run_address>0x2c9ad</run_address>
         <size>0x142</size>
         <input_file_ref idref="fl-f2"/>
      </object_component>
      <object_component id="oc-16b">
         <name>.debug_info</name>
         <load_address>0x2caef</load_address>
         <run_address>0x2caef</run_address>
         <size>0x14d</size>
         <input_file_ref idref="fl-f3"/>
      </object_component>
      <object_component id="oc-35">
         <name>.debug_info</name>
         <load_address>0x2cc3c</load_address>
         <run_address>0x2cc3c</run_address>
         <size>0x12d</size>
         <input_file_ref idref="fl-f4"/>
      </object_component>
      <object_component id="oc-4e">
         <name>.debug_info</name>
         <load_address>0x2cd69</load_address>
         <run_address>0x2cd69</run_address>
         <size>0x15b</size>
         <input_file_ref idref="fl-f5"/>
      </object_component>
      <object_component id="oc-5b">
         <name>.debug_info</name>
         <load_address>0x2cec4</load_address>
         <run_address>0x2cec4</run_address>
         <size>0x154</size>
         <input_file_ref idref="fl-f6"/>
      </object_component>
      <object_component id="oc-60">
         <name>.debug_info</name>
         <load_address>0x2d018</load_address>
         <run_address>0x2d018</run_address>
         <size>0x164</size>
         <input_file_ref idref="fl-f7"/>
      </object_component>
      <object_component id="oc-78">
         <name>.debug_info</name>
         <load_address>0x2d17c</load_address>
         <run_address>0x2d17c</run_address>
         <size>0x125</size>
         <input_file_ref idref="fl-f8"/>
      </object_component>
      <object_component id="oc-313">
         <name>.debug_info</name>
         <load_address>0x2d2a1</load_address>
         <run_address>0x2d2a1</run_address>
         <size>0x699</size>
         <input_file_ref idref="fl-f9"/>
      </object_component>
      <object_component id="oc-2ff">
         <name>.debug_info</name>
         <load_address>0x2d93a</load_address>
         <run_address>0x2d93a</run_address>
         <size>0x169</size>
         <input_file_ref idref="fl-f9"/>
      </object_component>
      <object_component id="oc-376">
         <name>.debug_info</name>
         <load_address>0x2daa3</load_address>
         <run_address>0x2daa3</run_address>
         <size>0x175</size>
         <input_file_ref idref="fl-f9"/>
      </object_component>
      <object_component id="oc-357">
         <name>.debug_info</name>
         <load_address>0x2dc18</load_address>
         <run_address>0x2dc18</run_address>
         <size>0x16d</size>
         <input_file_ref idref="fl-f9"/>
      </object_component>
      <object_component id="oc-361">
         <name>.debug_info</name>
         <load_address>0x2dd85</load_address>
         <run_address>0x2dd85</run_address>
         <size>0x129</size>
         <input_file_ref idref="fl-f9"/>
      </object_component>
      <object_component id="oc-37b">
         <name>.debug_info</name>
         <load_address>0x2deae</load_address>
         <run_address>0x2deae</run_address>
         <size>0x12e</size>
         <input_file_ref idref="fl-f9"/>
      </object_component>
      <object_component id="oc-32e">
         <name>.debug_info</name>
         <load_address>0x2dfdc</load_address>
         <run_address>0x2dfdc</run_address>
         <size>0x133</size>
         <input_file_ref idref="fl-f9"/>
      </object_component>
      <object_component id="oc-35c">
         <name>.debug_info</name>
         <load_address>0x2e10f</load_address>
         <run_address>0x2e10f</run_address>
         <size>0x138</size>
         <input_file_ref idref="fl-f9"/>
      </object_component>
      <object_component id="oc-2cc">
         <name>.debug_info</name>
         <load_address>0x2e247</load_address>
         <run_address>0x2e247</run_address>
         <size>0x16f</size>
         <input_file_ref idref="fl-f9"/>
      </object_component>
      <object_component id="oc-34a">
         <name>.debug_info</name>
         <load_address>0x2e3b6</load_address>
         <run_address>0x2e3b6</run_address>
         <size>0x137</size>
         <input_file_ref idref="fl-f9"/>
      </object_component>
      <object_component id="oc-38c">
         <name>.debug_info</name>
         <load_address>0x2e4ed</load_address>
         <run_address>0x2e4ed</run_address>
         <size>0x167</size>
         <input_file_ref idref="fl-f9"/>
      </object_component>
      <object_component id="oc-31d">
         <name>.debug_info</name>
         <load_address>0x2e654</load_address>
         <run_address>0x2e654</run_address>
         <size>0x15b</size>
         <input_file_ref idref="fl-f9"/>
      </object_component>
      <object_component id="oc-309">
         <name>.debug_info</name>
         <load_address>0x2e7af</load_address>
         <run_address>0x2e7af</run_address>
         <size>0x161</size>
         <input_file_ref idref="fl-f9"/>
      </object_component>
      <object_component id="oc-387">
         <name>.debug_info</name>
         <load_address>0x2e910</load_address>
         <run_address>0x2e910</run_address>
         <size>0x15b</size>
         <input_file_ref idref="fl-f9"/>
      </object_component>
      <object_component id="oc-371">
         <name>.debug_info</name>
         <load_address>0x2ea6b</load_address>
         <run_address>0x2ea6b</run_address>
         <size>0x15f</size>
         <input_file_ref idref="fl-f9"/>
      </object_component>
      <object_component id="oc-366">
         <name>.debug_info</name>
         <load_address>0x2ebca</load_address>
         <run_address>0x2ebca</run_address>
         <size>0x13c</size>
         <input_file_ref idref="fl-f9"/>
      </object_component>
      <object_component id="oc-396">
         <name>.debug_info</name>
         <load_address>0x2ed06</load_address>
         <run_address>0x2ed06</run_address>
         <size>0x16c</size>
         <input_file_ref idref="fl-f9"/>
      </object_component>
      <object_component id="oc-345">
         <name>.debug_info</name>
         <load_address>0x2ee72</load_address>
         <run_address>0x2ee72</run_address>
         <size>0x160</size>
         <input_file_ref idref="fl-f9"/>
      </object_component>
      <object_component id="oc-322">
         <name>.debug_info</name>
         <load_address>0x2efd2</load_address>
         <run_address>0x2efd2</run_address>
         <size>0x166</size>
         <input_file_ref idref="fl-f9"/>
      </object_component>
      <object_component id="oc-391">
         <name>.debug_info</name>
         <load_address>0x2f138</load_address>
[...]
      </symbol>
      <symbol id="sm-748">
         <name>__aeabi_memclr4</name>
         <value>0x40cd</value>
         <object_component_ref idref="oc-4d"/>
      </symbol>
      <symbol id="sm-749">
         <name>__aeabi_memclr</name>
         <value>0x40cd</value>
         <object_component_ref idref="oc-4d"/>
      </symbol>
      <symbol id="sm-753">
         <name>__mpu_init</name>
         <value>0x4147</value>
         <object_component_ref idref="oc-59"/>
      </symbol>
      <symbol id="sm-75d">
         <name>_system_pre_init</name>
         <value>0x44a3</value>
         <object_component_ref idref="oc-5f"/>
      </symbol>
      <symbol id="sm-765">
         <name>main_func_sp</name>
         <value>0x20005720</value>
         <object_component_ref idref="oc-77"/>
      </symbol>
      <symbol id="sm-825">
         <name>_ZSt16__dummy_typeinfo</name>
         <value>0x200052b4</value>
      </symbol>
      <symbol id="sm-826">
         <name>_ZN10__cxxabiv120__function_type_infoD1Ev</name>
         <value>0x3ed9</value>
         <object_component_ref idref="oc-30d"/>
      </symbol>
      <symbol id="sm-827">
         <name>_ZTIN10__cxxabiv119__pointer_type_infoE</name>
         <value>0x4794</value>
         <object_component_ref idref="oc-370"/>
      </symbol>
      <symbol id="sm-828">
         <name>_ZTSSt9type_info</name>
         <value>0x4748</value>
         <object_component_ref idref="oc-365"/>
      </symbol>
      <symbol id="sm-829">
         <name>_ZN10__cxxabiv123__fundamental_type_infoD2Ev</name>
         <value>0x3ebb</value>
         <object_component_ref idref="oc-30d"/>
      </symbol>
      <symbol id="sm-82a">
         <name>_ZN10__cxxabiv117__class_type_infoD1Ev</name>
         <value>0x3ef7</value>
         <object_component_ref idref="oc-30d"/>
      </symbol>
      <symbol id="sm-82b">
         <name>_ZN10__cxxabiv129__pointer_to_member_type_infoD2Ev</name>
         <value>0x3eb1</value>
         <object_component_ref idref="oc-30d"/>
      </symbol>
      <symbol id="sm-82c">
         <name>_ZN10__cxxabiv116__enum_type_infoD1Ev</name>
         <value>0x3f0b</value>
         <object_component_ref idref="oc-30d"/>
      </symbol>
      <symbol id="sm-82d">
         <name>_ZN10__cxxabiv121__vmi_class_type_infoD1Ev</name>
         <value>0x3ec5</value>
         <object_component_ref idref="oc-30d"/>
      </symbol>
      <symbol id="sm-82e">
         <name>_ZTSN10__cxxabiv123__fundamental_type_infoE</name>
         <value>0x45a4</value>
         <object_component_ref idref="oc-395"/>
      </symbol>
      <symbol id="sm-82f">
         <name>_ZN10__cxxabiv117__pbase_type_infoD1Ev</name>
         <value>0x3eed</value>
         <object_component_ref idref="oc-30d"/>
      </symbol>
      <symbol id="sm-830">
         <name>_ZTVN10__cxxabiv123__fundamental_type_infoE</name>
         <value>0x4738</value>
         <object_component_ref idref="oc-375"/>
      </symbol>
      <symbol id="sm-831">
         <name>_ZTSN10__cxxabiv120__si_class_type_infoE</name>
         <value>0x45cc</value>
         <object_component_ref idref="oc-321"/>
      </symbol>
      <symbol id="sm-832">
         <name>_ZN10__cxxabiv117__array_type_infoD1Ev</name>
         <value>0x3f01</value>
         <object_component_ref idref="oc-30d"/>
      </symbol>
      <symbol id="sm-833">
         <name>_ZTVN10__cxxabiv119__pointer_type_infoE</name>
         <value>0x4718</value>
         <object_component_ref idref="oc-356"/>
      </symbol>
      <symbol id="sm-834">
         <name>_ZTSPKe</name>
         <value>0x4812</value>
         <object_component_ref idref="oc-35b"/>
      </symbol>
      <symbol id="sm-835">
         <name>_ZNKSt9type_infoneERKS_</name>
         <value>0x3e77</value>
         <object_component_ref idref="oc-30d"/>
      </symbol>
      <symbol id="sm-836">
         <name>_ZN10__cxxabiv119__pointer_type_infoD1Ev</name>
         <value>0x3ee3</value>
         <object_component_ref idref="oc-30d"/>
      </symbol>
      <symbol id="sm-837">
         <name>_ZNSt9type_infoD2Ev</name>
         <value>0x3e69</value>
         <object_component_ref idref="oc-30d"/>
      </symbol>
      <symbol id="sm-838">
         <name>_ZNKSt9type_info6beforeERKS_</name>
         <value>0x3ea3</value>
         <object_component_ref idref="oc-30d"/>
      </symbol>
      <symbol id="sm-839">
         <name>_ZN10__cxxabiv123__fundamental_type_infoD1Ev</name>
         <value>0x3ebb</value>
         <object_component_ref idref="oc-30d"/>
      </symbol>
      <symbol id="sm-83a">
         <name>_ZTSN10__cxxabiv119__pointer_type_infoE</name>
         <value>0x45f1</value>
         <object_component_ref idref="oc-381"/>
      </symbol>
      <symbol id="sm-83b">
         <name>_ZN10__cxxabiv121__vmi_class_type_infoD2Ev</name>
         <value>0x3ec5</value>
         <object_component_ref idref="oc-30d"/>
      </symbol>
      <symbol id="sm-83c">
         <name>_ZTSN10__cxxabiv117__class_type_infoE</name>
         <value>0x4615</value>
         <object_component_ref idref="oc-344"/>
      </symbol>
      <symbol id="sm-83d">
         <name>_ZN10__cxxabiv120__function_type_infoD2Ev</name>
         <value>0x3ed9</value>
         <object_component_ref idref="oc-30d"/>
      </symbol>
      <symbol id="sm-83e">
         <name>_ZN10__cxxabiv117__class_type_infoD2Ev</name>
         <value>0x3ef7</value>
         <object_component_ref idref="oc-30d"/>
      </symbol>
      <symbol id="sm-83f">
         <name>_ZN10__cxxabiv116__enum_type_infoD2Ev</name>
         <value>0x3f0b</value>
         <object_component_ref idref="oc-30d"/>
      </symbol>
      <symbol id="sm-840">
         <name>_ZN10__cxxabiv119__pointer_type_infoD2Ev</name>
         <value>0x3ee3</value>
         <object_component_ref idref="oc-30d"/>
      </symbol>
      <symbol id="sm-841">
         <name>_ZN10__cxxabiv120__si_class_type_infoD2Ev</name>
         <value>0x3ecf</value>
         <object_component_ref idref="oc-30d"/>
      </symbol>
      <symbol id="sm-842">
         <name>_ZN10__cxxabiv117__pbase_type_infoD2Ev</name>
         <value>0x3eed</value>
         <object_component_ref idref="oc-30d"/>
      </symbol>
      <symbol id="sm-843">
         <name>_ZTVN10__cxxabiv117__class_type_infoE</name>
         <value>0x4708</value>
         <object_component_ref idref="oc-2fe"/>
      </symbol>
      <symbol id="sm-844">
         <name>_ZN10__cxxabiv117__array_type_infoD2Ev</name>
         <value>0x3f01</value>
         <object_component_ref idref="oc-30d"/>
      </symbol>
      <symbol id="sm-845">
         <name>_ZNSt9type_infoD1Ev</name>
         <value>0x3e69</value>
         <object_component_ref idref="oc-30d"/>
      </symbol>
      <symbol id="sm-846">
         <name>_ZTIN10__cxxabiv123__fundamental_type_infoE</name>
         <value>0x47ac</value>
         <object_component_ref idref="oc-38b"/>
      </symbol>
      <symbol id="sm-847">
         <name>_ZTISt9type_info</name>
         <value>0x47c8</value>
         <object_component_ref idref="oc-349"/>
      </symbol>
      <symbol id="sm-848">
         <name>_ZN10__cxxabiv123__fundamental_type_infoD0Ev</name>
         <value>0x3ebd</value>
         <object_component_ref idref="oc-30d"/>
      </symbol>
      <symbol id="sm-849">
         <name>_ZTIN10__cxxabiv117__pbase_type_infoE</name>
         <value>0x4788</value>
         <object_component_ref idref="oc-386"/>
      </symbol>
      <symbol id="sm-84a">
         <name>_ZTSe</name>
         <value>0x4659</value>
         <object_component_ref idref="oc-37a"/>
      </symbol>
      <symbol id="sm-84b">
         <name>_ZNKSt9type_info4nameEv</name>
         <value>0x3e73</value>
         <object_component_ref idref="oc-30d"/>
      </symbol>
      <symbol id="sm-84c">
         <name>_ZTIN10__cxxabiv117__class_type_infoE</name>
         <value>0x477c</value>
         <object_component_ref idref="oc-31c"/>
      </symbol>
      <symbol id="sm-84d">
         <name>_ZN10__cxxabiv129__pointer_to_member_type_infoD0Ev</name>
         <value>0x3eb3</value>
         <object_component_ref idref="oc-30d"/>
      </symbol>
      <symbol id="sm-84e">
         <name>_ZN10__cxxabiv120__si_class_type_infoD1Ev</name>
         <value>0x3ecf</value>
         <object_component_ref idref="oc-30d"/>
      </symbol>
      <symbol id="sm-84f">
         <name>_ZTIN10__cxxabiv120__si_class_type_infoE</name>
         <value>0x47a0</value>
         <object_component_ref idref="oc-308"/>
      </symbol>
      <symbol id="sm-850">
         <name>_ZNSt9type_infoD0Ev</name>
         <value>0x3e6b</value>
         <object_component_ref idref="oc-30d"/>
      </symbol>
      <symbol id="sm-851">
         <name>_ZN10__cxxabiv120__function_type_infoD0Ev</name>
         <value>0x3edb</value>
         <object_component_ref idref="oc-30d"/>
      </symbol>
      <symbol id="sm-852">
         <name>_ZN10__cxxabiv117__class_type_infoD0Ev</name>
         <value>0x3ef9</value>
         <object_component_ref idref="oc-30d"/>
      </symbol>
      <symbol id="sm-853">
         <name>_ZTSN10__cxxabiv117__pbase_type_infoE</name>
         <value>0x4637</value>
         <object_component_ref idref="oc-390"/>
      </symbol>
      <symbol id="sm-854">
         <name>_ZN10__cxxabiv116__enum_type_infoD0Ev</name>
         <value>0x3f0d</value>
         <object_component_ref idref="oc-30d"/>
      </symbol>
      <symbol id="sm-855">
         <name>_ZTIe</name>
         <value>0x47d0</value>
         <object_component_ref idref="oc-360"/>
      </symbol>
      <symbol id="sm-856">
         <name>_ZN10__cxxabiv121__vmi_class_type_infoD0Ev</name>
         <value>0x3ec7</value>
         <object_component_ref idref="oc-30d"/>
      </symbol>
      <symbol id="sm-857">
         <name>_ZTVN10__cxxabiv120__si_class_type_infoE</name>
         <value>0x4728</value>
         <object_component_ref idref="oc-2cb"/>
      </symbol>
      <symbol id="sm-858">
         <name>_ZN10__cxxabiv117__pbase_type_infoD0Ev</name>
         <value>0x3eef</value>
         <object_component_ref idref="oc-30d"/>
      </symbol>
      <symbol id="sm-859">
         <name>_ZN10__cxxabiv117__array_type_infoD0Ev</name>
         <value>0x3f03</value>
         <object_component_ref idref="oc-30d"/>
      </symbol>
      <symbol id="sm-85a">
         <name>_ZSt21__gen_dummy_typeinfosv</name>
         <value>0x3e61</value>
         <object_component_ref idref="oc-30d"/>
      </symbol>
      <symbol id="sm-85b">
         <name>_ZN10__cxxabiv129__pointer_to_member_type_infoD1Ev</name>
         <value>0x3eb1</value>
         <object_component_ref idref="oc-30d"/>
      </symbol>
      <symbol id="sm-85c">
         <name>_ZN10__cxxabiv119__pointer_type_infoD0Ev</name>
         <value>0x3ee5</value>
         <object_component_ref idref="oc-30d"/>
      </symbol>
      <symbol id="sm-85d">
         <name>_ZN10__cxxabiv120__si_class_type_infoD0Ev</name>
         <value>0x3ed1</value>
         <object_component_ref idref="oc-30d"/>
      </symbol>
      <symbol id="sm-85e">
         <name>_ZTIPKe</name>
         <value>0x46c8</value>
         <object_component_ref idref="oc-32d"/>
      </symbol>
      <symbol id="sm-85f">
         <name>_ZNKSt9type_infoeqERKS_</name>
         <value>0x3e8d</value>
         <object_component_ref idref="oc-30d"/>
      </symbol>
      <symbol id="sm-869">
         <name>__aeabi_ul2d</name>
         <value>0x43e3</value>
         <object_component_ref idref="oc-15b"/>
      </symbol>
      <symbol id="sm-882">
         <name>_nop</name>
         <value>0x4467</value>
         <object_component_ref idref="oc-149"/>
      </symbol>
      <symbol id="sm-883">
         <name>_lock</name>
         <value>0x20005710</value>
         <object_component_ref idref="oc-bb"/>
      </symbol>
      <symbol id="sm-884">
         <name>_unlock</name>
         <value>0x20005714</value>
         <object_component_ref idref="oc-bb"/>
      </symbol>
      <symbol id="sm-885">
         <name>_register_lock</name>
         <value>0x445f</value>
         <object_component_ref idref="oc-149"/>
      </symbol>
      <symbol id="sm-886">
         <name>_register_unlock</name>
         <value>0x4459</value>
         <object_component_ref idref="oc-149"/>
      </symbol>
      <symbol id="sm-89a">
         <name>_args_main</name>
         <value>0x442d</value>
         <object_component_ref idref="oc-6b"/>
      </symbol>
      <symbol id="sm-8bf">
         <name>__TI_auto_init</name>
         <value>0x4149</value>
         <object_component_ref idref="oc-65"/>
      </symbol>
      <symbol id="sm-8d9">
         <name>copy_in</name>
         <value>0x42cd</value>
         <object_component_ref idref="oc-a8"/>
      </symbol>
      <symbol id="sm-8e7">
         <name>_ZdlPv</name>
         <value>0x4495</value>
         <object_component_ref idref="oc-326"/>
      </symbol>
      <symbol id="sm-95b">
         <name>_sys_memory</name>
         <value>0x200052c8</value>
         <object_component_ref idref="oc-31"/>
      </symbol>
      <symbol id="sm-95c">
         <name>free</name>
         <value>0x2f8b</value>
         <object_component_ref idref="oc-34e"/>
      </symbol>
      <symbol id="sm-95d">
         <name>realloc</name>
         <value>0x304d</value>
         <object_component_ref idref="oc-34e"/>
      </symbol>
      <symbol id="sm-95e">
         <name>memalign</name>
         <value>0x3159</value>
         <object_component_ref idref="oc-34e"/>
      </symbol>
      <symbol id="sm-95f">
         <name>calloc</name>
         <value>0x323d</value>
         <object_component_ref idref="oc-34e"/>
      </symbol>
      <symbol id="sm-960">
         <name>malloc</name>
         <value>0x2f23</value>
         <object_component_ref idref="oc-34e"/>
      </symbol>
      <symbol id="sm-961">
         <name>minit</name>
         <value>0x2e95</value>
         <object_component_ref idref="oc-34e"/>
      </symbol>
      <symbol id="sm-96b">
         <name>_system_post_cinit</name>
         <value>0x4223</value>
         <object_component_ref idref="oc-ae"/>
      </symbol>
      <symbol id="sm-96c">
         <name>__TI_static_base__</name>
         <value>0x0</value>
      </symbol>
      <symbol id="sm-96f">
         <name>NMI_Handler</name>
         <value>0x4487</value>
      </symbol>
      <symbol id="sm-970">
         <name>HardFault_Handler</name>
         <value>0x4487</value>
      </symbol>
      <symbol id="sm-971">
         <name>MemManage_Handler</name>
         <value>0x4487</value>
      </symbol>
      <symbol id="sm-972">
         <name>BusFault_Handler</name>
         <value>0x4487</value>
      </symbol>
      <symbol id="sm-973">
         <name>UsageFault_Handler</name>
         <value>0x4487</value>
      </symbol>
      <symbol id="sm-974">
         <name>SVC_Handler</name>
         <value>0x4487</value>
      </symbol>
      <symbol id="sm-975">
         <name>DebugMon_Handler</name>
         <value>0x4487</value>
      </symbol>
      <symbol id="sm-976">
         <name>PendSV_Handler</name>
         <value>0x4487</value>
      </symbol>
      <symbol id="sm-977">
         <name>SysTick_Handler</name>
         <value>0x4487</value>
      </symbol>
      <symbol id="sm-978">
         <name>PSS_IRQHandler</name>
         <value>0x4487</value>
      </symbol>
      <symbol id="sm-979">
         <name>CS_IRQHandler</name>
         <value>0x4487</value>
      </symbol>
      <symbol id="sm-97a">
         <name>PCM_IRQHandler</name>
         <value>0x4487</value>
      </symbol>
      <symbol id="sm-97b">
         <name>WDT_A_IRQHandler</name>
         <value>0x4487</value>
      </symbol>
      <symbol id="sm-97c">
         <name>FPU_IRQHandler</name>
         <value>0x4487</value>
      </symbol>
      <symbol id="sm-97d">
         <name>FLCTL_IRQHandler</name>
         <value>0x4487</value>
      </symbol>
      <symbol id="sm-97e">
         <name>COMP_E0_IRQHandler</name>
         <value>0x4487</value>
      </symbol>
      <symbol id="sm-97f">
         <name>COMP_E1_IRQHandler</name>
         <value>0x4487</value>
      </symbol>
      <symbol id="sm-980">
         <name>TA0_0_IRQHandler</name>
         <value>0x4487</value>
      </symbol>
      <symbol id="sm-981">
         <name>TA0_N_IRQHandler</name>
         <value>0x4487</value>
      </symbol>
      <symbol id="sm-982">
         <name>TA1_0_IRQHandler</name>
         <value>0x4487</value>
      </symbol>
      <symbol id="sm-983">
         <name>TA1_N_IRQHandler</name>
         <value>0x4487</value>
      </symbol>
      <symbol id="sm-984">
         <name>TA2_0_IRQHandler</name>
         <value>0x4487</value>
      </symbol>
      <symbol id="sm-985">
         <name>TA2_N_IRQHandler</name>
         <value>0x4487</value>
      </symbol>
      <symbol id="sm-986">
         <name>TA3_0_IRQHandler</name>
         <value>0x4487</value>
      </symbol>
      <symbol id="sm-987">
         <name>TA3_N_IRQHandler</name>
         <value>0x4487</value>
      </symbol>
      <symbol id="sm-988">
         <name>EUSCIA0_IRQHandler</name>
         <value>0x4487</value>
      </symbol>
      <symbol id="sm-989">
         <name>EUSCIA1_IRQHandler</name>
         <value>0x4487</value>
      </symbol>
      <symbol id="sm-98a">
         <name>EUSCIA2_IRQHandler</name>
         <value>0x4487</value>
      </symbol>
      <symbol id="sm-98b">
         <name>EUSCIA3_IRQHandler</name>
         <value>0x4487</value>
      </symbol>
      <symbol id="sm-98c">
         <name>EUSCIB0_IRQHandler</name>
         <value>0x4487</value>
      </symbol>
      <symbol id="sm-98d">
         <name>EUSCIB1_IRQHandler</name>
         <value>0x4487</value>
      </symbol>
      <symbol id="sm-98e">
         <name>EUSCIB2_IRQHandler</name>
         <value>0x4487</value>
      </symbol>
      <symbol id="sm-98f">
         <name>EUSCIB3_IRQHandler</name>
         <value>0x4487</value>
      </symbol>
      <symbol id="sm-990">
         <name>ADC14_IRQHandler</name>
         <value>0x24f9</value>
      </symbol>
      <symbol id="sm-991">
         <name>T32_INT1_IRQHandler</name>
         <value>0x24c3</value>
      </symbol>
      <symbol id="sm-992">
         <name>T32_INT2_IRQHandler</name>
         <value>0x4487</value>
      </symbol>
      <symbol id="sm-993">
         <name>T32_INTC_IRQHandler</name>
         <value>0x4487</value>
      </symbol>
      <symbol id="sm-994">
         <name>AES256_IRQHandler</name>
         <value>0x4487</value>
      </symbol>
      <symbol id="sm-995">
         <name>RTC_C_IRQHandler</name>
         <value>0x4487</value>
      </symbol>
      <symbol id="sm-996">
         <name>DMA_ERR_IRQHandler</name>
         <value>0x4487</value>
      </symbol>
      <symbol id="sm-997">
         <name>DMA_INT3_IRQHandler</name>
         <value>0x4487</value>
      </symbol>
      <symbol id="sm-998">
         <name>DMA_INT2_IRQHandler</name>
         <value>0x4487</value>
      </symbol>
      <symbol id="sm-999">
         <name>DMA_INT1_IRQHandler</name>
         <value>0x4487</value>
      </symbol>
      <symbol id="sm-99a">
         <name>DMA_INT0_IRQHandler</name>
         <value>0x4487</value>
      </symbol>
      <symbol id="sm-99b">
         <name>PORT1_IRQHandler</name>
         <value>0x4487</value>
      </symbol>
      <symbol id="sm-99c">
         <name>PORT2_IRQHandler</name>
         <value>0x4487</value>
      </symbol>
      <symbol id="sm-99d">
         <name>PORT3_IRQHandler</name>
         <value>0x4487</value>
      </symbol>
      <symbol id="sm-99e">
         <name>PORT4_IRQHandler</name>
         <value>0x4487</value>
      </symbol>
      <symbol id="sm-99f">
         <name>PORT5_IRQHandler</name>
         <value>0x4487</value>
      </symbol>
      <symbol id="sm-9a0">
         <name>PORT6_IRQHandler</name>
         <value>0x4487</value>
      </symbol>
   </symbol_table>
   <title>Link successful</title>
</link_info>
