<?xml version="1.0"?>
<link_info>
   <banner>TI ARM Linker PC v15.12.1.LTS</banner>
   <copyright>Copyright (c) 1996-2015 Texas Instruments Incorporated</copyright>
   <link_time>0x584f872d</link_time>
   <link_errors>0x0</link_errors>
   <output_file>BOOSTXL-EDUMKII_MicrophoneFFT_MSP432P401R.out</output_file>
   <entry_point>
      <name>_c_int00</name>
      <address>0x37799</address>
   </entry_point>
   <input_file_list>
      <input_file id="fl-2">
         <path>.\</path>
         <kind>object</kind>
         <file>HAL_I2C.obj</file>
         <name>HAL_I2C.obj</name>
      </input_file>
      <input_file id="fl-3">
         <path>.\</path>
         <kind>object</kind>
         <file>HAL_OPT3001.obj</file>
         <name>HAL_OPT3001.obj</name>
      </input_file>
      <input_file id="fl-4">
         <path>.\</path>
         <kind>object</kind>
         <file>main.obj</file>
         <name>main.obj</name>
      </input_file>
      <input_file id="fl-5">
         <path>.\</path>
         <kind>object</kind>
         <file>startup_msp432p401r_ccs.obj</file>
         <name>startup_msp432p401r_ccs.obj</name>
      </input_file>
      <input_file id="fl-6">
         <path>.\</path>
         <kind>object</kind>
         <file>system_msp432p401r.obj</file>
         <name>system_msp432p401r.obj</name>
      </input_file>
      <input_file id="fl-7">
         <path>.\GrLib\fonts\</path>
         <kind>object</kind>
         <file>fontfixed6x8.obj</file>
         <name>fontfixed6x8.obj</name>
      </input_file>
      <input_file id="fl-8">
         <path>.\GrLib\grlib\</path>
         <kind>object</kind>
         <file>button.obj</file>
         <name>button.obj</name>
      </input_file>
      <input_file id="fl-9">
         <path>.\GrLib\grlib\</path>
         <kind>object</kind>
         <file>checkbox.obj</file>
         <name>checkbox.obj</name>
      </input_file>
      <input_file id="fl-a">
         <path>.\GrLib\grlib\</path>
         <kind>object</kind>
         <file>circle.obj</file>
         <name>circle.obj</name>
      </input_file>
      <input_file id="fl-b">
         <path>.\GrLib\grlib\</path>
         <kind>object</kind>
         <file>context.obj</file>
         <name>context.obj</name>
      </input_file>
      <input_file id="fl-c">
         <path>.\GrLib\grlib\</path>
         <kind>object</kind>
         <file>display.obj</file>
         <name>display.obj</name>
      </input_file>
      <input_file id="fl-d">
         <path>.\GrLib\grlib\</path>
         <kind>object</kind>
         <file>image.obj</file>
         <name>image.obj</name>
      </input_file>
      <input_file id="fl-e">
         <path>.\GrLib\grlib\</path>
         <kind>object</kind>
         <file>imageButton.obj</file>
         <name>imageButton.obj</name>
      </input_file>
      <input_file id="fl-f">
         <path>.\GrLib\grlib\</path>
         <kind>object</kind>
         <file>line.obj</file>
         <name>line.obj</name>
      </input_file>
      <input_file id="fl-10">
         <path>.\GrLib\grlib\</path>
         <kind>object</kind>
         <file>radioButton.obj</file>
         <name>radioButton.obj</name>
      </input_file>
      <input_file id="fl-11">
         <path>.\GrLib\grlib\</path>
         <kind>object</kind>
         <file>rectangle.obj</file>
         <name>rectangle.obj</name>
      </input_file>
      <input_file id="fl-12">
         <path>.\GrLib\grlib\</path>
         <kind>object</kind>
         <file>string.obj</file>
         <name>string.obj</name>
      </input_file>
      <input_file id="fl-13">
         <path>.\LcdDriver\</path>
         <kind>object</kind>
         <file>Crystalfontz128x128_ST7735.obj</file>
         <name>Crystalfontz128x128_ST7735.obj</name>
      </input_file>
      <input_file id="fl-14">
         <path>.\LcdDriver\</path>
         <kind>object</kind>
         <file>HAL_MSP_EXP432P401R_Crystalfontz128x128_ST7735.obj</file>
         <name>HAL_MSP_EXP432P401R_Crystalfontz128x128_ST7735.obj</name>
      </input_file>
      <input_file id="fl-15">
         <path>.\driverlib\MSP432P4xx\</path>
         <kind>object</kind>
         <file>adc14.obj</file>
         <name>adc14.obj</name>
      </input_file>
      <input_file id="fl-16">
         <path>.\driverlib\MSP432P4xx\</path>
         <kind>object</kind>
         <file>aes256.obj</file>
         <name>aes256.obj</name>
      </input_file>
      <input_file id="fl-17">
         <path>.\driverlib\MSP432P4xx\</path>
         <kind>object</kind>
         <file>comp_e.obj</file>
         <name>comp_e.obj</name>
      </input_file>
      <input_file id="fl-18">
         <path>.\driverlib\MSP432P4xx\</path>
         <kind>object</kind>
         <file>cpu.obj</file>
         <name>cpu.obj</name>
      </input_file>
      <input_file id="fl-19">
         <path>.\driverlib\MSP432P4xx\</path>
         <kind>object</kind>
         <file>crc32.obj</file>
         <name>crc32.obj</name>
      </input_file>
      <input_file id="fl-1a">
         <path>.\driverlib\MSP432P4xx\</path>
         <kind>object</kind>
         <file>cs.obj</file>
         <name>cs.obj</name>
      </input_file>
      <input_file id="fl-1b">
         <path>.\driverlib\MSP432P4xx\</path>
         <kind>object</kind>
         <file>dma.obj</file>
         <name>dma.obj</name>
      </input_file>
      <input_file id="fl-1c">
         <path>.\driverlib\MSP432P4xx\</path>
         <kind>object</kind>
         <file>flash.obj</file>
         <name>flash.obj</name>
      </input_file>
      <input_file id="fl-1d">
         <path>.\driverlib\MSP432P4xx\</path>
         <kind>object</kind>
         <file>fpu.obj</file>
         <name>fpu.obj</name>
      </input_file>
      <input_file id="fl-1e">
         <path>.\driverlib\MSP432P4xx\</path>
         <kind>object</kind>
         <file>gpio.obj</file>
         <name>gpio.obj</name>
      </input_file>
      <input_file id="fl-1f">
         <path>.\driverlib\MSP432P4xx\</path>
         <kind>object</kind>
         <file>i2c.obj</file>
         <name>i2c.obj</name>
      </input_file>
      <input_file id="fl-20">
         <path>.\driverlib\MSP432P4xx\</path>
         <kind>object</kind>
         <file>interrupt.obj</file>
         <name>interrupt.obj</name>
      </input_file>
      <input_file id="fl-21">
         <path>.\driverlib\MSP432P4xx\</path>
         <kind>object</kind>
         <file>mpu.obj</file>
         <name>mpu.obj</name>
      </input_file>
      <input_file id="fl-22">
         <path>.\driverlib\MSP432P4xx\</path>
         <kind>object</kind>
         <file>pcm.obj</file>
         <name>pcm.obj</name>
      </input_file>
      <input_file id="fl-23">
         <path>.\driverlib\MSP432P4xx\</path>
         <kind>object</kind>
         <file>pmap.obj</file>
         <name>pmap.obj</name>
      </input_file>
      <input_file id="fl-24">
         <path>.\driverlib\MSP432P4xx\</path>
         <kind>object</kind>
         <file>pss.obj</file>
         <name>pss.obj</name>
      </input_file>
      <input_file id="fl-25">
         <path>.\driverlib\MSP432P4xx\</path>
         <kind>object</kind>
         <file>ref_a.obj</file>
         <name>ref_a.obj</name>
      </input_file>
      <input_file id="fl-26">
         <path>.\driverlib\MSP432P4xx\</path>
         <kind>object</kind>
         <file>reset.obj</file>
         <name>reset.obj</name>
      </input_file>
      <input_file id="fl-27">
         <path>.\driverlib\MSP432P4xx\</path>
         <kind>object</kind>
         <file>rtc_c.obj</file>
         <name>rtc_c.obj</name>
      </input_file>
      <input_file id="fl-28">
         <path>.\driverlib\MSP432P4xx\</path>
         <kind>object</kind>
         <file>spi.obj</file>
         <name>spi.obj</name>
      </input_file>
      <input_file id="fl-29">
         <path>.\driverlib\MSP432P4xx\</path>
         <kind>object</kind>
         <file>sysctl.obj</file>
         <name>sysctl.obj</name>
      </input_file>
      <input_file id="fl-2a">
         <path>.\driverlib\MSP432P4xx\</path>
         <kind>object</kind>
         <file>systick.obj</file>
         <name>systick.obj</name>
      </input_file>
      <input_file id="fl-2b">
         <path>.\driverlib\MSP432P4xx\</path>
         <kind>object</kind>
         <file>timer32.obj</file>
         <name>timer32.obj</name>
      </input_file>
      <input_file id="fl-2c">
         <path>.\driverlib\MSP432P4xx\</path>
         <kind>object</kind>
         <file>timer_a.obj</file>
         <name>timer_a.obj</name>
      </input_file>
      <input_file id="fl-2d">
         <path>.\driverlib\MSP432P4xx\</path>
         <kind>object</kind>
         <file>uart.obj</file>
         <name>uart.obj</name>
      </input_file>
      <input_file id="fl-2e">
         <path>.\driverlib\MSP432P4xx\</path>
         <kind>object</kind>
         <file>wdt_a.obj</file>
         <name>wdt_a.obj</name>
      </input_file>
      <input_file id="fl-34">
         <path>..\</path>
         <kind>archive</kind>
         <file>dsplib-msp432.lib</file>
         <name>arm_rfft_init_q15.obj</name>
      </input_file>
      <input_file id="fl-35">
         <path>..\</path>
         <kind>archive</kind>
         <file>dsplib-msp432.lib</file>
         <name>arm_rfft_q15.obj</name>
      </input_file>
      <input_file id="fl-36">
         <path>..\</path>
         <kind>archive</kind>
         <file>dsplib-msp432.lib</file>
         <name>arm_max_q15.obj</name>
      </input_file>
      <input_file id="fl-37">
         <path>..\</path>
         <kind>archive</kind>
         <file>dsplib-msp432.lib</file>
         <name>arm_const_structs.obj</name>
      </input_file>
      <input_file id="fl-38">
         <path>..\</path>
         <kind>archive</kind>
         <file>dsplib-msp432.lib</file>
         <name>arm_cfft_q15.obj</name>
      </input_file>
      <input_file id="fl-39">
         <path>..\</path>
         <kind>archive</kind>
         <file>dsplib-msp432.lib</file>
         <name>arm_cfft_radix4_q15.obj</name>
      </input_file>
      <input_file id="fl-3a">
         <path>..\</path>
         <kind>archive</kind>
         <file>dsplib-msp432.lib</file>
         <name>arm_common_tables.obj</name>
      </input_file>
      <input_file id="fl-3b">
         <path>..\</path>
         <kind>archive</kind>
         <file>dsplib-msp432.lib</file>
         <name>arm_bitreversal.obj</name>
      </input_file>
      <input_file id="fl-3c">
         <path>..\</path>
         <kind>archive</kind>
         <file>dsplib-msp432.lib</file>
         <name>arm_bitreversal2.obj</name>
      </input_file>
      <input_file id="fl-f2">
         <path>C:\ti\ccsv6\tools\compiler\ti-cgt-arm_15.12.1.LTS\lib\</path>
         <kind>archive</kind>
         <file>rtsv7M4_T_le_v4SPD16_eabi.lib</file>
         <name>boot.obj</name>
      </input_file>
      <input_file id="fl-f3">
         <path>C:\ti\ccsv6\tools\compiler\ti-cgt-arm_15.12.1.LTS\lib\</path>
         <kind>archive</kind>
         <file>rtsv7M4_T_le_v4SPD16_eabi.lib</file>
         <name>copy_decompress_none.obj</name>
      </input_file>
      <input_file id="fl-f4">
         <path>C:\ti\ccsv6\tools\compiler\ti-cgt-arm_15.12.1.LTS\lib\</path>
         <kind>archive</kind>
         <file>rtsv7M4_T_le_v4SPD16_eabi.lib</file>
         <name>copy_decompress_rle.obj</name>
      </input_file>
      <input_file id="fl-f5">
         <path>C:\ti\ccsv6\tools\compiler\ti-cgt-arm_15.12.1.LTS\lib\</path>
         <kind>archive</kind>
         <file>rtsv7M4_T_le_v4SPD16_eabi.lib</file>
         <name>copy_zero_init.obj</name>
      </input_file>
      <input_file id="fl-f6">
         <path>C:\ti\ccsv6\tools\compiler\ti-cgt-arm_15.12.1.LTS\lib\</path>
         <kind>archive</kind>
         <file>rtsv7M4_T_le_v4SPD16_eabi.lib</file>
         <name>e_sqrtf.obj</name>
      </input_file>
      <input_file id="fl-f7">
         <path>C:\ti\ccsv6\tools\compiler\ti-cgt-arm_15.12.1.LTS\lib\</path>
         <kind>archive</kind>
         <file>rtsv7M4_T_le_v4SPD16_eabi.lib</file>
         <name>errno.obj</name>
      </input_file>
      <input_file id="fl-f8">
         <path>C:\ti\ccsv6\tools\compiler\ti-cgt-arm_15.12.1.LTS\lib\</path>
         <kind>archive</kind>
         <file>rtsv7M4_T_le_v4SPD16_eabi.lib</file>
         <name>exit.obj</name>
      </input_file>
      <input_file id="fl-f9">
         <path>C:\ti\ccsv6\tools\compiler\ti-cgt-arm_15.12.1.LTS\lib\</path>
         <kind>archive</kind>
         <file>rtsv7M4_T_le_v4SPD16_eabi.lib</file>
         <name>fd_add_t2.obj</name>
      </input_file>
      <input_file id="fl-fa">
         <path>C:\ti\ccsv6\tools\compiler\ti-cgt-arm_15.12.1.LTS\lib\</path>
         <kind>archive</kind>
         <file>rtsv7M4_T_le_v4SPD16_eabi.lib</file>
         <name>fd_mul_t2.obj</name>
      </input_file>
      <input_file id="fl-fb">
         <path>C:\ti\ccsv6\tools\compiler\ti-cgt-arm_15.12.1.LTS\lib\</path>
         <kind>archive</kind>
         <file>rtsv7M4_T_le_v4SPD16_eabi.lib</file>
         <name>fd_tos_t2.obj</name>
      </input_file>
      <input_file id="fl-fc">
         <path>C:\ti\ccsv6\tools\compiler\ti-cgt-arm_15.12.1.LTS\lib\</path>
         <kind>archive</kind>
         <file>rtsv7M4_T_le_v4SPD16_eabi.lib</file>
         <name>fs_tod_t2.obj</name>
      </input_file>
      <input_file id="fl-fd">
         <path>C:\ti\ccsv6\tools\compiler\ti-cgt-arm_15.12.1.LTS\lib\</path>
         <kind>archive</kind>
         <file>rtsv7M4_T_le_v4SPD16_eabi.lib</file>
         <name>memcpy_t2.obj</name>
      </input_file>
      <input_file id="fl-fe">
         <path>C:\ti\ccsv6\tools\compiler\ti-cgt-arm_15.12.1.LTS\lib\</path>
         <kind>archive</kind>
         <file>rtsv7M4_T_le_v4SPD16_eabi.lib</file>
         <name>memset_t2.obj</name>
      </input_file>
      <input_file id="fl-ff">
         <path>C:\ti\ccsv6\tools\compiler\ti-cgt-arm_15.12.1.LTS\lib\</path>
         <kind>archive</kind>
         <file>rtsv7M4_T_le_v4SPD16_eabi.lib</file>
         <name>mpu_init.obj</name>
      </input_file>
      <input_file id="fl-100">
         <path>C:\ti\ccsv6\tools\compiler\ti-cgt-arm_15.12.1.LTS\lib\</path>
         <kind>archive</kind>
         <file>rtsv7M4_T_le_v4SPD16_eabi.lib</file>
         <name>pre_init.obj</name>
      </input_file>
      <input_file id="fl-101">
         <path>C:\ti\ccsv6\tools\compiler\ti-cgt-arm_15.12.1.LTS\lib\</path>
         <kind>archive</kind>
         <file>rtsv7M4_T_le_v4SPD16_eabi.lib</file>
         <name>s_cosf.obj</name>
      </input_file>
      <input_file id="fl-102">
         <path>C:\ti\ccsv6\tools\compiler\ti-cgt-arm_15.12.1.LTS\lib\</path>
         <kind>archive</kind>
         <file>rtsv7M4_T_le_v4SPD16_eabi.lib</file>
         <name>sprintf.obj</name>
      </input_file>
      <input_file id="fl-103">
         <path>C:\ti\ccsv6\tools\compiler\ti-cgt-arm_15.12.1.LTS\lib\</path>
         <kind>archive</kind>
         <file>rtsv7M4_T_le_v4SPD16_eabi.lib</file>
         <name>stkdepth_vars.obj</name>
      </input_file>
      <input_file id="fl-104">
         <path>C:\ti\ccsv6\tools\compiler\ti-cgt-arm_15.12.1.LTS\lib\</path>
         <kind>archive</kind>
         <file>rtsv7M4_T_le_v4SPD16_eabi.lib</file>
         <name>u_tofd_t2.obj</name>
      </input_file>
      <input_file id="fl-105">
         <path>C:\ti\ccsv6\tools\compiler\ti-cgt-arm_15.12.1.LTS\lib\</path>
         <kind>archive</kind>
         <file>rtsv7M4_T_le_v4SPD16_eabi.lib</file>
         <name>_lock.obj</name>
      </input_file>
      <input_file id="fl-106">
         <path>C:\ti\ccsv6\tools\compiler\ti-cgt-arm_15.12.1.LTS\lib\</path>
         <kind>archive</kind>
         <file>rtsv7M4_T_le_v4SPD16_eabi.lib</file>
         <name>_printfi.obj</name>
      </input_file>
      <input_file id="fl-107">
         <path>C:\ti\ccsv6\tools\compiler\ti-cgt-arm_15.12.1.LTS\lib\</path>
         <kind>archive</kind>
         <file>rtsv7M4_T_le_v4SPD16_eabi.lib</file>
         <name>args_main.obj</name>
      </input_file>
      <input_file id="fl-108">
         <path>C:\ti\ccsv6\tools\compiler\ti-cgt-arm_15.12.1.LTS\lib\</path>
         <kind>archive</kind>
         <file>rtsv7M4_T_le_v4SPD16_eabi.lib</file>
         <name>atoi.obj</name>
      </input_file>
      <input_file id="fl-109">
         <path>C:\ti\ccsv6\tools\compiler\ti-cgt-arm_15.12.1.LTS\lib\</path>
         <kind>archive</kind>
         <file>rtsv7M4_T_le_v4SPD16_eabi.lib</file>
         <name>autoinit.obj</name>
      </input_file>
      <input_file id="fl-10a">
         <path>C:\ti\ccsv6\tools\compiler\ti-cgt-arm_15.12.1.LTS\lib\</path>
         <kind>archive</kind>
         <file>rtsv7M4_T_le_v4SPD16_eabi.lib</file>
         <name>cpy_tbl.obj</name>
      </input_file>
      <input_file id="fl-10b">
         <path>C:\ti\ccsv6\tools\compiler\ti-cgt-arm_15.12.1.LTS\lib\</path>
         <kind>archive</kind>
         <file>rtsv7M4_T_le_v4SPD16_eabi.lib</file>
         <name>ctype.obj</name>
      </input_file>
      <input_file id="fl-10c">
         <path>C:\ti\ccsv6\tools\compiler\ti-cgt-arm_15.12.1.LTS\lib\</path>
         <kind>archive</kind>
         <file>rtsv7M4_T_le_v4SPD16_eabi.lib</file>
         <name>fd_cmp_t2.obj</name>
      </input_file>
      <input_file id="fl-10d">
         <path>C:\ti\ccsv6\tools\compiler\ti-cgt-arm_15.12.1.LTS\lib\</path>
         <kind>archive</kind>
         <file>rtsv7M4_T_le_v4SPD16_eabi.lib</file>
         <name>fd_div_t2.obj</name>
      </input_file>
      <input_file id="fl-10e">
         <path>C:\ti\ccsv6\tools\compiler\ti-cgt-arm_15.12.1.LTS\lib\</path>
         <kind>archive</kind>
         <file>rtsv7M4_T_le_v4SPD16_eabi.lib</file>
         <name>fd_toi_t2.obj</name>
      </input_file>
      <input_file id="fl-10f">
         <path>C:\ti\ccsv6\tools\compiler\ti-cgt-arm_15.12.1.LTS\lib\</path>
         <kind>archive</kind>
         <file>rtsv7M4_T_le_v4SPD16_eabi.lib</file>
         <name>i_tofd_t2.obj</name>
      </input_file>
      <input_file id="fl-110">
         <path>C:\ti\ccsv6\tools\compiler\ti-cgt-arm_15.12.1.LTS\lib\</path>
         <kind>archive</kind>
         <file>rtsv7M4_T_le_v4SPD16_eabi.lib</file>
         <name>ltoa.obj</name>
      </input_file>
      <input_file id="fl-111">
         <path>C:\ti\ccsv6\tools\compiler\ti-cgt-arm_15.12.1.LTS\lib\</path>
         <kind>archive</kind>
         <file>rtsv7M4_T_le_v4SPD16_eabi.lib</file>
         <name>memccpy.obj</name>
      </input_file>
      <input_file id="fl-112">
         <path>C:\ti\ccsv6\tools\compiler\ti-cgt-arm_15.12.1.LTS\lib\</path>
         <kind>archive</kind>
         <file>rtsv7M4_T_le_v4SPD16_eabi.lib</file>
         <name>s_frexp.obj</name>
      </input_file>
      <input_file id="fl-113">
         <path>C:\ti\ccsv6\tools\compiler\ti-cgt-arm_15.12.1.LTS\lib\</path>
         <kind>archive</kind>
         <file>rtsv7M4_T_le_v4SPD16_eabi.lib</file>
         <name>s_scalbn.obj</name>
      </input_file>
      <input_file id="fl-114">
         <path>C:\ti\ccsv6\tools\compiler\ti-cgt-arm_15.12.1.LTS\lib\</path>
         <kind>archive</kind>
         <file>rtsv7M4_T_le_v4SPD16_eabi.lib</file>
         <name>startup.obj</name>
      </input_file>
      <input_file id="fl-115">
         <path>C:\ti\ccsv6\tools\compiler\ti-cgt-arm_15.12.1.LTS\lib\</path>
         <kind>archive</kind>
         <file>rtsv7M4_T_le_v4SPD16_eabi.lib</file>
         <name>strchr.obj</name>
      </input_file>
      <input_file id="fl-116">
         <path>C:\ti\ccsv6\tools\compiler\ti-cgt-arm_15.12.1.LTS\lib\</path>
         <kind>archive</kind>
         <file>rtsv7M4_T_le_v4SPD16_eabi.lib</file>
         <name>strlen.obj</name>
      </input_file>
      <input_file id="fl-117">
         <path>C:\ti\ccsv6\tools\compiler\ti-cgt-arm_15.12.1.LTS\lib\</path>
         <kind>archive</kind>
         <file>rtsv7M4_T_le_v4SPD16_eabi.lib</file>
         <name>ull_div_t2.obj</name>
      </input_file>
      <input_file id="fl-118">
         <path>C:\ti\ccsv6\tools\compiler\ti-cgt-arm_15.12.1.LTS\lib\</path>
         <kind>archive</kind>
         <file>rtsv7M4_T_le_v4SPD16_eabi.lib</file>
         <name>s_copysign.obj</name>
      </input_file>
   </input_file_list>
   <object_component_list>
      <object_component id="oc-2a">
         <name>.intvecs:retain</name>
         <load_address>0x0</load_address>
         <run_address>0x0</run_address>
         <size>0x140</size>
         <input_file_ref idref="fl-5"/>
      </object_component>
      <object_component id="oc-35c">
         <name>.text</name>
         <load_address>0x33a50</load_address>
         <run_address>0x33a50</run_address>
         <size>0x1110</size>
         <input_file_ref idref="fl-106"/>
      </object_component>
      <object_component id="oc-c4">
         <name>.text:main</name>
         <load_address>0x34b60</load_address>
         <run_address>0x34b60</run_address>
         <size>0x7d8</size>
         <input_file_ref idref="fl-4"/>
      </object_component>
      <object_component id="oc-4aa">
         <name>.text:arm_radix4_butterfly_inverse_q15</name>
         <load_address>0x35338</load_address>
         <run_address>0x35338</run_address>
         <size>0x33c</size>
         <input_file_ref idref="fl-39"/>
      </object_component>
      <object_component id="oc-49e">
         <name>.text:arm_radix4_butterfly_q15</name>
         <load_address>0x35674</load_address>
         <run_address>0x35674</run_address>
         <size>0x33c</size>
         <input_file_ref idref="fl-39"/>
      </object_component>
      <object_component id="oc-2c6">
         <name>.text:Graphics_drawString</name>
         <load_address>0x359b0</load_address>
         <run_address>0x359b0</run_address>
         <size>0x2d2</size>
         <input_file_ref idref="fl-12"/>
      </object_component>
      <object_component id="oc-4c8">
         <name>.text</name>
         <load_address>0x35c82</load_address>
         <run_address>0x35c82</run_address>
         <size>0x1f4</size>
         <input_file_ref idref="fl-117"/>
      </object_component>
      <object_component id="oc-16b">
         <name>.text</name>
         <load_address>0x35e76</load_address>
         <run_address>0x35e76</run_address>
         <size>0x1b6</size>
         <input_file_ref idref="fl-f9"/>
      </object_component>
      <object_component id="oc-2ea">
         <name>.text:_getIndexForMemRegister</name>
         <load_address>0x3602c</load_address>
         <run_address>0x3602c</run_address>
         <size>0x154</size>
         <input_file_ref idref="fl-15"/>
      </object_component>
      <object_component id="oc-4d8">
         <name>.text</name>
         <load_address>0x36180</load_address>
         <run_address>0x36180</run_address>
         <size>0x136</size>
         <input_file_ref idref="fl-10d"/>
      </object_component>
      <object_component id="oc-31a">
         <name>.text:Crystalfontz128x128_Flush</name>
         <load_address>0x362b6</load_address>
         <run_address>0x362b6</run_address>
         <size>0x2</size>
         <input_file_ref idref="fl-13"/>
      </object_component>
      <object_component id="oc-11f">
         <name>.text:Crystalfontz128x128_Init</name>
         <load_address>0x362b8</load_address>
         <run_address>0x362b8</run_address>
         <size>0x110</size>
         <input_file_ref idref="fl-13"/>
      </object_component>
      <object_component id="oc-2fc">
         <name>.text:Crystalfontz128x128_PixelDrawMultiple</name>
         <load_address>0x363c8</load_address>
         <run_address>0x363c8</run_address>
         <size>0x106</size>
         <input_file_ref idref="fl-13"/>
      </object_component>
      <object_component id="oc-166">
         <name>.text</name>
         <load_address>0x364ce</load_address>
         <run_address>0x364ce</run_address>
         <size>0xfc</size>
         <input_file_ref idref="fl-fa"/>
      </object_component>
      <object_component id="oc-87">
         <name>.text:defaultISR</name>
         <load_address>0x365ca</load_address>
         <run_address>0x365ca</run_address>
         <size>0x2</size>
         <input_file_ref idref="fl-5"/>
      </object_component>
      <object_component id="oc-4f8">
         <name>.text</name>
         <load_address>0x365cc</load_address>
         <run_address>0x365cc</run_address>
         <size>0xfc</size>
         <input_file_ref idref="fl-113"/>
      </object_component>
      <object_component id="oc-348">
         <name>.text:arm_split_rfft_q15</name>
         <load_address>0x366c8</load_address>
         <run_address>0x366c8</run_address>
         <size>0xdc</size>
         <input_file_ref idref="fl-35"/>
      </object_component>
      <object_component id="oc-1be">
         <name>.text:arm_rfft_init_q15</name>
         <load_address>0x367a4</load_address>
         <run_address>0x367a4</run_address>
         <size>0xc4</size>
         <input_file_ref idref="fl-34"/>
      </object_component>
      <object_component id="oc-4b6">
         <name>.text</name>
         <load_address>0x36868</load_address>
         <run_address>0x36868</run_address>
         <size>0xc0</size>
         <input_file_ref idref="fl-3c"/>
      </object_component>
      <object_component id="oc-342">
         <name>.text:arm_cfft_q15</name>
         <load_address>0x36928</load_address>
         <run_address>0x36928</run_address>
         <size>0xba</size>
         <input_file_ref idref="fl-38"/>
      </object_component>
      <object_component id="oc-2d3">
         <name>.text:privateTimer_AProcessClockSourceDivider</name>
         <load_address>0x369e2</load_address>
         <run_address>0x369e2</run_address>
         <size>0xb6</size>
         <input_file_ref idref="fl-2c"/>
      </object_component>
      <object_component id="oc-15b">
         <name>.text</name>
         <load_address>0x36a98</load_address>
         <run_address>0x36a98</run_address>
         <size>0xb4</size>
         <input_file_ref idref="fl-101"/>
      </object_component>
      <object_component id="oc-4b0">
         <name>.text:arm_cfft_radix4by2_inverse_q15</name>
         <load_address>0x36b4c</load_address>
         <run_address>0x36b4c</run_address>
         <size>0xa4</size>
         <input_file_ref idref="fl-38"/>
      </object_component>
      <object_component id="oc-4a4">
         <name>.text:arm_cfft_radix4by2_q15</name>
         <load_address>0x36bf0</load_address>
         <run_address>0x36bf0</run_address>
         <size>0xa4</size>
         <input_file_ref idref="fl-38"/>
      </object_component>
      <object_component id="oc-2e">
         <name>.text</name>
         <load_address>0x36c94</load_address>
         <run_address>0x36c94</run_address>
         <size>0x9c</size>
         <input_file_ref idref="fl-fd"/>
      </object_component>
      <object_component id="oc-3ba">
         <name>.text:SPI_initMaster</name>
         <load_address>0x36d30</load_address>
         <run_address>0x36d30</run_address>
         <size>0x96</size>
         <input_file_ref idref="fl-28"/>
      </object_component>
      <object_component id="oc-81">
         <name>.text:faultISR</name>
         <load_address>0x36dc6</load_address>
         <run_address>0x36dc6</run_address>
         <size>0x2</size>
         <input_file_ref idref="fl-5"/>
      </object_component>
      <object_component id="oc-369">
         <name>.text:I2C_read16</name>
         <load_address>0x36dc8</load_address>
         <run_address>0x36dc8</run_address>
         <size>0x88</size>
         <input_file_ref idref="fl-2"/>
      </object_component>
      <object_component id="oc-4d3">
         <name>.text:__aeabi_cdcmple</name>
         <load_address>0x36e50</load_address>
         <run_address>0x36e50</run_address>
         <size>0x86</size>
         <input_file_ref idref="fl-10c"/>
      </object_component>
      <object_component id="oc-4dd">
         <name>.text:__aeabi_cdrcmple</name>
         <load_address>0x36ed6</load_address>
         <run_address>0x36ed6</run_address>
         <size>0x86</size>
         <input_file_ref idref="fl-10c"/>
      </object_component>
      <object_component id="oc-28e">
         <name>.text:Crystalfontz128x128_SetDrawFrame</name>
         <load_address>0x36f5c</load_address>
         <run_address>0x36f5c</run_address>
         <size>0x84</size>
         <input_file_ref idref="fl-13"/>
      </object_component>
      <object_component id="oc-33c">
         <name>.text:arm_split_rifft_q15</name>
         <load_address>0x36fe0</load_address>
         <run_address>0x36fe0</run_address>
         <size>0x7e</size>
         <input_file_ref idref="fl-35"/>
      </object_component>
      <object_component id="oc-7b">
         <name>.text:nmiISR</name>
         <load_address>0x3705e</load_address>
         <run_address>0x3705e</run_address>
         <size>0x2</size>
         <input_file_ref idref="fl-5"/>
      </object_component>
      <object_component id="oc-ed">
         <name>.text:DMA_setChannelTransfer</name>
         <load_address>0x37060</load_address>
         <run_address>0x37060</run_address>
         <size>0x7c</size>
         <input_file_ref idref="fl-1b"/>
      </object_component>
      <object_component id="oc-1d0">
         <name>.text:arm_max_q15</name>
         <load_address>0x370dc</load_address>
         <run_address>0x370dc</run_address>
         <size>0x7a</size>
         <input_file_ref idref="fl-36"/>
      </object_component>
      <object_component id="oc-47">
         <name>.text</name>
         <load_address>0x37156</load_address>
         <run_address>0x37156</run_address>
         <size>0x7a</size>
         <input_file_ref idref="fl-fe"/>
      </object_component>
      <object_component id="oc-199">
         <name>.text:ADC14_configureConversionMemory</name>
         <load_address>0x371d0</load_address>
         <run_address>0x371d0</run_address>
         <size>0x70</size>
         <input_file_ref idref="fl-15"/>
      </object_component>
      <object_component id="oc-5f">
         <name>.text</name>
         <load_address>0x37240</load_address>
         <run_address>0x37240</run_address>
         <size>0x70</size>
         <input_file_ref idref="fl-109"/>
      </object_component>
      <object_component id="oc-170">
         <name>.text</name>
         <load_address>0x372b0</load_address>
         <run_address>0x372b0</run_address>
         <size>0x6e</size>
         <input_file_ref idref="fl-fb"/>
      </object_component>
      <object_component id="oc-1c4">
         <name>.text:arm_rfft_q15</name>
         <load_address>0x3731e</load_address>
         <run_address>0x3731e</run_address>
         <size>0x6c</size>
         <input_file_ref idref="fl-35"/>
      </object_component>
      <object_component id="oc-3a">
         <name>.text</name>
         <load_address>0x3738a</load_address>
         <run_address>0x3738a</run_address>
         <size>0x6a</size>
         <input_file_ref idref="fl-f4"/>
      </object_component>
      <object_component id="oc-2c0">
         <name>.text:Graphics_getStringWidth</name>
         <load_address>0x373f4</load_address>
         <run_address>0x373f4</run_address>
         <size>0x68</size>
         <input_file_ref idref="fl-12"/>
      </object_component>
      <object_component id="oc-d7">
         <name>.text:SystemInit</name>
         <load_address>0x3745c</load_address>
         <run_address>0x3745c</run_address>
         <size>0x68</size>
         <input_file_ref idref="fl-6"/>
      </object_component>
      <object_component id="oc-4f2">
         <name>.text</name>
         <load_address>0x374c4</load_address>
         <run_address>0x374c4</run_address>
         <size>0x64</size>
         <input_file_ref idref="fl-112"/>
      </object_component>
      <object_component id="oc-1e6">
         <name>.text</name>
         <load_address>0x37528</load_address>
         <run_address>0x37528</run_address>
         <size>0x60</size>
         <input_file_ref idref="fl-102"/>
      </object_component>
      <object_component id="oc-8d">
         <name>.text:DMA_INT1_IRQHandler</name>
         <load_address>0x37588</load_address>
         <run_address>0x37588</run_address>
         <size>0x5c</size>
         <input_file_ref idref="fl-4"/>
      </object_component>
      <object_component id="oc-93">
         <name>.text:PORT1_IRQHandler</name>
         <load_address>0x375e4</load_address>
         <run_address>0x375e4</run_address>
         <size>0x5c</size>
         <input_file_ref idref="fl-4"/>
      </object_component>
      <object_component id="oc-1ec">
         <name>.text:OPT3001_getLux</name>
         <load_address>0x37640</load_address>
         <run_address>0x37640</run_address>
         <size>0x58</size>
         <input_file_ref idref="fl-3"/>
      </object_component>
      <object_component id="oc-30e">
         <name>.text:Crystalfontz128x128_RectFill</name>
         <load_address>0x37698</load_address>
         <run_address>0x37698</run_address>
         <size>0x56</size>
         <input_file_ref idref="fl-13"/>
      </object_component>
      <object_component id="oc-4e7">
         <name>.text</name>
         <load_address>0x376ee</load_address>
         <run_address>0x376ee</run_address>
         <size>0x56</size>
         <input_file_ref idref="fl-110"/>
      </object_component>
      <object_component id="oc-240">
         <name>.text:GPIO_setAsPeripheralModuleFunctionOutputPin</name>
         <load_address>0x37744</load_address>
         <run_address>0x37744</run_address>
         <size>0x54</size>
         <input_file_ref idref="fl-1e"/>
      </object_component>
      <object_component id="oc-24">
         <name>.text</name>
         <load_address>0x37798</load_address>
         <run_address>0x37798</run_address>
         <size>0x54</size>
         <input_file_ref idref="fl-f2"/>
      </object_component>
      <object_component id="oc-6b">
         <name>.text</name>
         <load_address>0x377ec</load_address>
         <run_address>0x377ec</run_address>
         <size>0x54</size>
         <input_file_ref idref="fl-f8"/>
      </object_component>
      <object_component id="oc-18d">
         <name>.text:GPIO_setAsPeripheralModuleFunctionInputPin</name>
         <load_address>0x37840</load_address>
         <run_address>0x37840</run_address>
         <size>0x50</size>
         <input_file_ref idref="fl-1e"/>
      </object_component>
      <object_component id="oc-50a">
         <name>.text</name>
         <load_address>0x37890</load_address>
         <run_address>0x37890</run_address>
         <size>0x4c</size>
         <input_file_ref idref="fl-108"/>
      </object_component>
      <object_component id="oc-b6">
         <name>.text</name>
         <load_address>0x378dc</load_address>
         <run_address>0x378dc</run_address>
         <size>0x4c</size>
         <input_file_ref idref="fl-10a"/>
      </object_component>
      <object_component id="oc-149">
         <name>.text:Graphics_drawLineH</name>
         <load_address>0x37928</load_address>
         <run_address>0x37928</run_address>
         <size>0x4a</size>
         <input_file_ref idref="fl-f"/>
      </object_component>
      <object_component id="oc-14f">
         <name>.text:Graphics_drawLineV</name>
         <load_address>0x37972</load_address>
         <run_address>0x37972</run_address>
         <size>0x4a</size>
         <input_file_ref idref="fl-f"/>
      </object_component>
      <object_component id="oc-193">
         <name>.text:ADC14_configureSingleSampleMode</name>
         <load_address>0x379bc</load_address>
         <run_address>0x379bc</run_address>
         <size>0x48</size>
         <input_file_ref idref="fl-15"/>
      </object_component>
      <object_component id="oc-175">
         <name>.text:Timer_A_generatePWM</name>
         <load_address>0x37a04</load_address>
         <run_address>0x37a04</run_address>
         <size>0x48</size>
         <input_file_ref idref="fl-2c"/>
      </object_component>
      <object_component id="oc-4e2">
         <name>.text</name>
         <load_address>0x37a4c</load_address>
         <run_address>0x37a4c</run_address>
         <size>0x48</size>
         <input_file_ref idref="fl-10e"/>
      </object_component>
      <object_component id="oc-181">
         <name>.text:ADC14_initModule</name>
         <load_address>0x37a94</load_address>
         <run_address>0x37a94</run_address>
         <size>0x44</size>
         <input_file_ref idref="fl-15"/>
      </object_component>
      <object_component id="oc-1b8">
         <name>.text:DMA_disableChannelAttribute</name>
         <load_address>0x37ad8</load_address>
         <run_address>0x37ad8</run_address>
         <size>0x44</size>
         <input_file_ref idref="fl-1b"/>
      </object_component>
      <object_component id="oc-263">
         <name>.text:I2C_write16</name>
         <load_address>0x37b1c</load_address>
         <run_address>0x37b1c</run_address>
         <size>0x44</size>
         <input_file_ref idref="fl-2"/>
      </object_component>
      <object_component id="oc-187">
         <name>.text:ADC14_setSampleHoldTrigger</name>
         <load_address>0x37b60</load_address>
         <run_address>0x37b60</run_address>
         <size>0x40</size>
         <input_file_ref idref="fl-15"/>
      </object_component>
      <object_component id="oc-e1">
         <name>.text:DMA_getChannelAttribute</name>
         <load_address>0x37ba0</load_address>
         <run_address>0x37ba0</run_address>
         <size>0x40</size>
         <input_file_ref idref="fl-1b"/>
      </object_component>
      <object_component id="oc-270">
         <name>.text:HAL_LCD_SpiInit</name>
         <load_address>0x37be0</load_address>
         <run_address>0x37be0</run_address>
         <size>0x40</size>
         <input_file_ref idref="fl-14"/>
      </object_component>
      <object_component id="oc-3ac">
         <name>.text:I2C_masterSendMultiByteFinish</name>
         <load_address>0x37c20</load_address>
         <run_address>0x37c20</run_address>
         <size>0x40</size>
         <input_file_ref idref="fl-1f"/>
      </object_component>
      <object_component id="oc-308">
         <name>.text:Crystalfontz128x128_LineDrawV</name>
         <load_address>0x37c60</load_address>
         <run_address>0x37c60</run_address>
         <size>0x3c</size>
         <input_file_ref idref="fl-13"/>
      </object_component>
      <object_component id="oc-247">
         <name>.text:I2C_initMaster</name>
         <load_address>0x37c9c</load_address>
         <run_address>0x37c9c</run_address>
         <size>0x3c</size>
         <input_file_ref idref="fl-1f"/>
      </object_component>
      <object_component id="oc-302">
         <name>.text:Crystalfontz128x128_LineDrawH</name>
         <load_address>0x37cd8</load_address>
         <run_address>0x37cd8</run_address>
         <size>0x3a</size>
         <input_file_ref idref="fl-13"/>
      </object_component>
      <object_component id="oc-155">
         <name>.text:Graphics_drawStringCentered</name>
         <load_address>0x37d12</load_address>
         <run_address>0x37d12</run_address>
         <size>0x3a</size>
         <input_file_ref idref="fl-12"/>
      </object_component>
      <object_component id="oc-3a0">
         <name>.text:I2C_masterSendMultiByteStart</name>
         <load_address>0x37d4c</load_address>
         <run_address>0x37d4c</run_address>
         <size>0x38</size>
         <input_file_ref idref="fl-1f"/>
      </object_component>
      <object_component id="oc-161">
         <name>.text</name>
         <load_address>0x37d84</load_address>
         <run_address>0x37d84</run_address>
         <size>0x38</size>
         <input_file_ref idref="fl-fc"/>
      </object_component>
      <object_component id="oc-125">
         <name>.text:Crystalfontz128x128_SetOrientation</name>
         <load_address>0x37dbc</load_address>
         <run_address>0x37dbc</run_address>
         <size>0x34</size>
         <input_file_ref idref="fl-13"/>
      </object_component>
      <object_component id="oc-26a">
         <name>.text:HAL_LCD_PortInit</name>
         <load_address>0x37df0</load_address>
         <run_address>0x37df0</run_address>
         <size>0x30</size>
         <input_file_ref idref="fl-14"/>
      </object_component>
      <object_component id="oc-53b">
         <name>.text:I2C_masterReceiveMultiByteFinish</name>
         <load_address>0x37e20</load_address>
         <run_address>0x37e20</run_address>
         <size>0x30</size>
         <input_file_ref idref="fl-1f"/>
      </object_component>
      <object_component id="oc-529">
         <name>.text:I2C_masterSendMultiByteStop</name>
         <load_address>0x37e50</load_address>
         <run_address>0x37e50</run_address>
         <size>0x30</size>
         <input_file_ref idref="fl-1f"/>
      </object_component>
      <object_component id="oc-553">
         <name>.text:is_A_Module</name>
         <load_address>0x37e80</load_address>
         <run_address>0x37e80</run_address>
         <size>0x30</size>
         <input_file_ref idref="fl-28"/>
      </object_component>
      <object_component id="oc-4ed">
         <name>.text</name>
         <load_address>0x37eb0</load_address>
         <run_address>0x37eb0</run_address>
         <size>0x2e</size>
         <input_file_ref idref="fl-10f"/>
      </object_component>
      <object_component id="oc-53">
         <name>.text</name>
         <load_address>0x37ede</load_address>
         <run_address>0x37ede</run_address>
         <size>0x2</size>
         <input_file_ref idref="fl-ff"/>
      </object_component>
      <object_component id="oc-19f">
         <name>.text:ADC14_setResultFormat</name>
         <load_address>0x37ee0</load_address>
         <run_address>0x37ee0</run_address>
         <size>0x28</size>
         <input_file_ref idref="fl-15"/>
      </object_component>
      <object_component id="oc-320">
         <name>.text:Crystalfontz128x128_ClearScreen</name>
         <load_address>0x37f08</load_address>
         <run_address>0x37f08</run_address>
         <size>0x28</size>
         <input_file_ref idref="fl-13"/>
      </object_component>
      <object_component id="oc-2f6">
         <name>.text:Crystalfontz128x128_PixelDraw</name>
         <load_address>0x37f30</load_address>
         <run_address>0x37f30</run_address>
         <size>0x28</size>
         <input_file_ref idref="fl-13"/>
      </object_component>
      <object_component id="oc-1ca">
         <name>.text</name>
         <load_address>0x37f58</load_address>
         <run_address>0x37f58</run_address>
         <size>0x28</size>
         <input_file_ref idref="fl-f6"/>
      </object_component>
      <object_component id="oc-3b3">
         <name>.text:GPIO_setAsOutputPin</name>
         <load_address>0x37f80</load_address>
         <run_address>0x37f80</run_address>
         <size>0x24</size>
         <input_file_ref idref="fl-1e"/>
      </object_component>
      <object_component id="oc-282">
         <name>.text:HAL_LCD_writeCommand</name>
         <load_address>0x37fa4</load_address>
         <run_address>0x37fa4</run_address>
         <size>0x24</size>
         <input_file_ref idref="fl-14"/>
      </object_component>
      <object_component id="oc-113">
         <name>.text:I2C_init</name>
         <load_address>0x37fc8</load_address>
         <run_address>0x37fc8</run_address>
         <size>0x24</size>
         <input_file_ref idref="fl-2"/>
      </object_component>
      <object_component id="oc-3a6">
         <name>.text:I2C_masterSendMultiByteNext</name>
         <load_address>0x37fec</load_address>
         <run_address>0x37fec</run_address>
         <size>0x24</size>
         <input_file_ref idref="fl-1f"/>
      </object_component>
      <object_component id="oc-e7">
         <name>.text:DMA_setChannelControl</name>
         <load_address>0x38010</load_address>
         <run_address>0x38010</run_address>
         <size>0x20</size>
         <input_file_ref idref="fl-1b"/>
      </object_component>
      <object_component id="oc-12b">
         <name>.text:Graphics_initContext</name>
         <load_address>0x38030</load_address>
         <run_address>0x38030</run_address>
         <size>0x20</size>
         <input_file_ref idref="fl-b"/>
      </object_component>
      <object_component id="oc-1db">
         <name>.text</name>
         <load_address>0x38050</load_address>
         <run_address>0x38050</run_address>
         <size>0x20</size>
         <input_file_ref idref="fl-104"/>
      </object_component>
      <object_component id="oc-25d">
         <name>.text:I2C_setslave</name>
         <load_address>0x38070</load_address>
         <run_address>0x38070</run_address>
         <size>0x1c</size>
         <input_file_ref idref="fl-2"/>
      </object_component>
      <object_component id="oc-504">
         <name>.text</name>
         <load_address>0x3808c</load_address>
         <run_address>0x3808c</run_address>
         <size>0x1c</size>
         <input_file_ref idref="fl-111"/>
      </object_component>
      <object_component id="oc-3e5">
         <name>.text:Graphics_getNumberOfLeadingZeros</name>
         <load_address>0x380a8</load_address>
         <run_address>0x380a8</run_address>
         <size>0x1a</size>
         <input_file_ref idref="fl-12"/>
      </object_component>
      <object_component id="oc-3c0">
         <name>.text:SPI_enableModule</name>
         <load_address>0x380c2</load_address>
         <run_address>0x380c2</run_address>
         <size>0x1a</size>
         <input_file_ref idref="fl-28"/>
      </object_component>
      <object_component id="oc-276">
         <name>.text:GPIO_setOutputLowOnPin</name>
         <load_address>0x380dc</load_address>
         <run_address>0x380dc</run_address>
         <size>0x18</size>
         <input_file_ref idref="fl-1e"/>
      </object_component>
      <object_component id="oc-10d">
         <name>.text:Init_I2C_GPIO</name>
         <load_address>0x380f4</load_address>
         <run_address>0x380f4</run_address>
         <size>0x18</size>
         <input_file_ref idref="fl-2"/>
      </object_component>
      <object_component id="oc-65">
         <name>.text</name>
         <load_address>0x3810c</load_address>
         <run_address>0x3810c</run_address>
         <size>0x18</size>
         <input_file_ref idref="fl-107"/>
      </object_component>
      <object_component id="oc-314">
         <name>.text:Crystalfontz128x128_ColorTranslate</name>
         <load_address>0x38124</load_address>
         <run_address>0x38124</run_address>
         <size>0x16</size>
         <input_file_ref idref="fl-13"/>
      </object_component>
      <object_component id="oc-2b1">
         <name>.text:Graphics_drawHorizontalLineOnDisplay</name>
         <load_address>0x3813a</load_address>
         <run_address>0x3813a</run_address>
         <size>0x16</size>
         <input_file_ref idref="fl-c"/>
      </object_component>
      <object_component id="oc-2b9">
         <name>.text:Graphics_drawVerticalLineOnDisplay</name>
         <load_address>0x38150</load_address>
         <run_address>0x38150</run_address>
         <size>0x16</size>
         <input_file_ref idref="fl-c"/>
      </object_component>
      <object_component id="oc-4fe">
         <name>.text</name>
         <load_address>0x38166</load_address>
         <run_address>0x38166</run_address>
         <size>0x16</size>
         <input_file_ref idref="fl-115"/>
      </object_component>
      <object_component id="oc-2dc">
         <name>.text:ADCIsConversionRunning</name>
         <load_address>0x3817c</load_address>
         <run_address>0x3817c</run_address>
         <size>0x14</size>
         <input_file_ref idref="fl-15"/>
      </object_component>
      <object_component id="oc-27c">
         <name>.text:GPIO_setOutputHighOnPin</name>
         <load_address>0x38190</load_address>
         <run_address>0x38190</run_address>
         <size>0x14</size>
         <input_file_ref idref="fl-1e"/>
      </object_component>
      <object_component id="oc-39a">
         <name>.text:I2C_isBusBusy</name>
         <load_address>0x381a4</load_address>
         <run_address>0x381a4</run_address>
         <size>0x14</size>
         <input_file_ref idref="fl-1f"/>
      </object_component>
      <object_component id="oc-119">
         <name>.text:OPT3001_init</name>
         <load_address>0x381b8</load_address>
         <run_address>0x381b8</run_address>
         <size>0x14</size>
         <input_file_ref idref="fl-3"/>
      </object_component>
      <object_component id="oc-215">
         <name>.text</name>
         <load_address>0x381cc</load_address>
         <run_address>0x381cc</run_address>
         <size>0x14</size>
         <input_file_ref idref="fl-105"/>
      </object_component>
      <object_component id="oc-5e4">
         <name>.text</name>
         <load_address>0x381e0</load_address>
         <run_address>0x381e0</run_address>
         <size>0x14</size>
         <input_file_ref idref="fl-118"/>
      </object_component>
      <object_component id="oc-4cd">
         <name>.text</name>
         <load_address>0x381f4</load_address>
         <run_address>0x381f4</run_address>
         <size>0x14</size>
         <input_file_ref idref="fl-116"/>
      </object_component>
      <object_component id="oc-17b">
         <name>.text:ADC14_enableModule</name>
         <load_address>0x38208</load_address>
         <run_address>0x38208</run_address>
         <size>0x10</size>
         <input_file_ref idref="fl-15"/>
      </object_component>
      <object_component id="oc-1ac">
         <name>.text:DMA_enableModule</name>
         <load_address>0x38218</load_address>
         <run_address>0x38218</run_address>
         <size>0x10</size>
         <input_file_ref idref="fl-1b"/>
      </object_component>
      <object_component id="oc-288">
         <name>.text:HAL_LCD_writeData</name>
         <load_address>0x38228</load_address>
         <run_address>0x38228</run_address>
         <size>0x10</size>
         <input_file_ref idref="fl-14"/>
      </object_component>
      <object_component id="oc-52f">
         <name>.text:I2C_masterReceiveStart</name>
         <load_address>0x38238</load_address>
         <run_address>0x38238</run_address>
         <size>0x10</size>
         <input_file_ref idref="fl-1f"/>
      </object_component>
      <object_component id="oc-3eb">
         <name>.text:Graphics_drawPixelOnDisplay</name>
         <load_address>0x38248</load_address>
         <run_address>0x38248</run_address>
         <size>0xe</size>
         <input_file_ref idref="fl-c"/>
      </object_component>
      <object_component id="oc-137">
         <name>.text:Graphics_setBackgroundColor</name>
         <load_address>0x38256</load_address>
         <run_address>0x38256</run_address>
         <size>0xe</size>
         <input_file_ref idref="fl-b"/>
      </object_component>
      <object_component id="oc-131">
         <name>.text:Graphics_setForegroundColor</name>
         <load_address>0x38264</load_address>
         <run_address>0x38264</run_address>
         <size>0xe</size>
         <input_file_ref idref="fl-b"/>
      </object_component>
      <object_component id="oc-38d">
         <name>.text:I2C_clearInterruptFlag</name>
         <load_address>0x38272</load_address>
         <run_address>0x38272</run_address>
         <size>0xe</size>
         <input_file_ref idref="fl-1f"/>
      </object_component>
      <object_component id="oc-394">
         <name>.text:I2C_setMode</name>
         <load_address>0x38280</load_address>
         <run_address>0x38280</run_address>
         <size>0xe</size>
         <input_file_ref idref="fl-1f"/>
      </object_component>
      <object_component id="oc-12">
         <name>.text:decompress:none</name>
         <load_address>0x3828e</load_address>
         <run_address>0x3828e</run_address>
         <size>0xe</size>
         <input_file_ref idref="fl-f3"/>
      </object_component>
      <object_component id="oc-1b2">
         <name>.text:DMA_setControlBase</name>
         <load_address>0x3829c</load_address>
         <run_address>0x3829c</run_address>
         <size>0xc</size>
         <input_file_ref idref="fl-1b"/>
      </object_component>
      <object_component id="oc-561">
         <name>.text:EUSCI_A_SPI_enable</name>
         <load_address>0x382a8</load_address>
         <run_address>0x382a8</run_address>
         <size>0xc</size>
         <input_file_ref idref="fl-28"/>
      </object_component>
      <object_component id="oc-55b">
         <name>.text:EUSCI_B_SPI_enable</name>
         <load_address>0x382b4</load_address>
         <run_address>0x382b4</run_address>
         <size>0xc</size>
         <input_file_ref idref="fl-28"/>
      </object_component>
      <object_component id="oc-24d">
         <name>.text:I2C_disableModule</name>
         <load_address>0x382c0</load_address>
         <run_address>0x382c0</run_address>
         <size>0xc</size>
         <input_file_ref idref="fl-1f"/>
      </object_component>
      <object_component id="oc-253">
         <name>.text:I2C_enableModule</name>
         <load_address>0x382cc</load_address>
         <run_address>0x382cc</run_address>
         <size>0xc</size>
         <input_file_ref idref="fl-1f"/>
      </object_component>
      <object_component id="oc-75">
         <name>.text:resetISR</name>
         <load_address>0x382d8</load_address>
         <run_address>0x382d8</run_address>
         <size>0xc</size>
         <input_file_ref idref="fl-5"/>
      </object_component>
      <object_component id="oc-2aa">
         <name>.text:Graphics_clearDisplayOnDisplay</name>
         <load_address>0x382e4</load_address>
         <run_address>0x382e4</run_address>
         <size>0xa</size>
         <input_file_ref idref="fl-c"/>
      </object_component>
      <object_component id="oc-1e0">
         <name>.text:Graphics_fillRectangleOnDisplay</name>
         <load_address>0x382ee</load_address>
         <run_address>0x382ee</run_address>
         <size>0xa</size>
         <input_file_ref idref="fl-c"/>
      </object_component>
      <object_component id="oc-2a1">
         <name>.text:Graphics_translateColorOnDisplay</name>
         <load_address>0x382f8</load_address>
         <run_address>0x382f8</run_address>
         <size>0xa</size>
         <input_file_ref idref="fl-c"/>
      </object_component>
      <object_component id="oc-143">
         <name>.text:Graphics_clearDisplay</name>
         <load_address>0x38302</load_address>
         <run_address>0x38302</run_address>
         <size>0x8</size>
         <input_file_ref idref="fl-b"/>
      </object_component>
      <object_component id="oc-523">
         <name>.text:I2C_getInterruptStatus</name>
         <load_address>0x3830a</load_address>
         <run_address>0x3830a</run_address>
         <size>0x8</size>
         <input_file_ref idref="fl-1f"/>
      </object_component>
      <object_component id="oc-535">
         <name>.text:I2C_masterReceiveMultiByteNext</name>
         <load_address>0x38312</load_address>
         <run_address>0x38312</run_address>
         <size>0x6</size>
         <input_file_ref idref="fl-1f"/>
      </object_component>
      <object_component id="oc-18">
         <name>.text:decompress:rle24</name>
         <load_address>0x38318</load_address>
         <run_address>0x38318</run_address>
         <size>0x6</size>
         <input_file_ref idref="fl-f4"/>
      </object_component>
      <object_component id="oc-13d">
         <name>.text:Graphics_setFont</name>
         <load_address>0x3831e</load_address>
         <run_address>0x3831e</run_address>
         <size>0x4</size>
         <input_file_ref idref="fl-b"/>
      </object_component>
      <object_component id="oc-387">
         <name>.text:I2C_setSlaveAddress</name>
         <load_address>0x38322</load_address>
         <run_address>0x38322</run_address>
         <size>0x4</size>
         <input_file_ref idref="fl-1f"/>
      </object_component>
      <object_component id="oc-59">
         <name>.text</name>
         <load_address>0x38326</load_address>
         <run_address>0x38326</run_address>
         <size>0x4</size>
         <input_file_ref idref="fl-100"/>
      </object_component>
      <object_component id="oc-bc">
         <name>.text</name>
         <load_address>0x3832a</load_address>
         <run_address>0x3832a</run_address>
         <size>0x2</size>
         <input_file_ref idref="fl-114"/>
      </object_component>
      <object_component id="oc-441">
         <name>.const:twiddleCoef_4096</name>
         <load_address>0x140</load_address>
         <run_address>0x140</run_address>
         <size>0x8000</size>
         <input_file_ref idref="fl-3a"/>
      </object_component>
      <object_component id="oc-477">
         <name>.const:twiddleCoef_4096_q31</name>
         <load_address>0x8140</load_address>
         <run_address>0x8140</run_address>
         <size>0x6000</size>
         <input_file_ref idref="fl-3a"/>
      </object_component>
      <object_component id="oc-331">
         <name>.const:realCoefAQ15</name>
         <load_address>0xe140</load_address>
         <run_address>0xe140</run_address>
         <size>0x4000</size>
         <input_file_ref idref="fl-34"/>
      </object_component>
      <object_component id="oc-334">
         <name>.const:realCoefBQ15</name>
         <load_address>0x12140</load_address>
         <run_address>0x12140</run_address>
         <size>0x4000</size>
         <input_file_ref idref="fl-34"/>
      </object_component>
      <object_component id="oc-43b">
         <name>.const:twiddleCoef_2048</name>
         <load_address>0x16140</load_address>
         <run_address>0x16140</run_address>
         <size>0x4000</size>
         <input_file_ref idref="fl-3a"/>
      </object_component>
      <object_component id="oc-471">
         <name>.const:twiddleCoef_2048_q31</name>
         <load_address>0x1a140</load_address>
         <run_address>0x1a140</run_address>
         <size>0x3000</size>
         <input_file_ref idref="fl-3a"/>
      </object_component>
      <object_component id="oc-495">
         <name>.const:twiddleCoef_4096_q15</name>
         <load_address>0x1d140</load_address>
         <run_address>0x1d140</run_address>
         <size>0x3000</size>
         <input_file_ref idref="fl-3a"/>
      </object_component>
      <object_component id="oc-435">
         <name>.const:twiddleCoef_1024</name>
         <load_address>0x20140</load_address>
         <run_address>0x20140</run_address>
         <size>0x2000</size>
         <input_file_ref idref="fl-3a"/>
      </object_component>
      <object_component id="oc-444">
         <name>.const:armBitRevIndexTable4096</name>
         <load_address>0x22140</load_address>
         <run_address>0x22140</run_address>
         <size>0x1f80</size>
         <input_file_ref idref="fl-3a"/>
      </object_component>
      <object_component id="oc-47a">
         <name>.const:armBitRevIndexTable_fixed_4096</name>
         <load_address>0x240c0</load_address>
         <run_address>0x240c0</run_address>
         <size>0x1f80</size>
         <input_file_ref idref="fl-3a"/>
      </object_component>
      <object_component id="oc-43e">
         <name>.const:armBitRevIndexTable2048</name>
         <load_address>0x26040</load_address>
         <run_address>0x26040</run_address>
         <size>0x1dc0</size>
         <input_file_ref idref="fl-3a"/>
      </object_component>
      <object_component id="oc-46b">
         <name>.const:twiddleCoef_1024_q31</name>
         <load_address>0x27e00</load_address>
         <run_address>0x27e00</run_address>
         <size>0x1800</size>
         <input_file_ref idref="fl-3a"/>
      </object_component>
      <object_component id="oc-492">
         <name>.const:twiddleCoef_2048_q15</name>
         <load_address>0x29600</load_address>
         <run_address>0x29600</run_address>
         <size>0x1800</size>
         <input_file_ref idref="fl-3a"/>
      </object_component>
      <object_component id="oc-42f">
         <name>.const:twiddleCoef_512</name>
         <load_address>0x2ae00</load_address>
         <run_address>0x2ae00</run_address>
         <size>0x1000</size>
         <input_file_ref idref="fl-3a"/>
      </object_component>
      <object_component id="oc-474">
         <name>.const:armBitRevIndexTable_fixed_2048</name>
         <load_address>0x2be00</load_address>
         <run_address>0x2be00</run_address>
         <size>0xf80</size>
         <input_file_ref idref="fl-3a"/>
      </object_component>
      <object_component id="oc-438">
         <name>.const:armBitRevIndexTable1024</name>
         <load_address>0x2cd80</load_address>
         <run_address>0x2cd80</run_address>
         <size>0xe10</size>
         <input_file_ref idref="fl-3a"/>
      </object_component>
      <object_component id="oc-48f">
         <name>.const:twiddleCoef_1024_q15</name>
         <load_address>0x2db90</load_address>
         <run_address>0x2db90</run_address>
         <size>0xc00</size>
         <input_file_ref idref="fl-3a"/>
      </object_component>
      <object_component id="oc-465">
         <name>.const:twiddleCoef_512_q31</name>
         <load_address>0x2e790</load_address>
         <run_address>0x2e790</run_address>
         <size>0xc00</size>
         <input_file_ref idref="fl-3a"/>
      </object_component>
      <object_component id="oc-429">
         <name>.const:twiddleCoef_256</name>
         <load_address>0x2f390</load_address>
         <run_address>0x2f390</run_address>
         <size>0x800</size>
         <input_file_ref idref="fl-3a"/>
      </object_component>
      <object_component id="oc-46e">
         <name>.const:armBitRevIndexTable_fixed_1024</name>
         <load_address>0x2fb90</load_address>
         <run_address>0x2fb90</run_address>
         <size>0x7c0</size>
         <input_file_ref idref="fl-3a"/>
      </object_component>
      <object_component id="oc-45f">
         <name>.const:twiddleCoef_256_q31</name>
         <load_address>0x30350</load_address>
         <run_address>0x30350</run_address>
         <size>0x600</size>
         <input_file_ref idref="fl-3a"/>
      </object_component>
      <object_component id="oc-48c">
         <name>.const:twiddleCoef_512_q15</name>
         <load_address>0x30950</load_address>
         <run_address>0x30950</run_address>
         <size>0x600</size>
         <input_file_ref idref="fl-3a"/>
      </object_component>
      <object_component id="oc-423">
         <name>.const:twiddleCoef_128</name>
         <load_address>0x30f50</load_address>
         <run_address>0x30f50</run_address>
         <size>0x400</size>
         <input_file_ref idref="fl-3a"/>
      </object_component>
      <object_component id="oc-468">
         <name>.const:armBitRevIndexTable_fixed_512</name>
         <load_address>0x31350</load_address>
         <run_address>0x31350</run_address>
         <size>0x3c0</size>
         <input_file_ref idref="fl-3a"/>
      </object_component>
      <object_component id="oc-432">
         <name>.const:armBitRevIndexTable512</name>
         <load_address>0x31710</load_address>
         <run_address>0x31710</run_address>
         <size>0x380</size>
         <input_file_ref idref="fl-3a"/>
      </object_component>
      <object_component id="oc-42c">
         <name>.const:armBitRevIndexTable256</name>
         <load_address>0x31a90</load_address>
         <run_address>0x31a90</run_address>
         <size>0x370</size>
         <input_file_ref idref="fl-3a"/>
      </object_component>
      <object_component id="oc-459">
         <name>.const:twiddleCoef_128_q31</name>
         <load_address>0x31e00</load_address>
         <run_address>0x31e00</run_address>
         <size>0x300</size>
         <input_file_ref idref="fl-3a"/>
      </object_component>
      <object_component id="oc-489">
         <name>.const:twiddleCoef_256_q15</name>
         <load_address>0x32100</load_address>
         <run_address>0x32100</run_address>
         <size>0x300</size>
         <input_file_ref idref="fl-3a"/>
      </object_component>
      <object_component id="oc-328">
         <name>.const:.string:g_pucFontFixed6x8Data</name>
         <load_address>0x32400</load_address>
         <run_address>0x32400</run_address>
         <size>0x2f8</size>
         <input_file_ref idref="fl-7"/>
      </object_component>
      <object_component id="oc-41d">
         <name>.const:twiddleCoef_64</name>
         <load_address>0x326f8</load_address>
         <run_address>0x326f8</run_address>
         <size>0x200</size>
         <input_file_ref idref="fl-3a"/>
      </object_component>
      <object_component id="oc-462">
         <name>.const:armBitRevIndexTable_fixed_256</name>
         <load_address>0x328f8</load_address>
         <run_address>0x328f8</run_address>
         <size>0x1e0</size>
         <input_file_ref idref="fl-3a"/>
      </object_component>
      <object_component id="oc-337">
         <name>.const</name>
         <load_address>0x32ad8</load_address>
         <run_address>0x32ad8</run_address>
         <size>0x1b0</size>
         <input_file_ref idref="fl-37"/>
      </object_component>
      <object_component id="oc-426">
         <name>.const:armBitRevIndexTable128</name>
         <load_address>0x32c88</load_address>
         <run_address>0x32c88</run_address>
         <size>0x1a0</size>
         <input_file_ref idref="fl-3a"/>
      </object_component>
      <object_component id="oc-486">
         <name>.const:twiddleCoef_128_q15</name>
         <load_address>0x32e28</load_address>
         <run_address>0x32e28</run_address>
         <size>0x180</size>
         <input_file_ref idref="fl-3a"/>
      </object_component>
      <object_component id="oc-453">
         <name>.const:twiddleCoef_64_q31</name>
         <load_address>0x32fa8</load_address>
         <run_address>0x32fa8</run_address>
         <size>0x180</size>
         <input_file_ref idref="fl-3a"/>
      </object_component>
      <object_component id="oc-5f0">
         <name>.const:.string:_ctypes_</name>
         <load_address>0x33128</load_address>
         <run_address>0x33128</run_address>
         <size>0x101</size>
         <input_file_ref idref="fl-10b"/>
      </object_component>
      <object_component id="oc-417">
         <name>.const:twiddleCoef_32</name>
         <load_address>0x3322c</load_address>
         <run_address>0x3322c</run_address>
         <size>0x100</size>
         <input_file_ref idref="fl-3a"/>
      </object_component>
      <object_component id="oc-45c">
         <name>.const:armBitRevIndexTable_fixed_128</name>
         <load_address>0x3332c</load_address>
         <run_address>0x3332c</run_address>
         <size>0xe0</size>
         <input_file_ref idref="fl-3a"/>
      </object_component>
      <object_component id="oc-1a9">
         <name>.const:g_sFontFixed6x8</name>
         <load_address>0x3340c</load_address>
         <run_address>0x3340c</run_address>
         <size>0xc8</size>
         <input_file_ref idref="fl-7"/>
      </object_component>
      <object_component id="oc-44d">
         <name>.const:twiddleCoef_32_q31</name>
         <load_address>0x334d4</load_address>
         <run_address>0x334d4</run_address>
         <size>0xc0</size>
         <input_file_ref idref="fl-3a"/>
      </object_component>
      <object_component id="oc-483">
         <name>.const:twiddleCoef_64_q15</name>
         <load_address>0x33594</load_address>
         <run_address>0x33594</run_address>
         <size>0xc0</size>
         <input_file_ref idref="fl-3a"/>
      </object_component>
      <object_component id="oc-2f1">
         <name>.const:_ctlRegs</name>
         <load_address>0x33654</load_address>
         <run_address>0x33654</run_address>
         <size>0x80</size>
         <input_file_ref idref="fl-15"/>
      </object_component>
      <object_component id="oc-411">
         <name>.const:twiddleCoef_16</name>
         <load_address>0x336d4</load_address>
         <run_address>0x336d4</run_address>
         <size>0x80</size>
         <input_file_ref idref="fl-3a"/>
      </object_component>
      <object_component id="oc-420">
         <name>.const:armBitRevIndexTable64</name>
         <load_address>0x33754</load_address>
         <run_address>0x33754</run_address>
         <size>0x70</size>
         <input_file_ref idref="fl-3a"/>
      </object_component>
      <object_component id="oc-456">
         <name>.const:armBitRevIndexTable_fixed_64</name>
         <load_address>0x337c4</load_address>
         <run_address>0x337c4</run_address>
         <size>0x70</size>
         <input_file_ref idref="fl-3a"/>
      </object_component>
      <object_component id="oc-41a">
         <name>.const:armBitRevIndexTable32</name>
         <load_address>0x33834</load_address>
         <run_address>0x33834</run_address>
         <size>0x60</size>
         <input_file_ref idref="fl-3a"/>
      </object_component>
      <object_component id="oc-447">
         <name>.const:twiddleCoef_16_q31</name>
         <load_address>0x33894</load_address>
         <run_address>0x33894</run_address>
         <size>0x60</size>
         <input_file_ref idref="fl-3a"/>
      </object_component>
      <object_component id="oc-480">
         <name>.const:twiddleCoef_32_q15</name>
         <load_address>0x338f4</load_address>
         <run_address>0x338f4</run_address>
         <size>0x60</size>
         <input_file_ref idref="fl-3a"/>
      </object_component>
      <object_component id="oc-450">
         <name>.const:armBitRevIndexTable_fixed_32</name>
         <load_address>0x33954</load_address>
         <run_address>0x33954</run_address>
         <size>0x30</size>
         <input_file_ref idref="fl-3a"/>
      </object_component>
      <object_component id="oc-47d">
         <name>.const:twiddleCoef_16_q15</name>
         <load_address>0x33984</load_address>
         <run_address>0x33984</run_address>
         <size>0x30</size>
         <input_file_ref idref="fl-3a"/>
      </object_component>
      <object_component id="oc-1a6">
         <name>.const:g_sCrystalfontz128x128</name>
         <load_address>0x339b4</load_address>
         <run_address>0x339b4</run_address>
         <size>0x2c</size>
         <input_file_ref idref="fl-13"/>
      </object_component>
      <object_component id="oc-414">
         <name>.const:armBitRevIndexTable16</name>
         <load_address>0x339e0</load_address>
         <run_address>0x339e0</run_address>
         <size>0x28</size>
         <input_file_ref idref="fl-3a"/>
      </object_component>
      <object_component id="oc-3c6">
         <name>.const:$P$T0$1</name>
         <load_address>0x33a08</load_address>
         <run_address>0x33a08</run_address>
         <size>0x1c</size>
         <input_file_ref idref="fl-14"/>
      </object_component>
      <object_component id="oc-44a">
         <name>.const</name>
         <load_address>0x33a24</load_address>
         <run_address>0x33a24</run_address>
         <size>0x18</size>
         <input_file_ref idref="fl-3a"/>
      </object_component>
      <object_component id="oc-259">
         <name>.const:i2cConfig</name>
         <load_address>0x33a3c</load_address>
         <run_address>0x33a3c</run_address>
         <size>0x14</size>
         <input_file_ref idref="fl-2"/>
      </object_component>
      <object_component id="oc-643">
         <name>.cinit..data.load</name>
         <load_address>0x38330</load_address>
         <run_address>0x38330</run_address>
         <size>0x69</size>
      </object_component>
      <object_component id="oc-644">
         <name>.cinit..bss.load</name>
         <load_address>0x383a0</load_address>
         <run_address>0x383a0</run_address>
         <size>0xb</size>
      </object_component>
      <object_component id="oc-641">
         <name>__TI_handler_table</name>
         <load_address>0x383ac</load_address>
         <run_address>0x383ac</run_address>
         <size>0x8</size>
      </object_component>
      <object_component id="oc-642">
         <name>__TI_cinit_table</name>
         <load_address>0x383b4</load_address>
         <run_address>0x383b4</run_address>
         <size>0x10</size>
      </object_component>
      <object_component id="oc-620">
         <name>.binit</name>
         <load_address>0x0</load_address>
         <run_address>0x0</run_address>
         <size>0x0</size>
      </object_component>
      <object_component id="oc-f6">
         <name>.data</name>
         <load_address>0x20001d60</load_address>
         <run_address>0x20001d60</run_address>
         <size>0x18</size>
         <input_file_ref idref="fl-4"/>
      </object_component>
      <object_component id="oc-1d7">
         <name>.data:pwmConfig</name>
         <load_address>0x20001d78</load_address>
         <run_address>0x20001d78</run_address>
         <size>0x18</size>
         <input_file_ref idref="fl-4"/>
      </object_component>
      <object_component id="oc-2e5">
         <name>.data:GPIO_PORT_TO_BASE</name>
         <load_address>0x20001d30</load_address>
         <run_address>0x20001d30</run_address>
         <size>0x30</size>
         <input_file_ref idref="fl-1e"/>
      </object_component>
      <object_component id="oc-350">
         <name>.data</name>
         <load_address>0x20001da4</load_address>
         <run_address>0x20001da4</run_address>
         <size>0x4</size>
         <input_file_ref idref="fl-f7"/>
      </object_component>
      <object_component id="oc-cc">
         <name>.data:$O1$$</name>
         <load_address>0x20001d90</load_address>
         <run_address>0x20001d90</run_address>
         <size>0xc</size>
         <input_file_ref idref="fl-f8"/>
      </object_component>
      <object_component id="oc-71">
         <name>.data</name>
         <load_address>0x20001da8</load_address>
         <run_address>0x20001da8</run_address>
         <size>0x4</size>
         <input_file_ref idref="fl-103"/>
      </object_component>
      <object_component id="oc-cf">
         <name>.data:$O1$$</name>
         <load_address>0x20001d9c</load_address>
         <run_address>0x20001d9c</run_address>
         <size>0x8</size>
         <input_file_ref idref="fl-105"/>
      </object_component>
      <object_component id="oc-1f6">
         <name>.common:status</name>
         <uninitialized>true</uninitialized>
         <run_address>0x20001d2e</run_address>
         <size>0x1</size>
      </object_component>
      <object_component id="oc-1a5">
         <name>.common:g_sContext</name>
         <uninitialized>true</uninitialized>
         <run_address>0x20001d00</run_address>
         <size>0x1c</size>
      </object_component>
      <object_component id="oc-1da">
         <name>.common:controlTable</name>
         <uninitialized>true</uninitialized>
         <run_address>0x20001c00</run_address>
         <size>0x100</size>
      </object_component>
      <object_component id="oc-1d6">
         <name>.common:hann</name>
         <uninitialized>true</uninitialized>
         <run_address>0x20000800</run_address>
         <size>0x800</size>
      </object_component>
      <object_component id="oc-f9">
         <name>.common:data_array1</name>
         <uninitialized>true</uninitialized>
         <run_address>0x20001000</run_address>
         <size>0x400</size>
      </object_component>
      <object_component id="oc-f3">
         <name>.common:data_array2</name>
         <uninitialized>true</uninitialized>
         <run_address>0x20001400</run_address>
         <size>0x400</size>
      </object_component>
      <object_component id="oc-1f5">
         <name>.common:data_input</name>
         <uninitialized>true</uninitialized>
         <run_address>0x20000000</run_address>
         <size>0x800</size>
      </object_component>
      <object_component id="oc-1f4">
         <name>.common:data_output</name>
         <uninitialized>true</uninitialized>
         <run_address>0x20001800</run_address>
         <size>0x400</size>
      </object_component>
      <object_component id="oc-1f2">
         <name>.common:g_u32Lux</name>
         <uninitialized>true</uninitialized>
         <run_address>0x20001d20</run_address>
         <size>0x4</size>
      </object_component>
      <object_component id="oc-1f3">
         <name>.common:g_fSampledFreq</name>
         <uninitialized>true</uninitialized>
         <run_address>0x20001d1c</run_address>
         <size>0x4</size>
      </object_component>
      <object_component id="oc-29d">
         <name>.common:Lcd_Orientation</name>
         <uninitialized>true</uninitialized>
         <run_address>0x20001d2c</run_address>
         <size>0x1</size>
      </object_component>
      <object_component id="oc-294">
         <name>.common:Lcd_ScreenWidth</name>
         <uninitialized>true</uninitialized>
         <run_address>0x20001d26</run_address>
         <size>0x2</size>
      </object_component>
      <object_component id="oc-297">
         <name>.common:Lcd_ScreenHeigth</name>
         <uninitialized>true</uninitialized>
         <run_address>0x20001d24</run_address>
         <size>0x2</size>
      </object_component>
      <object_component id="oc-298">
         <name>.common:Lcd_PenSolid</name>
         <uninitialized>true</uninitialized>
         <run_address>0x20001d2d</run_address>
         <size>0x1</size>
      </object_component>
      <object_component id="oc-299">
         <name>.common:Lcd_FontSolid</name>
         <uninitialized>true</uninitialized>
         <run_address>0x20001d2b</run_address>
         <size>0x1</size>
      </object_component>
      <object_component id="oc-29a">
         <name>.common:Lcd_FlagRead</name>
         <uninitialized>true</uninitialized>
         <run_address>0x20001d2a</run_address>
         <size>0x1</size>
      </object_component>
      <object_component id="oc-29b">
         <name>.common:Lcd_TouchTrim</name>
         <uninitialized>true</uninitialized>
         <run_address>0x20001d28</run_address>
         <size>0x2</size>
      </object_component>
      <object_component id="oc-2d">
         <name>.stack</name>
         <uninitialized>true</uninitialized>
         <run_address>0x2000fe00</run_address>
         <size>0x0</size>
         <input_file_ref idref="fl-f2"/>
      </object_component>
      <object_component id="oc-645">
         <name>.stack</name>
         <uninitialized>true</uninitialized>
         <run_address>0x2000fe00</run_address>
         <size>0x0</size>
      </object_component>
      <object_component id="oc-37f">
         <name>.debug_info</name>
         <load_address>0x0</load_address>
         <run_address>0x0</run_address>
         <size>0x817</size>
         <input_file_ref idref="fl-2"/>
      </object_component>
      <object_component id="oc-25a">
         <name>.debug_info</name>
         <load_address>0x817</load_address>
         <run_address>0x817</run_address>
         <size>0xf1</size>
         <input_file_ref idref="fl-2"/>
      </object_component>
      <object_component id="oc-10e">
         <name>.debug_info</name>
         <load_address>0x908</load_address>
         <run_address>0x908</run_address>
         <size>0x18d</size>
         <input_file_ref idref="fl-2"/>
      </object_component>
      <object_component id="oc-264">
         <name>.debug_info</name>
         <load_address>0xa95</load_address>
         <run_address>0xa95</run_address>
         <size>0x235</size>
         <input_file_ref idref="fl-2"/>
      </object_component>
      <object_component id="oc-25e">
         <name>.debug_info</name>
         <load_address>0xcca</load_address>
         <run_address>0xcca</run_address>
         <size>0x190</size>
         <input_file_ref idref="fl-2"/>
      </object_component>
      <object_component id="oc-36a">
         <name>.debug_info</name>
         <load_address>0xe5a</load_address>
[...]
      </symbol>
      <symbol id="sm-689">
         <name>arm_cfft_sR_q15_len1024</name>
         <value>0x32c58</value>
         <object_component_ref idref="oc-337"/>
      </symbol>
      <symbol id="sm-68a">
         <name>arm_cfft_sR_q15_len2048</name>
         <value>0x32c68</value>
         <object_component_ref idref="oc-337"/>
      </symbol>
      <symbol id="sm-68b">
         <name>arm_cfft_sR_f32_len2048</name>
         <value>0x32b48</value>
         <object_component_ref idref="oc-337"/>
      </symbol>
      <symbol id="sm-68c">
         <name>arm_cfft_sR_q31_len256</name>
         <value>0x32ba8</value>
         <object_component_ref idref="oc-337"/>
      </symbol>
      <symbol id="sm-6ba">
         <name>arm_cfft_q15</name>
         <value>0x36929</value>
         <object_component_ref idref="oc-342"/>
      </symbol>
      <symbol id="sm-6bb">
         <name>arm_cfft_radix4by2_q15</name>
         <value>0x36bf1</value>
         <object_component_ref idref="oc-4a4"/>
      </symbol>
      <symbol id="sm-6bc">
         <name>arm_cfft_radix4by2_inverse_q15</name>
         <value>0x36b4d</value>
         <object_component_ref idref="oc-4b0"/>
      </symbol>
      <symbol id="sm-6df">
         <name>arm_radix4_butterfly_inverse_q15</name>
         <value>0x35339</value>
         <object_component_ref idref="oc-4aa"/>
      </symbol>
      <symbol id="sm-6e0">
         <name>arm_radix4_butterfly_q15</name>
         <value>0x35675</value>
         <object_component_ref idref="oc-49e"/>
      </symbol>
      <symbol id="sm-7f3">
         <name>armBitRevIndexTable1024</name>
         <value>0x2cd80</value>
         <object_component_ref idref="oc-438"/>
      </symbol>
      <symbol id="sm-7f4">
         <name>armBitRevIndexTable2048</name>
         <value>0x26040</value>
         <object_component_ref idref="oc-43e"/>
      </symbol>
      <symbol id="sm-7f5">
         <name>twiddleCoef_16_q31</name>
         <value>0x33894</value>
         <object_component_ref idref="oc-447"/>
      </symbol>
      <symbol id="sm-7f6">
         <name>armBitRevIndexTable_fixed_256</name>
         <value>0x328f8</value>
         <object_component_ref idref="oc-462"/>
      </symbol>
      <symbol id="sm-7f7">
         <name>twiddleCoef_2048</name>
         <value>0x16140</value>
         <object_component_ref idref="oc-43b"/>
      </symbol>
      <symbol id="sm-7f8">
         <name>twiddleCoef_128_q15</name>
         <value>0x32e28</value>
         <object_component_ref idref="oc-486"/>
      </symbol>
      <symbol id="sm-7f9">
         <name>twiddleCoef_16_q15</name>
         <value>0x33984</value>
         <object_component_ref idref="oc-47d"/>
      </symbol>
      <symbol id="sm-7fa">
         <name>twiddleCoef_128_q31</name>
         <value>0x31e00</value>
         <object_component_ref idref="oc-459"/>
      </symbol>
      <symbol id="sm-7fb">
         <name>twiddleCoef_2048_q15</name>
         <value>0x29600</value>
         <object_component_ref idref="oc-492"/>
      </symbol>
      <symbol id="sm-7fc">
         <name>armBitRevIndexTable_fixed_16</name>
         <value>0x33a24</value>
         <object_component_ref idref="oc-44a"/>
      </symbol>
      <symbol id="sm-7fd">
         <name>twiddleCoef_2048_q31</name>
         <value>0x1a140</value>
         <object_component_ref idref="oc-471"/>
      </symbol>
      <symbol id="sm-7fe">
         <name>armBitRevIndexTable_fixed_32</name>
         <value>0x33954</value>
         <object_component_ref idref="oc-450"/>
      </symbol>
      <symbol id="sm-7ff">
         <name>twiddleCoef_256</name>
         <value>0x2f390</value>
         <object_component_ref idref="oc-429"/>
      </symbol>
      <symbol id="sm-800">
         <name>twiddleCoef_64_q31</name>
         <value>0x32fa8</value>
         <object_component_ref idref="oc-453"/>
      </symbol>
      <symbol id="sm-801">
         <name>armBitRevIndexTable_fixed_1024</name>
         <value>0x2fb90</value>
         <object_component_ref idref="oc-46e"/>
      </symbol>
      <symbol id="sm-802">
         <name>armBitRevIndexTable_fixed_4096</name>
         <value>0x240c0</value>
         <object_component_ref idref="oc-47a"/>
      </symbol>
      <symbol id="sm-803">
         <name>twiddleCoef_64_q15</name>
         <value>0x33594</value>
         <object_component_ref idref="oc-483"/>
      </symbol>
      <symbol id="sm-804">
         <name>armBitRevIndexTable4096</name>
         <value>0x22140</value>
         <object_component_ref idref="oc-444"/>
      </symbol>
      <symbol id="sm-805">
         <name>twiddleCoef_32</name>
         <value>0x3322c</value>
         <object_component_ref idref="oc-417"/>
      </symbol>
      <symbol id="sm-806">
         <name>armBitRevIndexTable_fixed_64</name>
         <value>0x337c4</value>
         <object_component_ref idref="oc-456"/>
      </symbol>
      <symbol id="sm-807">
         <name>armBitRevIndexTable_fixed_128</name>
         <value>0x3332c</value>
         <object_component_ref idref="oc-45c"/>
      </symbol>
      <symbol id="sm-808">
         <name>twiddleCoef_16</name>
         <value>0x336d4</value>
         <object_component_ref idref="oc-411"/>
      </symbol>
      <symbol id="sm-809">
         <name>twiddleCoef_4096_q15</name>
         <value>0x1d140</value>
         <object_component_ref idref="oc-495"/>
      </symbol>
      <symbol id="sm-80a">
         <name>twiddleCoef_1024</name>
         <value>0x20140</value>
         <object_component_ref idref="oc-435"/>
      </symbol>
      <symbol id="sm-80b">
         <name>armBitRevIndexTable_fixed_512</name>
         <value>0x31350</value>
         <object_component_ref idref="oc-468"/>
      </symbol>
      <symbol id="sm-80c">
         <name>twiddleCoef_128</name>
         <value>0x30f50</value>
         <object_component_ref idref="oc-423"/>
      </symbol>
      <symbol id="sm-80d">
         <name>twiddleCoef_4096_q31</name>
         <value>0x8140</value>
         <object_component_ref idref="oc-477"/>
      </symbol>
      <symbol id="sm-80e">
         <name>twiddleCoef_32_q31</name>
         <value>0x334d4</value>
         <object_component_ref idref="oc-44d"/>
      </symbol>
      <symbol id="sm-80f">
         <name>twiddleCoef_64</name>
         <value>0x326f8</value>
         <object_component_ref idref="oc-41d"/>
      </symbol>
      <symbol id="sm-810">
         <name>armBitRevIndexTable128</name>
         <value>0x32c88</value>
         <object_component_ref idref="oc-426"/>
      </symbol>
      <symbol id="sm-811">
         <name>twiddleCoef_4096</name>
         <value>0x140</value>
         <object_component_ref idref="oc-441"/>
      </symbol>
      <symbol id="sm-812">
         <name>twiddleCoef_32_q15</name>
         <value>0x338f4</value>
         <object_component_ref idref="oc-480"/>
      </symbol>
      <symbol id="sm-813">
         <name>twiddleCoef_512</name>
         <value>0x2ae00</value>
         <object_component_ref idref="oc-42f"/>
      </symbol>
      <symbol id="sm-814">
         <name>armBitRevIndexTable512</name>
         <value>0x31710</value>
         <object_component_ref idref="oc-432"/>
      </symbol>
      <symbol id="sm-815">
         <name>armBitRevIndexTable16</name>
         <value>0x339e0</value>
         <object_component_ref idref="oc-414"/>
      </symbol>
      <symbol id="sm-816">
         <name>armBitRevIndexTable32</name>
         <value>0x33834</value>
         <object_component_ref idref="oc-41a"/>
      </symbol>
      <symbol id="sm-817">
         <name>twiddleCoef_256_q15</name>
         <value>0x32100</value>
         <object_component_ref idref="oc-489"/>
      </symbol>
      <symbol id="sm-818">
         <name>twiddleCoef_256_q31</name>
         <value>0x30350</value>
         <object_component_ref idref="oc-45f"/>
      </symbol>
      <symbol id="sm-819">
         <name>twiddleCoef_1024_q15</name>
         <value>0x2db90</value>
         <object_component_ref idref="oc-48f"/>
      </symbol>
      <symbol id="sm-81a">
         <name>armBitRevIndexTable64</name>
         <value>0x33754</value>
         <object_component_ref idref="oc-420"/>
      </symbol>
      <symbol id="sm-81b">
         <name>twiddleCoef_1024_q31</name>
         <value>0x27e00</value>
         <object_component_ref idref="oc-46b"/>
      </symbol>
      <symbol id="sm-81c">
         <name>armBitRevIndexTable_fixed_2048</name>
         <value>0x2be00</value>
         <object_component_ref idref="oc-474"/>
      </symbol>
      <symbol id="sm-81d">
         <name>armBitRevIndexTable256</name>
         <value>0x31a90</value>
         <object_component_ref idref="oc-42c"/>
      </symbol>
      <symbol id="sm-81e">
         <name>twiddleCoef_512_q15</name>
         <value>0x30950</value>
         <object_component_ref idref="oc-48c"/>
      </symbol>
      <symbol id="sm-81f">
         <name>twiddleCoef_512_q31</name>
         <value>0x2e790</value>
         <object_component_ref idref="oc-465"/>
      </symbol>
      <symbol id="sm-82b">
         <name>arm_bitreversal_32</name>
         <value>0x36869</value>
         <object_component_ref idref="oc-4b6"/>
      </symbol>
      <symbol id="sm-82c">
         <name>arm_bitreversal_16</name>
         <value>0x368d3</value>
         <object_component_ref idref="oc-4b6"/>
      </symbol>
      <symbol id="sm-83d">
         <name>_c_int00</name>
         <value>0x37799</value>
         <object_component_ref idref="oc-24"/>
      </symbol>
      <symbol id="sm-83e">
         <name>__stack</name>
         <value>0x2000fe00</value>
         <object_component_ref idref="oc-2d"/>
      </symbol>
      <symbol id="sm-855">
         <name>__TI_decompress_none</name>
         <value>0x3828f</value>
         <object_component_ref idref="oc-12"/>
      </symbol>
      <symbol id="sm-87d">
         <name>__TI_decompress_rle24</name>
         <value>0x38319</value>
         <object_component_ref idref="oc-18"/>
      </symbol>
      <symbol id="sm-890">
         <name>sqrtf</name>
         <value>0x37f59</value>
         <object_component_ref idref="oc-1ca"/>
      </symbol>
      <symbol id="sm-898">
         <name>errno</name>
         <value>0x20001da4</value>
         <object_component_ref idref="oc-350"/>
      </symbol>
      <symbol id="sm-8b9">
         <name>C$$EXIT</name>
         <value>0x377ed</value>
         <object_component_ref idref="oc-6b"/>
      </symbol>
      <symbol id="sm-8ba">
         <name>abort</name>
         <value>0x377f1</value>
         <object_component_ref idref="oc-6b"/>
      </symbol>
      <symbol id="sm-8bb">
         <name>exit</name>
         <value>0x377f9</value>
         <object_component_ref idref="oc-6b"/>
      </symbol>
      <symbol id="sm-8bc">
         <name>__TI_dtors_ptr</name>
         <value>0x20001d94</value>
         <object_component_ref idref="oc-cc"/>
      </symbol>
      <symbol id="sm-8bd">
         <name>__TI_cleanup_ptr</name>
         <value>0x20001d90</value>
         <object_component_ref idref="oc-cc"/>
      </symbol>
      <symbol id="sm-8be">
         <name>__TI_enable_exit_profile_output</name>
         <value>0x20001d98</value>
         <object_component_ref idref="oc-cc"/>
      </symbol>
      <symbol id="sm-8d5">
         <name>__aeabi_dsub</name>
         <value>0x35e77</value>
         <object_component_ref idref="oc-16b"/>
      </symbol>
      <symbol id="sm-8d6">
         <name>__aeabi_dadd</name>
         <value>0x35e81</value>
         <object_component_ref idref="oc-16b"/>
      </symbol>
      <symbol id="sm-8e1">
         <name>__aeabi_dmul</name>
         <value>0x364cf</value>
         <object_component_ref idref="oc-166"/>
      </symbol>
      <symbol id="sm-8ed">
         <name>__aeabi_d2f</name>
         <value>0x372b1</value>
         <object_component_ref idref="oc-170"/>
      </symbol>
      <symbol id="sm-8f8">
         <name>__aeabi_f2d</name>
         <value>0x37d85</value>
         <object_component_ref idref="oc-161"/>
      </symbol>
      <symbol id="sm-913">
         <name>memcpy</name>
         <value>0x36c95</value>
         <object_component_ref idref="oc-2e"/>
      </symbol>
      <symbol id="sm-914">
         <name>__aeabi_memcpy</name>
         <value>0x36c95</value>
         <object_component_ref idref="oc-2e"/>
      </symbol>
      <symbol id="sm-915">
         <name>__aeabi_memcpy8</name>
         <value>0x36c95</value>
         <object_component_ref idref="oc-2e"/>
      </symbol>
      <symbol id="sm-916">
         <name>__aeabi_memcpy4</name>
         <value>0x36c95</value>
         <object_component_ref idref="oc-2e"/>
      </symbol>
      <symbol id="sm-925">
         <name>__aeabi_memset</name>
         <value>0x37159</value>
         <object_component_ref idref="oc-47"/>
      </symbol>
      <symbol id="sm-926">
         <name>memset</name>
         <value>0x3715f</value>
         <object_component_ref idref="oc-47"/>
      </symbol>
      <symbol id="sm-927">
         <name>__aeabi_memset8</name>
         <value>0x37159</value>
         <object_component_ref idref="oc-47"/>
      </symbol>
      <symbol id="sm-928">
         <name>__aeabi_memset4</name>
         <value>0x37159</value>
         <object_component_ref idref="oc-47"/>
      </symbol>
      <symbol id="sm-929">
         <name>__aeabi_memclr8</name>
         <value>0x37157</value>
         <object_component_ref idref="oc-47"/>
      </symbol>
      <symbol id="sm-92a">
         <name>__aeabi_memclr4</name>
         <value>0x37157</value>
         <object_component_ref idref="oc-47"/>
      </symbol>
      <symbol id="sm-92b">
         <name>__aeabi_memclr</name>
         <value>0x37157</value>
         <object_component_ref idref="oc-47"/>
      </symbol>
      <symbol id="sm-935">
         <name>__mpu_init</name>
         <value>0x37edf</value>
         <object_component_ref idref="oc-53"/>
      </symbol>
      <symbol id="sm-93f">
         <name>_system_pre_init</name>
         <value>0x38327</value>
         <object_component_ref idref="oc-59"/>
      </symbol>
      <symbol id="sm-953">
         <name>cosf</name>
         <value>0x36a99</value>
         <object_component_ref idref="oc-15b"/>
      </symbol>
      <symbol id="sm-96c">
         <name>sprintf</name>
         <value>0x37529</value>
         <object_component_ref idref="oc-1e6"/>
      </symbol>
      <symbol id="sm-974">
         <name>main_func_sp</name>
         <value>0x20001da8</value>
         <object_component_ref idref="oc-71"/>
      </symbol>
      <symbol id="sm-97e">
         <name>__aeabi_ui2d</name>
         <value>0x38051</value>
         <object_component_ref idref="oc-1db"/>
      </symbol>
      <symbol id="sm-997">
         <name>_nop</name>
         <value>0x381db</value>
         <object_component_ref idref="oc-215"/>
      </symbol>
      <symbol id="sm-998">
         <name>_lock</name>
         <value>0x20001d9c</value>
         <object_component_ref idref="oc-cf"/>
      </symbol>
      <symbol id="sm-999">
         <name>_unlock</name>
         <value>0x20001da0</value>
         <object_component_ref idref="oc-cf"/>
      </symbol>
      <symbol id="sm-99a">
         <name>_register_lock</name>
         <value>0x381d3</value>
         <object_component_ref idref="oc-215"/>
      </symbol>
      <symbol id="sm-99b">
         <name>_register_unlock</name>
         <value>0x381cd</value>
         <object_component_ref idref="oc-215"/>
      </symbol>
      <symbol id="sm-aa2">
         <name>__TI_printfi</name>
         <value>0x3485b</value>
         <object_component_ref idref="oc-35c"/>
      </symbol>
      <symbol id="sm-ab6">
         <name>_args_main</name>
         <value>0x3810d</value>
         <object_component_ref idref="oc-65"/>
      </symbol>
      <symbol id="sm-acc">
         <name>atoi</name>
         <value>0x37891</value>
         <object_component_ref idref="oc-50a"/>
      </symbol>
      <symbol id="sm-af1">
         <name>__TI_auto_init</name>
         <value>0x37241</value>
         <object_component_ref idref="oc-5f"/>
      </symbol>
      <symbol id="sm-b0b">
         <name>copy_in</name>
         <value>0x378dd</value>
         <object_component_ref idref="oc-b6"/>
      </symbol>
      <symbol id="sm-b16">
         <name>_ctypes_</name>
         <value>0x33128</value>
         <object_component_ref idref="oc-5f0"/>
      </symbol>
      <symbol id="sm-b38">
         <name>__aeabi_cdcmpeq</name>
         <value>0x36e51</value>
         <object_component_ref idref="oc-4d3"/>
      </symbol>
      <symbol id="sm-b39">
         <name>__aeabi_cdcmple</name>
         <value>0x36e51</value>
         <object_component_ref idref="oc-4d3"/>
      </symbol>
      <symbol id="sm-b3a">
         <name>__aeabi_cdrcmple</name>
         <value>0x36ed7</value>
         <object_component_ref idref="oc-4dd"/>
      </symbol>
      <symbol id="sm-b4e">
         <name>__aeabi_ddiv</name>
         <value>0x36181</value>
         <object_component_ref idref="oc-4d8"/>
      </symbol>
      <symbol id="sm-b58">
         <name>__aeabi_d2iz</name>
         <value>0x37a4d</value>
         <object_component_ref idref="oc-4e2"/>
      </symbol>
      <symbol id="sm-b62">
         <name>__aeabi_i2d</name>
         <value>0x37eb1</value>
         <object_component_ref idref="oc-4ed"/>
      </symbol>
      <symbol id="sm-b71">
         <name>ltoa</name>
         <value>0x376ef</value>
         <object_component_ref idref="oc-4e7"/>
      </symbol>
      <symbol id="sm-b81">
         <name>memccpy</name>
         <value>0x3808d</value>
         <object_component_ref idref="oc-504"/>
      </symbol>
      <symbol id="sm-b9c">
         <name>frexpl</name>
         <value>0x374c5</value>
         <object_component_ref idref="oc-4f2"/>
      </symbol>
      <symbol id="sm-b9d">
         <name>frexp</name>
         <value>0x374c5</value>
         <object_component_ref idref="oc-4f2"/>
      </symbol>
      <symbol id="sm-bba">
         <name>scalbn</name>
         <value>0x365cd</value>
         <object_component_ref idref="oc-4f8"/>
      </symbol>
      <symbol id="sm-bbb">
         <name>scalbnl</name>
         <value>0x365cd</value>
         <object_component_ref idref="oc-4f8"/>
      </symbol>
      <symbol id="sm-bbc">
         <name>ldexpl</name>
         <value>0x365cd</value>
         <object_component_ref idref="oc-4f8"/>
      </symbol>
      <symbol id="sm-bbd">
         <name>ldexp</name>
         <value>0x365cd</value>
         <object_component_ref idref="oc-4f8"/>
      </symbol>
      <symbol id="sm-bc7">
         <name>_system_post_cinit</name>
         <value>0x3832b</value>
         <object_component_ref idref="oc-bc"/>
      </symbol>
      <symbol id="sm-bd7">
         <name>strchr</name>
         <value>0x38167</value>
         <object_component_ref idref="oc-4fe"/>
      </symbol>
      <symbol id="sm-be5">
         <name>strlen</name>
         <value>0x381f5</value>
         <object_component_ref idref="oc-4cd"/>
      </symbol>
      <symbol id="sm-c01">
         <name>__aeabi_uldivmod</name>
         <value>0x35c83</value>
         <object_component_ref idref="oc-4c8"/>
      </symbol>
      <symbol id="sm-c0b">
         <name>copysign</name>
         <value>0x381e1</value>
         <object_component_ref idref="oc-5e4"/>
      </symbol>
      <symbol id="sm-c0c">
         <name>copysignl</name>
         <value>0x381e1</value>
         <object_component_ref idref="oc-5e4"/>
      </symbol>
      <symbol id="sm-c0d">
         <name>__TI_static_base__</name>
         <value>0x0</value>
      </symbol>
      <symbol id="sm-c10">
         <name>SHT$$INIT_ARRAY$$Limit</name>
         <value>0x0</value>
      </symbol>
      <symbol id="sm-c11">
         <name>SHT$$INIT_ARRAY$$Base</name>
         <value>0x0</value>
      </symbol>
   </symbol_table>
   <title>Link successful</title>
</link_info>
