******************************************************************************
                  TI ARM Linker PC v15.12.1                    
******************************************************************************
>> Linked Mon Aug 22 21:57:47 2016

OUTPUT FILE NAME:   <Laboratorio_1.out>
ENTRY POINT SYMBOL: "_c_int00"  address: 00000731


MEMORY CONFIGURATION

         name            origin    length      used     unused   attr    fill
----------------------  --------  ---------  --------  --------  ----  --------
  MAIN                  00000000   00040000  000008a6  0003f75a  R  X
  INFO                  00200000   00004000  00000000  00004000  R  X
  SRAM_CODE             01000000   00010000  0000021c  0000fde4  RW X
  SRAM_DATA             20000000   00010000  0000021c  0000fde4  RW  


SEGMENT ALLOCATION MAP

run origin  load origin   length   init length attrs members
----------  ----------- ---------- ----------- ----- -------
00000000    00000000    000008ac   000008ac    r-x
  00000000    00000000    00000140   00000140    r-- .intvecs
  00000140    00000140    0000073a   0000073a    r-x .text
  00000880    00000880    0000002c   0000002c    r-- .cinit
20000000    20000000    0000001c   00000000    rw-
  20000000    20000000    0000001c   00000000    rw- .data
2000fe00    2000fe00    00000200   00000000    rw-
  2000fe00    2000fe00    00000200   00000000    rw- .stack


SECTION ALLOCATION MAP

 output                                  attributes/
section   page    origin      length       input sections
--------  ----  ----------  ----------   ----------------
.intvecs   0    00000000    00000140     
                  00000000    00000140     startup_msp432p401r_ccs.obj (.intvecs:retain)

.binit     0    00000000    00000000     

.text      0    00000140    0000073a     
                  00000140    00000328     system_msp432p401r.obj (.text)
                  00000468    000000d4     labo1.obj (.text)
                  0000053c    0000009c     rtsv7M4_T_le_v4SPD16_eabi.lib : memcpy_t2.obj (.text)
                  000005d8    0000007a                                   : memset_t2.obj (.text)
                  00000652    00000002                                   : mpu_init.obj (.text)
                  00000654    00000070                                   : autoinit.obj (.text)
                  000006c4    0000006a                                   : copy_decompress_rle.obj (.text)
                  0000072e    00000002                                   : startup.obj (.text)
                  00000730    00000054                                   : boot.obj (.text)
                  00000784    00000054                                   : exit.obj (.text)
                  000007d8    0000004c                                   : cpy_tbl.obj (.text)
                  00000824    00000018                                   : args_main.obj (.text)
                  0000083c    00000014                                   : _lock.obj (.text)
                  00000850    00000012     startup_msp432p401r_ccs.obj (.text)
                  00000862    0000000e     rtsv7M4_T_le_v4SPD16_eabi.lib : copy_decompress_none.obj (.text:decompress:none)
                  00000870    00000006                                   : copy_decompress_rle.obj (.text:decompress:rle24)
                  00000876    00000004                                   : pre_init.obj (.text)

.cinit     0    00000880    0000002c     
                  00000880    0000001a     (.cinit..data.load) [load image, compression = rle]
                  0000089a    00000002     --HOLE-- [fill = 0]
                  0000089c    00000008     (__TI_handler_table)
                  000008a4    00000008     (__TI_cinit_table)

.init_array 
*          0    00000000    00000000     UNINITIALIZED

.data      0    20000000    0000001c     UNINITIALIZED
                  20000000    0000000c     rtsv7M4_T_le_v4SPD16_eabi.lib : exit.obj (.data:$O1$$)
                  2000000c    00000008                                   : _lock.obj (.data:$O1$$)
                  20000014    00000004                                   : stkdepth_vars.obj (.data)
                  20000018    00000004     system_msp432p401r.obj (.data)

.stack     0    2000fe00    00000200     UNINITIALIZED
                  2000fe00    00000200     --HOLE--

MODULE SUMMARY

       Module                        code   ro data   rw data
       ------                        ----   -------   -------
    .\
       system_msp432p401r.obj        808    0         8      
       startup_msp432p401r_ccs.obj   18     320       0      
       labo1.obj                     212    0         0      
    +--+-----------------------------+------+---------+---------+
       Total:                        1038   320       8      
                                                             
    C:\ti\ccsv6\tools\compiler\ti-cgt-arm_15.12.1.LTS\lib\rtsv7M4_T_le_v4SPD16_eabi.lib
       memcpy_t2.obj                 156    0         0      
       memset_t2.obj                 122    0         0      
       autoinit.obj                  112    0         0      
       copy_decompress_rle.obj       112    0         0      
       exit.obj                      84     0         24     
       boot.obj                      84     0         0      
       cpy_tbl.obj                   76     0         0      
       _lock.obj                     20     0         16     
       args_main.obj                 24     0         0      
       copy_decompress_none.obj      14     0         0      
       stkdepth_vars.obj             0      0         8      
       pre_init.obj                  4      0         0      
       mpu_init.obj                  2      0         0      
       startup.obj                   2      0         0      
    +--+-----------------------------+------+---------+---------+
       Total:                        812    0         48     
                                                             
       Stack:                        0      0         1024   
       Linker Generated:             0      42        0      
    +--+-----------------------------+------+---------+---------+
       Grand Total:                  1850   362       1080   


LINKER GENERATED COPY TABLES

__TI_cinit_table @ 000008a4 records: 1, size/record: 8, table size: 8
	.data: load addr=00000880, load size=0000001a bytes, run addr=20000000, run size=0000001c bytes, compression=rle


LINKER GENERATED HANDLER TABLE

__TI_handler_table @ 0000089c records: 2, size/record: 4, table size: 8
	index: 0, handler: __TI_decompress_rle24
	index: 1, handler: __TI_decompress_none


GLOBAL SYMBOLS: SORTED ALPHABETICALLY BY Name 

address   name                           
-------   ----                           
00000785  C$$EXIT                        
000004d3  PORT1_ISR                      
UNDEFED   SHT$$INIT_ARRAY$$Base          
UNDEFED   SHT$$INIT_ARRAY$$Limit         
20000018  SystemCoreClock                
00000141  SystemCoreClockUpdate          
000003b5  SystemInit                     
4000480c  WDTCTL_SYM                     
20010000  __STACK_END                    
00000200  __STACK_SIZE                   
000008a4  __TI_CINIT_Base                
000008ac  __TI_CINIT_Limit               
0000089c  __TI_Handler_Table_Base        
000008a4  __TI_Handler_Table_Limit       
00000655  __TI_auto_init                 
20000000  __TI_cleanup_ptr               
00000863  __TI_decompress_none           
00000871  __TI_decompress_rle24          
20000004  __TI_dtors_ptr                 
20000008  __TI_enable_exit_profile_output
ffffffff  __TI_pprof_out_hndl            
ffffffff  __TI_prof_data_size            
ffffffff  __TI_prof_data_start           
00000000  __TI_static_base__             
000005d9  __aeabi_memclr                 
000005d9  __aeabi_memclr4                
000005d9  __aeabi_memclr8                
0000053d  __aeabi_memcpy                 
0000053d  __aeabi_memcpy4                
0000053d  __aeabi_memcpy8                
000005db  __aeabi_memset                 
000005db  __aeabi_memset4                
000005db  __aeabi_memset8                
ffffffff  __binit__                      
ffffffff  __c_args__                     
00000653  __mpu_init                     
2000fe00  __stack                        
00000825  _args_main                     
00000731  _c_int00                       
2000000c  _lock                          
0000084b  _nop                           
00000843  _register_lock                 
0000083d  _register_unlock               
0000072f  _system_post_cinit             
00000877  _system_pre_init               
20000010  _unlock                        
00000789  abort                          
ffffffff  binit                          
000007d9  copy_in                        
00000791  exit                           
00000000  interruptVectors               
00000475  main                           
20000014  main_func_sp                   
0000053d  memcpy                         
000005e1  memset                         
0000047f  setup                          


GLOBAL SYMBOLS: SORTED BY Symbol Address 

address   name                           
-------   ----                           
00000000  __TI_static_base__             
00000000  interruptVectors               
00000141  SystemCoreClockUpdate          
00000200  __STACK_SIZE                   
000003b5  SystemInit                     
00000475  main                           
0000047f  setup                          
000004d3  PORT1_ISR                      
0000053d  __aeabi_memcpy                 
0000053d  __aeabi_memcpy4                
0000053d  __aeabi_memcpy8                
0000053d  memcpy                         
000005d9  __aeabi_memclr                 
000005d9  __aeabi_memclr4                
000005d9  __aeabi_memclr8                
000005db  __aeabi_memset                 
000005db  __aeabi_memset4                
000005db  __aeabi_memset8                
000005e1  memset                         
00000653  __mpu_init                     
00000655  __TI_auto_init                 
0000072f  _system_post_cinit             
00000731  _c_int00                       
00000785  C$$EXIT                        
00000789  abort                          
00000791  exit                           
000007d9  copy_in                        
00000825  _args_main                     
0000083d  _register_unlock               
00000843  _register_lock                 
0000084b  _nop                           
00000863  __TI_decompress_none           
00000871  __TI_decompress_rle24          
00000877  _system_pre_init               
0000089c  __TI_Handler_Table_Base        
000008a4  __TI_CINIT_Base                
000008a4  __TI_Handler_Table_Limit       
000008ac  __TI_CINIT_Limit               
20000000  __TI_cleanup_ptr               
20000004  __TI_dtors_ptr                 
20000008  __TI_enable_exit_profile_output
2000000c  _lock                          
20000010  _unlock                        
20000014  main_func_sp                   
20000018  SystemCoreClock                
2000fe00  __stack                        
20010000  __STACK_END                    
4000480c  WDTCTL_SYM                     
ffffffff  __TI_pprof_out_hndl            
ffffffff  __TI_prof_data_size            
ffffffff  __TI_prof_data_start           
ffffffff  __binit__                      
ffffffff  __c_args__                     
ffffffff  binit                          
UNDEFED   SHT$$INIT_ARRAY$$Base          
UNDEFED   SHT$$INIT_ARRAY$$Limit         

[56 symbols]
