******************************************************************************
                  TI ARM Linker PC v15.12.1                    
******************************************************************************
>> Linked Sun Nov 13 19:02:55 2016

OUTPUT FILE NAME:   <ServoPrueba.out>
ENTRY POINT SYMBOL: "_c_int00"  address: 00000891


MEMORY CONFIGURATION

         name            origin    length      used     unused   attr    fill
----------------------  --------  ---------  --------  --------  ----  --------
  MAIN                  00000000   00040000  00000a06  0003f5fa  R  X
  INFO                  00200000   00004000  00000000  00004000  R  X
  SRAM_CODE             01000000   00010000  0000021c  0000fde4  RW X
  SRAM_DATA             20000000   00010000  0000021c  0000fde4  RW  


SEGMENT ALLOCATION MAP

run origin  load origin   length   init length attrs members
----------  ----------- ---------- ----------- ----- -------
00000000    00000000    00000a0c   00000a0c    r-x
  00000000    00000000    00000140   00000140    r-- .intvecs
  00000140    00000140    0000089a   0000089a    r-x .text
  000009e0    000009e0    0000002c   0000002c    r-- .cinit
20000000    20000000    0000001c   00000000    rw-
  20000000    20000000    0000001c   00000000    rw- .data
2000fe00    2000fe00    00000200   00000000    rw-
  2000fe00    2000fe00    00000200   00000000    rw- .stack


SECTION ALLOCATION MAP

 output                                  attributes/
section   page    origin      length       input sections
--------  ----  ----------  ----------   ----------------
.intvecs   0    00000000    00000140     
                  00000000    00000140     startup_msp432p401r_ccs.obj (.intvecs:retain)

.binit     0    00000000    00000000     

.text      0    00000140    0000089a     
                  00000140    0000035c     system_msp432p401r.obj (.text)
                  0000049c    00000200     Servo.obj (.text)
                  0000069c    0000009c     rtsv7M4_T_le_v4SPD16_eabi.lib : memcpy_t2.obj (.text)
                  00000738    0000007a                                   : memset_t2.obj (.text)
                  000007b2    00000002                                   : mpu_init.obj (.text)
                  000007b4    00000070                                   : autoinit.obj (.text)
                  00000824    0000006a                                   : copy_decompress_rle.obj (.text)
                  0000088e    00000002                                   : startup.obj (.text)
                  00000890    00000054                                   : boot.obj (.text)
                  000008e4    00000054                                   : exit.obj (.text)
                  00000938    0000004c                                   : cpy_tbl.obj (.text)
                  00000984    00000018                                   : args_main.obj (.text)
                  0000099c    00000014                                   : _lock.obj (.text)
                  000009b0    00000012     startup_msp432p401r_ccs.obj (.text)
                  000009c2    0000000e     rtsv7M4_T_le_v4SPD16_eabi.lib : copy_decompress_none.obj (.text:decompress:none)
                  000009d0    00000006                                   : copy_decompress_rle.obj (.text:decompress:rle24)
                  000009d6    00000004                                   : pre_init.obj (.text)

.cinit     0    000009e0    0000002c     
                  000009e0    00000019     (.cinit..data.load) [load image, compression = rle]
                  000009f9    00000003     --HOLE-- [fill = 0]
                  000009fc    00000008     (__TI_handler_table)
                  00000a04    00000008     (__TI_cinit_table)

.init_array 
*          0    00000000    00000000     UNINITIALIZED

.data      0    20000000    0000001c     UNINITIALIZED
                  20000000    0000000c     rtsv7M4_T_le_v4SPD16_eabi.lib : exit.obj (.data:$O1$$)
                  2000000c    00000008                                   : _lock.obj (.data:$O1$$)
                  20000014    00000004                                   : stkdepth_vars.obj (.data)
                  20000018    00000004     system_msp432p401r.obj (.data)

.stack     0    2000fe00    00000200     UNINITIALIZED
                  2000fe00    00000200     --HOLE--

MODULE SUMMARY

       Module                        code   ro data   rw data
       ------                        ----   -------   -------
    .\
       system_msp432p401r.obj        860    0         8      
       Servo.obj                     512    0         0      
       startup_msp432p401r_ccs.obj   18     320       0      
    +--+-----------------------------+------+---------+---------+
       Total:                        1390   320       8      
                                                             
    C:\ti\ccsv6\tools\compiler\ti-cgt-arm_15.12.1.LTS\lib\rtsv7M4_T_le_v4SPD16_eabi.lib
       memcpy_t2.obj                 156    0         0      
       memset_t2.obj                 122    0         0      
       autoinit.obj                  112    0         0      
       copy_decompress_rle.obj       112    0         0      
       exit.obj                      84     0         24     
       boot.obj                      84     0         0      
       cpy_tbl.obj                   76     0         0      
       _lock.obj                     20     0         16     
       args_main.obj                 24     0         0      
       copy_decompress_none.obj      14     0         0      
       stkdepth_vars.obj             0      0         8      
       pre_init.obj                  4      0         0      
       mpu_init.obj                  2      0         0      
       startup.obj                   2      0         0      
    +--+-----------------------------+------+---------+---------+
       Total:                        812    0         48     
                                                             
       Stack:                        0      0         1024   
       Linker Generated:             0      41        0      
    +--+-----------------------------+------+---------+---------+
       Grand Total:                  2202   361       1080   


LINKER GENERATED COPY TABLES

__TI_cinit_table @ 00000a04 records: 1, size/record: 8, table size: 8
	.data: load addr=000009e0, load size=00000019 bytes, run addr=20000000, run size=0000001c bytes, compression=rle


LINKER GENERATED HANDLER TABLE

__TI_handler_table @ 000009fc records: 2, size/record: 4, table size: 8
	index: 0, handler: __TI_decompress_rle24
	index: 1, handler: __TI_decompress_none


GLOBAL SYMBOLS: SORTED ALPHABETICALLY BY Name 

address   name                           
-------   ----                           
00000643  ADC14_IRQHandler               
000008e5  C$$EXIT                        
000005d1  PORT1_IRQHandler               
UNDEFED   SHT$$INIT_ARRAY$$Base          
UNDEFED   SHT$$INIT_ARRAY$$Limit         
20000018  SystemCoreClock                
00000141  SystemCoreClockUpdate          
000003b5  SystemInit                     
4000480c  WDTCTL_SYM                     
20010000  __STACK_END                    
00000200  __STACK_SIZE                   
00000a04  __TI_CINIT_Base                
00000a0c  __TI_CINIT_Limit               
000009fc  __TI_Handler_Table_Base        
00000a04  __TI_Handler_Table_Limit       
000007b5  __TI_auto_init                 
20000000  __TI_cleanup_ptr               
000009c3  __TI_decompress_none           
000009d1  __TI_decompress_rle24          
20000004  __TI_dtors_ptr                 
20000008  __TI_enable_exit_profile_output
ffffffff  __TI_pprof_out_hndl            
ffffffff  __TI_prof_data_size            
ffffffff  __TI_prof_data_start           
00000000  __TI_static_base__             
00000739  __aeabi_memclr                 
00000739  __aeabi_memclr4                
00000739  __aeabi_memclr8                
0000069d  __aeabi_memcpy                 
0000069d  __aeabi_memcpy4                
0000069d  __aeabi_memcpy8                
0000073b  __aeabi_memset                 
0000073b  __aeabi_memset4                
0000073b  __aeabi_memset8                
ffffffff  __binit__                      
ffffffff  __c_args__                     
000007b3  __mpu_init                     
2000fe00  __stack                        
00000985  _args_main                     
00000891  _c_int00                       
2000000c  _lock                          
000009ab  _nop                           
000009a3  _register_lock                 
0000099d  _register_unlock               
0000088f  _system_post_cinit             
000009d7  _system_pre_init               
20000010  _unlock                        
000008e9  abort                          
ffffffff  binit                          
00000939  copy_in                        
000008f1  exit                           
00000000  interruptVectors               
0000050f  main                           
20000014  main_func_sp                   
0000069d  memcpy                         
00000741  memset                         


GLOBAL SYMBOLS: SORTED BY Symbol Address 

address   name                           
-------   ----                           
00000000  __TI_static_base__             
00000000  interruptVectors               
00000141  SystemCoreClockUpdate          
00000200  __STACK_SIZE                   
000003b5  SystemInit                     
0000050f  main                           
000005d1  PORT1_IRQHandler               
00000643  ADC14_IRQHandler               
0000069d  __aeabi_memcpy                 
0000069d  __aeabi_memcpy4                
0000069d  __aeabi_memcpy8                
0000069d  memcpy                         
00000739  __aeabi_memclr                 
00000739  __aeabi_memclr4                
00000739  __aeabi_memclr8                
0000073b  __aeabi_memset                 
0000073b  __aeabi_memset4                
0000073b  __aeabi_memset8                
00000741  memset                         
000007b3  __mpu_init                     
000007b5  __TI_auto_init                 
0000088f  _system_post_cinit             
00000891  _c_int00                       
000008e5  C$$EXIT                        
000008e9  abort                          
000008f1  exit                           
00000939  copy_in                        
00000985  _args_main                     
0000099d  _register_unlock               
000009a3  _register_lock                 
000009ab  _nop                           
000009c3  __TI_decompress_none           
000009d1  __TI_decompress_rle24          
000009d7  _system_pre_init               
000009fc  __TI_Handler_Table_Base        
00000a04  __TI_CINIT_Base                
00000a04  __TI_Handler_Table_Limit       
00000a0c  __TI_CINIT_Limit               
20000000  __TI_cleanup_ptr               
20000004  __TI_dtors_ptr                 
20000008  __TI_enable_exit_profile_output
2000000c  _lock                          
20000010  _unlock                        
20000014  main_func_sp                   
20000018  SystemCoreClock                
2000fe00  __stack                        
20010000  __STACK_END                    
4000480c  WDTCTL_SYM                     
ffffffff  __TI_pprof_out_hndl            
ffffffff  __TI_prof_data_size            
ffffffff  __TI_prof_data_start           
ffffffff  __binit__                      
ffffffff  __c_args__                     
ffffffff  binit                          
UNDEFED   SHT$$INIT_ARRAY$$Base          
UNDEFED   SHT$$INIT_ARRAY$$Limit         

[56 symbols]
