******************************************************************************
                  TI ARM Linker PC v15.12.1                    
******************************************************************************
>> Linked Wed Sep 14 14:39:11 2016

OUTPUT FILE NAME:   <Laboratorio_1.out>
ENTRY POINT SYMBOL: "_c_int00"  address: 00000609


MEMORY CONFIGURATION

         name            origin    length      used     unused   attr    fill
----------------------  --------  ---------  --------  --------  ----  --------
  MAIN                  00000000   00040000  00000796  0003f86a  R  X
  INFO                  00200000   00004000  00000000  00004000  R  X
  SRAM_CODE             01000000   00010000  00000220  0000fde0  RW X
  SRAM_DATA             20000000   00010000  00000220  0000fde0  RW  


SEGMENT ALLOCATION MAP

run origin  load origin   length   init length attrs members
----------  ----------- ---------- ----------- ----- -------
00000000    00000000    0000079c   0000079c    r-x
  00000000    00000000    00000140   00000140    r-- .intvecs
  00000140    00000140    00000612   00000612    r-x .text
  00000758    00000758    00000044   00000044    r-- .cinit
20000000    20000000    00000020   00000000    rw-
  20000000    20000000    0000001c   00000000    rw- .data
  2000001c    2000001c    00000004   00000000    rw- .bss
2000fe00    2000fe00    00000200   00000000    rw-
  2000fe00    2000fe00    00000200   00000000    rw- .stack


SECTION ALLOCATION MAP

 output                                  attributes/
section   page    origin      length       input sections
--------  ----  ----------  ----------   ----------------
.intvecs   0    00000000    00000140     
                  00000000    00000140     startup_msp432p401r_ccs.obj (.intvecs:retain)

.binit     0    00000000    00000000     

.text      0    00000140    00000612     
                  00000140    000001e4     system_msp432p401r.obj (.text)
                  00000324    000000f0     labo1.obj (.text)
                  00000414    0000009c     rtsv7M4_T_le_v4SPD16_eabi.lib : memcpy_t2.obj (.text)
                  000004b0    0000007a                                   : memset_t2.obj (.text)
                  0000052a    00000002                                   : mpu_init.obj (.text)
                  0000052c    00000070                                   : autoinit.obj (.text)
                  0000059c    0000006a                                   : copy_decompress_rle.obj (.text)
                  00000606    00000002                                   : startup.obj (.text)
                  00000608    00000054                                   : boot.obj (.text)
                  0000065c    00000054                                   : exit.obj (.text)
                  000006b0    0000004c                                   : cpy_tbl.obj (.text)
                  000006fc    00000018                                   : args_main.obj (.text)
                  00000714    00000014                                   : _lock.obj (.text)
                  00000728    00000012     startup_msp432p401r_ccs.obj (.text)
                  0000073a    0000000e     rtsv7M4_T_le_v4SPD16_eabi.lib : copy_decompress_none.obj (.text:decompress:none)
                  00000748    00000006                                   : copy_decompress_rle.obj (.text:decompress:rle24)
                  0000074e    00000004                                   : pre_init.obj (.text)

.cinit     0    00000758    00000044     
                  00000758    0000001a     (.cinit..data.load) [load image, compression = rle]
                  00000772    00000006     --HOLE-- [fill = 0]
                  00000778    00000009     (.cinit..bss.load) [load image, compression = rle]
                  00000781    00000003     --HOLE-- [fill = 0]
                  00000784    00000008     (__TI_handler_table)
                  0000078c    00000010     (__TI_cinit_table)

.init_array 
*          0    00000000    00000000     UNINITIALIZED

.data      0    20000000    0000001c     UNINITIALIZED
                  20000000    0000000c     rtsv7M4_T_le_v4SPD16_eabi.lib : exit.obj (.data:$O1$$)
                  2000000c    00000008                                   : _lock.obj (.data:$O1$$)
                  20000014    00000004                                   : stkdepth_vars.obj (.data)
                  20000018    00000004     system_msp432p401r.obj (.data)

.bss       0    2000001c    00000004     UNINITIALIZED
                  2000001c    00000004     (.common:lux)

.stack     0    2000fe00    00000200     UNINITIALIZED
                  2000fe00    00000200     --HOLE--

MODULE SUMMARY

       Module                        code   ro data   rw data
       ------                        ----   -------   -------
    .\
       system_msp432p401r.obj        484    0         8      
       startup_msp432p401r_ccs.obj   18     320       0      
       labo1.obj                     240    0         8      
    +--+-----------------------------+------+---------+---------+
       Total:                        742    320       16     
                                                             
    C:\ti\ccsv6\tools\compiler\ti-cgt-arm_15.12.1.LTS\lib\rtsv7M4_T_le_v4SPD16_eabi.lib
       memcpy_t2.obj                 156    0         0      
       memset_t2.obj                 122    0         0      
       autoinit.obj                  112    0         0      
       copy_decompress_rle.obj       112    0         0      
       exit.obj                      84     0         24     
       boot.obj                      84     0         0      
       cpy_tbl.obj                   76     0         0      
       _lock.obj                     20     0         16     
       args_main.obj                 24     0         0      
       copy_decompress_none.obj      14     0         0      
       stkdepth_vars.obj             0      0         8      
       pre_init.obj                  4      0         0      
       mpu_init.obj                  2      0         0      
       startup.obj                   2      0         0      
    +--+-----------------------------+------+---------+---------+
       Total:                        812    0         48     
                                                             
       Stack:                        0      0         1024   
       Linker Generated:             0      59        0      
    +--+-----------------------------+------+---------+---------+
       Grand Total:                  1554   379       1088   


LINKER GENERATED COPY TABLES

__TI_cinit_table @ 0000078c records: 2, size/record: 8, table size: 16
	.data: load addr=00000758, load size=0000001a bytes, run addr=20000000, run size=0000001c bytes, compression=rle
	.bss: load addr=00000778, load size=00000009 bytes, run addr=2000001c, run size=00000004 bytes, compression=rle


LINKER GENERATED HANDLER TABLE

__TI_handler_table @ 00000784 records: 2, size/record: 4, table size: 8
	index: 0, handler: __TI_decompress_rle24
	index: 1, handler: __TI_decompress_none


GLOBAL SYMBOLS: SORTED ALPHABETICALLY BY Name 

address   name                           
-------   ----                           
0000065d  C$$EXIT                        
UNDEFED   I2C_init                       
UNDEFED   Init_I2C_GPIO                  
UNDEFED   OPT3001_getLux                 
UNDEFED   OPT3001_init                   
000003c9  PORT1_ISR                      
UNDEFED   SHT$$INIT_ARRAY$$Base          
UNDEFED   SHT$$INIT_ARRAY$$Limit         
20000018  SystemCoreClock                
00000193  SystemCoreClockUpdate          
00000141  SystemInit                     
4000480c  WDTCTL_SYM                     
20010000  __STACK_END                    
00000200  __STACK_SIZE                   
0000078c  __TI_CINIT_Base                
0000079c  __TI_CINIT_Limit               
00000784  __TI_Handler_Table_Base        
0000078c  __TI_Handler_Table_Limit       
0000052d  __TI_auto_init                 
20000000  __TI_cleanup_ptr               
0000073b  __TI_decompress_none           
00000749  __TI_decompress_rle24          
20000004  __TI_dtors_ptr                 
20000008  __TI_enable_exit_profile_output
ffffffff  __TI_pprof_out_hndl            
ffffffff  __TI_prof_data_size            
ffffffff  __TI_prof_data_start           
00000000  __TI_static_base__             
000004b1  __aeabi_memclr                 
000004b1  __aeabi_memclr4                
000004b1  __aeabi_memclr8                
00000415  __aeabi_memcpy                 
00000415  __aeabi_memcpy4                
00000415  __aeabi_memcpy8                
000004b3  __aeabi_memset                 
000004b3  __aeabi_memset4                
000004b3  __aeabi_memset8                
ffffffff  __binit__                      
ffffffff  __c_args__                     
0000052b  __mpu_init                     
2000fe00  __stack                        
000006fd  _args_main                     
00000609  _c_int00                       
2000000c  _lock                          
00000723  _nop                           
0000071b  _register_lock                 
00000715  _register_unlock               
00000607  _system_post_cinit             
0000074f  _system_pre_init               
20000010  _unlock                        
00000661  abort                          
ffffffff  binit                          
000006b1  copy_in                        
00000669  exit                           
00000000  interruptVectors               
2000001c  lux                            
00000389  main                           
20000014  main_func_sp                   
00000415  memcpy                         
000004b9  memset                         
00000325  setup                          


GLOBAL SYMBOLS: SORTED BY Symbol Address 

address   name                           
-------   ----                           
00000000  __TI_static_base__             
00000000  interruptVectors               
00000141  SystemInit                     
00000193  SystemCoreClockUpdate          
00000200  __STACK_SIZE                   
00000325  setup                          
00000389  main                           
000003c9  PORT1_ISR                      
00000415  __aeabi_memcpy                 
00000415  __aeabi_memcpy4                
00000415  __aeabi_memcpy8                
00000415  memcpy                         
000004b1  __aeabi_memclr                 
000004b1  __aeabi_memclr4                
000004b1  __aeabi_memclr8                
000004b3  __aeabi_memset                 
000004b3  __aeabi_memset4                
000004b3  __aeabi_memset8                
000004b9  memset                         
0000052b  __mpu_init                     
0000052d  __TI_auto_init                 
00000607  _system_post_cinit             
00000609  _c_int00                       
0000065d  C$$EXIT                        
00000661  abort                          
00000669  exit                           
000006b1  copy_in                        
000006fd  _args_main                     
00000715  _register_unlock               
0000071b  _register_lock                 
00000723  _nop                           
0000073b  __TI_decompress_none           
00000749  __TI_decompress_rle24          
0000074f  _system_pre_init               
00000784  __TI_Handler_Table_Base        
0000078c  __TI_CINIT_Base                
0000078c  __TI_Handler_Table_Limit       
0000079c  __TI_CINIT_Limit               
20000000  __TI_cleanup_ptr               
20000004  __TI_dtors_ptr                 
20000008  __TI_enable_exit_profile_output
2000000c  _lock                          
20000010  _unlock                        
20000014  main_func_sp                   
20000018  SystemCoreClock                
2000001c  lux                            
2000fe00  __stack                        
20010000  __STACK_END                    
4000480c  WDTCTL_SYM                     
ffffffff  __TI_pprof_out_hndl            
ffffffff  __TI_prof_data_size            
ffffffff  __TI_prof_data_start           
ffffffff  __binit__                      
ffffffff  __c_args__                     
ffffffff  binit                          
UNDEFED   I2C_init                       
UNDEFED   Init_I2C_GPIO                  
UNDEFED   OPT3001_getLux                 
UNDEFED   OPT3001_init                   
UNDEFED   SHT$$INIT_ARRAY$$Base          
UNDEFED   SHT$$INIT_ARRAY$$Limit         

[61 symbols]
