******************************************************************************
                  TI ARM Linker PC v15.12.1                    
******************************************************************************
>> Linked Mon Dec 12 23:29:17 2016

OUTPUT FILE NAME:   <BOOSTXL-EDUMKII_MicrophoneFFT_MSP432P401R.out>
ENTRY POINT SYMBOL: "_c_int00"  address: 00037799


MEMORY CONFIGURATION

         name            origin    length      used     unused   attr    fill
----------------------  --------  ---------  --------  --------  ----  --------
  MAIN                  00000000   00040000  000383c0  00007c40  R  X
  INFO                  00200000   00004000  00000000  00004000  R  X
  SRAM_CODE             01000000   00010000  00001fab  0000e055  RW X
  SRAM_DATA             20000000   00010000  00001fab  0000e055  RW  


SEGMENT ALLOCATION MAP

run origin  load origin   length   init length attrs members
----------  ----------- ---------- ----------- ----- -------
00000000    00000000    000383c4   000383c4    r-x
  00000000    00000000    00000140   00000140    r-- .intvecs
  00000140    00000140    00033910   00033910    r-- .const
  00033a50    00033a50    000048dc   000048dc    r-x .text
  00038330    00038330    00000094   00000094    r-- .cinit
20000000    20000000    00001dac   00000000    rw-
  20000000    20000000    00001d2f   00000000    rw- .bss
  20001d30    20001d30    0000007c   00000000    rw- .data
2000fe00    2000fe00    00000200   00000000    rw-
  2000fe00    2000fe00    00000200   00000000    rw- .stack


SECTION ALLOCATION MAP

 output                                  attributes/
section   page    origin      length       input sections
--------  ----  ----------  ----------   ----------------
.intvecs   0    00000000    00000140     
                  00000000    00000140     startup_msp432p401r_ccs.obj (.intvecs:retain)

.binit     0    00000000    00000000     

.const     0    00000140    00033910     
                  00000140    00008000     dsplib-msp432.lib : arm_common_tables.obj (.const:twiddleCoef_4096)
                  00008140    00006000                       : arm_common_tables.obj (.const:twiddleCoef_4096_q31)
                  0000e140    00004000                       : arm_rfft_init_q15.obj (.const:realCoefAQ15)
                  00012140    00004000                       : arm_rfft_init_q15.obj (.const:realCoefBQ15)
                  00016140    00004000                       : arm_common_tables.obj (.const:twiddleCoef_2048)
                  0001a140    00003000                       : arm_common_tables.obj (.const:twiddleCoef_2048_q31)
                  0001d140    00003000                       : arm_common_tables.obj (.const:twiddleCoef_4096_q15)
                  00020140    00002000                       : arm_common_tables.obj (.const:twiddleCoef_1024)
                  00022140    00001f80                       : arm_common_tables.obj (.const:armBitRevIndexTable4096)
                  000240c0    00001f80                       : arm_common_tables.obj (.const:armBitRevIndexTable_fixed_4096)
                  00026040    00001dc0                       : arm_common_tables.obj (.const:armBitRevIndexTable2048)
                  00027e00    00001800                       : arm_common_tables.obj (.const:twiddleCoef_1024_q31)
                  00029600    00001800                       : arm_common_tables.obj (.const:twiddleCoef_2048_q15)
                  0002ae00    00001000                       : arm_common_tables.obj (.const:twiddleCoef_512)
                  0002be00    00000f80                       : arm_common_tables.obj (.const:armBitRevIndexTable_fixed_2048)
                  0002cd80    00000e10                       : arm_common_tables.obj (.const:armBitRevIndexTable1024)
                  0002db90    00000c00                       : arm_common_tables.obj (.const:twiddleCoef_1024_q15)
                  0002e790    00000c00                       : arm_common_tables.obj (.const:twiddleCoef_512_q31)
                  0002f390    00000800                       : arm_common_tables.obj (.const:twiddleCoef_256)
                  0002fb90    000007c0                       : arm_common_tables.obj (.const:armBitRevIndexTable_fixed_1024)
                  00030350    00000600                       : arm_common_tables.obj (.const:twiddleCoef_256_q31)
                  00030950    00000600                       : arm_common_tables.obj (.const:twiddleCoef_512_q15)
                  00030f50    00000400                       : arm_common_tables.obj (.const:twiddleCoef_128)
                  00031350    000003c0                       : arm_common_tables.obj (.const:armBitRevIndexTable_fixed_512)
                  00031710    00000380                       : arm_common_tables.obj (.const:armBitRevIndexTable512)
                  00031a90    00000370                       : arm_common_tables.obj (.const:armBitRevIndexTable256)
                  00031e00    00000300                       : arm_common_tables.obj (.const:twiddleCoef_128_q31)
                  00032100    00000300                       : arm_common_tables.obj (.const:twiddleCoef_256_q15)
                  00032400    000002f8     fontfixed6x8.obj (.const:.string:g_pucFontFixed6x8Data)
                  000326f8    00000200     dsplib-msp432.lib : arm_common_tables.obj (.const:twiddleCoef_64)
                  000328f8    000001e0                       : arm_common_tables.obj (.const:armBitRevIndexTable_fixed_256)
                  00032ad8    000001b0                       : arm_const_structs.obj (.const)
                  00032c88    000001a0                       : arm_common_tables.obj (.const:armBitRevIndexTable128)
                  00032e28    00000180                       : arm_common_tables.obj (.const:twiddleCoef_128_q15)
                  00032fa8    00000180                       : arm_common_tables.obj (.const:twiddleCoef_64_q31)
                  00033128    00000101     rtsv7M4_T_le_v4SPD16_eabi.lib : ctype.obj (.const:.string:_ctypes_)
                  00033229    00000003     --HOLE-- [fill = 0]
                  0003322c    00000100     dsplib-msp432.lib : arm_common_tables.obj (.const:twiddleCoef_32)
                  0003332c    000000e0                       : arm_common_tables.obj (.const:armBitRevIndexTable_fixed_128)
                  0003340c    000000c8     fontfixed6x8.obj (.const:g_sFontFixed6x8)
                  000334d4    000000c0     dsplib-msp432.lib : arm_common_tables.obj (.const:twiddleCoef_32_q31)
                  00033594    000000c0                       : arm_common_tables.obj (.const:twiddleCoef_64_q15)
                  00033654    00000080     adc14.obj (.const:_ctlRegs)
                  000336d4    00000080     dsplib-msp432.lib : arm_common_tables.obj (.const:twiddleCoef_16)
                  00033754    00000070                       : arm_common_tables.obj (.const:armBitRevIndexTable64)
                  000337c4    00000070                       : arm_common_tables.obj (.const:armBitRevIndexTable_fixed_64)
                  00033834    00000060                       : arm_common_tables.obj (.const:armBitRevIndexTable32)
                  00033894    00000060                       : arm_common_tables.obj (.const:twiddleCoef_16_q31)
                  000338f4    00000060                       : arm_common_tables.obj (.const:twiddleCoef_32_q15)
                  00033954    00000030                       : arm_common_tables.obj (.const:armBitRevIndexTable_fixed_32)
                  00033984    00000030                       : arm_common_tables.obj (.const:twiddleCoef_16_q15)
                  000339b4    0000002c     Crystalfontz128x128_ST7735.obj (.const:g_sCrystalfontz128x128)
                  000339e0    00000028     dsplib-msp432.lib : arm_common_tables.obj (.const:armBitRevIndexTable16)
                  00033a08    0000001c     HAL_MSP_EXP432P401R_Crystalfontz128x128_ST7735.obj (.const:$P$T0$1)
                  00033a24    00000018     dsplib-msp432.lib : arm_common_tables.obj (.const)
                  00033a3c    00000014     HAL_I2C.obj (.const:i2cConfig)

.text      0    00033a50    000048dc     
                  00033a50    00001110     rtsv7M4_T_le_v4SPD16_eabi.lib : _printfi.obj (.text)
                  00034b60    000007d8     main.obj (.text:main)
                  00035338    0000033c     dsplib-msp432.lib : arm_cfft_radix4_q15.obj (.text:arm_radix4_butterfly_inverse_q15)
                  00035674    0000033c                       : arm_cfft_radix4_q15.obj (.text:arm_radix4_butterfly_q15)
                  000359b0    000002d2     string.obj (.text:Graphics_drawString)
                  00035c82    000001f4     rtsv7M4_T_le_v4SPD16_eabi.lib : ull_div_t2.obj (.text)
                  00035e76    000001b6                                   : fd_add_t2.obj (.text)
                  0003602c    00000154     adc14.obj (.text:_getIndexForMemRegister)
                  00036180    00000136     rtsv7M4_T_le_v4SPD16_eabi.lib : fd_div_t2.obj (.text)
                  000362b6    00000002     Crystalfontz128x128_ST7735.obj (.text:Crystalfontz128x128_Flush)
                  000362b8    00000110     Crystalfontz128x128_ST7735.obj (.text:Crystalfontz128x128_Init)
                  000363c8    00000106     Crystalfontz128x128_ST7735.obj (.text:Crystalfontz128x128_PixelDrawMultiple)
                  000364ce    000000fc     rtsv7M4_T_le_v4SPD16_eabi.lib : fd_mul_t2.obj (.text)
                  000365ca    00000002     startup_msp432p401r_ccs.obj (.text:defaultISR)
                  000365cc    000000fc     rtsv7M4_T_le_v4SPD16_eabi.lib : s_scalbn.obj (.text)
                  000366c8    000000dc     dsplib-msp432.lib : arm_rfft_q15.obj (.text:arm_split_rfft_q15)
                  000367a4    000000c4                       : arm_rfft_init_q15.obj (.text:arm_rfft_init_q15)
                  00036868    000000c0                       : arm_bitreversal2.obj (.text)
                  00036928    000000ba                       : arm_cfft_q15.obj (.text:arm_cfft_q15)
                  000369e2    000000b6     timer_a.obj (.text:privateTimer_AProcessClockSourceDivider)
                  00036a98    000000b4     rtsv7M4_T_le_v4SPD16_eabi.lib : s_cosf.obj (.text)
                  00036b4c    000000a4     dsplib-msp432.lib : arm_cfft_q15.obj (.text:arm_cfft_radix4by2_inverse_q15)
                  00036bf0    000000a4                       : arm_cfft_q15.obj (.text:arm_cfft_radix4by2_q15)
                  00036c94    0000009c     rtsv7M4_T_le_v4SPD16_eabi.lib : memcpy_t2.obj (.text)
                  00036d30    00000096     spi.obj (.text:SPI_initMaster)
                  00036dc6    00000002     startup_msp432p401r_ccs.obj (.text:faultISR)
                  00036dc8    00000088     HAL_I2C.obj (.text:I2C_read16)
                  00036e50    00000086     rtsv7M4_T_le_v4SPD16_eabi.lib : fd_cmp_t2.obj (.text:__aeabi_cdcmple)
                  00036ed6    00000086                                   : fd_cmp_t2.obj (.text:__aeabi_cdrcmple)
                  00036f5c    00000084     Crystalfontz128x128_ST7735.obj (.text:Crystalfontz128x128_SetDrawFrame)
                  00036fe0    0000007e     dsplib-msp432.lib : arm_rfft_q15.obj (.text:arm_split_rifft_q15)
                  0003705e    00000002     startup_msp432p401r_ccs.obj (.text:nmiISR)
                  00037060    0000007c     dma.obj (.text:DMA_setChannelTransfer)
                  000370dc    0000007a     dsplib-msp432.lib : arm_max_q15.obj (.text:arm_max_q15)
                  00037156    0000007a     rtsv7M4_T_le_v4SPD16_eabi.lib : memset_t2.obj (.text)
                  000371d0    00000070     adc14.obj (.text:ADC14_configureConversionMemory)
                  00037240    00000070     rtsv7M4_T_le_v4SPD16_eabi.lib : autoinit.obj (.text)
                  000372b0    0000006e                                   : fd_tos_t2.obj (.text)
                  0003731e    0000006c     dsplib-msp432.lib : arm_rfft_q15.obj (.text:arm_rfft_q15)
                  0003738a    0000006a     rtsv7M4_T_le_v4SPD16_eabi.lib : copy_decompress_rle.obj (.text)
                  000373f4    00000068     string.obj (.text:Graphics_getStringWidth)
                  0003745c    00000068     system_msp432p401r.obj (.text:SystemInit)
                  000374c4    00000064     rtsv7M4_T_le_v4SPD16_eabi.lib : s_frexp.obj (.text)
                  00037528    00000060                                   : sprintf.obj (.text)
                  00037588    0000005c     main.obj (.text:DMA_INT1_IRQHandler)
                  000375e4    0000005c     main.obj (.text:PORT1_IRQHandler)
                  00037640    00000058     HAL_OPT3001.obj (.text:OPT3001_getLux)
                  00037698    00000056     Crystalfontz128x128_ST7735.obj (.text:Crystalfontz128x128_RectFill)
                  000376ee    00000056     rtsv7M4_T_le_v4SPD16_eabi.lib : ltoa.obj (.text)
                  00037744    00000054     gpio.obj (.text:GPIO_setAsPeripheralModuleFunctionOutputPin)
                  00037798    00000054     rtsv7M4_T_le_v4SPD16_eabi.lib : boot.obj (.text)
                  000377ec    00000054                                   : exit.obj (.text)
                  00037840    00000050     gpio.obj (.text:GPIO_setAsPeripheralModuleFunctionInputPin)
                  00037890    0000004c     rtsv7M4_T_le_v4SPD16_eabi.lib : atoi.obj (.text)
                  000378dc    0000004c                                   : cpy_tbl.obj (.text)
                  00037928    0000004a     line.obj (.text:Graphics_drawLineH)
                  00037972    0000004a     line.obj (.text:Graphics_drawLineV)
                  000379bc    00000048     adc14.obj (.text:ADC14_configureSingleSampleMode)
                  00037a04    00000048     timer_a.obj (.text:Timer_A_generatePWM)
                  00037a4c    00000048     rtsv7M4_T_le_v4SPD16_eabi.lib : fd_toi_t2.obj (.text)
                  00037a94    00000044     adc14.obj (.text:ADC14_initModule)
                  00037ad8    00000044     dma.obj (.text:DMA_disableChannelAttribute)
                  00037b1c    00000044     HAL_I2C.obj (.text:I2C_write16)
                  00037b60    00000040     adc14.obj (.text:ADC14_setSampleHoldTrigger)
                  00037ba0    00000040     dma.obj (.text:DMA_getChannelAttribute)
                  00037be0    00000040     HAL_MSP_EXP432P401R_Crystalfontz128x128_ST7735.obj (.text:HAL_LCD_SpiInit)
                  00037c20    00000040     i2c.obj (.text:I2C_masterSendMultiByteFinish)
                  00037c60    0000003c     Crystalfontz128x128_ST7735.obj (.text:Crystalfontz128x128_LineDrawV)
                  00037c9c    0000003c     i2c.obj (.text:I2C_initMaster)
                  00037cd8    0000003a     Crystalfontz128x128_ST7735.obj (.text:Crystalfontz128x128_LineDrawH)
                  00037d12    0000003a     string.obj (.text:Graphics_drawStringCentered)
                  00037d4c    00000038     i2c.obj (.text:I2C_masterSendMultiByteStart)
                  00037d84    00000038     rtsv7M4_T_le_v4SPD16_eabi.lib : fs_tod_t2.obj (.text)
                  00037dbc    00000034     Crystalfontz128x128_ST7735.obj (.text:Crystalfontz128x128_SetOrientation)
                  00037df0    00000030     HAL_MSP_EXP432P401R_Crystalfontz128x128_ST7735.obj (.text:HAL_LCD_PortInit)
                  00037e20    00000030     i2c.obj (.text:I2C_masterReceiveMultiByteFinish)
                  00037e50    00000030     i2c.obj (.text:I2C_masterSendMultiByteStop)
                  00037e80    00000030     spi.obj (.text:is_A_Module)
                  00037eb0    0000002e     rtsv7M4_T_le_v4SPD16_eabi.lib : i_tofd_t2.obj (.text)
                  00037ede    00000002                                   : mpu_init.obj (.text)
                  00037ee0    00000028     adc14.obj (.text:ADC14_setResultFormat)
                  00037f08    00000028     Crystalfontz128x128_ST7735.obj (.text:Crystalfontz128x128_ClearScreen)
                  00037f30    00000028     Crystalfontz128x128_ST7735.obj (.text:Crystalfontz128x128_PixelDraw)
                  00037f58    00000028     rtsv7M4_T_le_v4SPD16_eabi.lib : e_sqrtf.obj (.text)
                  00037f80    00000024     gpio.obj (.text:GPIO_setAsOutputPin)
                  00037fa4    00000024     HAL_MSP_EXP432P401R_Crystalfontz128x128_ST7735.obj (.text:HAL_LCD_writeCommand)
                  00037fc8    00000024     HAL_I2C.obj (.text:I2C_init)
                  00037fec    00000024     i2c.obj (.text:I2C_masterSendMultiByteNext)
                  00038010    00000020     dma.obj (.text:DMA_setChannelControl)
                  00038030    00000020     context.obj (.text:Graphics_initContext)
                  00038050    00000020     rtsv7M4_T_le_v4SPD16_eabi.lib : u_tofd_t2.obj (.text)
                  00038070    0000001c     HAL_I2C.obj (.text:I2C_setslave)
                  0003808c    0000001c     rtsv7M4_T_le_v4SPD16_eabi.lib : memccpy.obj (.text)
                  000380a8    0000001a     string.obj (.text:Graphics_getNumberOfLeadingZeros)
                  000380c2    0000001a     spi.obj (.text:SPI_enableModule)
                  000380dc    00000018     gpio.obj (.text:GPIO_setOutputLowOnPin)
                  000380f4    00000018     HAL_I2C.obj (.text:Init_I2C_GPIO)
                  0003810c    00000018     rtsv7M4_T_le_v4SPD16_eabi.lib : args_main.obj (.text)
                  00038124    00000016     Crystalfontz128x128_ST7735.obj (.text:Crystalfontz128x128_ColorTranslate)
                  0003813a    00000016     display.obj (.text:Graphics_drawHorizontalLineOnDisplay)
                  00038150    00000016     display.obj (.text:Graphics_drawVerticalLineOnDisplay)
                  00038166    00000016     rtsv7M4_T_le_v4SPD16_eabi.lib : strchr.obj (.text)
                  0003817c    00000014     adc14.obj (.text:ADCIsConversionRunning)
                  00038190    00000014     gpio.obj (.text:GPIO_setOutputHighOnPin)
                  000381a4    00000014     i2c.obj (.text:I2C_isBusBusy)
                  000381b8    00000014     HAL_OPT3001.obj (.text:OPT3001_init)
                  000381cc    00000014     rtsv7M4_T_le_v4SPD16_eabi.lib : _lock.obj (.text)
                  000381e0    00000014                                   : s_copysign.obj (.text)
                  000381f4    00000014                                   : strlen.obj (.text)
                  00038208    00000010     adc14.obj (.text:ADC14_enableModule)
                  00038218    00000010     dma.obj (.text:DMA_enableModule)
                  00038228    00000010     HAL_MSP_EXP432P401R_Crystalfontz128x128_ST7735.obj (.text:HAL_LCD_writeData)
                  00038238    00000010     i2c.obj (.text:I2C_masterReceiveStart)
                  00038248    0000000e     display.obj (.text:Graphics_drawPixelOnDisplay)
                  00038256    0000000e     context.obj (.text:Graphics_setBackgroundColor)
                  00038264    0000000e     context.obj (.text:Graphics_setForegroundColor)
                  00038272    0000000e     i2c.obj (.text:I2C_clearInterruptFlag)
                  00038280    0000000e     i2c.obj (.text:I2C_setMode)
                  0003828e    0000000e     rtsv7M4_T_le_v4SPD16_eabi.lib : copy_decompress_none.obj (.text:decompress:none)
                  0003829c    0000000c     dma.obj (.text:DMA_setControlBase)
                  000382a8    0000000c     spi.obj (.text:EUSCI_A_SPI_enable)
                  000382b4    0000000c     spi.obj (.text:EUSCI_B_SPI_enable)
                  000382c0    0000000c     i2c.obj (.text:I2C_disableModule)
                  000382cc    0000000c     i2c.obj (.text:I2C_enableModule)
                  000382d8    0000000c     startup_msp432p401r_ccs.obj (.text:resetISR)
                  000382e4    0000000a     display.obj (.text:Graphics_clearDisplayOnDisplay)
                  000382ee    0000000a     display.obj (.text:Graphics_fillRectangleOnDisplay)
                  000382f8    0000000a     display.obj (.text:Graphics_translateColorOnDisplay)
                  00038302    00000008     context.obj (.text:Graphics_clearDisplay)
                  0003830a    00000008     i2c.obj (.text:I2C_getInterruptStatus)
                  00038312    00000006     i2c.obj (.text:I2C_masterReceiveMultiByteNext)
                  00038318    00000006     rtsv7M4_T_le_v4SPD16_eabi.lib : copy_decompress_rle.obj (.text:decompress:rle24)
                  0003831e    00000004     context.obj (.text:Graphics_setFont)
                  00038322    00000004     i2c.obj (.text:I2C_setSlaveAddress)
                  00038326    00000004     rtsv7M4_T_le_v4SPD16_eabi.lib : pre_init.obj (.text)
                  0003832a    00000002                                   : startup.obj (.text)

.cinit     0    00038330    00000094     
                  00038330    00000069     (.cinit..data.load) [load image, compression = rle]
                  00038399    00000007     --HOLE-- [fill = 0]
                  000383a0    0000000b     (.cinit..bss.load) [load image, compression = rle]
                  000383ab    00000001     --HOLE-- [fill = 0]
                  000383ac    00000008     (__TI_handler_table)
                  000383b4    00000010     (__TI_cinit_table)

.init_array 
*          0    00000000    00000000     UNINITIALIZED

.bss       0    20000000    00001d2f     UNINITIALIZED
                  20000000    00000800     (.common:data_input)
                  20000800    00000800     (.common:hann)
                  20001000    00000400     (.common:data_array1)
                  20001400    00000400     (.common:data_array2)
                  20001800    00000400     (.common:data_output)
                  20001c00    00000100     (.common:controlTable)
                  20001d00    0000001c     (.common:g_sContext)
                  20001d1c    00000004     (.common:g_fSampledFreq)
                  20001d20    00000004     (.common:g_u32Lux)
                  20001d24    00000002     (.common:Lcd_ScreenHeigth)
                  20001d26    00000002     (.common:Lcd_ScreenWidth)
                  20001d28    00000002     (.common:Lcd_TouchTrim)
                  20001d2a    00000001     (.common:Lcd_FlagRead)
                  20001d2b    00000001     (.common:Lcd_FontSolid)
                  20001d2c    00000001     (.common:Lcd_Orientation)
                  20001d2d    00000001     (.common:Lcd_PenSolid)
                  20001d2e    00000001     (.common:status)

.data      0    20001d30    0000007c     UNINITIALIZED
                  20001d30    00000030     gpio.obj (.data:GPIO_PORT_TO_BASE)
                  20001d60    00000018     main.obj (.data)
                  20001d78    00000018     main.obj (.data:pwmConfig)
                  20001d90    0000000c     rtsv7M4_T_le_v4SPD16_eabi.lib : exit.obj (.data:$O1$$)
                  20001d9c    00000008                                   : _lock.obj (.data:$O1$$)
                  20001da4    00000004                                   : errno.obj (.data)
                  20001da8    00000004                                   : stkdepth_vars.obj (.data)

.stack     0    2000fe00    00000200     UNINITIALIZED
                  2000fe00    00000200     --HOLE--

MODULE SUMMARY

       Module                                               code    ro data   rw data
       ------                                               ----    -------   -------
    .\
       main.obj                                             2192    0         15018  
       startup_msp432p401r_ccs.obj                          18      320       0      
       HAL_I2C.obj                                          292     20        0      
       HAL_OPT3001.obj                                      108     0         0      
       system_msp432p401r.obj                               104     0         0      
    +--+----------------------------------------------------+-------+---------+---------+
       Total:                                               2714    340       15018  
                                                                                     
    .\GrLib\fonts\
       fontfixed6x8.obj                                     0       960       0      
    +--+----------------------------------------------------+-------+---------+---------+
       Total:                                               0       960       0      
                                                                                     
    .\GrLib\grlib\
       string.obj                                           910     0         0      
       line.obj                                             148     0         0      
       display.obj                                          88      0         0      
       context.obj                                          72      0         0      
    +--+----------------------------------------------------+-------+---------+---------+
       Total:                                               1218    0         0      
                                                                                     
    .\LcdDriver\
       Crystalfontz128x128_ST7735.obj                       1026    44        20     
       HAL_MSP_EXP432P401R_Crystalfontz128x128_ST7735.obj   164     28        0      
    +--+----------------------------------------------------+-------+---------+---------+
       Total:                                               1190    72        20     
                                                                                     
    .\driverlib\MSP432P4xx\
       adc14.obj                                            732     128       0      
       i2c.obj                                              418     0         0      
       gpio.obj                                             244     0         96     
       dma.obj                                              316     0         0      
       timer_a.obj                                          254     0         0      
       spi.obj                                              248     0         0      
    +--+----------------------------------------------------+-------+---------+---------+
       Total:                                               2212    128       96     
                                                                                     
    ../dsplib-msp432.lib
       arm_common_tables.obj                                0       176576    0      
       arm_rfft_init_q15.obj                                196     32768     0      
       arm_cfft_radix4_q15.obj                              1656    0         0      
       arm_cfft_q15.obj                                     514     0         0      
       arm_rfft_q15.obj                                     454     0         0      
       arm_const_structs.obj                                0       432       0      
       arm_bitreversal2.obj                                 192     0         0      
       arm_max_q15.obj                                      122     0         0      
    +--+----------------------------------------------------+-------+---------+---------+
       Total:                                               3134    209776    0      
                                                                                     
    C:\ti\ccsv6\tools\compiler\ti-cgt-arm_15.12.1.LTS\lib\rtsv7M4_T_le_v4SPD16_eabi.lib
       _printfi.obj                                         4368    0         0      
       ull_div_t2.obj                                       500     0         0      
       fd_add_t2.obj                                        438     0         0      
       fd_div_t2.obj                                        310     0         0      
       fd_cmp_t2.obj                                        268     0         0      
       ctype.obj                                            0       257       0      
       fd_mul_t2.obj                                        252     0         0      
       s_scalbn.obj                                         252     0         0      
       s_cosf.obj                                           180     0         0      
       memcpy_t2.obj                                        156     0         0      
       memset_t2.obj                                        122     0         0      
       autoinit.obj                                         112     0         0      
       copy_decompress_rle.obj                              112     0         0      
       fd_tos_t2.obj                                        110     0         0      
       exit.obj                                             84      0         24     
       s_frexp.obj                                          100     0         0      
       sprintf.obj                                          96      0         0      
       ltoa.obj                                             86      0         0      
       boot.obj                                             84      0         0      
       atoi.obj                                             76      0         0      
       cpy_tbl.obj                                          76      0         0      
       fd_toi_t2.obj                                        72      0         0      
       fs_tod_t2.obj                                        56      0         0      
       i_tofd_t2.obj                                        46      0         0      
       e_sqrtf.obj                                          40      0         0      
       _lock.obj                                            20      0         16     
       u_tofd_t2.obj                                        32      0         0      
       memccpy.obj                                          28      0         0      
       args_main.obj                                        24      0         0      
       strchr.obj                                           22      0         0      
       s_copysign.obj                                       20      0         0      
       strlen.obj                                           20      0         0      
       copy_decompress_none.obj                             14      0         0      
       errno.obj                                            0       0         8      
       stkdepth_vars.obj                                    0       0         8      
       pre_init.obj                                         4       0         0      
       mpu_init.obj                                         2       0         0      
       startup.obj                                          2       0         0      
    +--+----------------------------------------------------+-------+---------+---------+
       Total:                                               8184    257       56     
                                                                                     
       Stack:                                               0       0         1024   
       Linker Generated:                                    0       140       0      
    +--+----------------------------------------------------+-------+---------+---------+
       Grand Total:                                         18652   211673    16214  


LINKER GENERATED COPY TABLES

__TI_cinit_table @ 000383b4 records: 2, size/record: 8, table size: 16
	.data: load addr=00038330, load size=00000069 bytes, run addr=20001d30, run size=0000007c bytes, compression=rle
	.bss: load addr=000383a0, load size=0000000b bytes, run addr=20000000, run size=00001d2f bytes, compression=rle


LINKER GENERATED HANDLER TABLE

__TI_handler_table @ 000383ac records: 2, size/record: 4, table size: 8
	index: 0, handler: __TI_decompress_rle24
	index: 1, handler: __TI_decompress_none


GLOBAL SYMBOLS: SORTED ALPHABETICALLY BY Name 

address   name                                       
-------   ----                                       
000371d1  ADC14_configureConversionMemory            
000379bd  ADC14_configureSingleSampleMode            
00038209  ADC14_enableModule                         
00037a95  ADC14_initModule                           
00037ee1  ADC14_setResultFormat                      
00037b61  ADC14_setSampleHoldTrigger                 
000377ed  C$$EXIT                                    
000362b9  Crystalfontz128x128_Init                   
00036f5d  Crystalfontz128x128_SetDrawFrame           
00037dbd  Crystalfontz128x128_SetOrientation         
00037589  DMA_INT1_IRQHandler                        
00037ad9  DMA_disableChannelAttribute                
00038219  DMA_enableModule                           
00037ba1  DMA_getChannelAttribute                    
00038011  DMA_setChannelControl                      
00037061  DMA_setChannelTransfer                     
0003829d  DMA_setControlBase                         
000382a9  EUSCI_A_SPI_enable                         
000382b5  EUSCI_B_SPI_enable                         
00037f81  GPIO_setAsOutputPin                        
00037841  GPIO_setAsPeripheralModuleFunctionInputPin 
00037745  GPIO_setAsPeripheralModuleFunctionOutputPin
00038191  GPIO_setOutputHighOnPin                    
000380dd  GPIO_setOutputLowOnPin                     
00038303  Graphics_clearDisplay                      
000382e5  Graphics_clearDisplayOnDisplay             
0003813b  Graphics_drawHorizontalLineOnDisplay       
00037929  Graphics_drawLineH                         
00037973  Graphics_drawLineV                         
00038249  Graphics_drawPixelOnDisplay                
000359b1  Graphics_drawString                        
00037d13  Graphics_drawStringCentered                
00038151  Graphics_drawVerticalLineOnDisplay         
000382ef  Graphics_fillRectangleOnDisplay            
000373f5  Graphics_getStringWidth                    
00038031  Graphics_initContext                       
00038257  Graphics_setBackgroundColor                
0003831f  Graphics_setFont                           
00038265  Graphics_setForegroundColor                
000382f9  Graphics_translateColorOnDisplay           
00037df1  HAL_LCD_PortInit                           
00037be1  HAL_LCD_SpiInit                            
00037fa5  HAL_LCD_writeCommand                       
00038229  HAL_LCD_writeData                          
00038273  I2C_clearInterruptFlag                     
000382c1  I2C_disableModule                          
000382cd  I2C_enableModule                           
0003830b  I2C_getInterruptStatus                     
00037fc9  I2C_init                                   
00037c9d  I2C_initMaster                             
000381a5  I2C_isBusBusy                              
00037e21  I2C_masterReceiveMultiByteFinish           
00038313  I2C_masterReceiveMultiByteNext             
00038239  I2C_masterReceiveStart                     
00037c21  I2C_masterSendMultiByteFinish              
00037fed  I2C_masterSendMultiByteNext                
00037d4d  I2C_masterSendMultiByteStart               
00037e51  I2C_masterSendMultiByteStop                
00036dc9  I2C_read16                                 
00038281  I2C_setMode                                
00038323  I2C_setSlaveAddress                        
00038071  I2C_setslave                               
00037b1d  I2C_write16                                
000380f5  Init_I2C_GPIO                              
20001d2a  Lcd_FlagRead                               
20001d2b  Lcd_FontSolid                              
20001d2c  Lcd_Orientation                            
20001d2d  Lcd_PenSolid                               
20001d24  Lcd_ScreenHeigth                           
20001d26  Lcd_ScreenWidth                            
20001d28  Lcd_TouchTrim                              
00037641  OPT3001_getLux                             
000381b9  OPT3001_init                               
000375e5  PORT1_IRQHandler                           
UNDEFED   SHT$$INIT_ARRAY$$Base                      
UNDEFED   SHT$$INIT_ARRAY$$Limit                     
000380c3  SPI_enableModule                           
00036d31  SPI_initMaster                             
0003745d  SystemInit                                 
00037a05  Timer_A_generatePWM                        
4000480c  WDTCTL_SYM                                 
20010000  __STACK_END                                
00000200  __STACK_SIZE                               
000383b4  __TI_CINIT_Base                            
000383c4  __TI_CINIT_Limit                           
000383ac  __TI_Handler_Table_Base                    
000383b4  __TI_Handler_Table_Limit                   
00037241  __TI_auto_init                             
20001d90  __TI_cleanup_ptr                           
0003828f  __TI_decompress_none                       
00038319  __TI_decompress_rle24                      
20001d94  __TI_dtors_ptr                             
20001d98  __TI_enable_exit_profile_output            
ffffffff  __TI_pprof_out_hndl                        
0003485b  __TI_printfi                               
ffffffff  __TI_prof_data_size                        
ffffffff  __TI_prof_data_start                       
00000000  __TI_static_base__                         
00036e51  __aeabi_cdcmpeq                            
00036e51  __aeabi_cdcmple                            
00036ed7  __aeabi_cdrcmple                           
000372b1  __aeabi_d2f                                
00037a4d  __aeabi_d2iz                               
00035e81  __aeabi_dadd                               
00036181  __aeabi_ddiv                               
000364cf  __aeabi_dmul                               
00035e77  __aeabi_dsub                               
00037d85  __aeabi_f2d                                
00037eb1  __aeabi_i2d                                
00037157  __aeabi_memclr                             
00037157  __aeabi_memclr4                            
00037157  __aeabi_memclr8                            
00036c95  __aeabi_memcpy                             
00036c95  __aeabi_memcpy4                            
00036c95  __aeabi_memcpy8                            
00037159  __aeabi_memset                             
00037159  __aeabi_memset4                            
00037159  __aeabi_memset8                            
00038051  __aeabi_ui2d                               
00035c83  __aeabi_uldivmod                           
ffffffff  __binit__                                  
ffffffff  __c_args__                                 
00037edf  __mpu_init                                 
2000fe00  __stack                                    
0003810d  _args_main                                 
00037799  _c_int00                                   
00033128  _ctypes_                                   
20001d9c  _lock                                      
000381db  _nop                                       
000381d3  _register_lock                             
000381cd  _register_unlock                           
0003832b  _system_post_cinit                         
00038327  _system_pre_init                           
20001da0  _unlock                                    
000377f1  abort                                      
0002cd80  armBitRevIndexTable1024                    
00032c88  armBitRevIndexTable128                     
000339e0  armBitRevIndexTable16                      
00026040  armBitRevIndexTable2048                    
00031a90  armBitRevIndexTable256                     
00033834  armBitRevIndexTable32                      
00022140  armBitRevIndexTable4096                    
00031710  armBitRevIndexTable512                     
00033754  armBitRevIndexTable64                      
0002fb90  armBitRevIndexTable_fixed_1024             
0003332c  armBitRevIndexTable_fixed_128              
00033a24  armBitRevIndexTable_fixed_16               
0002be00  armBitRevIndexTable_fixed_2048             
000328f8  armBitRevIndexTable_fixed_256              
00033954  armBitRevIndexTable_fixed_32               
000240c0  armBitRevIndexTable_fixed_4096             
00031350  armBitRevIndexTable_fixed_512              
000337c4  armBitRevIndexTable_fixed_64               
000368d3  arm_bitreversal_16                         
00036869  arm_bitreversal_32                         
00036929  arm_cfft_q15                               
00036b4d  arm_cfft_radix4by2_inverse_q15             
00036bf1  arm_cfft_radix4by2_q15                     
00032b38  arm_cfft_sR_f32_len1024                    
00032b08  arm_cfft_sR_f32_len128                     
00032ad8  arm_cfft_sR_f32_len16                      
00032b48  arm_cfft_sR_f32_len2048                    
00032b18  arm_cfft_sR_f32_len256                     
00032ae8  arm_cfft_sR_f32_len32                      
00032b58  arm_cfft_sR_f32_len4096                    
00032b28  arm_cfft_sR_f32_len512                     
00032af8  arm_cfft_sR_f32_len64                      
00032c58  arm_cfft_sR_q15_len1024                    
00032c28  arm_cfft_sR_q15_len128                     
00032bf8  arm_cfft_sR_q15_len16                      
00032c68  arm_cfft_sR_q15_len2048                    
00032c38  arm_cfft_sR_q15_len256                     
00032c08  arm_cfft_sR_q15_len32                      
00032c78  arm_cfft_sR_q15_len4096                    
00032c48  arm_cfft_sR_q15_len512                     
00032c18  arm_cfft_sR_q15_len64                      
00032bc8  arm_cfft_sR_q31_len1024                    
00032b98  arm_cfft_sR_q31_len128                     
00032b68  arm_cfft_sR_q31_len16                      
00032bd8  arm_cfft_sR_q31_len2048                    
00032ba8  arm_cfft_sR_q31_len256                     
00032b78  arm_cfft_sR_q31_len32                      
00032be8  arm_cfft_sR_q31_len4096                    
00032bb8  arm_cfft_sR_q31_len512                     
00032b88  arm_cfft_sR_q31_len64                      
000370dd  arm_max_q15                                
00035339  arm_radix4_butterfly_inverse_q15           
00035675  arm_radix4_butterfly_q15                   
000367a5  arm_rfft_init_q15                          
0003731f  arm_rfft_q15                               
000366c9  arm_split_rfft_q15                         
00036fe1  arm_split_rifft_q15                        
00037891  atoi                                       
ffffffff  binit                                      
20001d74  color                                      
20001c00  controlTable                               
000378dd  copy_in                                    
000381e1  copysign                                   
000381e1  copysignl                                  
00036a99  cosf                                       
20001000  data_array1                                
20001400  data_array2                                
20000000  data_input                                 
20001800  data_output                                
20001d68  doBitReverse                               
20001da4  errno                                      
000377f9  exit                                       
20001d60  fftSize                                    
000374c5  frexp                                      
000374c5  frexpl                                     
20001d1c  g_fSampledFreq                             
20001d00  g_sContext                                 
000339b4  g_sCrystalfontz128x128                     
0003340c  g_sFontFixed6x8                            
20001d20  g_u32Lux                                   
20001d70  g_u8Flag                                   
20001d71  g_u8Flag2                                  
20000800  hann                                       
00033a3c  i2cConfig                                  
20001d64  ifftFlag                                   
00000000  interruptVectors                           
000365cd  ldexp                                      
000365cd  ldexpl                                     
000376ef  ltoa                                       
00034b61  main                                       
20001da8  main_func_sp                               
0003808d  memccpy                                    
00036c95  memcpy                                     
0003715f  memset                                     
20001d78  pwmConfig                                  
000365cd  scalbn                                     
000365cd  scalbnl                                    
00037529  sprintf                                    
00037f59  sqrtf                                      
20001d2e  status                                     
00038167  strchr                                     
000381f5  strlen                                     
20001d6c  switch_data                                
00020140  twiddleCoef_1024                           
0002db90  twiddleCoef_1024_q15                       
00027e00  twiddleCoef_1024_q31                       
00030f50  twiddleCoef_128                            
00032e28  twiddleCoef_128_q15                        
00031e00  twiddleCoef_128_q31                        
000336d4  twiddleCoef_16                             
00033984  twiddleCoef_16_q15                         
00033894  twiddleCoef_16_q31                         
00016140  twiddleCoef_2048                           
00029600  twiddleCoef_2048_q15                       
0001a140  twiddleCoef_2048_q31                       
0002f390  twiddleCoef_256                            
00032100  twiddleCoef_256_q15                        
00030350  twiddleCoef_256_q31                        
0003322c  twiddleCoef_32                             
000338f4  twiddleCoef_32_q15                         
000334d4  twiddleCoef_32_q31                         
00000140  twiddleCoef_4096                           
0001d140  twiddleCoef_4096_q15                       
00008140  twiddleCoef_4096_q31                       
0002ae00  twiddleCoef_512                            
00030950  twiddleCoef_512_q15                        
0002e790  twiddleCoef_512_q31                        
000326f8  twiddleCoef_64                             
00033594  twiddleCoef_64_q15                         
00032fa8  twiddleCoef_64_q31                         


GLOBAL SYMBOLS: SORTED BY Symbol Address 

address   name                                       
-------   ----                                       
00000000  __TI_static_base__                         
00000000  interruptVectors                           
00000140  twiddleCoef_4096                           
00000200  __STACK_SIZE                               
00008140  twiddleCoef_4096_q31                       
00016140  twiddleCoef_2048                           
0001a140  twiddleCoef_2048_q31                       
0001d140  twiddleCoef_4096_q15                       
00020140  twiddleCoef_1024                           
00022140  armBitRevIndexTable4096                    
000240c0  armBitRevIndexTable_fixed_4096             
00026040  armBitRevIndexTable2048                    
00027e00  twiddleCoef_1024_q31                       
00029600  twiddleCoef_2048_q15                       
0002ae00  twiddleCoef_512                            
0002be00  armBitRevIndexTable_fixed_2048             
0002cd80  armBitRevIndexTable1024                    
0002db90  twiddleCoef_1024_q15                       
0002e790  twiddleCoef_512_q31                        
0002f390  twiddleCoef_256                            
0002fb90  armBitRevIndexTable_fixed_1024             
00030350  twiddleCoef_256_q31                        
00030950  twiddleCoef_512_q15                        
00030f50  twiddleCoef_128                            
00031350  armBitRevIndexTable_fixed_512              
00031710  armBitRevIndexTable512                     
00031a90  armBitRevIndexTable256                     
00031e00  twiddleCoef_128_q31                        
00032100  twiddleCoef_256_q15                        
000326f8  twiddleCoef_64                             
000328f8  armBitRevIndexTable_fixed_256              
00032ad8  arm_cfft_sR_f32_len16                      
00032ae8  arm_cfft_sR_f32_len32                      
00032af8  arm_cfft_sR_f32_len64                      
00032b08  arm_cfft_sR_f32_len128                     
00032b18  arm_cfft_sR_f32_len256                     
00032b28  arm_cfft_sR_f32_len512                     
00032b38  arm_cfft_sR_f32_len1024                    
00032b48  arm_cfft_sR_f32_len2048                    
00032b58  arm_cfft_sR_f32_len4096                    
00032b68  arm_cfft_sR_q31_len16                      
00032b78  arm_cfft_sR_q31_len32                      
00032b88  arm_cfft_sR_q31_len64                      
00032b98  arm_cfft_sR_q31_len128                     
00032ba8  arm_cfft_sR_q31_len256                     
00032bb8  arm_cfft_sR_q31_len512                     
00032bc8  arm_cfft_sR_q31_len1024                    
00032bd8  arm_cfft_sR_q31_len2048                    
00032be8  arm_cfft_sR_q31_len4096                    
00032bf8  arm_cfft_sR_q15_len16                      
00032c08  arm_cfft_sR_q15_len32                      
00032c18  arm_cfft_sR_q15_len64                      
00032c28  arm_cfft_sR_q15_len128                     
00032c38  arm_cfft_sR_q15_len256                     
00032c48  arm_cfft_sR_q15_len512                     
00032c58  arm_cfft_sR_q15_len1024                    
00032c68  arm_cfft_sR_q15_len2048                    
00032c78  arm_cfft_sR_q15_len4096                    
00032c88  armBitRevIndexTable128                     
00032e28  twiddleCoef_128_q15                        
00032fa8  twiddleCoef_64_q31                         
00033128  _ctypes_                                   
0003322c  twiddleCoef_32                             
0003332c  armBitRevIndexTable_fixed_128              
0003340c  g_sFontFixed6x8                            
000334d4  twiddleCoef_32_q31                         
00033594  twiddleCoef_64_q15                         
000336d4  twiddleCoef_16                             
00033754  armBitRevIndexTable64                      
000337c4  armBitRevIndexTable_fixed_64               
00033834  armBitRevIndexTable32                      
00033894  twiddleCoef_16_q31                         
000338f4  twiddleCoef_32_q15                         
00033954  armBitRevIndexTable_fixed_32               
00033984  twiddleCoef_16_q15                         
000339b4  g_sCrystalfontz128x128                     
000339e0  armBitRevIndexTable16                      
00033a24  armBitRevIndexTable_fixed_16               
00033a3c  i2cConfig                                  
0003485b  __TI_printfi                               
00034b61  main                                       
00035339  arm_radix4_butterfly_inverse_q15           
00035675  arm_radix4_butterfly_q15                   
000359b1  Graphics_drawString                        
00035c83  __aeabi_uldivmod                           
00035e77  __aeabi_dsub                               
00035e81  __aeabi_dadd                               
00036181  __aeabi_ddiv                               
000362b9  Crystalfontz128x128_Init                   
000364cf  __aeabi_dmul                               
000365cd  ldexp                                      
000365cd  ldexpl                                     
000365cd  scalbn                                     
000365cd  scalbnl                                    
000366c9  arm_split_rfft_q15                         
000367a5  arm_rfft_init_q15                          
00036869  arm_bitreversal_32                         
000368d3  arm_bitreversal_16                         
00036929  arm_cfft_q15                               
00036a99  cosf                                       
00036b4d  arm_cfft_radix4by2_inverse_q15             
00036bf1  arm_cfft_radix4by2_q15                     
00036c95  __aeabi_memcpy                             
00036c95  __aeabi_memcpy4                            
00036c95  __aeabi_memcpy8                            
00036c95  memcpy                                     
00036d31  SPI_initMaster                             
00036dc9  I2C_read16                                 
00036e51  __aeabi_cdcmpeq                            
00036e51  __aeabi_cdcmple                            
00036ed7  __aeabi_cdrcmple                           
00036f5d  Crystalfontz128x128_SetDrawFrame           
00036fe1  arm_split_rifft_q15                        
00037061  DMA_setChannelTransfer                     
000370dd  arm_max_q15                                
00037157  __aeabi_memclr                             
00037157  __aeabi_memclr4                            
00037157  __aeabi_memclr8                            
00037159  __aeabi_memset                             
00037159  __aeabi_memset4                            
00037159  __aeabi_memset8                            
0003715f  memset                                     
000371d1  ADC14_configureConversionMemory            
00037241  __TI_auto_init                             
000372b1  __aeabi_d2f                                
0003731f  arm_rfft_q15                               
000373f5  Graphics_getStringWidth                    
0003745d  SystemInit                                 
000374c5  frexp                                      
000374c5  frexpl                                     
00037529  sprintf                                    
00037589  DMA_INT1_IRQHandler                        
000375e5  PORT1_IRQHandler                           
00037641  OPT3001_getLux                             
000376ef  ltoa                                       
00037745  GPIO_setAsPeripheralModuleFunctionOutputPin
00037799  _c_int00                                   
000377ed  C$$EXIT                                    
000377f1  abort                                      
000377f9  exit                                       
00037841  GPIO_setAsPeripheralModuleFunctionInputPin 
00037891  atoi                                       
000378dd  copy_in                                    
00037929  Graphics_drawLineH                         
00037973  Graphics_drawLineV                         
000379bd  ADC14_configureSingleSampleMode            
00037a05  Timer_A_generatePWM                        
00037a4d  __aeabi_d2iz                               
00037a95  ADC14_initModule                           
00037ad9  DMA_disableChannelAttribute                
00037b1d  I2C_write16                                
00037b61  ADC14_setSampleHoldTrigger                 
00037ba1  DMA_getChannelAttribute                    
00037be1  HAL_LCD_SpiInit                            
00037c21  I2C_masterSendMultiByteFinish              
00037c9d  I2C_initMaster                             
00037d13  Graphics_drawStringCentered                
00037d4d  I2C_masterSendMultiByteStart               
00037d85  __aeabi_f2d                                
00037dbd  Crystalfontz128x128_SetOrientation         
00037df1  HAL_LCD_PortInit                           
00037e21  I2C_masterReceiveMultiByteFinish           
00037e51  I2C_masterSendMultiByteStop                
00037eb1  __aeabi_i2d                                
00037edf  __mpu_init                                 
00037ee1  ADC14_setResultFormat                      
00037f59  sqrtf                                      
00037f81  GPIO_setAsOutputPin                        
00037fa5  HAL_LCD_writeCommand                       
00037fc9  I2C_init                                   
00037fed  I2C_masterSendMultiByteNext                
00038011  DMA_setChannelControl                      
00038031  Graphics_initContext                       
00038051  __aeabi_ui2d                               
00038071  I2C_setslave                               
0003808d  memccpy                                    
000380c3  SPI_enableModule                           
000380dd  GPIO_setOutputLowOnPin                     
000380f5  Init_I2C_GPIO                              
0003810d  _args_main                                 
0003813b  Graphics_drawHorizontalLineOnDisplay       
00038151  Graphics_drawVerticalLineOnDisplay         
00038167  strchr                                     
00038191  GPIO_setOutputHighOnPin                    
000381a5  I2C_isBusBusy                              
000381b9  OPT3001_init                               
000381cd  _register_unlock                           
000381d3  _register_lock                             
000381db  _nop                                       
000381e1  copysign                                   
000381e1  copysignl                                  
000381f5  strlen                                     
00038209  ADC14_enableModule                         
00038219  DMA_enableModule                           
00038229  HAL_LCD_writeData                          
00038239  I2C_masterReceiveStart                     
00038249  Graphics_drawPixelOnDisplay                
00038257  Graphics_setBackgroundColor                
00038265  Graphics_setForegroundColor                
00038273  I2C_clearInterruptFlag                     
00038281  I2C_setMode                                
0003828f  __TI_decompress_none                       
0003829d  DMA_setControlBase                         
000382a9  EUSCI_A_SPI_enable                         
000382b5  EUSCI_B_SPI_enable                         
000382c1  I2C_disableModule                          
000382cd  I2C_enableModule                           
000382e5  Graphics_clearDisplayOnDisplay             
000382ef  Graphics_fillRectangleOnDisplay            
000382f9  Graphics_translateColorOnDisplay           
00038303  Graphics_clearDisplay                      
0003830b  I2C_getInterruptStatus                     
00038313  I2C_masterReceiveMultiByteNext             
00038319  __TI_decompress_rle24                      
0003831f  Graphics_setFont                           
00038323  I2C_setSlaveAddress                        
00038327  _system_pre_init                           
0003832b  _system_post_cinit                         
000383ac  __TI_Handler_Table_Base                    
000383b4  __TI_CINIT_Base                            
000383b4  __TI_Handler_Table_Limit                   
000383c4  __TI_CINIT_Limit                           
20000000  data_input                                 
20000800  hann                                       
20001000  data_array1                                
20001400  data_array2                                
20001800  data_output                                
20001c00  controlTable                               
20001d00  g_sContext                                 
20001d1c  g_fSampledFreq                             
20001d20  g_u32Lux                                   
20001d24  Lcd_ScreenHeigth                           
20001d26  Lcd_ScreenWidth                            
20001d28  Lcd_TouchTrim                              
20001d2a  Lcd_FlagRead                               
20001d2b  Lcd_FontSolid                              
20001d2c  Lcd_Orientation                            
20001d2d  Lcd_PenSolid                               
20001d2e  status                                     
20001d60  fftSize                                    
20001d64  ifftFlag                                   
20001d68  doBitReverse                               
20001d6c  switch_data                                
20001d70  g_u8Flag                                   
20001d71  g_u8Flag2                                  
20001d74  color                                      
20001d78  pwmConfig                                  
20001d90  __TI_cleanup_ptr                           
20001d94  __TI_dtors_ptr                             
20001d98  __TI_enable_exit_profile_output            
20001d9c  _lock                                      
20001da0  _unlock                                    
20001da4  errno                                      
20001da8  main_func_sp                               
2000fe00  __stack                                    
20010000  __STACK_END                                
4000480c  WDTCTL_SYM                                 
ffffffff  __TI_pprof_out_hndl                        
ffffffff  __TI_prof_data_size                        
ffffffff  __TI_prof_data_start                       
ffffffff  __binit__                                  
ffffffff  __c_args__                                 
ffffffff  binit                                      
UNDEFED   SHT$$INIT_ARRAY$$Base                      
UNDEFED   SHT$$INIT_ARRAY$$Limit                     

[265 symbols]
