******************************************************************************
                  TI ARM Linker PC v15.12.1                    
******************************************************************************
>> Linked Sat Oct 08 18:32:46 2016

OUTPUT FILE NAME:   <Lab2.out>
ENTRY POINT SYMBOL: "_c_int00"  address: 00000ef5


MEMORY CONFIGURATION

         name            origin    length      used     unused   attr    fill
----------------------  --------  ---------  --------  --------  ----  --------
  MAIN                  00000000   00040000  000012a9  0003ed57  R  X
  INFO                  00200000   00004000  00000000  00004000  R  X
  SRAM_CODE             01000000   00010000  00000638  0000f9c8  RW X
  SRAM_DATA             20000000   00010000  00000638  0000f9c8  RW  


SEGMENT ALLOCATION MAP

run origin  load origin   length   init length attrs members
----------  ----------- ---------- ----------- ----- -------
00000000    00000000    000012ac   000012ac    r-x
  00000000    00000000    000000e4   000000e4    r-- .intvecs
  000000e4    000000e4    00000fda   00000fda    r-x .text
  000010c0    000010c0    0000019f   0000019f    r-- .const
  00001260    00001260    0000004c   0000004c    r-- .cinit
20000000    20000000    00000438   00000000    rw-
  20000000    20000000    00000400   00000000    rw- .sysmem
  20000400    20000400    00000034   00000000    rw- .data
  20000434    20000434    00000004   00000000    rw- .bss
2000fe00    2000fe00    00000200   00000000    rw-
  2000fe00    2000fe00    00000200   00000000    rw- .stack


SECTION ALLOCATION MAP

 output                                  attributes/
section   page    origin      length       input sections
--------  ----  ----------  ----------   ----------------
.intvecs   0    00000000    000000e4     
                  00000000    000000e4     startup_msp432p401r_ccs.obj (.intvecs:retain)

.binit     0    00000000    00000000     

.text      0    000000e4    00000fda     
                  000000e4    000003dc     rtsv7M4_T_le_v4SPD16_eabi.lib : memory.obj (.text)
                  000004c0    0000032c     system_msp432p401r.obj (.text)
                  000007ec    0000030a     Scheduler.obj (.text)
                  00000af6    00000002     rtsv7M4_T_le_v4SPD16_eabi.lib : mpu_init.obj (.text)
                  00000af8    0000014c     main.obj (.text)
                  00000c44    000000bc     rtsv7M4_T_le_v4SPD16_eabi.lib : typeinfo_.obj (.text)
                  00000d00    0000009c                                   : memcpy_t2.obj (.text)
                  00000d9c    0000007a                                   : memset_t2.obj (.text)
                  00000e16    00000002                                   : startup.obj (.text)
                  00000e18    00000070                                   : autoinit.obj (.text)
                  00000e88    0000006a                                   : copy_decompress_rle.obj (.text)
                  00000ef2    00000002     --HOLE-- [fill = 0]
                  00000ef4    00000054                                   : boot.obj (.text)
                  00000f48    00000054                                   : exit.obj (.text)
                  00000f9c    0000004c                                   : cpy_tbl.obj (.text)
                  00000fe8    00000040     LED.obj (.text)
                  00001028    00000030     Task.obj (.text)
                  00001058    00000018     rtsv7M4_T_le_v4SPD16_eabi.lib : args_main.obj (.text)
                  00001070    00000014                                   : _lock.obj (.text)
                  00001084    0000000e                                   : copy_decompress_none.obj (.text:decompress:none)
                  00001092    0000000e     startup_msp432p401r_ccs.obj (.text)
                  000010a0    0000000c     Task.obj (.text:_ZN4Task3runEv)
                  000010ac    00000008     rtsv7M4_T_le_v4SPD16_eabi.lib : delete.obj (.text)
                  000010b4    00000006                                   : copy_decompress_rle.obj (.text:decompress:rle24)
                  000010ba    00000004                                   : pre_init.obj (.text)

.const     0    000010c0    0000019f     
                  000010c0    00000028     rtsv7M4_T_le_v4SPD16_eabi.lib : typeinfo_.obj (.const:.typeinfo:_ZTSN10__cxxabiv123__fundamental_type_infoE)
                  000010e8    00000025                                   : typeinfo_.obj (.const:.typeinfo:_ZTSN10__cxxabiv120__si_class_type_infoE)
                  0000110d    00000024                                   : typeinfo_.obj (.const:.typeinfo:_ZTSN10__cxxabiv119__pointer_type_infoE)
                  00001131    00000022                                   : typeinfo_.obj (.const:.typeinfo:_ZTSN10__cxxabiv117__class_type_infoE)
                  00001153    00000022                                   : typeinfo_.obj (.const:.typeinfo:_ZTSN10__cxxabiv117__pbase_type_infoE)
                  00001175    00000002                                   : typeinfo_.obj (.const:.typeinfo:_ZTSe)
                  00001177    00000001     --HOLE-- [fill = 0]
                  00001178    00000010                                   : typeinfo_.obj (.const:.typeinfo:_ZTIPKe)
                  00001188    00000010                                   : typeinfo_.obj (.const:_ZTVN10__cxxabiv117__class_type_infoE)
                  00001198    00000010                                   : typeinfo_.obj (.const:_ZTVN10__cxxabiv119__pointer_type_infoE)
                  000011a8    00000010                                   : typeinfo_.obj (.const:_ZTVN10__cxxabiv120__si_class_type_infoE)
                  000011b8    00000010                                   : typeinfo_.obj (.const:_ZTVN10__cxxabiv123__fundamental_type_infoE)
                  000011c8    0000000d                                   : typeinfo_.obj (.const:.typeinfo:_ZTSSt9type_info)
                  000011d5    00000003     --HOLE-- [fill = 0]
                  000011d8    0000000c     LED.obj (.const:.typeinfo:_ZTI3LED)
                  000011e4    0000000c     rtsv7M4_T_le_v4SPD16_eabi.lib : typeinfo_.obj (.const:.typeinfo:_ZTIN10__cxxabiv117__class_type_infoE)
                  000011f0    0000000c                                   : typeinfo_.obj (.const:.typeinfo:_ZTIN10__cxxabiv117__pbase_type_infoE)
                  000011fc    0000000c                                   : typeinfo_.obj (.const:.typeinfo:_ZTIN10__cxxabiv119__pointer_type_infoE)
                  00001208    0000000c                                   : typeinfo_.obj (.const:.typeinfo:_ZTIN10__cxxabiv120__si_class_type_infoE)
                  00001214    0000000c                                   : typeinfo_.obj (.const:.typeinfo:_ZTIN10__cxxabiv123__fundamental_type_infoE)
                  00001220    0000000c     LED.obj (.const:_ZTV3LED)
                  0000122c    0000000c     Task.obj (.const:_ZTV4Task)
                  00001238    00000008     LED.obj (.const:.typeinfo:_ZTI4Task)
                  00001240    00000008     rtsv7M4_T_le_v4SPD16_eabi.lib : typeinfo_.obj (.const:.typeinfo:_ZTISt9type_info)
                  00001248    00000008                                   : typeinfo_.obj (.const:.typeinfo:_ZTIe)
                  00001250    00000006     LED.obj (.const:.typeinfo:_ZTS4Task)
                  00001256    00000005     LED.obj (.const:.typeinfo:_ZTS3LED)
                  0000125b    00000004     rtsv7M4_T_le_v4SPD16_eabi.lib : typeinfo_.obj (.const:.typeinfo:_ZTSPKe)

.cinit     0    00001260    0000004c     
                  00001260    00000023     (.cinit..data.load) [load image, compression = rle]
                  00001283    00000005     --HOLE-- [fill = 0]
                  00001288    00000009     (.cinit..bss.load) [load image, compression = rle]
                  00001291    00000003     --HOLE-- [fill = 0]
                  00001294    00000008     (__TI_handler_table)
                  0000129c    00000010     (__TI_cinit_table)

.init_array 
*          0    00000000    00000000     UNINITIALIZED

.sysmem    0    20000000    00000400     UNINITIALIZED
                  20000000    00000008     rtsv7M4_T_le_v4SPD16_eabi.lib : memory.obj (.sysmem)
                  20000008    000003f8     --HOLE--

.data      0    20000400    00000034     UNINITIALIZED
                  20000400    0000000c     rtsv7M4_T_le_v4SPD16_eabi.lib : exit.obj (.data:$O1$$)
                  2000040c    0000000c                                   : memory.obj (.data:$O1$$)
                  20000418    00000009     main.obj (.data)
                  20000421    00000003     --HOLE--
                  20000424    00000008     rtsv7M4_T_le_v4SPD16_eabi.lib : _lock.obj (.data:$O1$$)
                  2000042c    00000004                                   : stkdepth_vars.obj (.data)
                  20000430    00000004     system_msp432p401r.obj (.data)

.bss       0    20000434    00000004     UNINITIALIZED
                  20000434    00000004     (.common:_ZSt16__dummy_typeinfo)

.stack     0    2000fe00    00000200     UNINITIALIZED
                  2000fe00    00000200     --HOLE--

MODULE SUMMARY

       Module                        code   ro data   rw data
       ------                        ----   -------   -------
    .\
       system_msp432p401r.obj        812    0         8      
       Scheduler.obj                 778    0         0      
       main.obj                      332    0         18     
       startup_msp432p401r_ccs.obj   14     228       0      
       LED.obj                       64     43        0      
       Task.obj                      60     12        0      
    +--+-----------------------------+------+---------+---------+
       Total:                        2060   283       26     
                                                             
    C:\ti\ccsv6\tools\compiler\ti-cgt-arm_15.12.1.LTS\lib\rtsv7M4_T_le_v4SPD16_eabi.lib
       memory.obj                    988    0         24     
       typeinfo_.obj                 188    356       8      
       memcpy_t2.obj                 156    0         0      
       memset_t2.obj                 122    0         0      
       autoinit.obj                  112    0         0      
       copy_decompress_rle.obj       112    0         0      
       exit.obj                      84     0         24     
       boot.obj                      84     0         0      
       cpy_tbl.obj                   76     0         0      
       _lock.obj                     20     0         16     
       args_main.obj                 24     0         0      
       copy_decompress_none.obj      14     0         0      
       delete.obj                    8      0         0      
       stkdepth_vars.obj             0      0         8      
       pre_init.obj                  4      0         0      
       mpu_init.obj                  2      0         0      
       startup.obj                   2      0         0      
    +--+-----------------------------+------+---------+---------+
       Total:                        1996   356       80     
                                                             
       Heap:                         0      0         2048   
       Stack:                        0      0         1024   
       Linker Generated:             0      68        0      
    +--+-----------------------------+------+---------+---------+
       Grand Total:                  4056   707       3178   


LINKER GENERATED COPY TABLES

__TI_cinit_table @ 0000129c records: 2, size/record: 8, table size: 16
	.data: load addr=00001260, load size=00000023 bytes, run addr=20000400, run size=00000034 bytes, compression=rle
	.bss: load addr=00001288, load size=00000009 bytes, run addr=20000434, run size=00000004 bytes, compression=rle


LINKER GENERATED HANDLER TABLE

__TI_handler_table @ 00001294 records: 2, size/record: 4, table size: 8
	index: 0, handler: __TI_decompress_rle24
	index: 1, handler: __TI_decompress_none


GLOBAL SYMBOLS: SORTED ALPHABETICALLY BY Name 

address   name                                              
-------   ----                                              
0000109f  ADC14_IRQHandler                                  
0000109f  AES256_IRQHandler                                 
0000109f  BusFault_Handler                                  
00000f49  C$$EXIT                                           
0000109f  COMP_E0_IRQHandler                                
0000109f  COMP_E1_IRQHandler                                
0000109f  CS_IRQHandler                                     
0000109f  DMA_ERR_IRQHandler                                
0000109f  DMA_INT0_IRQHandler                               
0000109f  DMA_INT1_IRQHandler                               
0000109f  DMA_INT2_IRQHandler                               
0000109f  DMA_INT3_IRQHandler                               
0000109f  DebugMon_Handler                                  
0000109f  Default_Handler                                   
0000109f  EUSCIA0_IRQHandler                                
0000109f  EUSCIA1_IRQHandler                                
0000109f  EUSCIA2_IRQHandler                                
0000109f  EUSCIA3_IRQHandler                                
0000109f  EUSCIB0_IRQHandler                                
0000109f  EUSCIB1_IRQHandler                                
0000109f  EUSCIB2_IRQHandler                                
0000109f  EUSCIB3_IRQHandler                                
0000109f  FLCTL_IRQHandler                                  
0000109f  FPU_IRQHandler                                    
0000109f  HardFault_Handler                                 
0000109f  MemManage_Handler                                 
0000109f  NMI_Handler                                       
0000109f  PCM_IRQHandler                                    
0000109f  PORT1_IRQHandler                                  
0000109f  PORT2_IRQHandler                                  
0000109f  PORT3_IRQHandler                                  
0000109f  PORT4_IRQHandler                                  
0000109f  PORT5_IRQHandler                                  
0000109f  PORT6_IRQHandler                                  
0000109f  PSS_IRQHandler                                    
0000109f  PendSV_Handler                                    
0000109f  RTC_C_IRQHandler                                  
00001093  Reset_Handler                                     
UNDEFED   SHT$$INIT_ARRAY$$Base                             
UNDEFED   SHT$$INIT_ARRAY$$Limit                            
0000109f  SVC_Handler                                       
0000109f  SysTick_Handler                                   
20000430  SystemCoreClock                                   
000004c1  SystemCoreClockUpdate                             
00000735  SystemInit                                        
00000bed  T32_INT1_IRQHandler                               
00000bed  T32_INT1_IRQHandler                               
0000109f  T32_INT2_IRQHandler                               
0000109f  T32_INTC_IRQHandler                               
0000109f  TA0_0_IRQHandler                                  
0000109f  TA0_N_IRQHandler                                  
0000109f  TA1_0_IRQHandler                                  
0000109f  TA1_N_IRQHandler                                  
0000109f  TA2_0_IRQHandler                                  
0000109f  TA2_N_IRQHandler                                  
0000109f  TA3_0_IRQHandler                                  
0000109f  TA3_N_IRQHandler                                  
0000109f  UsageFault_Handler                                
4000480c  WDTCTL_SYM                                        
0000109f  WDT_A_IRQHandler                                  
00000bb5  _Z5Setupv                                         
00000cf1  _ZN10__cxxabiv116__enum_type_infoD0Ev             
00000cef  _ZN10__cxxabiv116__enum_type_infoD1Ev             
00000cef  _ZN10__cxxabiv116__enum_type_infoD2Ev             
00000ce7  _ZN10__cxxabiv117__array_type_infoD0Ev            
00000ce5  _ZN10__cxxabiv117__array_type_infoD1Ev            
00000ce5  _ZN10__cxxabiv117__array_type_infoD2Ev            
00000cdd  _ZN10__cxxabiv117__class_type_infoD0Ev            
00000cdb  _ZN10__cxxabiv117__class_type_infoD1Ev            
00000cdb  _ZN10__cxxabiv117__class_type_infoD2Ev            
00000cd3  _ZN10__cxxabiv117__pbase_type_infoD0Ev            
00000cd1  _ZN10__cxxabiv117__pbase_type_infoD1Ev            
00000cd1  _ZN10__cxxabiv117__pbase_type_infoD2Ev            
00000cc9  _ZN10__cxxabiv119__pointer_type_infoD0Ev          
00000cc7  _ZN10__cxxabiv119__pointer_type_infoD1Ev          
00000cc7  _ZN10__cxxabiv119__pointer_type_infoD2Ev          
00000cbf  _ZN10__cxxabiv120__function_type_infoD0Ev         
00000cbd  _ZN10__cxxabiv120__function_type_infoD1Ev         
00000cbd  _ZN10__cxxabiv120__function_type_infoD2Ev         
00000cb5  _ZN10__cxxabiv120__si_class_type_infoD0Ev         
00000cb3  _ZN10__cxxabiv120__si_class_type_infoD1Ev         
00000cb3  _ZN10__cxxabiv120__si_class_type_infoD2Ev         
00000cab  _ZN10__cxxabiv121__vmi_class_type_infoD0Ev        
00000ca9  _ZN10__cxxabiv121__vmi_class_type_infoD1Ev        
00000ca9  _ZN10__cxxabiv121__vmi_class_type_infoD2Ev        
00000ca1  _ZN10__cxxabiv123__fundamental_type_infoD0Ev      
00000c9f  _ZN10__cxxabiv123__fundamental_type_infoD1Ev      
00000c9f  _ZN10__cxxabiv123__fundamental_type_infoD2Ev      
00000c97  _ZN10__cxxabiv129__pointer_to_member_type_infoD0Ev
00000c95  _ZN10__cxxabiv129__pointer_to_member_type_infoD1Ev
00000c95  _ZN10__cxxabiv129__pointer_to_member_type_infoD2Ev
00001007  _ZN3LED3runEv                                     
00000fe9  _ZN3LEDC1Ev                                       
00000fe9  _ZN3LEDC2Ev                                       
20000420  _ZN4Task14m_u8NextTaskIDE                         
000010a1  _ZN4Task3runEv                                    
00001029  _ZN4TaskC1Ev                                      
00001029  _ZN4TaskC2Ev                                      
00000993  _ZN9Scheduler17CalculateScheduleEv                
00000ae9  _ZN9Scheduler22SortScheduleByPriorityEP4Task      
0000092d  _ZN9Scheduler3runEv                               
00000aa7  _ZN9Scheduler5cleanEh                             
0000084f  _ZN9Scheduler6attachEP4Task                       
000008af  _ZN9Scheduler6attachEP4Tasky                      
000007ed  _ZN9SchedulerC1Ev                                 
000007ed  _ZN9SchedulerC2Ev                                 
00000c57  _ZNKSt9type_info4nameEv                           
00000c87  _ZNKSt9type_info6beforeERKS_                      
00000c71  _ZNKSt9type_infoeqERKS_                           
00000c5b  _ZNKSt9type_infoneERKS_                           
00000c4f  _ZNSt9type_infoD0Ev                               
00000c4d  _ZNSt9type_infoD1Ev                               
00000c4d  _ZNSt9type_infoD2Ev                               
20000434  _ZSt16__dummy_typeinfo                            
00000c45  _ZSt21__gen_dummy_typeinfosv                      
000011d8  _ZTI3LED                                          
00001238  _ZTI4Task                                         
000011e4  _ZTIN10__cxxabiv117__class_type_infoE             
000011f0  _ZTIN10__cxxabiv117__pbase_type_infoE             
000011fc  _ZTIN10__cxxabiv119__pointer_type_infoE           
00001208  _ZTIN10__cxxabiv120__si_class_type_infoE          
00001214  _ZTIN10__cxxabiv123__fundamental_type_infoE       
00001178  _ZTIPKe                                           
00001240  _ZTISt9type_info                                  
00001248  _ZTIe                                             
00001256  _ZTS3LED                                          
00001250  _ZTS4Task                                         
00001131  _ZTSN10__cxxabiv117__class_type_infoE             
00001153  _ZTSN10__cxxabiv117__pbase_type_infoE             
0000110d  _ZTSN10__cxxabiv119__pointer_type_infoE           
000010e8  _ZTSN10__cxxabiv120__si_class_type_infoE          
000010c0  _ZTSN10__cxxabiv123__fundamental_type_infoE       
0000125b  _ZTSPKe                                           
000011c8  _ZTSSt9type_info                                  
00001175  _ZTSe                                             
00001220  _ZTV3LED                                          
0000122c  _ZTV4Task                                         
00001188  _ZTVN10__cxxabiv117__class_type_infoE             
00001198  _ZTVN10__cxxabiv119__pointer_type_infoE           
000011a8  _ZTVN10__cxxabiv120__si_class_type_infoE          
000011b8  _ZTVN10__cxxabiv123__fundamental_type_infoE       
000010ad  _ZdlPv                                            
20010000  __STACK_END                                       
00000200  __STACK_SIZE                                      
00000400  __SYSMEM_SIZE                                     
0000129c  __TI_CINIT_Base                                   
000012ac  __TI_CINIT_Limit                                  
00001294  __TI_Handler_Table_Base                           
0000129c  __TI_Handler_Table_Limit                          
00000e19  __TI_auto_init                                    
20000400  __TI_cleanup_ptr                                  
00001085  __TI_decompress_none                              
000010b5  __TI_decompress_rle24                             
20000404  __TI_dtors_ptr                                    
20000408  __TI_enable_exit_profile_output                   
ffffffff  __TI_pprof_out_hndl                               
ffffffff  __TI_prof_data_size                               
ffffffff  __TI_prof_data_start                              
00000000  __TI_static_base__                                
00000d9d  __aeabi_memclr                                    
00000d9d  __aeabi_memclr4                                   
00000d9d  __aeabi_memclr8                                   
00000d01  __aeabi_memcpy                                    
00000d01  __aeabi_memcpy4                                   
00000d01  __aeabi_memcpy8                                   
00000d9f  __aeabi_memset                                    
00000d9f  __aeabi_memset4                                   
00000d9f  __aeabi_memset8                                   
ffffffff  __binit__                                         
ffffffff  __c_args__                                        
00000af7  __mpu_init                                        
2000fe00  __stack                                           
00001059  _args_main                                        
00000ef5  _c_int00                                          
20000424  _lock                                             
0000107f  _nop                                              
00001077  _register_lock                                    
00001071  _register_unlock                                  
20000000  _sys_memory                                       
00000e17  _system_post_cinit                                
000010bb  _system_pre_init                                  
20000428  _unlock                                           
00000f4d  abort                                             
ffffffff  binit                                             
0000048d  calloc                                            
00000f9d  copy_in                                           
00000f55  exit                                              
000001db  free                                              
00000000  interruptVectors                                  
00000b63  main                                              
2000042c  main_func_sp                                      
00000173  malloc                                            
000003a9  memalign                                          
00000d01  memcpy                                            
00000da5  memset                                            
000000e5  minit                                             
0000029d  realloc                                           


GLOBAL SYMBOLS: SORTED BY Symbol Address 

address   name                                              
-------   ----                                              
00000000  __TI_static_base__                                
00000000  interruptVectors                                  
000000e5  minit                                             
00000173  malloc                                            
000001db  free                                              
00000200  __STACK_SIZE                                      
0000029d  realloc                                           
000003a9  memalign                                          
00000400  __SYSMEM_SIZE                                     
0000048d  calloc                                            
000004c1  SystemCoreClockUpdate                             
00000735  SystemInit                                        
000007ed  _ZN9SchedulerC1Ev                                 
000007ed  _ZN9SchedulerC2Ev                                 
0000084f  _ZN9Scheduler6attachEP4Task                       
000008af  _ZN9Scheduler6attachEP4Tasky                      
0000092d  _ZN9Scheduler3runEv                               
00000993  _ZN9Scheduler17CalculateScheduleEv                
00000aa7  _ZN9Scheduler5cleanEh                             
00000ae9  _ZN9Scheduler22SortScheduleByPriorityEP4Task      
00000af7  __mpu_init                                        
00000b63  main                                              
00000bb5  _Z5Setupv                                         
00000bed  T32_INT1_IRQHandler                               
00000bed  T32_INT1_IRQHandler                               
00000c45  _ZSt21__gen_dummy_typeinfosv                      
00000c4d  _ZNSt9type_infoD1Ev                               
00000c4d  _ZNSt9type_infoD2Ev                               
00000c4f  _ZNSt9type_infoD0Ev                               
00000c57  _ZNKSt9type_info4nameEv                           
00000c5b  _ZNKSt9type_infoneERKS_                           
00000c71  _ZNKSt9type_infoeqERKS_                           
00000c87  _ZNKSt9type_info6beforeERKS_                      
00000c95  _ZN10__cxxabiv129__pointer_to_member_type_infoD1Ev
00000c95  _ZN10__cxxabiv129__pointer_to_member_type_infoD2Ev
00000c97  _ZN10__cxxabiv129__pointer_to_member_type_infoD0Ev
00000c9f  _ZN10__cxxabiv123__fundamental_type_infoD1Ev      
00000c9f  _ZN10__cxxabiv123__fundamental_type_infoD2Ev      
00000ca1  _ZN10__cxxabiv123__fundamental_type_infoD0Ev      
00000ca9  _ZN10__cxxabiv121__vmi_class_type_infoD1Ev        
00000ca9  _ZN10__cxxabiv121__vmi_class_type_infoD2Ev        
00000cab  _ZN10__cxxabiv121__vmi_class_type_infoD0Ev        
00000cb3  _ZN10__cxxabiv120__si_class_type_infoD1Ev         
00000cb3  _ZN10__cxxabiv120__si_class_type_infoD2Ev         
00000cb5  _ZN10__cxxabiv120__si_class_type_infoD0Ev         
00000cbd  _ZN10__cxxabiv120__function_type_infoD1Ev         
00000cbd  _ZN10__cxxabiv120__function_type_infoD2Ev         
00000cbf  _ZN10__cxxabiv120__function_type_infoD0Ev         
00000cc7  _ZN10__cxxabiv119__pointer_type_infoD1Ev          
00000cc7  _ZN10__cxxabiv119__pointer_type_infoD2Ev          
00000cc9  _ZN10__cxxabiv119__pointer_type_infoD0Ev          
00000cd1  _ZN10__cxxabiv117__pbase_type_infoD1Ev            
00000cd1  _ZN10__cxxabiv117__pbase_type_infoD2Ev            
00000cd3  _ZN10__cxxabiv117__pbase_type_infoD0Ev            
00000cdb  _ZN10__cxxabiv117__class_type_infoD1Ev            
00000cdb  _ZN10__cxxabiv117__class_type_infoD2Ev            
00000cdd  _ZN10__cxxabiv117__class_type_infoD0Ev            
00000ce5  _ZN10__cxxabiv117__array_type_infoD1Ev            
00000ce5  _ZN10__cxxabiv117__array_type_infoD2Ev            
00000ce7  _ZN10__cxxabiv117__array_type_infoD0Ev            
00000cef  _ZN10__cxxabiv116__enum_type_infoD1Ev             
00000cef  _ZN10__cxxabiv116__enum_type_infoD2Ev             
00000cf1  _ZN10__cxxabiv116__enum_type_infoD0Ev             
00000d01  __aeabi_memcpy                                    
00000d01  __aeabi_memcpy4                                   
00000d01  __aeabi_memcpy8                                   
00000d01  memcpy                                            
00000d9d  __aeabi_memclr                                    
00000d9d  __aeabi_memclr4                                   
00000d9d  __aeabi_memclr8                                   
00000d9f  __aeabi_memset                                    
00000d9f  __aeabi_memset4                                   
00000d9f  __aeabi_memset8                                   
00000da5  memset                                            
00000e17  _system_post_cinit                                
00000e19  __TI_auto_init                                    
00000ef5  _c_int00                                          
00000f49  C$$EXIT                                           
00000f4d  abort                                             
00000f55  exit                                              
00000f9d  copy_in                                           
00000fe9  _ZN3LEDC1Ev                                       
00000fe9  _ZN3LEDC2Ev                                       
00001007  _ZN3LED3runEv                                     
00001029  _ZN4TaskC1Ev                                      
00001029  _ZN4TaskC2Ev                                      
00001059  _args_main                                        
00001071  _register_unlock                                  
00001077  _register_lock                                    
0000107f  _nop                                              
00001085  __TI_decompress_none                              
00001093  Reset_Handler                                     
0000109f  ADC14_IRQHandler                                  
0000109f  AES256_IRQHandler                                 
0000109f  BusFault_Handler                                  
0000109f  COMP_E0_IRQHandler                                
0000109f  COMP_E1_IRQHandler                                
0000109f  CS_IRQHandler                                     
0000109f  DMA_ERR_IRQHandler                                
0000109f  DMA_INT0_IRQHandler                               
0000109f  DMA_INT1_IRQHandler                               
0000109f  DMA_INT2_IRQHandler                               
0000109f  DMA_INT3_IRQHandler                               
0000109f  DebugMon_Handler                                  
0000109f  Default_Handler                                   
0000109f  EUSCIA0_IRQHandler                                
0000109f  EUSCIA1_IRQHandler                                
0000109f  EUSCIA2_IRQHandler                                
0000109f  EUSCIA3_IRQHandler                                
0000109f  EUSCIB0_IRQHandler                                
0000109f  EUSCIB1_IRQHandler                                
0000109f  EUSCIB2_IRQHandler                                
0000109f  EUSCIB3_IRQHandler                                
0000109f  FLCTL_IRQHandler                                  
0000109f  FPU_IRQHandler                                    
0000109f  HardFault_Handler                                 
0000109f  MemManage_Handler                                 
0000109f  NMI_Handler                                       
0000109f  PCM_IRQHandler                                    
0000109f  PORT1_IRQHandler                                  
0000109f  PORT2_IRQHandler                                  
0000109f  PORT3_IRQHandler                                  
0000109f  PORT4_IRQHandler                                  
0000109f  PORT5_IRQHandler                                  
0000109f  PORT6_IRQHandler                                  
0000109f  PSS_IRQHandler                                    
0000109f  PendSV_Handler                                    
0000109f  RTC_C_IRQHandler                                  
0000109f  SVC_Handler                                       
0000109f  SysTick_Handler                                   
0000109f  T32_INT2_IRQHandler                               
0000109f  T32_INTC_IRQHandler                               
0000109f  TA0_0_IRQHandler                                  
0000109f  TA0_N_IRQHandler                                  
0000109f  TA1_0_IRQHandler                                  
0000109f  TA1_N_IRQHandler                                  
0000109f  TA2_0_IRQHandler                                  
0000109f  TA2_N_IRQHandler                                  
0000109f  TA3_0_IRQHandler                                  
0000109f  TA3_N_IRQHandler                                  
0000109f  UsageFault_Handler                                
0000109f  WDT_A_IRQHandler                                  
000010a1  _ZN4Task3runEv                                    
000010ad  _ZdlPv                                            
000010b5  __TI_decompress_rle24                             
000010bb  _system_pre_init                                  
000010c0  _ZTSN10__cxxabiv123__fundamental_type_infoE       
000010e8  _ZTSN10__cxxabiv120__si_class_type_infoE          
0000110d  _ZTSN10__cxxabiv119__pointer_type_infoE           
00001131  _ZTSN10__cxxabiv117__class_type_infoE             
00001153  _ZTSN10__cxxabiv117__pbase_type_infoE             
00001175  _ZTSe                                             
00001178  _ZTIPKe                                           
00001188  _ZTVN10__cxxabiv117__class_type_infoE             
00001198  _ZTVN10__cxxabiv119__pointer_type_infoE           
000011a8  _ZTVN10__cxxabiv120__si_class_type_infoE          
000011b8  _ZTVN10__cxxabiv123__fundamental_type_infoE       
000011c8  _ZTSSt9type_info                                  
000011d8  _ZTI3LED                                          
000011e4  _ZTIN10__cxxabiv117__class_type_infoE             
000011f0  _ZTIN10__cxxabiv117__pbase_type_infoE             
000011fc  _ZTIN10__cxxabiv119__pointer_type_infoE           
00001208  _ZTIN10__cxxabiv120__si_class_type_infoE          
00001214  _ZTIN10__cxxabiv123__fundamental_type_infoE       
00001220  _ZTV3LED                                          
0000122c  _ZTV4Task                                         
00001238  _ZTI4Task                                         
00001240  _ZTISt9type_info                                  
00001248  _ZTIe                                             
00001250  _ZTS4Task                                         
00001256  _ZTS3LED                                          
0000125b  _ZTSPKe                                           
00001294  __TI_Handler_Table_Base                           
0000129c  __TI_CINIT_Base                                   
0000129c  __TI_Handler_Table_Limit                          
000012ac  __TI_CINIT_Limit                                  
20000000  _sys_memory                                       
20000400  __TI_cleanup_ptr                                  
20000404  __TI_dtors_ptr                                    
20000408  __TI_enable_exit_profile_output                   
20000420  _ZN4Task14m_u8NextTaskIDE                         
20000424  _lock                                             
20000428  _unlock                                           
2000042c  main_func_sp                                      
20000430  SystemCoreClock                                   
20000434  _ZSt16__dummy_typeinfo                            
2000fe00  __stack                                           
20010000  __STACK_END                                       
4000480c  WDTCTL_SYM                                        
ffffffff  __TI_pprof_out_hndl                               
ffffffff  __TI_prof_data_size                               
ffffffff  __TI_prof_data_start                              
ffffffff  __binit__                                         
ffffffff  __c_args__                                        
ffffffff  binit                                             
UNDEFED   SHT$$INIT_ARRAY$$Base                             
UNDEFED   SHT$$INIT_ARRAY$$Limit                            

[197 symbols]
