******************************************************************************
                  TI ARM Linker PC v15.12.1                    
******************************************************************************
>> Linked Tue Nov 15 02:08:26 2016

OUTPUT FILE NAME:   <Lab2.out>
ENTRY POINT SYMBOL: "_c_int00"  address: 00004269


MEMORY CONFIGURATION

         name            origin    length      used     unused   attr    fill
----------------------  --------  ---------  --------  --------  ----  --------
  MAIN                  00000000   00040000  000048cd  0003b733  R  X
  INFO                  00200000   00004000  00000000  00004000  R  X
  SRAM_CODE             01000000   00010000  00005926  0000a6da  RW X
  SRAM_DATA             20000000   00010000  00005926  0000a6da  RW  


SEGMENT ALLOCATION MAP

run origin  load origin   length   init length attrs members
----------  ----------- ---------- ----------- ----- -------
00000000    00000000    000048d4   000048d4    r-x
  00000000    00000000    000000e4   000000e4    r-- .intvecs
  000000e4    000000e4    00004406   00004406    r-x .text
  000044ec    000044ec    0000034b   0000034b    r-- .const
  00004838    00004838    00000004   00000004    r-- .init_array
  00004840    00004840    00000094   00000094    r-- .cinit
20000000    20000000    00005730   00000000    rw-
  20000000    20000000    000000e4   00000000    rw- .vtable
  200000e8    200000e8    000051da   00000000    rw- .bss
  200052c8    200052c8    00000400   00000000    rw- .sysmem
  200056c8    200056c8    00000068   00000000    rw- .data
2000fe00    2000fe00    00000200   00000000    rw-
  2000fe00    2000fe00    00000200   00000000    rw- .stack


SECTION ALLOCATION MAP

 output                                  attributes/
section   page    origin      length       input sections
--------  ----  ----------  ----------   ----------------
.intvecs   0    00000000    000000e4     
                  00000000    000000e4     startup_msp432p401r_ccs.obj (.intvecs:retain)

.binit     0    00000000    00000000     

.text      0    000000e4    00004406     
                  000000e4    000008e0     adc14.obj (.text)
                  000009c4    000008b6     Scheduler.obj (.text)
                  0000127a    00000002     rtsv7M4_T_le_v4SPD16_eabi.lib : mpu_init.obj (.text)
                  0000127c    000008a4     spi.obj (.text)
                  00001b20    00000678     Crystalfontz128x128_ST7735.obj (.text)
                  00002198    00000528     main.obj (.text)
                  000026c0    00000480     gpio.obj (.text)
                  00002b40    000003f0     interrupt.obj (.text)
                  00002f30    000003dc     rtsv7M4_T_le_v4SPD16_eabi.lib : memory.obj (.text)
                  0000330c    00000370     system_msp432p401r.obj (.text)
                  0000367c    00000266     context.obj (.text)
                  000038e2    000001b6     rtsv7M4_T_le_v4SPD16_eabi.lib : fd_add_t2.obj (.text)
                  00003a98    000001b0     Screen.obj (.text)
                  00003c48    00000134     display.obj (.text)
                  00003d7c    000000fc     rtsv7M4_T_le_v4SPD16_eabi.lib : fd_mul_t2.obj (.text)
                  00003e78    000000bc     HAL_MSP_EXP432P401R_Crystalfontz128x128_ST7735.obj (.text)
                  00003f34    000000bc     rtsv7M4_T_le_v4SPD16_eabi.lib : typeinfo_.obj (.text)
                  00003ff0    0000009c                                   : memcpy_t2.obj (.text)
                  0000408c    00000084     LED.obj (.text)
                  00004110    0000007a     rtsv7M4_T_le_v4SPD16_eabi.lib : memset_t2.obj (.text)
                  0000418a    00000002                                   : startup.obj (.text)
                  0000418c    00000070                                   : autoinit.obj (.text)
                  000041fc    0000006a                                   : copy_decompress_rle.obj (.text)
                  00004266    00000002     --HOLE-- [fill = 0]
                  00004268    00000054                                   : boot.obj (.text)
                  000042bc    00000054                                   : exit.obj (.text)
                  00004310    0000004c                                   : cpy_tbl.obj (.text)
                  0000435c    00000048                                   : fd_toi_t2.obj (.text)
                  000043a4    00000044                                   : fd_tou_t2.obj (.text)
                  000043e8    0000003e     cpu.obj (.text)
                  00004426    0000002c     rtsv7M4_T_le_v4SPD16_eabi.lib : ull_tofd_t2.obj (.text)
                  00004452    00000002     --HOLE-- [fill = 0]
                  00004454    0000001c     Task.obj (.text)
                  00004470    00000018     rtsv7M4_T_le_v4SPD16_eabi.lib : args_main.obj (.text)
                  00004488    00000014     LED.obj (.text:_ZN4Task11readMessageEhy)
                  0000449c    00000014     rtsv7M4_T_le_v4SPD16_eabi.lib : _lock.obj (.text)
                  000044b0    0000000e                                   : copy_decompress_none.obj (.text:decompress:none)
                  000044be    0000000e     startup_msp432p401r_ccs.obj (.text)
                  000044cc    0000000c     Task.obj (.text:_ZN4Task3runEv)
                  000044d8    00000008     rtsv7M4_T_le_v4SPD16_eabi.lib : delete.obj (.text)
                  000044e0    00000006                                   : copy_decompress_rle.obj (.text:decompress:rle24)
                  000044e6    00000004                                   : pre_init.obj (.text)

.const     0    000044ec    0000034b     
                  000044ec    00000080     adc14.obj (.const:_ctlRegs)
                  0000456c    00000050     interrupt.obj (.const:g_pulRegs)
                  000045bc    0000002c     Crystalfontz128x128_ST7735.obj (.const:g_sCrystalfontz128x128)
                  000045e8    00000028     rtsv7M4_T_le_v4SPD16_eabi.lib : typeinfo_.obj (.const:.typeinfo:_ZTSN10__cxxabiv123__fundamental_type_infoE)
                  00004610    00000025                                   : typeinfo_.obj (.const:.typeinfo:_ZTSN10__cxxabiv120__si_class_type_infoE)
                  00004635    00000024                                   : typeinfo_.obj (.const:.typeinfo:_ZTSN10__cxxabiv119__pointer_type_infoE)
                  00004659    00000022                                   : typeinfo_.obj (.const:.typeinfo:_ZTSN10__cxxabiv117__class_type_infoE)
                  0000467b    00000022                                   : typeinfo_.obj (.const:.typeinfo:_ZTSN10__cxxabiv117__pbase_type_infoE)
                  0000469d    00000002                                   : typeinfo_.obj (.const:.typeinfo:_ZTSe)
                  0000469f    00000001     --HOLE-- [fill = 0]
                  000046a0    00000020     interrupt.obj (.const:g_pulPriority)
                  000046c0    0000001c     HAL_MSP_EXP432P401R_Crystalfontz128x128_ST7735.obj (.const:$P$T0$1)
                  000046dc    0000001c     gpio.obj (.const:GPIO_PORT_TO_INT)
                  000046f8    00000014     LED.obj (.const:_ZTV3LED)
                  0000470c    00000010     rtsv7M4_T_le_v4SPD16_eabi.lib : typeinfo_.obj (.const:.typeinfo:_ZTIPKe)
                  0000471c    00000010     Task.obj (.const:_ZTV4Task)
                  0000472c    00000010     Screen.obj (.const:_ZTV6screen)
                  0000473c    00000010     rtsv7M4_T_le_v4SPD16_eabi.lib : typeinfo_.obj (.const:_ZTVN10__cxxabiv117__class_type_infoE)
                  0000474c    00000010                                   : typeinfo_.obj (.const:_ZTVN10__cxxabiv119__pointer_type_infoE)
                  0000475c    00000010                                   : typeinfo_.obj (.const:_ZTVN10__cxxabiv120__si_class_type_infoE)
                  0000476c    00000010                                   : typeinfo_.obj (.const:_ZTVN10__cxxabiv123__fundamental_type_infoE)
                  0000477c    0000000d                                   : typeinfo_.obj (.const:.typeinfo:_ZTSSt9type_info)
                  00004789    00000003     --HOLE-- [fill = 0]
                  0000478c    0000000c     LED.obj (.const:.typeinfo:_ZTI3LED)
                  00004798    0000000c     Screen.obj (.const:.typeinfo:_ZTI6screen)
                  000047a4    0000000c     rtsv7M4_T_le_v4SPD16_eabi.lib : typeinfo_.obj (.const:.typeinfo:_ZTIN10__cxxabiv117__class_type_infoE)
                  000047b0    0000000c                                   : typeinfo_.obj (.const:.typeinfo:_ZTIN10__cxxabiv117__pbase_type_infoE)
                  000047bc    0000000c                                   : typeinfo_.obj (.const:.typeinfo:_ZTIN10__cxxabiv119__pointer_type_infoE)
                  000047c8    0000000c                                   : typeinfo_.obj (.const:.typeinfo:_ZTIN10__cxxabiv120__si_class_type_infoE)
                  000047d4    0000000c                                   : typeinfo_.obj (.const:.typeinfo:_ZTIN10__cxxabiv123__fundamental_type_infoE)
                  000047e0    00000008     Crystalfontz128x128_ST7735.obj (.const:$P$T0$1)
                  000047e8    00000008     LED.obj (.const:.typeinfo:_ZTI4Task)
                  000047f0    00000008     rtsv7M4_T_le_v4SPD16_eabi.lib : typeinfo_.obj (.const:.typeinfo:_ZTISt9type_info)
                  000047f8    00000008                                   : typeinfo_.obj (.const:.typeinfo:_ZTIe)
                  00004800    00000008     Screen.obj (.const:.typeinfo:_ZTS6screen)
                  00004808    00000008     interrupt.obj (.const:g_pulDisRegs)
                  00004810    00000008     interrupt.obj (.const:g_pulEnRegs)
                  00004818    00000008     interrupt.obj (.const:g_pulPendRegs)
                  00004820    00000008     interrupt.obj (.const:g_pulUnpendRegs)
                  00004828    00000006     LED.obj (.const:.typeinfo:_ZTS4Task)
                  0000482e    00000005     LED.obj (.const:.typeinfo:_ZTS3LED)
                  00004833    00000004     rtsv7M4_T_le_v4SPD16_eabi.lib : typeinfo_.obj (.const:.typeinfo:_ZTSPKe)

.init_array 
*          0    00004838    00000004     
                  00004838    00000004     main.obj (.init_array)

.cinit     0    00004840    00000094     
                  00004840    00000052     (.cinit..data.load) [load image, compression = rle]
                  00004892    00000006     --HOLE-- [fill = 0]
                  00004898    0000000b     (.cinit..bss.load) [load image, compression = rle]
                  000048a3    00000005     --HOLE-- [fill = 0]
                  000048a8    00000009     (.cinit..vtable.load) [load image, compression = rle]
                  000048b1    00000003     --HOLE-- [fill = 0]
                  000048b4    00000008     (__TI_handler_table)
                  000048bc    00000018     (__TI_cinit_table)

.vtable    0    20000000    000000e4     UNINITIALIZED
                  20000000    000000e4     interrupt.obj (.vtable)

.bss       0    200000e8    000051da     UNINITIALIZED
                  200000e8    000051a0     main.obj (.bss:MainScheduler)
                  20005288    0000001c     (.common:g_sContext)
                  200052a4    00000008     (.common:g_sLand)
                  200052ac    00000008     (.common:g_sSky)
                  200052b4    00000004     (.common:_ZSt16__dummy_typeinfo)
                  200052b8    00000002     (.common:Lcd_ScreenHeigth)
                  200052ba    00000002     (.common:Lcd_ScreenWidth)
                  200052bc    00000002     (.common:Lcd_TouchTrim)
                  200052be    00000001     (.common:Lcd_FlagRead)
                  200052bf    00000001     (.common:Lcd_FontSolid)
                  200052c0    00000001     (.common:Lcd_Orientation)
                  200052c1    00000001     (.common:Lcd_PenSolid)

.sysmem    0    200052c8    00000400     UNINITIALIZED
                  200052c8    00000008     rtsv7M4_T_le_v4SPD16_eabi.lib : memory.obj (.sysmem)
                  200052d0    000003f8     --HOLE--

.data      0    200056c8    00000068     UNINITIALIZED
                  200056c8    00000030     gpio.obj (.data:GPIO_PORT_TO_BASE)
                  200056f8    0000000e     main.obj (.data)
                  20005706    00000002     --HOLE--
                  20005708    0000000c     rtsv7M4_T_le_v4SPD16_eabi.lib : exit.obj (.data:$O1$$)
                  20005714    0000000c                                   : memory.obj (.data:$O1$$)
                  20005720    00000008                                   : _lock.obj (.data:$O1$$)
                  20005728    00000004                                   : stkdepth_vars.obj (.data)
                  2000572c    00000004     system_msp432p401r.obj (.data)

.stack     0    2000fe00    00000200     UNINITIALIZED
                  2000fe00    00000200     --HOLE--

MODULE SUMMARY

       Module                                               code    ro data   rw data
       ------                                               ----    -------   -------
    .\
       main.obj                                             1320    4         41908  
       Scheduler.obj                                        2230    0         0      
       system_msp432p401r.obj                               880     0         8      
       Screen.obj                                           432     36        0      
       startup_msp432p401r_ccs.obj                          14      228       0      
       LED.obj                                              152     51        0      
       Task.obj                                             40      16        0      
    +--+----------------------------------------------------+-------+---------+---------+
       Total:                                               5068    335       41916  
                                                                                     
    .\GrLib\grlib\
       context.obj                                          614     0         0      
       display.obj                                          308     0         0      
    +--+----------------------------------------------------+-------+---------+---------+
       Total:                                               922     0         0      
                                                                                     
    .\LcdDriver\
       Crystalfontz128x128_ST7735.obj                       1656    52        20     
       HAL_MSP_EXP432P401R_Crystalfontz128x128_ST7735.obj   188     28        0      
    +--+----------------------------------------------------+-------+---------+---------+
       Total:                                               1844    80        20     
                                                                                     
    .\driverlib\MSP432P4xx\
       adc14.obj                                            2272    128       0      
       spi.obj                                              2212    0         0      
       interrupt.obj                                        1008    144       456    
       gpio.obj                                             1152    28        96     
       cpu.obj                                              62      0         0      
    +--+----------------------------------------------------+-------+---------+---------+
       Total:                                               6706    300       552    
                                                                                     
    C:\ti\ccsv6\tools\compiler\ti-cgt-arm_15.12.1.LTS\lib\rtsv7M4_T_le_v4SPD16_eabi.lib
       memory.obj                                           988     0         24     
       typeinfo_.obj                                        188     356       8      
       fd_add_t2.obj                                        438     0         0      
       fd_mul_t2.obj                                        252     0         0      
       memcpy_t2.obj                                        156     0         0      
       memset_t2.obj                                        122     0         0      
       autoinit.obj                                         112     0         0      
       copy_decompress_rle.obj                              112     0         0      
       exit.obj                                             84      0         24     
       boot.obj                                             84      0         0      
       cpy_tbl.obj                                          76      0         0      
       fd_toi_t2.obj                                        72      0         0      
       fd_tou_t2.obj                                        68      0         0      
       ull_tofd_t2.obj                                      44      0         0      
       _lock.obj                                            20      0         16     
       args_main.obj                                        24      0         0      
       copy_decompress_none.obj                             14      0         0      
       delete.obj                                           8       0         0      
       stkdepth_vars.obj                                    0       0         8      
       pre_init.obj                                         4       0         0      
       mpu_init.obj                                         2       0         0      
       startup.obj                                          2       0         0      
    +--+----------------------------------------------------+-------+---------+---------+
       Total:                                               2870    356       80     
                                                                                     
       Heap:                                                0       0         2048   
       Stack:                                               0       0         1024   
       Linker Generated:                                    0       134       0      
    +--+----------------------------------------------------+-------+---------+---------+
       Grand Total:                                         17410   1205      45640  


LINKER GENERATED COPY TABLES

__TI_cinit_table @ 000048bc records: 3, size/record: 8, table size: 24
	.data: load addr=00004840, load size=00000052 bytes, run addr=200056c8, run size=00000068 bytes, compression=rle
	.bss: load addr=00004898, load size=0000000b bytes, run addr=200000e8, run size=000051da bytes, compression=rle
	.vtable: load addr=000048a8, load size=00000009 bytes, run addr=20000000, run size=000000e4 bytes, compression=rle


LINKER GENERATED HANDLER TABLE

__TI_handler_table @ 000048b4 records: 2, size/record: 4, table size: 8
	index: 0, handler: __TI_decompress_rle24
	index: 1, handler: __TI_decompress_none


GLOBAL SYMBOLS: SORTED ALPHABETICALLY BY Name 

address   name                                                     
-------   ----                                                     
0000259d  ADC14_IRQHandler                                         
0000259d  ADC14_IRQHandler                                         
00000939  ADC14_clearInterruptFlag                                 
000004d9  ADC14_configureConversionMemory                          
00000381  ADC14_configureMultiSequenceMode                         
00000417  ADC14_configureSingleSampleMode                          
00000611  ADC14_disableComparatorWindow                            
000004af  ADC14_disableConversion                                  
000008b3  ADC14_disableInterrupt                                   
00000255  ADC14_disableModule                                      
0000082f  ADC14_disableReferenceBurst                              
00000295  ADC14_disableSampleTimer                                 
00000581  ADC14_enableComparatorWindow                             
0000046d  ADC14_enableConversion                                   
00000887  ADC14_enableInterrupt                                    
0000024d  ADC14_enableModule                                       
00000819  ADC14_enableReferenceBurst                               
0000026b  ADC14_enableSampleTimer                                  
00000909  ADC14_getEnabledInterruptStatus                          
000008df  ADC14_getInterruptStatus                                 
00000739  ADC14_getMultiSequenceResult                             
0000030b  ADC14_getResolution                                      
0000071f  ADC14_getResult                                          
000007a5  ADC14_getResultArray                                     
000002ab  ADC14_initModule                                         
000004bb  ADC14_isBusy                                             
00000969  ADC14_registerInterrupt                                  
0000066f  ADC14_setComparatorWindowValue                           
00000845  ADC14_setPowerMode                                       
000002f1  ADC14_setResolution                                      
000006f5  ADC14_setResultFormat                                    
00000357  ADC14_setSampleHoldTime                                  
00000315  ADC14_setSampleHoldTrigger                               
0000048d  ADC14_toggleConversionTrigger                            
0000097d  ADC14_unregisterInterrupt                                
000044cb  AES256_IRQHandler                                        
000044cb  BusFault_Handler                                         
000042bd  C$$EXIT                                                  
000044cb  COMP_E0_IRQHandler                                       
000044cb  COMP_E1_IRQHandler                                       
0000441d  CPU_basepriGet                                           
0000440f  CPU_basepriSet                                           
000043e9  CPU_cpsid                                                
000043ff  CPU_cpsie                                                
000043f5  CPU_primask                                              
0000440b  CPU_wfi                                                  
000044cb  CS_IRQHandler                                            
00001b21  Crystalfontz128x128_Init                                 
00001c35  Crystalfontz128x128_SetDrawFrame                         
00001d63  Crystalfontz128x128_SetOrientation                       
000044cb  DMA_ERR_IRQHandler                                       
000044cb  DMA_INT0_IRQHandler                                      
000044cb  DMA_INT1_IRQHandler                                      
000044cb  DMA_INT2_IRQHandler                                      
000044cb  DMA_INT3_IRQHandler                                      
000044cb  DebugMon_Handler                                         
000044cb  Default_Handler                                          
000044cb  EUSCIA0_IRQHandler                                       
000044cb  EUSCIA1_IRQHandler                                       
000044cb  EUSCIA2_IRQHandler                                       
000044cb  EUSCIA3_IRQHandler                                       
000044cb  EUSCIB0_IRQHandler                                       
000044cb  EUSCIB1_IRQHandler                                       
000044cb  EUSCIB2_IRQHandler                                       
000044cb  EUSCIB3_IRQHandler                                       
000019eb  EUSCI_A_SPI_changeClockPhasePolarity                     
00001a9f  EUSCI_A_SPI_clearInterruptFlag                           
00001acf  EUSCI_A_SPI_disable                                      
00001a6d  EUSCI_A_SPI_disableInterrupt                             
00001ab9  EUSCI_A_SPI_enable                                       
00001a53  EUSCI_A_SPI_enableInterrupt                              
00001a87  EUSCI_A_SPI_getInterruptStatus                           
00001ae5  EUSCI_A_SPI_getReceiveBufferAddressForDMA                
00001af3  EUSCI_A_SPI_getTransmitBufferAddressForDMA               
00001b01  EUSCI_A_SPI_isBusy                                       
0000196b  EUSCI_A_SPI_masterChangeClock                            
00001a43  EUSCI_A_SPI_receiveData                                  
0000194b  EUSCI_A_SPI_select4PinFunctionality                      
000019a1  EUSCI_A_SPI_slaveInit                                    
00001a2d  EUSCI_A_SPI_transmitData                                 
0000181d  EUSCI_B_SPI_changeClockPhasePolarity                     
000018d1  EUSCI_B_SPI_clearInterruptFlag                           
00001901  EUSCI_B_SPI_disable                                      
0000189f  EUSCI_B_SPI_disableInterrupt                             
000018eb  EUSCI_B_SPI_enable                                       
00001885  EUSCI_B_SPI_enableInterrupt                              
000018b9  EUSCI_B_SPI_getInterruptStatus                           
00001917  EUSCI_B_SPI_getReceiveBufferAddressForDMA                
00001925  EUSCI_B_SPI_getTransmitBufferAddressForDMA               
00001933  EUSCI_B_SPI_isBusy                                       
000017a1  EUSCI_B_SPI_masterChangeClock                            
00001875  EUSCI_B_SPI_receiveData                                  
00001781  EUSCI_B_SPI_select4PinFunctionality                      
000017d3  EUSCI_B_SPI_slaveInit                                    
0000185f  EUSCI_B_SPI_transmitData                                 
000044cb  FLCTL_IRQHandler                                         
000044cb  FPU_IRQHandler                                           
000029e3  GPIO_clearInterruptFlag                                  
000029a3  GPIO_disableInterrupt                                    
00002981  GPIO_enableInterrupt                                     
00002a3b  GPIO_getEnabledInterruptStatus                           
00002953  GPIO_getInputPinValue                                    
000029c5  GPIO_getInterruptStatus                                  
00002a05  GPIO_interruptEdgeSelect                                 
00002afb  GPIO_registerInterrupt                                   
000026fb  GPIO_setAsInputPin                                       
000028af  GPIO_setAsInputPinWithPullDownResistor                   
00002901  GPIO_setAsInputPinWithPullUpResistor                     
000026c1  GPIO_setAsOutputPin                                      
000027c5  GPIO_setAsPeripheralModuleFunctionInputPin               
00002741  GPIO_setAsPeripheralModuleFunctionOutputPin              
00002ab7  GPIO_setDriveStrengthHigh                                
00002ad9  GPIO_setDriveStrengthLow                                 
00002849  GPIO_setOutputHighOnPin                                  
0000286b  GPIO_setOutputLowOnPin                                   
0000288d  GPIO_toggleOutputOnPin                                   
00002b1b  GPIO_unregisterInterrupt                                 
00003869  Graphics_clearDisplay                                    
00003d65  Graphics_clearDisplayOnDisplay                           
00003cb7  Graphics_drawHorizontalLineOnDisplay                     
00003c73  Graphics_drawMultiplePixelsOnDisplay                     
0000387b  Graphics_drawPixel                                       
00003c49  Graphics_drawPixelOnDisplay                              
00003ceb  Graphics_drawVerticalLineOnDisplay                       
00003d1f  Graphics_fillRectangleOnDisplay                          
0000385b  Graphics_flushBuffer                                     
00003d53  Graphics_flushOnDisplay                                  
0000383d  Graphics_getDisplayHeight                                
0000382d  Graphics_getDisplayWidth                                 
000037db  Graphics_getFontBaseline                                 
00003811  Graphics_getFontHeight                                   
0000381f  Graphics_getFontMaxWidth                                 
0000384d  Graphics_getHeightOfDisplay                              
000038d5  Graphics_getWidthOfDisplay                               
0000367d  Graphics_initContext                                     
00003791  Graphics_setBackgroundColor                              
000037ab  Graphics_setBackgroundColorTranslated                    
000036c7  Graphics_setClipRegion                                   
000037c1  Graphics_setFont                                         
000037e9  Graphics_setForegroundColor                              
000037ff  Graphics_setForegroundColorTranslated                    
00003d3d  Graphics_translateColorOnDisplay                         
00003e79  HAL_LCD_PortInit                                         
00003ea9  HAL_LCD_SpiInit                                          
00003edf  HAL_LCD_writeCommand                                     
00003f07  HAL_LCD_writeData                                        
000044cb  HardFault_Handler                                        
00002d03  Interrupt_disableInterrupt                               
00002b53  Interrupt_disableMaster                                  
00002f01  Interrupt_disableSleepOnIsrExit                          
00002c91  Interrupt_enableInterrupt                                
00002b43  Interrupt_enableMaster                                   
00002eef  Interrupt_enableSleepOnIsrExit                           
00002c6b  Interrupt_getPriority                                    
00002be3  Interrupt_getPriorityGrouping                            
00002ecf  Interrupt_getPriorityMask                                
00002ee9  Interrupt_getVectorTableAddress                          
00002d75  Interrupt_isEnabled                                      
00002e01  Interrupt_pendInterrupt                                  
00002b63  Interrupt_registerInterrupt                              
00002c1b  Interrupt_setPriority                                    
00002bc9  Interrupt_setPriorityGrouping                            
00002ebf  Interrupt_setPriorityMask                                
00002ed9  Interrupt_setVectorTableAddress                          
00002e71  Interrupt_unpendInterrupt                                
00002bb5  Interrupt_unregisterInterrupt                            
200052be  Lcd_FlagRead                                             
200052bf  Lcd_FontSolid                                            
200052c0  Lcd_Orientation                                          
200052c1  Lcd_PenSolid                                             
200052b8  Lcd_ScreenHeigth                                         
200052ba  Lcd_ScreenWidth                                          
200052bc  Lcd_TouchTrim                                            
200000e8  MainScheduler                                            
000044cb  MemManage_Handler                                        
000044cb  NMI_Handler                                              
000044cb  PCM_IRQHandler                                           
00002565  PORT1_IRQHandler                                         
00002565  PORT1_IRQHandler                                         
000044cb  PORT2_IRQHandler                                         
000044cb  PORT3_IRQHandler                                         
000044cb  PORT4_IRQHandler                                         
000044cb  PORT5_IRQHandler                                         
000044cb  PORT6_IRQHandler                                         
000044cb  PSS_IRQHandler                                           
000044cb  PendSV_Handler                                           
000044cb  RTC_C_IRQHandler                                         
000044bf  Reset_Handler                                            
00004838  SHT$$INIT_ARRAY$$Base                                    
0000483c  SHT$$INIT_ARRAY$$Limit                                   
0000143f  SPI_changeClockPhasePolarity                             
00001399  SPI_changeMasterClock                                    
000015f1  SPI_clearInterruptFlag                                   
00001573  SPI_disableInterrupt                                     
000014cd  SPI_disableModule                                        
0000154d  SPI_enableInterrupt                                      
000014b1  SPI_enableModule                                         
000015c1  SPI_getEnabledInterruptStatus                            
00001599  SPI_getInterruptStatus                                   
000014e9  SPI_getReceiveBufferAddressForDMA                        
00001505  SPI_getTransmitBufferAddressForDMA                       
000012ad  SPI_initMaster                                           
000013c1  SPI_initSlave                                            
00001531  SPI_isBusy                                               
00001495  SPI_receiveData                                          
00001617  SPI_registerInterrupt                                    
00001373  SPI_selectFourPinFunctionality                           
0000146f  SPI_transmitData                                         
000016d5  SPI_unregisterInterrupt                                  
000044cb  SVC_Handler                                              
000044cb  SysTick_Handler                                          
2000572c  SystemCoreClock                                          
0000330d  SystemCoreClockUpdate                                    
00003581  SystemInit                                               
00002509  T32_INT1_IRQHandler                                      
00002509  T32_INT1_IRQHandler                                      
000044cb  T32_INT2_IRQHandler                                      
000044cb  T32_INTC_IRQHandler                                      
000044cb  TA0_0_IRQHandler                                         
000044cb  TA0_N_IRQHandler                                         
000044cb  TA1_0_IRQHandler                                         
000044cb  TA1_N_IRQHandler                                         
000044cb  TA2_0_IRQHandler                                         
000044cb  TA2_N_IRQHandler                                         
000044cb  TA3_0_IRQHandler                                         
000044cb  TA3_N_IRQHandler                                         
000044cb  UsageFault_Handler                                       
4000480c  WDTCTL_SYM                                               
000044cb  WDT_A_IRQHandler                                         
00002277  _Z5Setupv                                                
00003fe1  _ZN10__cxxabiv116__enum_type_infoD0Ev                    
00003fdf  _ZN10__cxxabiv116__enum_type_infoD1Ev                    
00003fdf  _ZN10__cxxabiv116__enum_type_infoD2Ev                    
00003fd7  _ZN10__cxxabiv117__array_type_infoD0Ev                   
00003fd5  _ZN10__cxxabiv117__array_type_infoD1Ev                   
00003fd5  _ZN10__cxxabiv117__array_type_infoD2Ev                   
00003fcd  _ZN10__cxxabiv117__class_type_infoD0Ev                   
00003fcb  _ZN10__cxxabiv117__class_type_infoD1Ev                   
00003fcb  _ZN10__cxxabiv117__class_type_infoD2Ev                   
00003fc3  _ZN10__cxxabiv117__pbase_type_infoD0Ev                   
00003fc1  _ZN10__cxxabiv117__pbase_type_infoD1Ev                   
00003fc1  _ZN10__cxxabiv117__pbase_type_infoD2Ev                   
00003fb9  _ZN10__cxxabiv119__pointer_type_infoD0Ev                 
00003fb7  _ZN10__cxxabiv119__pointer_type_infoD1Ev                 
00003fb7  _ZN10__cxxabiv119__pointer_type_infoD2Ev                 
00003faf  _ZN10__cxxabiv120__function_type_infoD0Ev                
00003fad  _ZN10__cxxabiv120__function_type_infoD1Ev                
00003fad  _ZN10__cxxabiv120__function_type_infoD2Ev                
00003fa5  _ZN10__cxxabiv120__si_class_type_infoD0Ev                
00003fa3  _ZN10__cxxabiv120__si_class_type_infoD1Ev                
00003fa3  _ZN10__cxxabiv120__si_class_type_infoD2Ev                
00003f9b  _ZN10__cxxabiv121__vmi_class_type_infoD0Ev               
00003f99  _ZN10__cxxabiv121__vmi_class_type_infoD1Ev               
00003f99  _ZN10__cxxabiv121__vmi_class_type_infoD2Ev               
00003f91  _ZN10__cxxabiv123__fundamental_type_infoD0Ev             
00003f8f  _ZN10__cxxabiv123__fundamental_type_infoD1Ev             
00003f8f  _ZN10__cxxabiv123__fundamental_type_infoD2Ev             
00003f87  _ZN10__cxxabiv129__pointer_to_member_type_infoD0Ev       
00003f85  _ZN10__cxxabiv129__pointer_to_member_type_infoD1Ev       
00003f85  _ZN10__cxxabiv129__pointer_to_member_type_infoD2Ev       
000040dd  _ZN3LED11readMessageEhh                                  
000040c5  _ZN3LED3runEv                                            
0000408d  _ZN3LEDC1Ehh                                             
0000408d  _ZN3LEDC2Ehh                                             
00004489  _ZN4Task11readMessageEhy                                 
000044cd  _ZN4Task3runEv                                           
00004455  _ZN4TaskC1Ev                                             
00004455  _ZN4TaskC2Ev                                             
00003b93  _ZN6screen11readMessageEhy                               
00003af1  _ZN6screen3runEv                                         
00003a99  _ZN6screenC1EhP16Graphics_ContextP18Graphics_RectangleS3_
00003a99  _ZN6screenC2EhP16Graphics_ContextP18Graphics_RectangleS3_
00001163  _ZN9Scheduler10runMessageEhh                             
00000bef  _ZN9Scheduler13attachMessageEhhby                        
00000d1b  _ZN9Scheduler17CalculateScheduleEv                       
0000126d  _ZN9Scheduler22SortScheduleByPriorityEP4Task             
00000cb1  _ZN9Scheduler3runEv                                      
000010b9  _ZN9Scheduler5cleanEh                                    
00000a9f  _ZN9Scheduler6attachEP4Taskb                             
00000b37  _ZN9Scheduler6attachEP4Taskyb                            
00000f5d  _ZN9Scheduler7mailManEv                                  
00001117  _ZN9Scheduler9cleanMailEv                                
000009c5  _ZN9SchedulerC1Ev                                        
000009c5  _ZN9SchedulerC2Ev                                        
00003f47  _ZNKSt9type_info4nameEv                                  
00003f77  _ZNKSt9type_info6beforeERKS_                             
00003f61  _ZNKSt9type_infoeqERKS_                                  
00003f4b  _ZNKSt9type_infoneERKS_                                  
00003f3f  _ZNSt9type_infoD0Ev                                      
00003f3d  _ZNSt9type_infoD1Ev                                      
00003f3d  _ZNSt9type_infoD2Ev                                      
200052b4  _ZSt16__dummy_typeinfo                                   
00003f35  _ZSt21__gen_dummy_typeinfosv                             
0000478c  _ZTI3LED                                                 
000047e8  _ZTI4Task                                                
00004798  _ZTI6screen                                              
000047a4  _ZTIN10__cxxabiv117__class_type_infoE                    
000047b0  _ZTIN10__cxxabiv117__pbase_type_infoE                    
000047bc  _ZTIN10__cxxabiv119__pointer_type_infoE                  
000047c8  _ZTIN10__cxxabiv120__si_class_type_infoE                 
000047d4  _ZTIN10__cxxabiv123__fundamental_type_infoE              
0000470c  _ZTIPKe                                                  
000047f0  _ZTISt9type_info                                         
000047f8  _ZTIe                                                    
0000482e  _ZTS3LED                                                 
00004828  _ZTS4Task                                                
00004800  _ZTS6screen                                              
00004659  _ZTSN10__cxxabiv117__class_type_infoE                    
0000467b  _ZTSN10__cxxabiv117__pbase_type_infoE                    
00004635  _ZTSN10__cxxabiv119__pointer_type_infoE                  
00004610  _ZTSN10__cxxabiv120__si_class_type_infoE                 
000045e8  _ZTSN10__cxxabiv123__fundamental_type_infoE              
00004833  _ZTSPKe                                                  
0000477c  _ZTSSt9type_info                                         
0000469d  _ZTSe                                                    
000046f8  _ZTV3LED                                                 
0000471c  _ZTV4Task                                                
0000472c  _ZTV6screen                                              
0000473c  _ZTVN10__cxxabiv117__class_type_infoE                    
0000474c  _ZTVN10__cxxabiv119__pointer_type_infoE                  
0000475c  _ZTVN10__cxxabiv120__si_class_type_infoE                 
0000476c  _ZTVN10__cxxabiv123__fundamental_type_infoE              
000044d9  _ZdlPv                                                   
20010000  __STACK_END                                              
00000200  __STACK_SIZE                                             
00000400  __SYSMEM_SIZE                                            
000048bc  __TI_CINIT_Base                                          
000048d4  __TI_CINIT_Limit                                         
000048b4  __TI_Handler_Table_Base                                  
000048bc  __TI_Handler_Table_Limit                                 
0000418d  __TI_auto_init                                           
20005708  __TI_cleanup_ptr                                         
000044b1  __TI_decompress_none                                     
000044e1  __TI_decompress_rle24                                    
2000570c  __TI_dtors_ptr                                           
20005710  __TI_enable_exit_profile_output                          
ffffffff  __TI_pprof_out_hndl                                      
ffffffff  __TI_prof_data_size                                      
ffffffff  __TI_prof_data_start                                     
00000000  __TI_static_base__                                       
0000435d  __aeabi_d2iz                                             
000043a5  __aeabi_d2uiz                                            
000038ed  __aeabi_dadd                                             
00003d7d  __aeabi_dmul                                             
000038e3  __aeabi_dsub                                             
00004111  __aeabi_memclr                                           
00004111  __aeabi_memclr4                                          
00004111  __aeabi_memclr8                                          
00003ff1  __aeabi_memcpy                                           
00003ff1  __aeabi_memcpy4                                          
00003ff1  __aeabi_memcpy8                                          
00004113  __aeabi_memset                                           
00004113  __aeabi_memset4                                          
00004113  __aeabi_memset8                                          
00004427  __aeabi_ul2d                                             
ffffffff  __binit__                                                
ffffffff  __c_args__                                               
0000127b  __mpu_init                                               
2000fe00  __stack                                                  
0000261d  __sti___8_main_cpp_4feb3ddf                              
00004471  _args_main                                               
00004269  _c_int00                                                 
20005720  _lock                                                    
000044ab  _nop                                                     
000044a3  _register_lock                                           
0000449d  _register_unlock                                         
200052c8  _sys_memory                                              
0000418b  _system_post_cinit                                       
000044e7  _system_pre_init                                         
20005724  _unlock                                                  
000042c1  abort                                                    
ffffffff  binit                                                    
000032d9  calloc                                                   
00004311  copy_in                                                  
20005704  debounce                                                 
20005705  debounceCount                                            
20005700  dummycount                                               
000042c9  exit                                                     
00003027  free                                                     
20000000  g_pfnRAMVectors                                          
20005288  g_sContext                                               
000045bc  g_sCrystalfontz128x128                                   
200052a4  g_sLand                                                  
200052ac  g_sSky                                                   
00000000  interruptVectors                                         
000021ff  main                                                     
20005728  main_func_sp                                             
00002fbf  malloc                                                   
000031f5  memalign                                                 
00003ff1  memcpy                                                   
00004119  memset                                                   
00002f31  minit                                                    
000030e9  realloc                                                  


GLOBAL SYMBOLS: SORTED BY Symbol Address 

address   name                                                     
-------   ----                                                     
00000000  __TI_static_base__                                       
00000000  interruptVectors                                         
00000200  __STACK_SIZE                                             
0000024d  ADC14_enableModule                                       
00000255  ADC14_disableModule                                      
0000026b  ADC14_enableSampleTimer                                  
00000295  ADC14_disableSampleTimer                                 
000002ab  ADC14_initModule                                         
000002f1  ADC14_setResolution                                      
0000030b  ADC14_getResolution                                      
00000315  ADC14_setSampleHoldTrigger                               
00000357  ADC14_setSampleHoldTime                                  
00000381  ADC14_configureMultiSequenceMode                         
00000400  __SYSMEM_SIZE                                            
00000417  ADC14_configureSingleSampleMode                          
0000046d  ADC14_enableConversion                                   
0000048d  ADC14_toggleConversionTrigger                            
000004af  ADC14_disableConversion                                  
000004bb  ADC14_isBusy                                             
000004d9  ADC14_configureConversionMemory                          
00000581  ADC14_enableComparatorWindow                             
00000611  ADC14_disableComparatorWindow                            
0000066f  ADC14_setComparatorWindowValue                           
000006f5  ADC14_setResultFormat                                    
0000071f  ADC14_getResult                                          
00000739  ADC14_getMultiSequenceResult                             
000007a5  ADC14_getResultArray                                     
00000819  ADC14_enableReferenceBurst                               
0000082f  ADC14_disableReferenceBurst                              
00000845  ADC14_setPowerMode                                       
00000887  ADC14_enableInterrupt                                    
000008b3  ADC14_disableInterrupt                                   
000008df  ADC14_getInterruptStatus                                 
00000909  ADC14_getEnabledInterruptStatus                          
00000939  ADC14_clearInterruptFlag                                 
00000969  ADC14_registerInterrupt                                  
0000097d  ADC14_unregisterInterrupt                                
000009c5  _ZN9SchedulerC1Ev                                        
000009c5  _ZN9SchedulerC2Ev                                        
00000a9f  _ZN9Scheduler6attachEP4Taskb                             
00000b37  _ZN9Scheduler6attachEP4Taskyb                            
00000bef  _ZN9Scheduler13attachMessageEhhby                        
00000cb1  _ZN9Scheduler3runEv                                      
00000d1b  _ZN9Scheduler17CalculateScheduleEv                       
00000f5d  _ZN9Scheduler7mailManEv                                  
000010b9  _ZN9Scheduler5cleanEh                                    
00001117  _ZN9Scheduler9cleanMailEv                                
00001163  _ZN9Scheduler10runMessageEhh                             
0000126d  _ZN9Scheduler22SortScheduleByPriorityEP4Task             
0000127b  __mpu_init                                               
000012ad  SPI_initMaster                                           
00001373  SPI_selectFourPinFunctionality                           
00001399  SPI_changeMasterClock                                    
000013c1  SPI_initSlave                                            
0000143f  SPI_changeClockPhasePolarity                             
0000146f  SPI_transmitData                                         
00001495  SPI_receiveData                                          
000014b1  SPI_enableModule                                         
000014cd  SPI_disableModule                                        
000014e9  SPI_getReceiveBufferAddressForDMA                        
00001505  SPI_getTransmitBufferAddressForDMA                       
00001531  SPI_isBusy                                               
0000154d  SPI_enableInterrupt                                      
00001573  SPI_disableInterrupt                                     
00001599  SPI_getInterruptStatus                                   
000015c1  SPI_getEnabledInterruptStatus                            
000015f1  SPI_clearInterruptFlag                                   
00001617  SPI_registerInterrupt                                    
000016d5  SPI_unregisterInterrupt                                  
00001781  EUSCI_B_SPI_select4PinFunctionality                      
000017a1  EUSCI_B_SPI_masterChangeClock                            
000017d3  EUSCI_B_SPI_slaveInit                                    
0000181d  EUSCI_B_SPI_changeClockPhasePolarity                     
0000185f  EUSCI_B_SPI_transmitData                                 
00001875  EUSCI_B_SPI_receiveData                                  
00001885  EUSCI_B_SPI_enableInterrupt                              
0000189f  EUSCI_B_SPI_disableInterrupt                             
000018b9  EUSCI_B_SPI_getInterruptStatus                           
000018d1  EUSCI_B_SPI_clearInterruptFlag                           
000018eb  EUSCI_B_SPI_enable                                       
00001901  EUSCI_B_SPI_disable                                      
00001917  EUSCI_B_SPI_getReceiveBufferAddressForDMA                
00001925  EUSCI_B_SPI_getTransmitBufferAddressForDMA               
00001933  EUSCI_B_SPI_isBusy                                       
0000194b  EUSCI_A_SPI_select4PinFunctionality                      
0000196b  EUSCI_A_SPI_masterChangeClock                            
000019a1  EUSCI_A_SPI_slaveInit                                    
000019eb  EUSCI_A_SPI_changeClockPhasePolarity                     
00001a2d  EUSCI_A_SPI_transmitData                                 
00001a43  EUSCI_A_SPI_receiveData                                  
00001a53  EUSCI_A_SPI_enableInterrupt                              
00001a6d  EUSCI_A_SPI_disableInterrupt                             
00001a87  EUSCI_A_SPI_getInterruptStatus                           
00001a9f  EUSCI_A_SPI_clearInterruptFlag                           
00001ab9  EUSCI_A_SPI_enable                                       
00001acf  EUSCI_A_SPI_disable                                      
00001ae5  EUSCI_A_SPI_getReceiveBufferAddressForDMA                
00001af3  EUSCI_A_SPI_getTransmitBufferAddressForDMA               
00001b01  EUSCI_A_SPI_isBusy                                       
00001b21  Crystalfontz128x128_Init                                 
00001c35  Crystalfontz128x128_SetDrawFrame                         
00001d63  Crystalfontz128x128_SetOrientation                       
000021ff  main                                                     
00002277  _Z5Setupv                                                
00002509  T32_INT1_IRQHandler                                      
00002509  T32_INT1_IRQHandler                                      
00002565  PORT1_IRQHandler                                         
00002565  PORT1_IRQHandler                                         
0000259d  ADC14_IRQHandler                                         
0000259d  ADC14_IRQHandler                                         
0000261d  __sti___8_main_cpp_4feb3ddf                              
000026c1  GPIO_setAsOutputPin                                      
000026fb  GPIO_setAsInputPin                                       
00002741  GPIO_setAsPeripheralModuleFunctionOutputPin              
000027c5  GPIO_setAsPeripheralModuleFunctionInputPin               
00002849  GPIO_setOutputHighOnPin                                  
0000286b  GPIO_setOutputLowOnPin                                   
0000288d  GPIO_toggleOutputOnPin                                   
000028af  GPIO_setAsInputPinWithPullDownResistor                   
00002901  GPIO_setAsInputPinWithPullUpResistor                     
00002953  GPIO_getInputPinValue                                    
00002981  GPIO_enableInterrupt                                     
000029a3  GPIO_disableInterrupt                                    
000029c5  GPIO_getInterruptStatus                                  
000029e3  GPIO_clearInterruptFlag                                  
00002a05  GPIO_interruptEdgeSelect                                 
00002a3b  GPIO_getEnabledInterruptStatus                           
00002ab7  GPIO_setDriveStrengthHigh                                
00002ad9  GPIO_setDriveStrengthLow                                 
00002afb  GPIO_registerInterrupt                                   
00002b1b  GPIO_unregisterInterrupt                                 
00002b43  Interrupt_enableMaster                                   
00002b53  Interrupt_disableMaster                                  
00002b63  Interrupt_registerInterrupt                              
00002bb5  Interrupt_unregisterInterrupt                            
00002bc9  Interrupt_setPriorityGrouping                            
00002be3  Interrupt_getPriorityGrouping                            
00002c1b  Interrupt_setPriority                                    
00002c6b  Interrupt_getPriority                                    
00002c91  Interrupt_enableInterrupt                                
00002d03  Interrupt_disableInterrupt                               
00002d75  Interrupt_isEnabled                                      
00002e01  Interrupt_pendInterrupt                                  
00002e71  Interrupt_unpendInterrupt                                
00002ebf  Interrupt_setPriorityMask                                
00002ecf  Interrupt_getPriorityMask                                
00002ed9  Interrupt_setVectorTableAddress                          
00002ee9  Interrupt_getVectorTableAddress                          
00002eef  Interrupt_enableSleepOnIsrExit                           
00002f01  Interrupt_disableSleepOnIsrExit                          
00002f31  minit                                                    
00002fbf  malloc                                                   
00003027  free                                                     
000030e9  realloc                                                  
000031f5  memalign                                                 
000032d9  calloc                                                   
0000330d  SystemCoreClockUpdate                                    
00003581  SystemInit                                               
0000367d  Graphics_initContext                                     
000036c7  Graphics_setClipRegion                                   
00003791  Graphics_setBackgroundColor                              
000037ab  Graphics_setBackgroundColorTranslated                    
000037c1  Graphics_setFont                                         
000037db  Graphics_getFontBaseline                                 
000037e9  Graphics_setForegroundColor                              
000037ff  Graphics_setForegroundColorTranslated                    
00003811  Graphics_getFontHeight                                   
0000381f  Graphics_getFontMaxWidth                                 
0000382d  Graphics_getDisplayWidth                                 
0000383d  Graphics_getDisplayHeight                                
0000384d  Graphics_getHeightOfDisplay                              
0000385b  Graphics_flushBuffer                                     
00003869  Graphics_clearDisplay                                    
0000387b  Graphics_drawPixel                                       
000038d5  Graphics_getWidthOfDisplay                               
000038e3  __aeabi_dsub                                             
000038ed  __aeabi_dadd                                             
00003a99  _ZN6screenC1EhP16Graphics_ContextP18Graphics_RectangleS3_
00003a99  _ZN6screenC2EhP16Graphics_ContextP18Graphics_RectangleS3_
00003af1  _ZN6screen3runEv                                         
00003b93  _ZN6screen11readMessageEhy                               
00003c49  Graphics_drawPixelOnDisplay                              
00003c73  Graphics_drawMultiplePixelsOnDisplay                     
00003cb7  Graphics_drawHorizontalLineOnDisplay                     
00003ceb  Graphics_drawVerticalLineOnDisplay                       
00003d1f  Graphics_fillRectangleOnDisplay                          
00003d3d  Graphics_translateColorOnDisplay                         
00003d53  Graphics_flushOnDisplay                                  
00003d65  Graphics_clearDisplayOnDisplay                           
00003d7d  __aeabi_dmul                                             
00003e79  HAL_LCD_PortInit                                         
00003ea9  HAL_LCD_SpiInit                                          
00003edf  HAL_LCD_writeCommand                                     
00003f07  HAL_LCD_writeData                                        
00003f35  _ZSt21__gen_dummy_typeinfosv                             
00003f3d  _ZNSt9type_infoD1Ev                                      
00003f3d  _ZNSt9type_infoD2Ev                                      
00003f3f  _ZNSt9type_infoD0Ev                                      
00003f47  _ZNKSt9type_info4nameEv                                  
00003f4b  _ZNKSt9type_infoneERKS_                                  
00003f61  _ZNKSt9type_infoeqERKS_                                  
00003f77  _ZNKSt9type_info6beforeERKS_                             
00003f85  _ZN10__cxxabiv129__pointer_to_member_type_infoD1Ev       
00003f85  _ZN10__cxxabiv129__pointer_to_member_type_infoD2Ev       
00003f87  _ZN10__cxxabiv129__pointer_to_member_type_infoD0Ev       
00003f8f  _ZN10__cxxabiv123__fundamental_type_infoD1Ev             
00003f8f  _ZN10__cxxabiv123__fundamental_type_infoD2Ev             
00003f91  _ZN10__cxxabiv123__fundamental_type_infoD0Ev             
00003f99  _ZN10__cxxabiv121__vmi_class_type_infoD1Ev               
00003f99  _ZN10__cxxabiv121__vmi_class_type_infoD2Ev               
00003f9b  _ZN10__cxxabiv121__vmi_class_type_infoD0Ev               
00003fa3  _ZN10__cxxabiv120__si_class_type_infoD1Ev                
00003fa3  _ZN10__cxxabiv120__si_class_type_infoD2Ev                
00003fa5  _ZN10__cxxabiv120__si_class_type_infoD0Ev                
00003fad  _ZN10__cxxabiv120__function_type_infoD1Ev                
00003fad  _ZN10__cxxabiv120__function_type_infoD2Ev                
00003faf  _ZN10__cxxabiv120__function_type_infoD0Ev                
00003fb7  _ZN10__cxxabiv119__pointer_type_infoD1Ev                 
00003fb7  _ZN10__cxxabiv119__pointer_type_infoD2Ev                 
00003fb9  _ZN10__cxxabiv119__pointer_type_infoD0Ev                 
00003fc1  _ZN10__cxxabiv117__pbase_type_infoD1Ev                   
00003fc1  _ZN10__cxxabiv117__pbase_type_infoD2Ev                   
00003fc3  _ZN10__cxxabiv117__pbase_type_infoD0Ev                   
00003fcb  _ZN10__cxxabiv117__class_type_infoD1Ev                   
00003fcb  _ZN10__cxxabiv117__class_type_infoD2Ev                   
00003fcd  _ZN10__cxxabiv117__class_type_infoD0Ev                   
00003fd5  _ZN10__cxxabiv117__array_type_infoD1Ev                   
00003fd5  _ZN10__cxxabiv117__array_type_infoD2Ev                   
00003fd7  _ZN10__cxxabiv117__array_type_infoD0Ev                   
00003fdf  _ZN10__cxxabiv116__enum_type_infoD1Ev                    
00003fdf  _ZN10__cxxabiv116__enum_type_infoD2Ev                    
00003fe1  _ZN10__cxxabiv116__enum_type_infoD0Ev                    
00003ff1  __aeabi_memcpy                                           
00003ff1  __aeabi_memcpy4                                          
00003ff1  __aeabi_memcpy8                                          
00003ff1  memcpy                                                   
0000408d  _ZN3LEDC1Ehh                                             
0000408d  _ZN3LEDC2Ehh                                             
000040c5  _ZN3LED3runEv                                            
000040dd  _ZN3LED11readMessageEhh                                  
00004111  __aeabi_memclr                                           
00004111  __aeabi_memclr4                                          
00004111  __aeabi_memclr8                                          
00004113  __aeabi_memset                                           
00004113  __aeabi_memset4                                          
00004113  __aeabi_memset8                                          
00004119  memset                                                   
0000418b  _system_post_cinit                                       
0000418d  __TI_auto_init                                           
00004269  _c_int00                                                 
000042bd  C$$EXIT                                                  
000042c1  abort                                                    
000042c9  exit                                                     
00004311  copy_in                                                  
0000435d  __aeabi_d2iz                                             
000043a5  __aeabi_d2uiz                                            
000043e9  CPU_cpsid                                                
000043f5  CPU_primask                                              
000043ff  CPU_cpsie                                                
0000440b  CPU_wfi                                                  
0000440f  CPU_basepriSet                                           
0000441d  CPU_basepriGet                                           
00004427  __aeabi_ul2d                                             
00004455  _ZN4TaskC1Ev                                             
00004455  _ZN4TaskC2Ev                                             
00004471  _args_main                                               
00004489  _ZN4Task11readMessageEhy                                 
0000449d  _register_unlock                                         
000044a3  _register_lock                                           
000044ab  _nop                                                     
000044b1  __TI_decompress_none                                     
000044bf  Reset_Handler                                            
000044cb  AES256_IRQHandler                                        
000044cb  BusFault_Handler                                         
000044cb  COMP_E0_IRQHandler                                       
000044cb  COMP_E1_IRQHandler                                       
000044cb  CS_IRQHandler                                            
000044cb  DMA_ERR_IRQHandler                                       
000044cb  DMA_INT0_IRQHandler                                      
000044cb  DMA_INT1_IRQHandler                                      
000044cb  DMA_INT2_IRQHandler                                      
000044cb  DMA_INT3_IRQHandler                                      
000044cb  DebugMon_Handler                                         
000044cb  Default_Handler                                          
000044cb  EUSCIA0_IRQHandler                                       
000044cb  EUSCIA1_IRQHandler                                       
000044cb  EUSCIA2_IRQHandler                                       
000044cb  EUSCIA3_IRQHandler                                       
000044cb  EUSCIB0_IRQHandler                                       
000044cb  EUSCIB1_IRQHandler                                       
000044cb  EUSCIB2_IRQHandler                                       
000044cb  EUSCIB3_IRQHandler                                       
000044cb  FLCTL_IRQHandler                                         
000044cb  FPU_IRQHandler                                           
000044cb  HardFault_Handler                                        
000044cb  MemManage_Handler                                        
000044cb  NMI_Handler                                              
000044cb  PCM_IRQHandler                                           
000044cb  PORT2_IRQHandler                                         
000044cb  PORT3_IRQHandler                                         
000044cb  PORT4_IRQHandler                                         
000044cb  PORT5_IRQHandler                                         
000044cb  PORT6_IRQHandler                                         
000044cb  PSS_IRQHandler                                           
000044cb  PendSV_Handler                                           
000044cb  RTC_C_IRQHandler                                         
000044cb  SVC_Handler                                              
000044cb  SysTick_Handler                                          
000044cb  T32_INT2_IRQHandler                                      
000044cb  T32_INTC_IRQHandler                                      
000044cb  TA0_0_IRQHandler                                         
000044cb  TA0_N_IRQHandler                                         
000044cb  TA1_0_IRQHandler                                         
000044cb  TA1_N_IRQHandler                                         
000044cb  TA2_0_IRQHandler                                         
000044cb  TA2_N_IRQHandler                                         
000044cb  TA3_0_IRQHandler                                         
000044cb  TA3_N_IRQHandler                                         
000044cb  UsageFault_Handler                                       
000044cb  WDT_A_IRQHandler                                         
000044cd  _ZN4Task3runEv                                           
000044d9  _ZdlPv                                                   
000044e1  __TI_decompress_rle24                                    
000044e7  _system_pre_init                                         
000045bc  g_sCrystalfontz128x128                                   
000045e8  _ZTSN10__cxxabiv123__fundamental_type_infoE              
00004610  _ZTSN10__cxxabiv120__si_class_type_infoE                 
00004635  _ZTSN10__cxxabiv119__pointer_type_infoE                  
00004659  _ZTSN10__cxxabiv117__class_type_infoE                    
0000467b  _ZTSN10__cxxabiv117__pbase_type_infoE                    
0000469d  _ZTSe                                                    
000046f8  _ZTV3LED                                                 
0000470c  _ZTIPKe                                                  
0000471c  _ZTV4Task                                                
0000472c  _ZTV6screen                                              
0000473c  _ZTVN10__cxxabiv117__class_type_infoE                    
0000474c  _ZTVN10__cxxabiv119__pointer_type_infoE                  
0000475c  _ZTVN10__cxxabiv120__si_class_type_infoE                 
0000476c  _ZTVN10__cxxabiv123__fundamental_type_infoE              
0000477c  _ZTSSt9type_info                                         
0000478c  _ZTI3LED                                                 
00004798  _ZTI6screen                                              
000047a4  _ZTIN10__cxxabiv117__class_type_infoE                    
000047b0  _ZTIN10__cxxabiv117__pbase_type_infoE                    
000047bc  _ZTIN10__cxxabiv119__pointer_type_infoE                  
000047c8  _ZTIN10__cxxabiv120__si_class_type_infoE                 
000047d4  _ZTIN10__cxxabiv123__fundamental_type_infoE              
000047e8  _ZTI4Task                                                
000047f0  _ZTISt9type_info                                         
000047f8  _ZTIe                                                    
00004800  _ZTS6screen                                              
00004828  _ZTS4Task                                                
0000482e  _ZTS3LED                                                 
00004833  _ZTSPKe                                                  
00004838  SHT$$INIT_ARRAY$$Base                                    
0000483c  SHT$$INIT_ARRAY$$Limit                                   
000048b4  __TI_Handler_Table_Base                                  
000048bc  __TI_CINIT_Base                                          
000048bc  __TI_Handler_Table_Limit                                 
000048d4  __TI_CINIT_Limit                                         
20000000  g_pfnRAMVectors                                          
200000e8  MainScheduler                                            
20005288  g_sContext                                               
200052a4  g_sLand                                                  
200052ac  g_sSky                                                   
200052b4  _ZSt16__dummy_typeinfo                                   
200052b8  Lcd_ScreenHeigth                                         
200052ba  Lcd_ScreenWidth                                          
200052bc  Lcd_TouchTrim                                            
200052be  Lcd_FlagRead                                             
200052bf  Lcd_FontSolid                                            
200052c0  Lcd_Orientation                                          
200052c1  Lcd_PenSolid                                             
200052c8  _sys_memory                                              
20005700  dummycount                                               
20005704  debounce                                                 
20005705  debounceCount                                            
20005708  __TI_cleanup_ptr                                         
2000570c  __TI_dtors_ptr                                           
20005710  __TI_enable_exit_profile_output                          
20005720  _lock                                                    
20005724  _unlock                                                  
20005728  main_func_sp                                             
2000572c  SystemCoreClock                                          
2000fe00  __stack                                                  
20010000  __STACK_END                                              
4000480c  WDTCTL_SYM                                               
ffffffff  __TI_pprof_out_hndl                                      
ffffffff  __TI_prof_data_size                                      
ffffffff  __TI_prof_data_start                                     
ffffffff  __binit__                                                
ffffffff  __c_args__                                               
ffffffff  binit                                                    

[393 symbols]
