******************************************************************************
                  TI ARM Linker PC v15.12.1                    
******************************************************************************
>> Linked Wed Oct 05 21:39:24 2016

OUTPUT FILE NAME:   <Lab2.out>
ENTRY POINT SYMBOL: "_c_int00"  address: 00000ebd


MEMORY CONFIGURATION

         name            origin    length      used     unused   attr    fill
----------------------  --------  ---------  --------  --------  ----  --------
  MAIN                  00000000   00040000  00001271  0003ed8f  R  X
  INFO                  00200000   00004000  00000000  00004000  R  X
  SRAM_CODE             01000000   00010000  00000638  0000f9c8  RW X
  SRAM_DATA             20000000   00010000  00000638  0000f9c8  RW  


SEGMENT ALLOCATION MAP

run origin  load origin   length   init length attrs members
----------  ----------- ---------- ----------- ----- -------
00000000    00000000    00001274   00001274    r-x
  00000000    00000000    000000e4   000000e4    r-- .intvecs
  000000e4    000000e4    00000fa2   00000fa2    r-x .text
  00001088    00001088    0000019f   0000019f    r-- .const
  00001228    00001228    0000004c   0000004c    r-- .cinit
20000000    20000000    00000438   00000000    rw-
  20000000    20000000    00000400   00000000    rw- .sysmem
  20000400    20000400    00000034   00000000    rw- .data
  20000434    20000434    00000004   00000000    rw- .bss
2000fe00    2000fe00    00000200   00000000    rw-
  2000fe00    2000fe00    00000200   00000000    rw- .stack


SECTION ALLOCATION MAP

 output                                  attributes/
section   page    origin      length       input sections
--------  ----  ----------  ----------   ----------------
.intvecs   0    00000000    000000e4     
                  00000000    000000e4     startup_msp432p401r_ccs.obj (.intvecs:retain)

.binit     0    00000000    00000000     

.text      0    000000e4    00000fa2     
                  000000e4    000003dc     rtsv7M4_T_le_v4SPD16_eabi.lib : memory.obj (.text)
                  000004c0    0000032c     system_msp432p401r.obj (.text)
                  000007ec    000002d4     Scheduler.obj (.text)
                  00000ac0    0000014c     main.obj (.text)
                  00000c0c    000000bc     rtsv7M4_T_le_v4SPD16_eabi.lib : typeinfo_.obj (.text)
                  00000cc8    0000009c                                   : memcpy_t2.obj (.text)
                  00000d64    0000007a                                   : memset_t2.obj (.text)
                  00000dde    00000002                                   : mpu_init.obj (.text)
                  00000de0    00000070                                   : autoinit.obj (.text)
                  00000e50    0000006a                                   : copy_decompress_rle.obj (.text)
                  00000eba    00000002                                   : startup.obj (.text)
                  00000ebc    00000054                                   : boot.obj (.text)
                  00000f10    00000054                                   : exit.obj (.text)
                  00000f64    0000004c                                   : cpy_tbl.obj (.text)
                  00000fb0    00000040     LED.obj (.text)
                  00000ff0    00000030     Task.obj (.text)
                  00001020    00000018     rtsv7M4_T_le_v4SPD16_eabi.lib : args_main.obj (.text)
                  00001038    00000014                                   : _lock.obj (.text)
                  0000104c    0000000e                                   : copy_decompress_none.obj (.text:decompress:none)
                  0000105a    0000000e     startup_msp432p401r_ccs.obj (.text)
                  00001068    0000000c     Task.obj (.text:_ZN4Task3runEv)
                  00001074    00000008     rtsv7M4_T_le_v4SPD16_eabi.lib : delete.obj (.text)
                  0000107c    00000006                                   : copy_decompress_rle.obj (.text:decompress:rle24)
                  00001082    00000004                                   : pre_init.obj (.text)

.const     0    00001088    0000019f     
                  00001088    00000028     rtsv7M4_T_le_v4SPD16_eabi.lib : typeinfo_.obj (.const:.typeinfo:_ZTSN10__cxxabiv123__fundamental_type_infoE)
                  000010b0    00000025                                   : typeinfo_.obj (.const:.typeinfo:_ZTSN10__cxxabiv120__si_class_type_infoE)
                  000010d5    00000024                                   : typeinfo_.obj (.const:.typeinfo:_ZTSN10__cxxabiv119__pointer_type_infoE)
                  000010f9    00000022                                   : typeinfo_.obj (.const:.typeinfo:_ZTSN10__cxxabiv117__class_type_infoE)
                  0000111b    00000022                                   : typeinfo_.obj (.const:.typeinfo:_ZTSN10__cxxabiv117__pbase_type_infoE)
                  0000113d    00000002                                   : typeinfo_.obj (.const:.typeinfo:_ZTSe)
                  0000113f    00000001     --HOLE-- [fill = 0]
                  00001140    00000010                                   : typeinfo_.obj (.const:.typeinfo:_ZTIPKe)
                  00001150    00000010                                   : typeinfo_.obj (.const:_ZTVN10__cxxabiv117__class_type_infoE)
                  00001160    00000010                                   : typeinfo_.obj (.const:_ZTVN10__cxxabiv119__pointer_type_infoE)
                  00001170    00000010                                   : typeinfo_.obj (.const:_ZTVN10__cxxabiv120__si_class_type_infoE)
                  00001180    00000010                                   : typeinfo_.obj (.const:_ZTVN10__cxxabiv123__fundamental_type_infoE)
                  00001190    0000000d                                   : typeinfo_.obj (.const:.typeinfo:_ZTSSt9type_info)
                  0000119d    00000003     --HOLE-- [fill = 0]
                  000011a0    0000000c     LED.obj (.const:.typeinfo:_ZTI3LED)
                  000011ac    0000000c     rtsv7M4_T_le_v4SPD16_eabi.lib : typeinfo_.obj (.const:.typeinfo:_ZTIN10__cxxabiv117__class_type_infoE)
                  000011b8    0000000c                                   : typeinfo_.obj (.const:.typeinfo:_ZTIN10__cxxabiv117__pbase_type_infoE)
                  000011c4    0000000c                                   : typeinfo_.obj (.const:.typeinfo:_ZTIN10__cxxabiv119__pointer_type_infoE)
                  000011d0    0000000c                                   : typeinfo_.obj (.const:.typeinfo:_ZTIN10__cxxabiv120__si_class_type_infoE)
                  000011dc    0000000c                                   : typeinfo_.obj (.const:.typeinfo:_ZTIN10__cxxabiv123__fundamental_type_infoE)
                  000011e8    0000000c     LED.obj (.const:_ZTV3LED)
                  000011f4    0000000c     Task.obj (.const:_ZTV4Task)
                  00001200    00000008     LED.obj (.const:.typeinfo:_ZTI4Task)
                  00001208    00000008     rtsv7M4_T_le_v4SPD16_eabi.lib : typeinfo_.obj (.const:.typeinfo:_ZTISt9type_info)
                  00001210    00000008                                   : typeinfo_.obj (.const:.typeinfo:_ZTIe)
                  00001218    00000006     LED.obj (.const:.typeinfo:_ZTS4Task)
                  0000121e    00000005     LED.obj (.const:.typeinfo:_ZTS3LED)
                  00001223    00000004     rtsv7M4_T_le_v4SPD16_eabi.lib : typeinfo_.obj (.const:.typeinfo:_ZTSPKe)

.cinit     0    00001228    0000004c     
                  00001228    00000023     (.cinit..data.load) [load image, compression = rle]
                  0000124b    00000005     --HOLE-- [fill = 0]
                  00001250    00000009     (.cinit..bss.load) [load image, compression = rle]
                  00001259    00000003     --HOLE-- [fill = 0]
                  0000125c    00000008     (__TI_handler_table)
                  00001264    00000010     (__TI_cinit_table)

.init_array 
*          0    00000000    00000000     UNINITIALIZED

.sysmem    0    20000000    00000400     UNINITIALIZED
                  20000000    00000008     rtsv7M4_T_le_v4SPD16_eabi.lib : memory.obj (.sysmem)
                  20000008    000003f8     --HOLE--

.data      0    20000400    00000034     UNINITIALIZED
                  20000400    0000000c     rtsv7M4_T_le_v4SPD16_eabi.lib : exit.obj (.data:$O1$$)
                  2000040c    0000000c                                   : memory.obj (.data:$O1$$)
                  20000418    00000009     main.obj (.data)
                  20000421    00000003     --HOLE--
                  20000424    00000008     rtsv7M4_T_le_v4SPD16_eabi.lib : _lock.obj (.data:$O1$$)
                  2000042c    00000004                                   : stkdepth_vars.obj (.data)
                  20000430    00000004     system_msp432p401r.obj (.data)

.bss       0    20000434    00000004     UNINITIALIZED
                  20000434    00000004     (.common:_ZSt16__dummy_typeinfo)

.stack     0    2000fe00    00000200     UNINITIALIZED
                  2000fe00    00000200     --HOLE--

MODULE SUMMARY

       Module                        code   ro data   rw data
       ------                        ----   -------   -------
    .\
       system_msp432p401r.obj        812    0         8      
       Scheduler.obj                 724    0         0      
       main.obj                      332    0         18     
       startup_msp432p401r_ccs.obj   14     228       0      
       LED.obj                       64     43        0      
       Task.obj                      60     12        0      
    +--+-----------------------------+------+---------+---------+
       Total:                        2006   283       26     
                                                             
    C:\ti\ccsv6\tools\compiler\ti-cgt-arm_15.12.1.LTS\lib\rtsv7M4_T_le_v4SPD16_eabi.lib
       memory.obj                    988    0         24     
       typeinfo_.obj                 188    356       8      
       memcpy_t2.obj                 156    0         0      
       memset_t2.obj                 122    0         0      
       autoinit.obj                  112    0         0      
       copy_decompress_rle.obj       112    0         0      
       exit.obj                      84     0         24     
       boot.obj                      84     0         0      
       cpy_tbl.obj                   76     0         0      
       _lock.obj                     20     0         16     
       args_main.obj                 24     0         0      
       copy_decompress_none.obj      14     0         0      
       delete.obj                    8      0         0      
       stkdepth_vars.obj             0      0         8      
       pre_init.obj                  4      0         0      
       mpu_init.obj                  2      0         0      
       startup.obj                   2      0         0      
    +--+-----------------------------+------+---------+---------+
       Total:                        1996   356       80     
                                                             
       Heap:                         0      0         2048   
       Stack:                        0      0         1024   
       Linker Generated:             0      68        0      
    +--+-----------------------------+------+---------+---------+
       Grand Total:                  4002   707       3178   


LINKER GENERATED COPY TABLES

__TI_cinit_table @ 00001264 records: 2, size/record: 8, table size: 16
	.data: load addr=00001228, load size=00000023 bytes, run addr=20000400, run size=00000034 bytes, compression=rle
	.bss: load addr=00001250, load size=00000009 bytes, run addr=20000434, run size=00000004 bytes, compression=rle


LINKER GENERATED HANDLER TABLE

__TI_handler_table @ 0000125c records: 2, size/record: 4, table size: 8
	index: 0, handler: __TI_decompress_rle24
	index: 1, handler: __TI_decompress_none


GLOBAL SYMBOLS: SORTED ALPHABETICALLY BY Name 

address   name                                              
-------   ----                                              
00001067  ADC14_IRQHandler                                  
00001067  AES256_IRQHandler                                 
00001067  BusFault_Handler                                  
00000f11  C$$EXIT                                           
00001067  COMP_E0_IRQHandler                                
00001067  COMP_E1_IRQHandler                                
00001067  CS_IRQHandler                                     
00001067  DMA_ERR_IRQHandler                                
00001067  DMA_INT0_IRQHandler                               
00001067  DMA_INT1_IRQHandler                               
00001067  DMA_INT2_IRQHandler                               
00001067  DMA_INT3_IRQHandler                               
00001067  DebugMon_Handler                                  
00001067  Default_Handler                                   
00001067  EUSCIA0_IRQHandler                                
00001067  EUSCIA1_IRQHandler                                
00001067  EUSCIA2_IRQHandler                                
00001067  EUSCIA3_IRQHandler                                
00001067  EUSCIB0_IRQHandler                                
00001067  EUSCIB1_IRQHandler                                
00001067  EUSCIB2_IRQHandler                                
00001067  EUSCIB3_IRQHandler                                
00001067  FLCTL_IRQHandler                                  
00001067  FPU_IRQHandler                                    
00001067  HardFault_Handler                                 
00001067  MemManage_Handler                                 
00001067  NMI_Handler                                       
00001067  PCM_IRQHandler                                    
00001067  PORT1_IRQHandler                                  
00001067  PORT2_IRQHandler                                  
00001067  PORT3_IRQHandler                                  
00001067  PORT4_IRQHandler                                  
00001067  PORT5_IRQHandler                                  
00001067  PORT6_IRQHandler                                  
00001067  PSS_IRQHandler                                    
00001067  PendSV_Handler                                    
00001067  RTC_C_IRQHandler                                  
0000105b  Reset_Handler                                     
UNDEFED   SHT$$INIT_ARRAY$$Base                             
UNDEFED   SHT$$INIT_ARRAY$$Limit                            
00001067  SVC_Handler                                       
00001067  SysTick_Handler                                   
20000430  SystemCoreClock                                   
000004c1  SystemCoreClockUpdate                             
00000735  SystemInit                                        
00000bb9  T32_INT1_IRQHandler                               
00000bb9  T32_INT1_IRQHandler                               
00001067  T32_INT2_IRQHandler                               
00001067  T32_INTC_IRQHandler                               
00001067  TA0_0_IRQHandler                                  
00001067  TA0_N_IRQHandler                                  
00001067  TA1_0_IRQHandler                                  
00001067  TA1_N_IRQHandler                                  
00001067  TA2_0_IRQHandler                                  
00001067  TA2_N_IRQHandler                                  
00001067  TA3_0_IRQHandler                                  
00001067  TA3_N_IRQHandler                                  
00001067  UsageFault_Handler                                
4000480c  WDTCTL_SYM                                        
00001067  WDT_A_IRQHandler                                  
00000b7f  _Z5Setupv                                         
00000cb9  _ZN10__cxxabiv116__enum_type_infoD0Ev             
00000cb7  _ZN10__cxxabiv116__enum_type_infoD1Ev             
00000cb7  _ZN10__cxxabiv116__enum_type_infoD2Ev             
00000caf  _ZN10__cxxabiv117__array_type_infoD0Ev            
00000cad  _ZN10__cxxabiv117__array_type_infoD1Ev            
00000cad  _ZN10__cxxabiv117__array_type_infoD2Ev            
00000ca5  _ZN10__cxxabiv117__class_type_infoD0Ev            
00000ca3  _ZN10__cxxabiv117__class_type_infoD1Ev            
00000ca3  _ZN10__cxxabiv117__class_type_infoD2Ev            
00000c9b  _ZN10__cxxabiv117__pbase_type_infoD0Ev            
00000c99  _ZN10__cxxabiv117__pbase_type_infoD1Ev            
00000c99  _ZN10__cxxabiv117__pbase_type_infoD2Ev            
00000c91  _ZN10__cxxabiv119__pointer_type_infoD0Ev          
00000c8f  _ZN10__cxxabiv119__pointer_type_infoD1Ev          
00000c8f  _ZN10__cxxabiv119__pointer_type_infoD2Ev          
00000c87  _ZN10__cxxabiv120__function_type_infoD0Ev         
00000c85  _ZN10__cxxabiv120__function_type_infoD1Ev         
00000c85  _ZN10__cxxabiv120__function_type_infoD2Ev         
00000c7d  _ZN10__cxxabiv120__si_class_type_infoD0Ev         
00000c7b  _ZN10__cxxabiv120__si_class_type_infoD1Ev         
00000c7b  _ZN10__cxxabiv120__si_class_type_infoD2Ev         
00000c73  _ZN10__cxxabiv121__vmi_class_type_infoD0Ev        
00000c71  _ZN10__cxxabiv121__vmi_class_type_infoD1Ev        
00000c71  _ZN10__cxxabiv121__vmi_class_type_infoD2Ev        
00000c69  _ZN10__cxxabiv123__fundamental_type_infoD0Ev      
00000c67  _ZN10__cxxabiv123__fundamental_type_infoD1Ev      
00000c67  _ZN10__cxxabiv123__fundamental_type_infoD2Ev      
00000c5f  _ZN10__cxxabiv129__pointer_to_member_type_infoD0Ev
00000c5d  _ZN10__cxxabiv129__pointer_to_member_type_infoD1Ev
00000c5d  _ZN10__cxxabiv129__pointer_to_member_type_infoD2Ev
00000fcf  _ZN3LED3runEv                                     
00000fb1  _ZN3LEDC1Ev                                       
00000fb1  _ZN3LEDC2Ev                                       
20000420  _ZN4Task14m_u8NextTaskIDE                         
00001069  _ZN4Task3runEv                                    
00000ff1  _ZN4TaskC1Ev                                      
00000ff1  _ZN4TaskC2Ev                                      
00000991  _ZN9Scheduler17CalculateScheduleEv                
00000ab3  _ZN9Scheduler22SortScheduleByPriorityEP4Task      
0000092f  _ZN9Scheduler3runEv                               
00000857  _ZN9Scheduler6attachEP4Task                       
000008bf  _ZN9Scheduler6attachEP4Tasky                      
000007ed  _ZN9SchedulerC1Ev                                 
000007ed  _ZN9SchedulerC2Ev                                 
00000c1f  _ZNKSt9type_info4nameEv                           
00000c4f  _ZNKSt9type_info6beforeERKS_                      
00000c39  _ZNKSt9type_infoeqERKS_                           
00000c23  _ZNKSt9type_infoneERKS_                           
00000c17  _ZNSt9type_infoD0Ev                               
00000c15  _ZNSt9type_infoD1Ev                               
00000c15  _ZNSt9type_infoD2Ev                               
20000434  _ZSt16__dummy_typeinfo                            
00000c0d  _ZSt21__gen_dummy_typeinfosv                      
000011a0  _ZTI3LED                                          
00001200  _ZTI4Task                                         
000011ac  _ZTIN10__cxxabiv117__class_type_infoE             
000011b8  _ZTIN10__cxxabiv117__pbase_type_infoE             
000011c4  _ZTIN10__cxxabiv119__pointer_type_infoE           
000011d0  _ZTIN10__cxxabiv120__si_class_type_infoE          
000011dc  _ZTIN10__cxxabiv123__fundamental_type_infoE       
00001140  _ZTIPKe                                           
00001208  _ZTISt9type_info                                  
00001210  _ZTIe                                             
0000121e  _ZTS3LED                                          
00001218  _ZTS4Task                                         
000010f9  _ZTSN10__cxxabiv117__class_type_infoE             
0000111b  _ZTSN10__cxxabiv117__pbase_type_infoE             
000010d5  _ZTSN10__cxxabiv119__pointer_type_infoE           
000010b0  _ZTSN10__cxxabiv120__si_class_type_infoE          
00001088  _ZTSN10__cxxabiv123__fundamental_type_infoE       
00001223  _ZTSPKe                                           
00001190  _ZTSSt9type_info                                  
0000113d  _ZTSe                                             
000011e8  _ZTV3LED                                          
000011f4  _ZTV4Task                                         
00001150  _ZTVN10__cxxabiv117__class_type_infoE             
00001160  _ZTVN10__cxxabiv119__pointer_type_infoE           
00001170  _ZTVN10__cxxabiv120__si_class_type_infoE          
00001180  _ZTVN10__cxxabiv123__fundamental_type_infoE       
00001075  _ZdlPv                                            
20010000  __STACK_END                                       
00000200  __STACK_SIZE                                      
00000400  __SYSMEM_SIZE                                     
00001264  __TI_CINIT_Base                                   
00001274  __TI_CINIT_Limit                                  
0000125c  __TI_Handler_Table_Base                           
00001264  __TI_Handler_Table_Limit                          
00000de1  __TI_auto_init                                    
20000400  __TI_cleanup_ptr                                  
0000104d  __TI_decompress_none                              
0000107d  __TI_decompress_rle24                             
20000404  __TI_dtors_ptr                                    
20000408  __TI_enable_exit_profile_output                   
ffffffff  __TI_pprof_out_hndl                               
ffffffff  __TI_prof_data_size                               
ffffffff  __TI_prof_data_start                              
00000000  __TI_static_base__                                
00000d65  __aeabi_memclr                                    
00000d65  __aeabi_memclr4                                   
00000d65  __aeabi_memclr8                                   
00000cc9  __aeabi_memcpy                                    
00000cc9  __aeabi_memcpy4                                   
00000cc9  __aeabi_memcpy8                                   
00000d67  __aeabi_memset                                    
00000d67  __aeabi_memset4                                   
00000d67  __aeabi_memset8                                   
ffffffff  __binit__                                         
ffffffff  __c_args__                                        
00000ddf  __mpu_init                                        
2000fe00  __stack                                           
00001021  _args_main                                        
00000ebd  _c_int00                                          
20000424  _lock                                             
00001047  _nop                                              
0000103f  _register_lock                                    
00001039  _register_unlock                                  
20000000  _sys_memory                                       
00000ebb  _system_post_cinit                                
00001083  _system_pre_init                                  
20000428  _unlock                                           
00000f15  abort                                             
ffffffff  binit                                             
0000048d  calloc                                            
00000f65  copy_in                                           
00000f1d  exit                                              
000001db  free                                              
00000000  interruptVectors                                  
00000b2b  main                                              
2000042c  main_func_sp                                      
00000173  malloc                                            
000003a9  memalign                                          
00000cc9  memcpy                                            
00000d6d  memset                                            
000000e5  minit                                             
0000029d  realloc                                           


GLOBAL SYMBOLS: SORTED BY Symbol Address 

address   name                                              
-------   ----                                              
00000000  __TI_static_base__                                
00000000  interruptVectors                                  
000000e5  minit                                             
00000173  malloc                                            
000001db  free                                              
00000200  __STACK_SIZE                                      
0000029d  realloc                                           
000003a9  memalign                                          
00000400  __SYSMEM_SIZE                                     
0000048d  calloc                                            
000004c1  SystemCoreClockUpdate                             
00000735  SystemInit                                        
000007ed  _ZN9SchedulerC1Ev                                 
000007ed  _ZN9SchedulerC2Ev                                 
00000857  _ZN9Scheduler6attachEP4Task                       
000008bf  _ZN9Scheduler6attachEP4Tasky                      
0000092f  _ZN9Scheduler3runEv                               
00000991  _ZN9Scheduler17CalculateScheduleEv                
00000ab3  _ZN9Scheduler22SortScheduleByPriorityEP4Task      
00000b2b  main                                              
00000b7f  _Z5Setupv                                         
00000bb9  T32_INT1_IRQHandler                               
00000bb9  T32_INT1_IRQHandler                               
00000c0d  _ZSt21__gen_dummy_typeinfosv                      
00000c15  _ZNSt9type_infoD1Ev                               
00000c15  _ZNSt9type_infoD2Ev                               
00000c17  _ZNSt9type_infoD0Ev                               
00000c1f  _ZNKSt9type_info4nameEv                           
00000c23  _ZNKSt9type_infoneERKS_                           
00000c39  _ZNKSt9type_infoeqERKS_                           
00000c4f  _ZNKSt9type_info6beforeERKS_                      
00000c5d  _ZN10__cxxabiv129__pointer_to_member_type_infoD1Ev
00000c5d  _ZN10__cxxabiv129__pointer_to_member_type_infoD2Ev
00000c5f  _ZN10__cxxabiv129__pointer_to_member_type_infoD0Ev
00000c67  _ZN10__cxxabiv123__fundamental_type_infoD1Ev      
00000c67  _ZN10__cxxabiv123__fundamental_type_infoD2Ev      
00000c69  _ZN10__cxxabiv123__fundamental_type_infoD0Ev      
00000c71  _ZN10__cxxabiv121__vmi_class_type_infoD1Ev        
00000c71  _ZN10__cxxabiv121__vmi_class_type_infoD2Ev        
00000c73  _ZN10__cxxabiv121__vmi_class_type_infoD0Ev        
00000c7b  _ZN10__cxxabiv120__si_class_type_infoD1Ev         
00000c7b  _ZN10__cxxabiv120__si_class_type_infoD2Ev         
00000c7d  _ZN10__cxxabiv120__si_class_type_infoD0Ev         
00000c85  _ZN10__cxxabiv120__function_type_infoD1Ev         
00000c85  _ZN10__cxxabiv120__function_type_infoD2Ev         
00000c87  _ZN10__cxxabiv120__function_type_infoD0Ev         
00000c8f  _ZN10__cxxabiv119__pointer_type_infoD1Ev          
00000c8f  _ZN10__cxxabiv119__pointer_type_infoD2Ev          
00000c91  _ZN10__cxxabiv119__pointer_type_infoD0Ev          
00000c99  _ZN10__cxxabiv117__pbase_type_infoD1Ev            
00000c99  _ZN10__cxxabiv117__pbase_type_infoD2Ev            
00000c9b  _ZN10__cxxabiv117__pbase_type_infoD0Ev            
00000ca3  _ZN10__cxxabiv117__class_type_infoD1Ev            
00000ca3  _ZN10__cxxabiv117__class_type_infoD2Ev            
00000ca5  _ZN10__cxxabiv117__class_type_infoD0Ev            
00000cad  _ZN10__cxxabiv117__array_type_infoD1Ev            
00000cad  _ZN10__cxxabiv117__array_type_infoD2Ev            
00000caf  _ZN10__cxxabiv117__array_type_infoD0Ev            
00000cb7  _ZN10__cxxabiv116__enum_type_infoD1Ev             
00000cb7  _ZN10__cxxabiv116__enum_type_infoD2Ev             
00000cb9  _ZN10__cxxabiv116__enum_type_infoD0Ev             
00000cc9  __aeabi_memcpy                                    
00000cc9  __aeabi_memcpy4                                   
00000cc9  __aeabi_memcpy8                                   
00000cc9  memcpy                                            
00000d65  __aeabi_memclr                                    
00000d65  __aeabi_memclr4                                   
00000d65  __aeabi_memclr8                                   
00000d67  __aeabi_memset                                    
00000d67  __aeabi_memset4                                   
00000d67  __aeabi_memset8                                   
00000d6d  memset                                            
00000ddf  __mpu_init                                        
00000de1  __TI_auto_init                                    
00000ebb  _system_post_cinit                                
00000ebd  _c_int00                                          
00000f11  C$$EXIT                                           
00000f15  abort                                             
00000f1d  exit                                              
00000f65  copy_in                                           
00000fb1  _ZN3LEDC1Ev                                       
00000fb1  _ZN3LEDC2Ev                                       
00000fcf  _ZN3LED3runEv                                     
00000ff1  _ZN4TaskC1Ev                                      
00000ff1  _ZN4TaskC2Ev                                      
00001021  _args_main                                        
00001039  _register_unlock                                  
0000103f  _register_lock                                    
00001047  _nop                                              
0000104d  __TI_decompress_none                              
0000105b  Reset_Handler                                     
00001067  ADC14_IRQHandler                                  
00001067  AES256_IRQHandler                                 
00001067  BusFault_Handler                                  
00001067  COMP_E0_IRQHandler                                
00001067  COMP_E1_IRQHandler                                
00001067  CS_IRQHandler                                     
00001067  DMA_ERR_IRQHandler                                
00001067  DMA_INT0_IRQHandler                               
00001067  DMA_INT1_IRQHandler                               
00001067  DMA_INT2_IRQHandler                               
00001067  DMA_INT3_IRQHandler                               
00001067  DebugMon_Handler                                  
00001067  Default_Handler                                   
00001067  EUSCIA0_IRQHandler                                
00001067  EUSCIA1_IRQHandler                                
00001067  EUSCIA2_IRQHandler                                
00001067  EUSCIA3_IRQHandler                                
00001067  EUSCIB0_IRQHandler                                
00001067  EUSCIB1_IRQHandler                                
00001067  EUSCIB2_IRQHandler                                
00001067  EUSCIB3_IRQHandler                                
00001067  FLCTL_IRQHandler                                  
00001067  FPU_IRQHandler                                    
00001067  HardFault_Handler                                 
00001067  MemManage_Handler                                 
00001067  NMI_Handler                                       
00001067  PCM_IRQHandler                                    
00001067  PORT1_IRQHandler                                  
00001067  PORT2_IRQHandler                                  
00001067  PORT3_IRQHandler                                  
00001067  PORT4_IRQHandler                                  
00001067  PORT5_IRQHandler                                  
00001067  PORT6_IRQHandler                                  
00001067  PSS_IRQHandler                                    
00001067  PendSV_Handler                                    
00001067  RTC_C_IRQHandler                                  
00001067  SVC_Handler                                       
00001067  SysTick_Handler                                   
00001067  T32_INT2_IRQHandler                               
00001067  T32_INTC_IRQHandler                               
00001067  TA0_0_IRQHandler                                  
00001067  TA0_N_IRQHandler                                  
00001067  TA1_0_IRQHandler                                  
00001067  TA1_N_IRQHandler                                  
00001067  TA2_0_IRQHandler                                  
00001067  TA2_N_IRQHandler                                  
00001067  TA3_0_IRQHandler                                  
00001067  TA3_N_IRQHandler                                  
00001067  UsageFault_Handler                                
00001067  WDT_A_IRQHandler                                  
00001069  _ZN4Task3runEv                                    
00001075  _ZdlPv                                            
0000107d  __TI_decompress_rle24                             
00001083  _system_pre_init                                  
00001088  _ZTSN10__cxxabiv123__fundamental_type_infoE       
000010b0  _ZTSN10__cxxabiv120__si_class_type_infoE          
000010d5  _ZTSN10__cxxabiv119__pointer_type_infoE           
000010f9  _ZTSN10__cxxabiv117__class_type_infoE             
0000111b  _ZTSN10__cxxabiv117__pbase_type_infoE             
0000113d  _ZTSe                                             
00001140  _ZTIPKe                                           
00001150  _ZTVN10__cxxabiv117__class_type_infoE             
00001160  _ZTVN10__cxxabiv119__pointer_type_infoE           
00001170  _ZTVN10__cxxabiv120__si_class_type_infoE          
00001180  _ZTVN10__cxxabiv123__fundamental_type_infoE       
00001190  _ZTSSt9type_info                                  
000011a0  _ZTI3LED                                          
000011ac  _ZTIN10__cxxabiv117__class_type_infoE             
000011b8  _ZTIN10__cxxabiv117__pbase_type_infoE             
000011c4  _ZTIN10__cxxabiv119__pointer_type_infoE           
000011d0  _ZTIN10__cxxabiv120__si_class_type_infoE          
000011dc  _ZTIN10__cxxabiv123__fundamental_type_infoE       
000011e8  _ZTV3LED                                          
000011f4  _ZTV4Task                                         
00001200  _ZTI4Task                                         
00001208  _ZTISt9type_info                                  
00001210  _ZTIe                                             
00001218  _ZTS4Task                                         
0000121e  _ZTS3LED                                          
00001223  _ZTSPKe                                           
0000125c  __TI_Handler_Table_Base                           
00001264  __TI_CINIT_Base                                   
00001264  __TI_Handler_Table_Limit                          
00001274  __TI_CINIT_Limit                                  
20000000  _sys_memory                                       
20000400  __TI_cleanup_ptr                                  
20000404  __TI_dtors_ptr                                    
20000408  __TI_enable_exit_profile_output                   
20000420  _ZN4Task14m_u8NextTaskIDE                         
20000424  _lock                                             
20000428  _unlock                                           
2000042c  main_func_sp                                      
20000430  SystemCoreClock                                   
20000434  _ZSt16__dummy_typeinfo                            
2000fe00  __stack                                           
20010000  __STACK_END                                       
4000480c  WDTCTL_SYM                                        
ffffffff  __TI_pprof_out_hndl                               
ffffffff  __TI_prof_data_size                               
ffffffff  __TI_prof_data_start                              
ffffffff  __binit__                                         
ffffffff  __c_args__                                        
ffffffff  binit                                             
UNDEFED   SHT$$INIT_ARRAY$$Base                             
UNDEFED   SHT$$INIT_ARRAY$$Limit                            

[196 symbols]
