******************************************************************************
                  TI ARM Linker PC v15.12.1                    
******************************************************************************
>> Linked Wed Nov 16 20:39:23 2016

OUTPUT FILE NAME:   <Lab2.out>
ENTRY POINT SYMBOL: "_c_int00"  address: 00004229


MEMORY CONFIGURATION

         name            origin    length      used     unused   attr    fill
----------------------  --------  ---------  --------  --------  ----  --------
  MAIN                  00000000   00040000  000048b0  0003b750  R  X
  INFO                  00200000   00004000  00000000  00004000  R  X
  SRAM_CODE             01000000   00010000  0000591e  0000a6e2  RW X
  SRAM_DATA             20000000   00010000  0000591e  0000a6e2  RW  


SEGMENT ALLOCATION MAP

run origin  load origin   length   init length attrs members
----------  ----------- ---------- ----------- ----- -------
00000000    00000000    000048b4   000048b4    r-x
  00000000    00000000    000000e4   000000e4    r-- .intvecs
  000000e4    000000e4    000043c6   000043c6    r-x .text
  000044ac    000044ac    0000036e   0000036e    r-- .const
  0000481c    0000481c    00000004   00000004    r-- .init_array
  00004820    00004820    00000094   00000094    r-- .cinit
20000000    20000000    00005728   00000000    rw-
  20000000    20000000    000000e4   00000000    rw- .vtable
  200000e8    200000e8    000051da   00000000    rw- .bss
  200052c8    200052c8    00000400   00000000    rw- .sysmem
  200056c8    200056c8    00000060   00000000    rw- .data
2000fe00    2000fe00    00000200   00000000    rw-
  2000fe00    2000fe00    00000200   00000000    rw- .stack


SECTION ALLOCATION MAP

 output                                  attributes/
section   page    origin      length       input sections
--------  ----  ----------  ----------   ----------------
.intvecs   0    00000000    000000e4     
                  00000000    000000e4     startup_msp432p401r_ccs.obj (.intvecs:retain)

.binit     0    00000000    00000000     

.text      0    000000e4    000043c6     
                  000000e4    000008e0     adc14.obj (.text)
                  000009c4    000008a4     Scheduler.obj (.text)
                  00001268    000008a4     spi.obj (.text)
                  00001b0c    00000678     Crystalfontz128x128_ST7735.obj (.text)
                  00002184    0000049c     main.obj (.text)
                  00002620    00000480     gpio.obj (.text)
                  00002aa0    000003f0     interrupt.obj (.text)
                  00002e90    000003dc     rtsv7M4_T_le_v4SPD16_eabi.lib : memory.obj (.text)
                  0000326c    00000370     system_msp432p401r.obj (.text)
                  000035dc    00000266     context.obj (.text)
                  00003842    000001b6     rtsv7M4_T_le_v4SPD16_eabi.lib : fd_add_t2.obj (.text)
                  000039f8    00000178     Screen.obj (.text)
                  00003b70    00000134     display.obj (.text)
                  00003ca4    000000fc     rtsv7M4_T_le_v4SPD16_eabi.lib : fd_mul_t2.obj (.text)
                  00003da0    000000bc     HAL_MSP_EXP432P401R_Crystalfontz128x128_ST7735.obj (.text)
                  00003e5c    000000bc     rtsv7M4_T_le_v4SPD16_eabi.lib : typeinfo_.obj (.text)
                  00003f18    0000009c                                   : memcpy_t2.obj (.text)
                  00003fb4    00000098     Servo.obj (.text)
                  0000404c    00000084     LED.obj (.text)
                  000040d0    0000007a     rtsv7M4_T_le_v4SPD16_eabi.lib : memset_t2.obj (.text)
                  0000414a    00000002                                   : mpu_init.obj (.text)
                  0000414c    00000070                                   : autoinit.obj (.text)
                  000041bc    0000006a                                   : copy_decompress_rle.obj (.text)
                  00004226    00000002                                   : startup.obj (.text)
                  00004228    00000054                                   : boot.obj (.text)
                  0000427c    00000054                                   : exit.obj (.text)
                  000042d0    0000004c                                   : cpy_tbl.obj (.text)
                  0000431c    00000048                                   : fd_toi_t2.obj (.text)
                  00004364    00000044                                   : fd_tou_t2.obj (.text)
                  000043a8    0000003e     cpu.obj (.text)
                  000043e6    0000002c     rtsv7M4_T_le_v4SPD16_eabi.lib : ull_tofd_t2.obj (.text)
                  00004412    00000002     --HOLE-- [fill = 0]
                  00004414    0000001c     Task.obj (.text)
                  00004430    00000018     rtsv7M4_T_le_v4SPD16_eabi.lib : args_main.obj (.text)
                  00004448    00000014     LED.obj (.text:_ZN4Task11readMessageEhy)
                  0000445c    00000014     rtsv7M4_T_le_v4SPD16_eabi.lib : _lock.obj (.text)
                  00004470    0000000e                                   : copy_decompress_none.obj (.text:decompress:none)
                  0000447e    0000000e     startup_msp432p401r_ccs.obj (.text)
                  0000448c    0000000c     Task.obj (.text:_ZN4Task3runEv)
                  00004498    00000008     rtsv7M4_T_le_v4SPD16_eabi.lib : delete.obj (.text)
                  000044a0    00000006                                   : copy_decompress_rle.obj (.text:decompress:rle24)
                  000044a6    00000004                                   : pre_init.obj (.text)

.const     0    000044ac    0000036e     
                  000044ac    00000080     adc14.obj (.const:_ctlRegs)
                  0000452c    00000050     interrupt.obj (.const:g_pulRegs)
                  0000457c    0000002c     Crystalfontz128x128_ST7735.obj (.const:g_sCrystalfontz128x128)
                  000045a8    00000028     rtsv7M4_T_le_v4SPD16_eabi.lib : typeinfo_.obj (.const:.typeinfo:_ZTSN10__cxxabiv123__fundamental_type_infoE)
                  000045d0    00000025                                   : typeinfo_.obj (.const:.typeinfo:_ZTSN10__cxxabiv120__si_class_type_infoE)
                  000045f5    00000024                                   : typeinfo_.obj (.const:.typeinfo:_ZTSN10__cxxabiv119__pointer_type_infoE)
                  00004619    00000022                                   : typeinfo_.obj (.const:.typeinfo:_ZTSN10__cxxabiv117__class_type_infoE)
                  0000463b    00000022                                   : typeinfo_.obj (.const:.typeinfo:_ZTSN10__cxxabiv117__pbase_type_infoE)
                  0000465d    00000002                                   : typeinfo_.obj (.const:.typeinfo:_ZTSe)
                  0000465f    00000001     --HOLE-- [fill = 0]
                  00004660    00000020     interrupt.obj (.const:g_pulPriority)
                  00004680    0000001c     HAL_MSP_EXP432P401R_Crystalfontz128x128_ST7735.obj (.const:$P$T0$1)
                  0000469c    0000001c     gpio.obj (.const:GPIO_PORT_TO_INT)
                  000046b8    00000014     LED.obj (.const:_ZTV3LED)
                  000046cc    00000010     rtsv7M4_T_le_v4SPD16_eabi.lib : typeinfo_.obj (.const:.typeinfo:_ZTIPKe)
                  000046dc    00000010     Task.obj (.const:_ZTV4Task)
                  000046ec    00000010     Servo.obj (.const:_ZTV5Servo)
                  000046fc    00000010     Screen.obj (.const:_ZTV6screen)
                  0000470c    00000010     rtsv7M4_T_le_v4SPD16_eabi.lib : typeinfo_.obj (.const:_ZTVN10__cxxabiv117__class_type_infoE)
                  0000471c    00000010                                   : typeinfo_.obj (.const:_ZTVN10__cxxabiv119__pointer_type_infoE)
                  0000472c    00000010                                   : typeinfo_.obj (.const:_ZTVN10__cxxabiv120__si_class_type_infoE)
                  0000473c    00000010                                   : typeinfo_.obj (.const:_ZTVN10__cxxabiv123__fundamental_type_infoE)
                  0000474c    0000000d                                   : typeinfo_.obj (.const:.typeinfo:_ZTSSt9type_info)
                  00004759    00000003     --HOLE-- [fill = 0]
                  0000475c    0000000c     LED.obj (.const:.typeinfo:_ZTI3LED)
                  00004768    0000000c     Servo.obj (.const:.typeinfo:_ZTI5Servo)
                  00004774    0000000c     Screen.obj (.const:.typeinfo:_ZTI6screen)
                  00004780    0000000c     rtsv7M4_T_le_v4SPD16_eabi.lib : typeinfo_.obj (.const:.typeinfo:_ZTIN10__cxxabiv117__class_type_infoE)
                  0000478c    0000000c                                   : typeinfo_.obj (.const:.typeinfo:_ZTIN10__cxxabiv117__pbase_type_infoE)
                  00004798    0000000c                                   : typeinfo_.obj (.const:.typeinfo:_ZTIN10__cxxabiv119__pointer_type_infoE)
                  000047a4    0000000c                                   : typeinfo_.obj (.const:.typeinfo:_ZTIN10__cxxabiv120__si_class_type_infoE)
                  000047b0    0000000c                                   : typeinfo_.obj (.const:.typeinfo:_ZTIN10__cxxabiv123__fundamental_type_infoE)
                  000047bc    00000008     Crystalfontz128x128_ST7735.obj (.const:$P$T0$1)
                  000047c4    00000008     LED.obj (.const:.typeinfo:_ZTI4Task)
                  000047cc    00000008     rtsv7M4_T_le_v4SPD16_eabi.lib : typeinfo_.obj (.const:.typeinfo:_ZTISt9type_info)
                  000047d4    00000008                                   : typeinfo_.obj (.const:.typeinfo:_ZTIe)
                  000047dc    00000008     Screen.obj (.const:.typeinfo:_ZTS6screen)
                  000047e4    00000008     interrupt.obj (.const:g_pulDisRegs)
                  000047ec    00000008     interrupt.obj (.const:g_pulEnRegs)
                  000047f4    00000008     interrupt.obj (.const:g_pulPendRegs)
                  000047fc    00000008     interrupt.obj (.const:g_pulUnpendRegs)
                  00004804    00000007     Servo.obj (.const:.typeinfo:_ZTS5Servo)
                  0000480b    00000006     LED.obj (.const:.typeinfo:_ZTS4Task)
                  00004811    00000005     LED.obj (.const:.typeinfo:_ZTS3LED)
                  00004816    00000004     rtsv7M4_T_le_v4SPD16_eabi.lib : typeinfo_.obj (.const:.typeinfo:_ZTSPKe)

.init_array 
*          0    0000481c    00000004     
                  0000481c    00000004     main.obj (.init_array)

.cinit     0    00004820    00000094     
                  00004820    00000052     (.cinit..data.load) [load image, compression = rle]
                  00004872    00000006     --HOLE-- [fill = 0]
                  00004878    0000000b     (.cinit..bss.load) [load image, compression = rle]
                  00004883    00000005     --HOLE-- [fill = 0]
                  00004888    00000009     (.cinit..vtable.load) [load image, compression = rle]
                  00004891    00000003     --HOLE-- [fill = 0]
                  00004894    00000008     (__TI_handler_table)
                  0000489c    00000018     (__TI_cinit_table)

.vtable    0    20000000    000000e4     UNINITIALIZED
                  20000000    000000e4     interrupt.obj (.vtable)

.bss       0    200000e8    000051da     UNINITIALIZED
                  200000e8    000051a0     main.obj (.bss:g_sMainScheduler)
                  20005288    0000001c     (.common:g_sContext)
                  200052a4    00000008     (.common:g_sLand)
                  200052ac    00000008     (.common:g_sSky)
                  200052b4    00000004     (.common:_ZSt16__dummy_typeinfo)
                  200052b8    00000002     (.common:Lcd_ScreenHeigth)
                  200052ba    00000002     (.common:Lcd_ScreenWidth)
                  200052bc    00000002     (.common:Lcd_TouchTrim)
                  200052be    00000001     (.common:Lcd_FlagRead)
                  200052bf    00000001     (.common:Lcd_FontSolid)
                  200052c0    00000001     (.common:Lcd_Orientation)
                  200052c1    00000001     (.common:Lcd_PenSolid)

.sysmem    0    200052c8    00000400     UNINITIALIZED
                  200052c8    00000008     rtsv7M4_T_le_v4SPD16_eabi.lib : memory.obj (.sysmem)
                  200052d0    000003f8     --HOLE--

.data      0    200056c8    00000060     UNINITIALIZED
                  200056c8    00000030     gpio.obj (.data:GPIO_PORT_TO_BASE)
                  200056f8    0000000c     rtsv7M4_T_le_v4SPD16_eabi.lib : exit.obj (.data:$O1$$)
                  20005704    0000000c                                   : memory.obj (.data:$O1$$)
                  20005710    00000008                                   : _lock.obj (.data:$O1$$)
                  20005718    00000008     main.obj (.data)
                  20005720    00000004     rtsv7M4_T_le_v4SPD16_eabi.lib : stkdepth_vars.obj (.data)
                  20005724    00000004     system_msp432p401r.obj (.data)

.stack     0    2000fe00    00000200     UNINITIALIZED
                  2000fe00    00000200     --HOLE--

MODULE SUMMARY

       Module                                               code    ro data   rw data
       ------                                               ----    -------   -------
    .\
       main.obj                                             1180    4         41896  
       Scheduler.obj                                        2212    0         0      
       system_msp432p401r.obj                               880     0         8      
       Screen.obj                                           376     36        0      
       startup_msp432p401r_ccs.obj                          14      228       0      
       LED.obj                                              152     51        0      
       Servo.obj                                            152     35        0      
       Task.obj                                             40      16        0      
    +--+----------------------------------------------------+-------+---------+---------+
       Total:                                               5006    370       41904  
                                                                                     
    .\GrLib\grlib\
       context.obj                                          614     0         0      
       display.obj                                          308     0         0      
    +--+----------------------------------------------------+-------+---------+---------+
       Total:                                               922     0         0      
                                                                                     
    .\LcdDriver\
       Crystalfontz128x128_ST7735.obj                       1656    52        20     
       HAL_MSP_EXP432P401R_Crystalfontz128x128_ST7735.obj   188     28        0      
    +--+----------------------------------------------------+-------+---------+---------+
       Total:                                               1844    80        20     
                                                                                     
    .\driverlib\MSP432P4xx\
       adc14.obj                                            2272    128       0      
       spi.obj                                              2212    0         0      
       interrupt.obj                                        1008    144       456    
       gpio.obj                                             1152    28        96     
       cpu.obj                                              62      0         0      
    +--+----------------------------------------------------+-------+---------+---------+
       Total:                                               6706    300       552    
                                                                                     
    C:\ti\ccsv6\tools\compiler\ti-cgt-arm_15.12.1.LTS\lib\rtsv7M4_T_le_v4SPD16_eabi.lib
       memory.obj                                           988     0         24     
       typeinfo_.obj                                        188     356       8      
       fd_add_t2.obj                                        438     0         0      
       fd_mul_t2.obj                                        252     0         0      
       memcpy_t2.obj                                        156     0         0      
       memset_t2.obj                                        122     0         0      
       autoinit.obj                                         112     0         0      
       copy_decompress_rle.obj                              112     0         0      
       exit.obj                                             84      0         24     
       boot.obj                                             84      0         0      
       cpy_tbl.obj                                          76      0         0      
       fd_toi_t2.obj                                        72      0         0      
       fd_tou_t2.obj                                        68      0         0      
       ull_tofd_t2.obj                                      44      0         0      
       _lock.obj                                            20      0         16     
       args_main.obj                                        24      0         0      
       copy_decompress_none.obj                             14      0         0      
       delete.obj                                           8       0         0      
       stkdepth_vars.obj                                    0       0         8      
       pre_init.obj                                         4       0         0      
       mpu_init.obj                                         2       0         0      
       startup.obj                                          2       0         0      
    +--+----------------------------------------------------+-------+---------+---------+
       Total:                                               2870    356       80     
                                                                                     
       Heap:                                                0       0         2048   
       Stack:                                               0       0         1024   
       Linker Generated:                                    0       134       0      
    +--+----------------------------------------------------+-------+---------+---------+
       Grand Total:                                         17348   1240      45628  


LINKER GENERATED COPY TABLES

__TI_cinit_table @ 0000489c records: 3, size/record: 8, table size: 24
	.data: load addr=00004820, load size=00000052 bytes, run addr=200056c8, run size=00000060 bytes, compression=rle
	.bss: load addr=00004878, load size=0000000b bytes, run addr=200000e8, run size=000051da bytes, compression=rle
	.vtable: load addr=00004888, load size=00000009 bytes, run addr=20000000, run size=000000e4 bytes, compression=rle


LINKER GENERATED HANDLER TABLE

__TI_handler_table @ 00004894 records: 2, size/record: 4, table size: 8
	index: 0, handler: __TI_decompress_rle24
	index: 1, handler: __TI_decompress_none


GLOBAL SYMBOLS: SORTED ALPHABETICALLY BY Name 

address   name                                                     
-------   ----                                                     
000024f5  ADC14_IRQHandler                                         
000024f5  ADC14_IRQHandler                                         
00000939  ADC14_clearInterruptFlag                                 
000004d9  ADC14_configureConversionMemory                          
00000381  ADC14_configureMultiSequenceMode                         
00000417  ADC14_configureSingleSampleMode                          
00000611  ADC14_disableComparatorWindow                            
000004af  ADC14_disableConversion                                  
000008b3  ADC14_disableInterrupt                                   
00000255  ADC14_disableModule                                      
0000082f  ADC14_disableReferenceBurst                              
00000295  ADC14_disableSampleTimer                                 
00000581  ADC14_enableComparatorWindow                             
0000046d  ADC14_enableConversion                                   
00000887  ADC14_enableInterrupt                                    
0000024d  ADC14_enableModule                                       
00000819  ADC14_enableReferenceBurst                               
0000026b  ADC14_enableSampleTimer                                  
00000909  ADC14_getEnabledInterruptStatus                          
000008df  ADC14_getInterruptStatus                                 
00000739  ADC14_getMultiSequenceResult                             
0000030b  ADC14_getResolution                                      
0000071f  ADC14_getResult                                          
000007a5  ADC14_getResultArray                                     
000002ab  ADC14_initModule                                         
000004bb  ADC14_isBusy                                             
00000969  ADC14_registerInterrupt                                  
0000066f  ADC14_setComparatorWindowValue                           
00000845  ADC14_setPowerMode                                       
000002f1  ADC14_setResolution                                      
000006f5  ADC14_setResultFormat                                    
00000357  ADC14_setSampleHoldTime                                  
00000315  ADC14_setSampleHoldTrigger                               
0000048d  ADC14_toggleConversionTrigger                            
0000097d  ADC14_unregisterInterrupt                                
0000448b  AES256_IRQHandler                                        
0000448b  BusFault_Handler                                         
0000427d  C$$EXIT                                                  
0000448b  COMP_E0_IRQHandler                                       
0000448b  COMP_E1_IRQHandler                                       
000043dd  CPU_basepriGet                                           
000043cf  CPU_basepriSet                                           
000043a9  CPU_cpsid                                                
000043bf  CPU_cpsie                                                
000043b5  CPU_primask                                              
000043cb  CPU_wfi                                                  
0000448b  CS_IRQHandler                                            
00001b0d  Crystalfontz128x128_Init                                 
00001c21  Crystalfontz128x128_SetDrawFrame                         
00001d4f  Crystalfontz128x128_SetOrientation                       
0000448b  DMA_ERR_IRQHandler                                       
0000448b  DMA_INT0_IRQHandler                                      
0000448b  DMA_INT1_IRQHandler                                      
0000448b  DMA_INT2_IRQHandler                                      
0000448b  DMA_INT3_IRQHandler                                      
0000448b  DebugMon_Handler                                         
0000448b  Default_Handler                                          
0000448b  EUSCIA0_IRQHandler                                       
0000448b  EUSCIA1_IRQHandler                                       
0000448b  EUSCIA2_IRQHandler                                       
0000448b  EUSCIA3_IRQHandler                                       
0000448b  EUSCIB0_IRQHandler                                       
0000448b  EUSCIB1_IRQHandler                                       
0000448b  EUSCIB2_IRQHandler                                       
0000448b  EUSCIB3_IRQHandler                                       
000019d7  EUSCI_A_SPI_changeClockPhasePolarity                     
00001a8b  EUSCI_A_SPI_clearInterruptFlag                           
00001abb  EUSCI_A_SPI_disable                                      
00001a59  EUSCI_A_SPI_disableInterrupt                             
00001aa5  EUSCI_A_SPI_enable                                       
00001a3f  EUSCI_A_SPI_enableInterrupt                              
00001a73  EUSCI_A_SPI_getInterruptStatus                           
00001ad1  EUSCI_A_SPI_getReceiveBufferAddressForDMA                
00001adf  EUSCI_A_SPI_getTransmitBufferAddressForDMA               
00001aed  EUSCI_A_SPI_isBusy                                       
00001957  EUSCI_A_SPI_masterChangeClock                            
00001a2f  EUSCI_A_SPI_receiveData                                  
00001937  EUSCI_A_SPI_select4PinFunctionality                      
0000198d  EUSCI_A_SPI_slaveInit                                    
00001a19  EUSCI_A_SPI_transmitData                                 
00001809  EUSCI_B_SPI_changeClockPhasePolarity                     
000018bd  EUSCI_B_SPI_clearInterruptFlag                           
000018ed  EUSCI_B_SPI_disable                                      
0000188b  EUSCI_B_SPI_disableInterrupt                             
000018d7  EUSCI_B_SPI_enable                                       
00001871  EUSCI_B_SPI_enableInterrupt                              
000018a5  EUSCI_B_SPI_getInterruptStatus                           
00001903  EUSCI_B_SPI_getReceiveBufferAddressForDMA                
00001911  EUSCI_B_SPI_getTransmitBufferAddressForDMA               
0000191f  EUSCI_B_SPI_isBusy                                       
0000178d  EUSCI_B_SPI_masterChangeClock                            
00001861  EUSCI_B_SPI_receiveData                                  
0000176d  EUSCI_B_SPI_select4PinFunctionality                      
000017bf  EUSCI_B_SPI_slaveInit                                    
0000184b  EUSCI_B_SPI_transmitData                                 
0000448b  FLCTL_IRQHandler                                         
0000448b  FPU_IRQHandler                                           
00002943  GPIO_clearInterruptFlag                                  
00002903  GPIO_disableInterrupt                                    
000028e1  GPIO_enableInterrupt                                     
0000299b  GPIO_getEnabledInterruptStatus                           
000028b3  GPIO_getInputPinValue                                    
00002925  GPIO_getInterruptStatus                                  
00002965  GPIO_interruptEdgeSelect                                 
00002a5b  GPIO_registerInterrupt                                   
0000265b  GPIO_setAsInputPin                                       
0000280f  GPIO_setAsInputPinWithPullDownResistor                   
00002861  GPIO_setAsInputPinWithPullUpResistor                     
00002621  GPIO_setAsOutputPin                                      
00002725  GPIO_setAsPeripheralModuleFunctionInputPin               
000026a1  GPIO_setAsPeripheralModuleFunctionOutputPin              
00002a17  GPIO_setDriveStrengthHigh                                
00002a39  GPIO_setDriveStrengthLow                                 
000027a9  GPIO_setOutputHighOnPin                                  
000027cb  GPIO_setOutputLowOnPin                                   
000027ed  GPIO_toggleOutputOnPin                                   
00002a7b  GPIO_unregisterInterrupt                                 
000037c9  Graphics_clearDisplay                                    
00003c8d  Graphics_clearDisplayOnDisplay                           
00003bdf  Graphics_drawHorizontalLineOnDisplay                     
00003b9b  Graphics_drawMultiplePixelsOnDisplay                     
000037db  Graphics_drawPixel                                       
00003b71  Graphics_drawPixelOnDisplay                              
00003c13  Graphics_drawVerticalLineOnDisplay                       
00003c47  Graphics_fillRectangleOnDisplay                          
000037bb  Graphics_flushBuffer                                     
00003c7b  Graphics_flushOnDisplay                                  
0000379d  Graphics_getDisplayHeight                                
0000378d  Graphics_getDisplayWidth                                 
0000373b  Graphics_getFontBaseline                                 
00003771  Graphics_getFontHeight                                   
0000377f  Graphics_getFontMaxWidth                                 
000037ad  Graphics_getHeightOfDisplay                              
00003835  Graphics_getWidthOfDisplay                               
000035dd  Graphics_initContext                                     
000036f1  Graphics_setBackgroundColor                              
0000370b  Graphics_setBackgroundColorTranslated                    
00003627  Graphics_setClipRegion                                   
00003721  Graphics_setFont                                         
00003749  Graphics_setForegroundColor                              
0000375f  Graphics_setForegroundColorTranslated                    
00003c65  Graphics_translateColorOnDisplay                         
00003da1  HAL_LCD_PortInit                                         
00003dd1  HAL_LCD_SpiInit                                          
00003e07  HAL_LCD_writeCommand                                     
00003e2f  HAL_LCD_writeData                                        
0000448b  HardFault_Handler                                        
00002c63  Interrupt_disableInterrupt                               
00002ab3  Interrupt_disableMaster                                  
00002e61  Interrupt_disableSleepOnIsrExit                          
00002bf1  Interrupt_enableInterrupt                                
00002aa3  Interrupt_enableMaster                                   
00002e4f  Interrupt_enableSleepOnIsrExit                           
00002bcb  Interrupt_getPriority                                    
00002b43  Interrupt_getPriorityGrouping                            
00002e2f  Interrupt_getPriorityMask                                
00002e49  Interrupt_getVectorTableAddress                          
00002cd5  Interrupt_isEnabled                                      
00002d61  Interrupt_pendInterrupt                                  
00002ac3  Interrupt_registerInterrupt                              
00002b7b  Interrupt_setPriority                                    
00002b29  Interrupt_setPriorityGrouping                            
00002e1f  Interrupt_setPriorityMask                                
00002e39  Interrupt_setVectorTableAddress                          
00002dd1  Interrupt_unpendInterrupt                                
00002b15  Interrupt_unregisterInterrupt                            
200052be  Lcd_FlagRead                                             
200052bf  Lcd_FontSolid                                            
200052c0  Lcd_Orientation                                          
200052c1  Lcd_PenSolid                                             
200052b8  Lcd_ScreenHeigth                                         
200052ba  Lcd_ScreenWidth                                          
200052bc  Lcd_TouchTrim                                            
0000448b  MemManage_Handler                                        
0000448b  NMI_Handler                                              
0000448b  PCM_IRQHandler                                           
0000448b  PORT1_IRQHandler                                         
0000448b  PORT2_IRQHandler                                         
0000448b  PORT3_IRQHandler                                         
0000448b  PORT4_IRQHandler                                         
0000448b  PORT5_IRQHandler                                         
0000448b  PORT6_IRQHandler                                         
0000448b  PSS_IRQHandler                                           
0000448b  PendSV_Handler                                           
0000448b  RTC_C_IRQHandler                                         
0000447f  Reset_Handler                                            
0000481c  SHT$$INIT_ARRAY$$Base                                    
00004820  SHT$$INIT_ARRAY$$Limit                                   
0000142b  SPI_changeClockPhasePolarity                             
00001385  SPI_changeMasterClock                                    
000015dd  SPI_clearInterruptFlag                                   
0000155f  SPI_disableInterrupt                                     
000014b9  SPI_disableModule                                        
00001539  SPI_enableInterrupt                                      
0000149d  SPI_enableModule                                         
000015ad  SPI_getEnabledInterruptStatus                            
00001585  SPI_getInterruptStatus                                   
000014d5  SPI_getReceiveBufferAddressForDMA                        
000014f1  SPI_getTransmitBufferAddressForDMA                       
00001299  SPI_initMaster                                           
000013ad  SPI_initSlave                                            
0000151d  SPI_isBusy                                               
00001481  SPI_receiveData                                          
00001603  SPI_registerInterrupt                                    
0000135f  SPI_selectFourPinFunctionality                           
0000145b  SPI_transmitData                                         
000016c1  SPI_unregisterInterrupt                                  
0000448b  SVC_Handler                                              
0000448b  SysTick_Handler                                          
20005724  SystemCoreClock                                          
0000326d  SystemCoreClockUpdate                                    
000034e1  SystemInit                                               
000024c1  T32_INT1_IRQHandler                                      
000024c1  T32_INT1_IRQHandler                                      
0000448b  T32_INT2_IRQHandler                                      
0000448b  T32_INTC_IRQHandler                                      
0000448b  TA0_0_IRQHandler                                         
0000448b  TA0_N_IRQHandler                                         
0000448b  TA1_0_IRQHandler                                         
0000448b  TA1_N_IRQHandler                                         
0000448b  TA2_0_IRQHandler                                         
0000448b  TA2_N_IRQHandler                                         
0000448b  TA3_0_IRQHandler                                         
0000448b  TA3_N_IRQHandler                                         
0000448b  UsageFault_Handler                                       
4000480c  WDTCTL_SYM                                               
0000448b  WDT_A_IRQHandler                                         
0000227b  _Z5Setupv                                                
00003f09  _ZN10__cxxabiv116__enum_type_infoD0Ev                    
00003f07  _ZN10__cxxabiv116__enum_type_infoD1Ev                    
00003f07  _ZN10__cxxabiv116__enum_type_infoD2Ev                    
00003eff  _ZN10__cxxabiv117__array_type_infoD0Ev                   
00003efd  _ZN10__cxxabiv117__array_type_infoD1Ev                   
00003efd  _ZN10__cxxabiv117__array_type_infoD2Ev                   
00003ef5  _ZN10__cxxabiv117__class_type_infoD0Ev                   
00003ef3  _ZN10__cxxabiv117__class_type_infoD1Ev                   
00003ef3  _ZN10__cxxabiv117__class_type_infoD2Ev                   
00003eeb  _ZN10__cxxabiv117__pbase_type_infoD0Ev                   
00003ee9  _ZN10__cxxabiv117__pbase_type_infoD1Ev                   
00003ee9  _ZN10__cxxabiv117__pbase_type_infoD2Ev                   
00003ee1  _ZN10__cxxabiv119__pointer_type_infoD0Ev                 
00003edf  _ZN10__cxxabiv119__pointer_type_infoD1Ev                 
00003edf  _ZN10__cxxabiv119__pointer_type_infoD2Ev                 
00003ed7  _ZN10__cxxabiv120__function_type_infoD0Ev                
00003ed5  _ZN10__cxxabiv120__function_type_infoD1Ev                
00003ed5  _ZN10__cxxabiv120__function_type_infoD2Ev                
00003ecd  _ZN10__cxxabiv120__si_class_type_infoD0Ev                
00003ecb  _ZN10__cxxabiv120__si_class_type_infoD1Ev                
00003ecb  _ZN10__cxxabiv120__si_class_type_infoD2Ev                
00003ec3  _ZN10__cxxabiv121__vmi_class_type_infoD0Ev               
00003ec1  _ZN10__cxxabiv121__vmi_class_type_infoD1Ev               
00003ec1  _ZN10__cxxabiv121__vmi_class_type_infoD2Ev               
00003eb9  _ZN10__cxxabiv123__fundamental_type_infoD0Ev             
00003eb7  _ZN10__cxxabiv123__fundamental_type_infoD1Ev             
00003eb7  _ZN10__cxxabiv123__fundamental_type_infoD2Ev             
00003eaf  _ZN10__cxxabiv129__pointer_to_member_type_infoD0Ev       
00003ead  _ZN10__cxxabiv129__pointer_to_member_type_infoD1Ev       
00003ead  _ZN10__cxxabiv129__pointer_to_member_type_infoD2Ev       
0000409d  _ZN3LED11readMessageEhh                                  
00004085  _ZN3LED3runEv                                            
0000404d  _ZN3LEDC1Ehh                                             
0000404d  _ZN3LEDC2Ehh                                             
00004449  _ZN4Task11readMessageEhy                                 
0000448d  _ZN4Task3runEv                                           
00004415  _ZN4TaskC1Ev                                             
00004415  _ZN4TaskC2Ev                                             
00003ff5  _ZN5Servo11readMessageEhy                                
00003fe1  _ZN5Servo3runEv                                          
00003fb5  _ZN5ServoC1Eht                                           
00003fb5  _ZN5ServoC2Eht                                           
00003af1  _ZN6screen11readMessageEhy                               
00003a4f  _ZN6screen3runEv                                         
000039f9  _ZN6screenC1EhP16Graphics_ContextP18Graphics_RectangleS3_
000039f9  _ZN6screenC2EhP16Graphics_ContextP18Graphics_RectangleS3_
00001151  _ZN9Scheduler10runMessageEhh                             
00000bef  _ZN9Scheduler13attachMessageEhhby                        
00000d1b  _ZN9Scheduler17CalculateScheduleEv                       
0000125b  _ZN9Scheduler22SortScheduleByPriorityEP4Task             
00000cb1  _ZN9Scheduler3runEv                                      
000010a7  _ZN9Scheduler5cleanEh                                    
00000a9f  _ZN9Scheduler6attachEP4Taskb                             
00000b37  _ZN9Scheduler6attachEP4Taskyb                            
00000f5d  _ZN9Scheduler7mailManEv                                  
00001105  _ZN9Scheduler9cleanMailEv                                
000009c5  _ZN9SchedulerC1Ev                                        
000009c5  _ZN9SchedulerC2Ev                                        
00003e6f  _ZNKSt9type_info4nameEv                                  
00003e9f  _ZNKSt9type_info6beforeERKS_                             
00003e89  _ZNKSt9type_infoeqERKS_                                  
00003e73  _ZNKSt9type_infoneERKS_                                  
00003e67  _ZNSt9type_infoD0Ev                                      
00003e65  _ZNSt9type_infoD1Ev                                      
00003e65  _ZNSt9type_infoD2Ev                                      
200052b4  _ZSt16__dummy_typeinfo                                   
00003e5d  _ZSt21__gen_dummy_typeinfosv                             
0000475c  _ZTI3LED                                                 
000047c4  _ZTI4Task                                                
00004768  _ZTI5Servo                                               
00004774  _ZTI6screen                                              
00004780  _ZTIN10__cxxabiv117__class_type_infoE                    
0000478c  _ZTIN10__cxxabiv117__pbase_type_infoE                    
00004798  _ZTIN10__cxxabiv119__pointer_type_infoE                  
000047a4  _ZTIN10__cxxabiv120__si_class_type_infoE                 
000047b0  _ZTIN10__cxxabiv123__fundamental_type_infoE              
000046cc  _ZTIPKe                                                  
000047cc  _ZTISt9type_info                                         
000047d4  _ZTIe                                                    
00004811  _ZTS3LED                                                 
0000480b  _ZTS4Task                                                
00004804  _ZTS5Servo                                               
000047dc  _ZTS6screen                                              
00004619  _ZTSN10__cxxabiv117__class_type_infoE                    
0000463b  _ZTSN10__cxxabiv117__pbase_type_infoE                    
000045f5  _ZTSN10__cxxabiv119__pointer_type_infoE                  
000045d0  _ZTSN10__cxxabiv120__si_class_type_infoE                 
000045a8  _ZTSN10__cxxabiv123__fundamental_type_infoE              
00004816  _ZTSPKe                                                  
0000474c  _ZTSSt9type_info                                         
0000465d  _ZTSe                                                    
000046b8  _ZTV3LED                                                 
000046dc  _ZTV4Task                                                
000046ec  _ZTV5Servo                                               
000046fc  _ZTV6screen                                              
0000470c  _ZTVN10__cxxabiv117__class_type_infoE                    
0000471c  _ZTVN10__cxxabiv119__pointer_type_infoE                  
0000472c  _ZTVN10__cxxabiv120__si_class_type_infoE                 
0000473c  _ZTVN10__cxxabiv123__fundamental_type_infoE              
00004499  _ZdlPv                                                   
20010000  __STACK_END                                              
00000200  __STACK_SIZE                                             
00000400  __SYSMEM_SIZE                                            
0000489c  __TI_CINIT_Base                                          
000048b4  __TI_CINIT_Limit                                         
00004894  __TI_Handler_Table_Base                                  
0000489c  __TI_Handler_Table_Limit                                 
0000414d  __TI_auto_init                                           
200056f8  __TI_cleanup_ptr                                         
00004471  __TI_decompress_none                                     
000044a1  __TI_decompress_rle24                                    
200056fc  __TI_dtors_ptr                                           
20005700  __TI_enable_exit_profile_output                          
ffffffff  __TI_pprof_out_hndl                                      
ffffffff  __TI_prof_data_size                                      
ffffffff  __TI_prof_data_start                                     
00000000  __TI_static_base__                                       
0000431d  __aeabi_d2iz                                             
00004365  __aeabi_d2uiz                                            
0000384d  __aeabi_dadd                                             
00003ca5  __aeabi_dmul                                             
00003843  __aeabi_dsub                                             
000040d1  __aeabi_memclr                                           
000040d1  __aeabi_memclr4                                          
000040d1  __aeabi_memclr8                                          
00003f19  __aeabi_memcpy                                           
00003f19  __aeabi_memcpy4                                          
00003f19  __aeabi_memcpy8                                          
000040d3  __aeabi_memset                                           
000040d3  __aeabi_memset4                                          
000040d3  __aeabi_memset8                                          
000043e7  __aeabi_ul2d                                             
ffffffff  __binit__                                                
ffffffff  __c_args__                                               
0000414b  __mpu_init                                               
2000fe00  __stack                                                  
00002591  __sti___8_main_cpp_eb39b84f                              
00004431  _args_main                                               
00004229  _c_int00                                                 
20005710  _lock                                                    
0000446b  _nop                                                     
00004463  _register_lock                                           
0000445d  _register_unlock                                         
200052c8  _sys_memory                                              
00004227  _system_post_cinit                                       
000044a7  _system_pre_init                                         
20005714  _unlock                                                  
00004281  abort                                                    
ffffffff  binit                                                    
00003239  calloc                                                   
000042d1  copy_in                                                  
00004289  exit                                                     
00002f87  free                                                     
20000000  g_pfnRAMVectors                                          
20005288  g_sContext                                               
0000457c  g_sCrystalfontz128x128                                   
200052a4  g_sLand                                                  
200000e8  g_sMainScheduler                                         
200052ac  g_sSky                                                   
00000000  interruptVectors                                         
000021eb  main                                                     
20005720  main_func_sp                                             
00002f1f  malloc                                                   
00003155  memalign                                                 
00003f19  memcpy                                                   
000040d9  memset                                                   
00002e91  minit                                                    
00003049  realloc                                                  


GLOBAL SYMBOLS: SORTED BY Symbol Address 

address   name                                                     
-------   ----                                                     
00000000  __TI_static_base__                                       
00000000  interruptVectors                                         
00000200  __STACK_SIZE                                             
0000024d  ADC14_enableModule                                       
00000255  ADC14_disableModule                                      
0000026b  ADC14_enableSampleTimer                                  
00000295  ADC14_disableSampleTimer                                 
000002ab  ADC14_initModule                                         
000002f1  ADC14_setResolution                                      
0000030b  ADC14_getResolution                                      
00000315  ADC14_setSampleHoldTrigger                               
00000357  ADC14_setSampleHoldTime                                  
00000381  ADC14_configureMultiSequenceMode                         
00000400  __SYSMEM_SIZE                                            
00000417  ADC14_configureSingleSampleMode                          
0000046d  ADC14_enableConversion                                   
0000048d  ADC14_toggleConversionTrigger                            
000004af  ADC14_disableConversion                                  
000004bb  ADC14_isBusy                                             
000004d9  ADC14_configureConversionMemory                          
00000581  ADC14_enableComparatorWindow                             
00000611  ADC14_disableComparatorWindow                            
0000066f  ADC14_setComparatorWindowValue                           
000006f5  ADC14_setResultFormat                                    
0000071f  ADC14_getResult                                          
00000739  ADC14_getMultiSequenceResult                             
000007a5  ADC14_getResultArray                                     
00000819  ADC14_enableReferenceBurst                               
0000082f  ADC14_disableReferenceBurst                              
00000845  ADC14_setPowerMode                                       
00000887  ADC14_enableInterrupt                                    
000008b3  ADC14_disableInterrupt                                   
000008df  ADC14_getInterruptStatus                                 
00000909  ADC14_getEnabledInterruptStatus                          
00000939  ADC14_clearInterruptFlag                                 
00000969  ADC14_registerInterrupt                                  
0000097d  ADC14_unregisterInterrupt                                
000009c5  _ZN9SchedulerC1Ev                                        
000009c5  _ZN9SchedulerC2Ev                                        
00000a9f  _ZN9Scheduler6attachEP4Taskb                             
00000b37  _ZN9Scheduler6attachEP4Taskyb                            
00000bef  _ZN9Scheduler13attachMessageEhhby                        
00000cb1  _ZN9Scheduler3runEv                                      
00000d1b  _ZN9Scheduler17CalculateScheduleEv                       
00000f5d  _ZN9Scheduler7mailManEv                                  
000010a7  _ZN9Scheduler5cleanEh                                    
00001105  _ZN9Scheduler9cleanMailEv                                
00001151  _ZN9Scheduler10runMessageEhh                             
0000125b  _ZN9Scheduler22SortScheduleByPriorityEP4Task             
00001299  SPI_initMaster                                           
0000135f  SPI_selectFourPinFunctionality                           
00001385  SPI_changeMasterClock                                    
000013ad  SPI_initSlave                                            
0000142b  SPI_changeClockPhasePolarity                             
0000145b  SPI_transmitData                                         
00001481  SPI_receiveData                                          
0000149d  SPI_enableModule                                         
000014b9  SPI_disableModule                                        
000014d5  SPI_getReceiveBufferAddressForDMA                        
000014f1  SPI_getTransmitBufferAddressForDMA                       
0000151d  SPI_isBusy                                               
00001539  SPI_enableInterrupt                                      
0000155f  SPI_disableInterrupt                                     
00001585  SPI_getInterruptStatus                                   
000015ad  SPI_getEnabledInterruptStatus                            
000015dd  SPI_clearInterruptFlag                                   
00001603  SPI_registerInterrupt                                    
000016c1  SPI_unregisterInterrupt                                  
0000176d  EUSCI_B_SPI_select4PinFunctionality                      
0000178d  EUSCI_B_SPI_masterChangeClock                            
000017bf  EUSCI_B_SPI_slaveInit                                    
00001809  EUSCI_B_SPI_changeClockPhasePolarity                     
0000184b  EUSCI_B_SPI_transmitData                                 
00001861  EUSCI_B_SPI_receiveData                                  
00001871  EUSCI_B_SPI_enableInterrupt                              
0000188b  EUSCI_B_SPI_disableInterrupt                             
000018a5  EUSCI_B_SPI_getInterruptStatus                           
000018bd  EUSCI_B_SPI_clearInterruptFlag                           
000018d7  EUSCI_B_SPI_enable                                       
000018ed  EUSCI_B_SPI_disable                                      
00001903  EUSCI_B_SPI_getReceiveBufferAddressForDMA                
00001911  EUSCI_B_SPI_getTransmitBufferAddressForDMA               
0000191f  EUSCI_B_SPI_isBusy                                       
00001937  EUSCI_A_SPI_select4PinFunctionality                      
00001957  EUSCI_A_SPI_masterChangeClock                            
0000198d  EUSCI_A_SPI_slaveInit                                    
000019d7  EUSCI_A_SPI_changeClockPhasePolarity                     
00001a19  EUSCI_A_SPI_transmitData                                 
00001a2f  EUSCI_A_SPI_receiveData                                  
00001a3f  EUSCI_A_SPI_enableInterrupt                              
00001a59  EUSCI_A_SPI_disableInterrupt                             
00001a73  EUSCI_A_SPI_getInterruptStatus                           
00001a8b  EUSCI_A_SPI_clearInterruptFlag                           
00001aa5  EUSCI_A_SPI_enable                                       
00001abb  EUSCI_A_SPI_disable                                      
00001ad1  EUSCI_A_SPI_getReceiveBufferAddressForDMA                
00001adf  EUSCI_A_SPI_getTransmitBufferAddressForDMA               
00001aed  EUSCI_A_SPI_isBusy                                       
00001b0d  Crystalfontz128x128_Init                                 
00001c21  Crystalfontz128x128_SetDrawFrame                         
00001d4f  Crystalfontz128x128_SetOrientation                       
000021eb  main                                                     
0000227b  _Z5Setupv                                                
000024c1  T32_INT1_IRQHandler                                      
000024c1  T32_INT1_IRQHandler                                      
000024f5  ADC14_IRQHandler                                         
000024f5  ADC14_IRQHandler                                         
00002591  __sti___8_main_cpp_eb39b84f                              
00002621  GPIO_setAsOutputPin                                      
0000265b  GPIO_setAsInputPin                                       
000026a1  GPIO_setAsPeripheralModuleFunctionOutputPin              
00002725  GPIO_setAsPeripheralModuleFunctionInputPin               
000027a9  GPIO_setOutputHighOnPin                                  
000027cb  GPIO_setOutputLowOnPin                                   
000027ed  GPIO_toggleOutputOnPin                                   
0000280f  GPIO_setAsInputPinWithPullDownResistor                   
00002861  GPIO_setAsInputPinWithPullUpResistor                     
000028b3  GPIO_getInputPinValue                                    
000028e1  GPIO_enableInterrupt                                     
00002903  GPIO_disableInterrupt                                    
00002925  GPIO_getInterruptStatus                                  
00002943  GPIO_clearInterruptFlag                                  
00002965  GPIO_interruptEdgeSelect                                 
0000299b  GPIO_getEnabledInterruptStatus                           
00002a17  GPIO_setDriveStrengthHigh                                
00002a39  GPIO_setDriveStrengthLow                                 
00002a5b  GPIO_registerInterrupt                                   
00002a7b  GPIO_unregisterInterrupt                                 
00002aa3  Interrupt_enableMaster                                   
00002ab3  Interrupt_disableMaster                                  
00002ac3  Interrupt_registerInterrupt                              
00002b15  Interrupt_unregisterInterrupt                            
00002b29  Interrupt_setPriorityGrouping                            
00002b43  Interrupt_getPriorityGrouping                            
00002b7b  Interrupt_setPriority                                    
00002bcb  Interrupt_getPriority                                    
00002bf1  Interrupt_enableInterrupt                                
00002c63  Interrupt_disableInterrupt                               
00002cd5  Interrupt_isEnabled                                      
00002d61  Interrupt_pendInterrupt                                  
00002dd1  Interrupt_unpendInterrupt                                
00002e1f  Interrupt_setPriorityMask                                
00002e2f  Interrupt_getPriorityMask                                
00002e39  Interrupt_setVectorTableAddress                          
00002e49  Interrupt_getVectorTableAddress                          
00002e4f  Interrupt_enableSleepOnIsrExit                           
00002e61  Interrupt_disableSleepOnIsrExit                          
00002e91  minit                                                    
00002f1f  malloc                                                   
00002f87  free                                                     
00003049  realloc                                                  
00003155  memalign                                                 
00003239  calloc                                                   
0000326d  SystemCoreClockUpdate                                    
000034e1  SystemInit                                               
000035dd  Graphics_initContext                                     
00003627  Graphics_setClipRegion                                   
000036f1  Graphics_setBackgroundColor                              
0000370b  Graphics_setBackgroundColorTranslated                    
00003721  Graphics_setFont                                         
0000373b  Graphics_getFontBaseline                                 
00003749  Graphics_setForegroundColor                              
0000375f  Graphics_setForegroundColorTranslated                    
00003771  Graphics_getFontHeight                                   
0000377f  Graphics_getFontMaxWidth                                 
0000378d  Graphics_getDisplayWidth                                 
0000379d  Graphics_getDisplayHeight                                
000037ad  Graphics_getHeightOfDisplay                              
000037bb  Graphics_flushBuffer                                     
000037c9  Graphics_clearDisplay                                    
000037db  Graphics_drawPixel                                       
00003835  Graphics_getWidthOfDisplay                               
00003843  __aeabi_dsub                                             
0000384d  __aeabi_dadd                                             
000039f9  _ZN6screenC1EhP16Graphics_ContextP18Graphics_RectangleS3_
000039f9  _ZN6screenC2EhP16Graphics_ContextP18Graphics_RectangleS3_
00003a4f  _ZN6screen3runEv                                         
00003af1  _ZN6screen11readMessageEhy                               
00003b71  Graphics_drawPixelOnDisplay                              
00003b9b  Graphics_drawMultiplePixelsOnDisplay                     
00003bdf  Graphics_drawHorizontalLineOnDisplay                     
00003c13  Graphics_drawVerticalLineOnDisplay                       
00003c47  Graphics_fillRectangleOnDisplay                          
00003c65  Graphics_translateColorOnDisplay                         
00003c7b  Graphics_flushOnDisplay                                  
00003c8d  Graphics_clearDisplayOnDisplay                           
00003ca5  __aeabi_dmul                                             
00003da1  HAL_LCD_PortInit                                         
00003dd1  HAL_LCD_SpiInit                                          
00003e07  HAL_LCD_writeCommand                                     
00003e2f  HAL_LCD_writeData                                        
00003e5d  _ZSt21__gen_dummy_typeinfosv                             
00003e65  _ZNSt9type_infoD1Ev                                      
00003e65  _ZNSt9type_infoD2Ev                                      
00003e67  _ZNSt9type_infoD0Ev                                      
00003e6f  _ZNKSt9type_info4nameEv                                  
00003e73  _ZNKSt9type_infoneERKS_                                  
00003e89  _ZNKSt9type_infoeqERKS_                                  
00003e9f  _ZNKSt9type_info6beforeERKS_                             
00003ead  _ZN10__cxxabiv129__pointer_to_member_type_infoD1Ev       
00003ead  _ZN10__cxxabiv129__pointer_to_member_type_infoD2Ev       
00003eaf  _ZN10__cxxabiv129__pointer_to_member_type_infoD0Ev       
00003eb7  _ZN10__cxxabiv123__fundamental_type_infoD1Ev             
00003eb7  _ZN10__cxxabiv123__fundamental_type_infoD2Ev             
00003eb9  _ZN10__cxxabiv123__fundamental_type_infoD0Ev             
00003ec1  _ZN10__cxxabiv121__vmi_class_type_infoD1Ev               
00003ec1  _ZN10__cxxabiv121__vmi_class_type_infoD2Ev               
00003ec3  _ZN10__cxxabiv121__vmi_class_type_infoD0Ev               
00003ecb  _ZN10__cxxabiv120__si_class_type_infoD1Ev                
00003ecb  _ZN10__cxxabiv120__si_class_type_infoD2Ev                
00003ecd  _ZN10__cxxabiv120__si_class_type_infoD0Ev                
00003ed5  _ZN10__cxxabiv120__function_type_infoD1Ev                
00003ed5  _ZN10__cxxabiv120__function_type_infoD2Ev                
00003ed7  _ZN10__cxxabiv120__function_type_infoD0Ev                
00003edf  _ZN10__cxxabiv119__pointer_type_infoD1Ev                 
00003edf  _ZN10__cxxabiv119__pointer_type_infoD2Ev                 
00003ee1  _ZN10__cxxabiv119__pointer_type_infoD0Ev                 
00003ee9  _ZN10__cxxabiv117__pbase_type_infoD1Ev                   
00003ee9  _ZN10__cxxabiv117__pbase_type_infoD2Ev                   
00003eeb  _ZN10__cxxabiv117__pbase_type_infoD0Ev                   
00003ef3  _ZN10__cxxabiv117__class_type_infoD1Ev                   
00003ef3  _ZN10__cxxabiv117__class_type_infoD2Ev                   
00003ef5  _ZN10__cxxabiv117__class_type_infoD0Ev                   
00003efd  _ZN10__cxxabiv117__array_type_infoD1Ev                   
00003efd  _ZN10__cxxabiv117__array_type_infoD2Ev                   
00003eff  _ZN10__cxxabiv117__array_type_infoD0Ev                   
00003f07  _ZN10__cxxabiv116__enum_type_infoD1Ev                    
00003f07  _ZN10__cxxabiv116__enum_type_infoD2Ev                    
00003f09  _ZN10__cxxabiv116__enum_type_infoD0Ev                    
00003f19  __aeabi_memcpy                                           
00003f19  __aeabi_memcpy4                                          
00003f19  __aeabi_memcpy8                                          
00003f19  memcpy                                                   
00003fb5  _ZN5ServoC1Eht                                           
00003fb5  _ZN5ServoC2Eht                                           
00003fe1  _ZN5Servo3runEv                                          
00003ff5  _ZN5Servo11readMessageEhy                                
0000404d  _ZN3LEDC1Ehh                                             
0000404d  _ZN3LEDC2Ehh                                             
00004085  _ZN3LED3runEv                                            
0000409d  _ZN3LED11readMessageEhh                                  
000040d1  __aeabi_memclr                                           
000040d1  __aeabi_memclr4                                          
000040d1  __aeabi_memclr8                                          
000040d3  __aeabi_memset                                           
000040d3  __aeabi_memset4                                          
000040d3  __aeabi_memset8                                          
000040d9  memset                                                   
0000414b  __mpu_init                                               
0000414d  __TI_auto_init                                           
00004227  _system_post_cinit                                       
00004229  _c_int00                                                 
0000427d  C$$EXIT                                                  
00004281  abort                                                    
00004289  exit                                                     
000042d1  copy_in                                                  
0000431d  __aeabi_d2iz                                             
00004365  __aeabi_d2uiz                                            
000043a9  CPU_cpsid                                                
000043b5  CPU_primask                                              
000043bf  CPU_cpsie                                                
000043cb  CPU_wfi                                                  
000043cf  CPU_basepriSet                                           
000043dd  CPU_basepriGet                                           
000043e7  __aeabi_ul2d                                             
00004415  _ZN4TaskC1Ev                                             
00004415  _ZN4TaskC2Ev                                             
00004431  _args_main                                               
00004449  _ZN4Task11readMessageEhy                                 
0000445d  _register_unlock                                         
00004463  _register_lock                                           
0000446b  _nop                                                     
00004471  __TI_decompress_none                                     
0000447f  Reset_Handler                                            
0000448b  AES256_IRQHandler                                        
0000448b  BusFault_Handler                                         
0000448b  COMP_E0_IRQHandler                                       
0000448b  COMP_E1_IRQHandler                                       
0000448b  CS_IRQHandler                                            
0000448b  DMA_ERR_IRQHandler                                       
0000448b  DMA_INT0_IRQHandler                                      
0000448b  DMA_INT1_IRQHandler                                      
0000448b  DMA_INT2_IRQHandler                                      
0000448b  DMA_INT3_IRQHandler                                      
0000448b  DebugMon_Handler                                         
0000448b  Default_Handler                                          
0000448b  EUSCIA0_IRQHandler                                       
0000448b  EUSCIA1_IRQHandler                                       
0000448b  EUSCIA2_IRQHandler                                       
0000448b  EUSCIA3_IRQHandler                                       
0000448b  EUSCIB0_IRQHandler                                       
0000448b  EUSCIB1_IRQHandler                                       
0000448b  EUSCIB2_IRQHandler                                       
0000448b  EUSCIB3_IRQHandler                                       
0000448b  FLCTL_IRQHandler                                         
0000448b  FPU_IRQHandler                                           
0000448b  HardFault_Handler                                        
0000448b  MemManage_Handler                                        
0000448b  NMI_Handler                                              
0000448b  PCM_IRQHandler                                           
0000448b  PORT1_IRQHandler                                         
0000448b  PORT2_IRQHandler                                         
0000448b  PORT3_IRQHandler                                         
0000448b  PORT4_IRQHandler                                         
0000448b  PORT5_IRQHandler                                         
0000448b  PORT6_IRQHandler                                         
0000448b  PSS_IRQHandler                                           
0000448b  PendSV_Handler                                           
0000448b  RTC_C_IRQHandler                                         
0000448b  SVC_Handler                                              
0000448b  SysTick_Handler                                          
0000448b  T32_INT2_IRQHandler                                      
0000448b  T32_INTC_IRQHandler                                      
0000448b  TA0_0_IRQHandler                                         
0000448b  TA0_N_IRQHandler                                         
0000448b  TA1_0_IRQHandler                                         
0000448b  TA1_N_IRQHandler                                         
0000448b  TA2_0_IRQHandler                                         
0000448b  TA2_N_IRQHandler                                         
0000448b  TA3_0_IRQHandler                                         
0000448b  TA3_N_IRQHandler                                         
0000448b  UsageFault_Handler                                       
0000448b  WDT_A_IRQHandler                                         
0000448d  _ZN4Task3runEv                                           
00004499  _ZdlPv                                                   
000044a1  __TI_decompress_rle24                                    
000044a7  _system_pre_init                                         
0000457c  g_sCrystalfontz128x128                                   
000045a8  _ZTSN10__cxxabiv123__fundamental_type_infoE              
000045d0  _ZTSN10__cxxabiv120__si_class_type_infoE                 
000045f5  _ZTSN10__cxxabiv119__pointer_type_infoE                  
00004619  _ZTSN10__cxxabiv117__class_type_infoE                    
0000463b  _ZTSN10__cxxabiv117__pbase_type_infoE                    
0000465d  _ZTSe                                                    
000046b8  _ZTV3LED                                                 
000046cc  _ZTIPKe                                                  
000046dc  _ZTV4Task                                                
000046ec  _ZTV5Servo                                               
000046fc  _ZTV6screen                                              
0000470c  _ZTVN10__cxxabiv117__class_type_infoE                    
0000471c  _ZTVN10__cxxabiv119__pointer_type_infoE                  
0000472c  _ZTVN10__cxxabiv120__si_class_type_infoE                 
0000473c  _ZTVN10__cxxabiv123__fundamental_type_infoE              
0000474c  _ZTSSt9type_info                                         
0000475c  _ZTI3LED                                                 
00004768  _ZTI5Servo                                               
00004774  _ZTI6screen                                              
00004780  _ZTIN10__cxxabiv117__class_type_infoE                    
0000478c  _ZTIN10__cxxabiv117__pbase_type_infoE                    
00004798  _ZTIN10__cxxabiv119__pointer_type_infoE                  
000047a4  _ZTIN10__cxxabiv120__si_class_type_infoE                 
000047b0  _ZTIN10__cxxabiv123__fundamental_type_infoE              
000047c4  _ZTI4Task                                                
000047cc  _ZTISt9type_info                                         
000047d4  _ZTIe                                                    
000047dc  _ZTS6screen                                              
00004804  _ZTS5Servo                                               
0000480b  _ZTS4Task                                                
00004811  _ZTS3LED                                                 
00004816  _ZTSPKe                                                  
0000481c  SHT$$INIT_ARRAY$$Base                                    
00004820  SHT$$INIT_ARRAY$$Limit                                   
00004894  __TI_Handler_Table_Base                                  
0000489c  __TI_CINIT_Base                                          
0000489c  __TI_Handler_Table_Limit                                 
000048b4  __TI_CINIT_Limit                                         
20000000  g_pfnRAMVectors                                          
200000e8  g_sMainScheduler                                         
20005288  g_sContext                                               
200052a4  g_sLand                                                  
200052ac  g_sSky                                                   
200052b4  _ZSt16__dummy_typeinfo                                   
200052b8  Lcd_ScreenHeigth                                         
200052ba  Lcd_ScreenWidth                                          
200052bc  Lcd_TouchTrim                                            
200052be  Lcd_FlagRead                                             
200052bf  Lcd_FontSolid                                            
200052c0  Lcd_Orientation                                          
200052c1  Lcd_PenSolid                                             
200052c8  _sys_memory                                              
200056f8  __TI_cleanup_ptr                                         
200056fc  __TI_dtors_ptr                                           
20005700  __TI_enable_exit_profile_output                          
20005710  _lock                                                    
20005714  _unlock                                                  
20005720  main_func_sp                                             
20005724  SystemCoreClock                                          
2000fe00  __stack                                                  
20010000  __STACK_END                                              
4000480c  WDTCTL_SYM                                               
ffffffff  __TI_pprof_out_hndl                                      
ffffffff  __TI_prof_data_size                                      
ffffffff  __TI_prof_data_start                                     
ffffffff  __binit__                                                
ffffffff  __c_args__                                               
ffffffff  binit                                                    

[396 symbols]
