******************************************************************************
                  TI ARM Linker PC v15.12.1                    
******************************************************************************
>> Linked Mon Nov 14 22:57:31 2016

OUTPUT FILE NAME:   <Lab2.out>
ENTRY POINT SYMBOL: "_c_int00"  address: 000041ed


MEMORY CONFIGURATION

         name            origin    length      used     unused   attr    fill
----------------------  --------  ---------  --------  --------  ----  --------
  MAIN                  00000000   00040000  00004851  0003b7af  R  X
  INFO                  00200000   00004000  00000000  00004000  R  X
  SRAM_CODE             01000000   00010000  00005926  0000a6da  RW X
  SRAM_DATA             20000000   00010000  00005926  0000a6da  RW  


SEGMENT ALLOCATION MAP

run origin  load origin   length   init length attrs members
----------  ----------- ---------- ----------- ----- -------
00000000    00000000    00004854   00004854    r-x
  00000000    00000000    000000e4   000000e4    r-- .intvecs
  000000e4    000000e4    0000438a   0000438a    r-x .text
  00004470    00004470    0000034b   0000034b    r-- .const
  000047bc    000047bc    00000004   00000004    r-- .init_array
  000047c0    000047c0    00000094   00000094    r-- .cinit
20000000    20000000    00005730   00000000    rw-
  20000000    20000000    000000e4   00000000    rw- .vtable
  200000e8    200000e8    000051da   00000000    rw- .bss
  200052c8    200052c8    00000400   00000000    rw- .sysmem
  200056c8    200056c8    00000068   00000000    rw- .data
2000fe00    2000fe00    00000200   00000000    rw-
  2000fe00    2000fe00    00000200   00000000    rw- .stack


SECTION ALLOCATION MAP

 output                                  attributes/
section   page    origin      length       input sections
--------  ----  ----------  ----------   ----------------
.intvecs   0    00000000    000000e4     
                  00000000    000000e4     startup_msp432p401r_ccs.obj (.intvecs:retain)

.binit     0    00000000    00000000     

.text      0    000000e4    0000438a     
                  000000e4    000008e0     adc14.obj (.text)
                  000009c4    000008b6     Scheduler.obj (.text)
                  0000127a    00000002     rtsv7M4_T_le_v4SPD16_eabi.lib : mpu_init.obj (.text)
                  0000127c    000008a4     spi.obj (.text)
                  00001b20    00000678     Crystalfontz128x128_ST7735.obj (.text)
                  00002198    000004f0     main.obj (.text)
                  00002688    00000480     gpio.obj (.text)
                  00002b08    000003f0     interrupt.obj (.text)
                  00002ef8    000003dc     rtsv7M4_T_le_v4SPD16_eabi.lib : memory.obj (.text)
                  000032d4    00000370     system_msp432p401r.obj (.text)
                  00003644    00000266     context.obj (.text)
                  000038aa    000001b6     rtsv7M4_T_le_v4SPD16_eabi.lib : fd_add_t2.obj (.text)
                  00003a60    0000016c     Screen.obj (.text)
                  00003bcc    00000134     display.obj (.text)
                  00003d00    000000fc     rtsv7M4_T_le_v4SPD16_eabi.lib : fd_mul_t2.obj (.text)
                  00003dfc    000000bc     HAL_MSP_EXP432P401R_Crystalfontz128x128_ST7735.obj (.text)
                  00003eb8    000000bc     rtsv7M4_T_le_v4SPD16_eabi.lib : typeinfo_.obj (.text)
                  00003f74    0000009c                                   : memcpy_t2.obj (.text)
                  00004010    00000084     LED.obj (.text)
                  00004094    0000007a     rtsv7M4_T_le_v4SPD16_eabi.lib : memset_t2.obj (.text)
                  0000410e    00000002                                   : startup.obj (.text)
                  00004110    00000070                                   : autoinit.obj (.text)
                  00004180    0000006a                                   : copy_decompress_rle.obj (.text)
                  000041ea    00000002     --HOLE-- [fill = 0]
                  000041ec    00000054                                   : boot.obj (.text)
                  00004240    00000054                                   : exit.obj (.text)
                  00004294    0000004c                                   : cpy_tbl.obj (.text)
                  000042e0    00000048                                   : fd_toi_t2.obj (.text)
                  00004328    00000044                                   : fd_tou_t2.obj (.text)
                  0000436c    0000003e     cpu.obj (.text)
                  000043aa    0000002c     rtsv7M4_T_le_v4SPD16_eabi.lib : ull_tofd_t2.obj (.text)
                  000043d6    00000002     --HOLE-- [fill = 0]
                  000043d8    0000001c     Task.obj (.text)
                  000043f4    00000018     rtsv7M4_T_le_v4SPD16_eabi.lib : args_main.obj (.text)
                  0000440c    00000014     LED.obj (.text:_ZN4Task11readMessageEhy)
                  00004420    00000014     rtsv7M4_T_le_v4SPD16_eabi.lib : _lock.obj (.text)
                  00004434    0000000e                                   : copy_decompress_none.obj (.text:decompress:none)
                  00004442    0000000e     startup_msp432p401r_ccs.obj (.text)
                  00004450    0000000c     Task.obj (.text:_ZN4Task3runEv)
                  0000445c    00000008     rtsv7M4_T_le_v4SPD16_eabi.lib : delete.obj (.text)
                  00004464    00000006                                   : copy_decompress_rle.obj (.text:decompress:rle24)
                  0000446a    00000004                                   : pre_init.obj (.text)

.const     0    00004470    0000034b     
                  00004470    00000080     adc14.obj (.const:_ctlRegs)
                  000044f0    00000050     interrupt.obj (.const:g_pulRegs)
                  00004540    0000002c     Crystalfontz128x128_ST7735.obj (.const:g_sCrystalfontz128x128)
                  0000456c    00000028     rtsv7M4_T_le_v4SPD16_eabi.lib : typeinfo_.obj (.const:.typeinfo:_ZTSN10__cxxabiv123__fundamental_type_infoE)
                  00004594    00000025                                   : typeinfo_.obj (.const:.typeinfo:_ZTSN10__cxxabiv120__si_class_type_infoE)
                  000045b9    00000024                                   : typeinfo_.obj (.const:.typeinfo:_ZTSN10__cxxabiv119__pointer_type_infoE)
                  000045dd    00000022                                   : typeinfo_.obj (.const:.typeinfo:_ZTSN10__cxxabiv117__class_type_infoE)
                  000045ff    00000022                                   : typeinfo_.obj (.const:.typeinfo:_ZTSN10__cxxabiv117__pbase_type_infoE)
                  00004621    00000002                                   : typeinfo_.obj (.const:.typeinfo:_ZTSe)
                  00004623    00000001     --HOLE-- [fill = 0]
                  00004624    00000020     interrupt.obj (.const:g_pulPriority)
                  00004644    0000001c     HAL_MSP_EXP432P401R_Crystalfontz128x128_ST7735.obj (.const:$P$T0$1)
                  00004660    0000001c     gpio.obj (.const:GPIO_PORT_TO_INT)
                  0000467c    00000014     LED.obj (.const:_ZTV3LED)
                  00004690    00000010     rtsv7M4_T_le_v4SPD16_eabi.lib : typeinfo_.obj (.const:.typeinfo:_ZTIPKe)
                  000046a0    00000010     Task.obj (.const:_ZTV4Task)
                  000046b0    00000010     Screen.obj (.const:_ZTV6screen)
                  000046c0    00000010     rtsv7M4_T_le_v4SPD16_eabi.lib : typeinfo_.obj (.const:_ZTVN10__cxxabiv117__class_type_infoE)
                  000046d0    00000010                                   : typeinfo_.obj (.const:_ZTVN10__cxxabiv119__pointer_type_infoE)
                  000046e0    00000010                                   : typeinfo_.obj (.const:_ZTVN10__cxxabiv120__si_class_type_infoE)
                  000046f0    00000010                                   : typeinfo_.obj (.const:_ZTVN10__cxxabiv123__fundamental_type_infoE)
                  00004700    0000000d                                   : typeinfo_.obj (.const:.typeinfo:_ZTSSt9type_info)
                  0000470d    00000003     --HOLE-- [fill = 0]
                  00004710    0000000c     LED.obj (.const:.typeinfo:_ZTI3LED)
                  0000471c    0000000c     Screen.obj (.const:.typeinfo:_ZTI6screen)
                  00004728    0000000c     rtsv7M4_T_le_v4SPD16_eabi.lib : typeinfo_.obj (.const:.typeinfo:_ZTIN10__cxxabiv117__class_type_infoE)
                  00004734    0000000c                                   : typeinfo_.obj (.const:.typeinfo:_ZTIN10__cxxabiv117__pbase_type_infoE)
                  00004740    0000000c                                   : typeinfo_.obj (.const:.typeinfo:_ZTIN10__cxxabiv119__pointer_type_infoE)
                  0000474c    0000000c                                   : typeinfo_.obj (.const:.typeinfo:_ZTIN10__cxxabiv120__si_class_type_infoE)
                  00004758    0000000c                                   : typeinfo_.obj (.const:.typeinfo:_ZTIN10__cxxabiv123__fundamental_type_infoE)
                  00004764    00000008     Crystalfontz128x128_ST7735.obj (.const:$P$T0$1)
                  0000476c    00000008     LED.obj (.const:.typeinfo:_ZTI4Task)
                  00004774    00000008     rtsv7M4_T_le_v4SPD16_eabi.lib : typeinfo_.obj (.const:.typeinfo:_ZTISt9type_info)
                  0000477c    00000008                                   : typeinfo_.obj (.const:.typeinfo:_ZTIe)
                  00004784    00000008     Screen.obj (.const:.typeinfo:_ZTS6screen)
                  0000478c    00000008     interrupt.obj (.const:g_pulDisRegs)
                  00004794    00000008     interrupt.obj (.const:g_pulEnRegs)
                  0000479c    00000008     interrupt.obj (.const:g_pulPendRegs)
                  000047a4    00000008     interrupt.obj (.const:g_pulUnpendRegs)
                  000047ac    00000006     LED.obj (.const:.typeinfo:_ZTS4Task)
                  000047b2    00000005     LED.obj (.const:.typeinfo:_ZTS3LED)
                  000047b7    00000004     rtsv7M4_T_le_v4SPD16_eabi.lib : typeinfo_.obj (.const:.typeinfo:_ZTSPKe)

.init_array 
*          0    000047bc    00000004     
                  000047bc    00000004     main.obj (.init_array)

.cinit     0    000047c0    00000094     
                  000047c0    00000052     (.cinit..data.load) [load image, compression = rle]
                  00004812    00000006     --HOLE-- [fill = 0]
                  00004818    0000000b     (.cinit..bss.load) [load image, compression = rle]
                  00004823    00000005     --HOLE-- [fill = 0]
                  00004828    00000009     (.cinit..vtable.load) [load image, compression = rle]
                  00004831    00000003     --HOLE-- [fill = 0]
                  00004834    00000008     (__TI_handler_table)
                  0000483c    00000018     (__TI_cinit_table)

.vtable    0    20000000    000000e4     UNINITIALIZED
                  20000000    000000e4     interrupt.obj (.vtable)

.bss       0    200000e8    000051da     UNINITIALIZED
                  200000e8    000051a0     main.obj (.bss:MainScheduler)
                  20005288    0000001c     (.common:g_sContext)
                  200052a4    00000008     (.common:g_sNew)
                  200052ac    00000008     (.common:g_sOld)
                  200052b4    00000004     (.common:_ZSt16__dummy_typeinfo)
                  200052b8    00000002     (.common:Lcd_ScreenHeigth)
                  200052ba    00000002     (.common:Lcd_ScreenWidth)
                  200052bc    00000002     (.common:Lcd_TouchTrim)
                  200052be    00000001     (.common:Lcd_FlagRead)
                  200052bf    00000001     (.common:Lcd_FontSolid)
                  200052c0    00000001     (.common:Lcd_Orientation)
                  200052c1    00000001     (.common:Lcd_PenSolid)

.sysmem    0    200052c8    00000400     UNINITIALIZED
                  200052c8    00000008     rtsv7M4_T_le_v4SPD16_eabi.lib : memory.obj (.sysmem)
                  200052d0    000003f8     --HOLE--

.data      0    200056c8    00000068     UNINITIALIZED
                  200056c8    00000030     gpio.obj (.data:GPIO_PORT_TO_BASE)
                  200056f8    0000000e     main.obj (.data)
                  20005706    00000002     --HOLE--
                  20005708    0000000c     rtsv7M4_T_le_v4SPD16_eabi.lib : exit.obj (.data:$O1$$)
                  20005714    0000000c                                   : memory.obj (.data:$O1$$)
                  20005720    00000008                                   : _lock.obj (.data:$O1$$)
                  20005728    00000004                                   : stkdepth_vars.obj (.data)
                  2000572c    00000004     system_msp432p401r.obj (.data)

.stack     0    2000fe00    00000200     UNINITIALIZED
                  2000fe00    00000200     --HOLE--

MODULE SUMMARY

       Module                                               code    ro data   rw data
       ------                                               ----    -------   -------
    .\
       main.obj                                             1264    4         41908  
       Scheduler.obj                                        2230    0         0      
       system_msp432p401r.obj                               880     0         8      
       Screen.obj                                           364     36        0      
       startup_msp432p401r_ccs.obj                          14      228       0      
       LED.obj                                              152     51        0      
       Task.obj                                             40      16        0      
    +--+----------------------------------------------------+-------+---------+---------+
       Total:                                               4944    335       41916  
                                                                                     
    .\GrLib\grlib\
       context.obj                                          614     0         0      
       display.obj                                          308     0         0      
    +--+----------------------------------------------------+-------+---------+---------+
       Total:                                               922     0         0      
                                                                                     
    .\LcdDriver\
       Crystalfontz128x128_ST7735.obj                       1656    52        20     
       HAL_MSP_EXP432P401R_Crystalfontz128x128_ST7735.obj   188     28        0      
    +--+----------------------------------------------------+-------+---------+---------+
       Total:                                               1844    80        20     
                                                                                     
    .\driverlib\MSP432P4xx\
       adc14.obj                                            2272    128       0      
       spi.obj                                              2212    0         0      
       interrupt.obj                                        1008    144       456    
       gpio.obj                                             1152    28        96     
       cpu.obj                                              62      0         0      
    +--+----------------------------------------------------+-------+---------+---------+
       Total:                                               6706    300       552    
                                                                                     
    C:\ti\ccsv6\tools\compiler\ti-cgt-arm_15.12.1.LTS\lib\rtsv7M4_T_le_v4SPD16_eabi.lib
       memory.obj                                           988     0         24     
       typeinfo_.obj                                        188     356       8      
       fd_add_t2.obj                                        438     0         0      
       fd_mul_t2.obj                                        252     0         0      
       memcpy_t2.obj                                        156     0         0      
       memset_t2.obj                                        122     0         0      
       autoinit.obj                                         112     0         0      
       copy_decompress_rle.obj                              112     0         0      
       exit.obj                                             84      0         24     
       boot.obj                                             84      0         0      
       cpy_tbl.obj                                          76      0         0      
       fd_toi_t2.obj                                        72      0         0      
       fd_tou_t2.obj                                        68      0         0      
       ull_tofd_t2.obj                                      44      0         0      
       _lock.obj                                            20      0         16     
       args_main.obj                                        24      0         0      
       copy_decompress_none.obj                             14      0         0      
       delete.obj                                           8       0         0      
       stkdepth_vars.obj                                    0       0         8      
       pre_init.obj                                         4       0         0      
       mpu_init.obj                                         2       0         0      
       startup.obj                                          2       0         0      
    +--+----------------------------------------------------+-------+---------+---------+
       Total:                                               2870    356       80     
                                                                                     
       Heap:                                                0       0         2048   
       Stack:                                               0       0         1024   
       Linker Generated:                                    0       134       0      
    +--+----------------------------------------------------+-------+---------+---------+
       Grand Total:                                         17286   1205      45640  


LINKER GENERATED COPY TABLES

__TI_cinit_table @ 0000483c records: 3, size/record: 8, table size: 24
	.data: load addr=000047c0, load size=00000052 bytes, run addr=200056c8, run size=00000068 bytes, compression=rle
	.bss: load addr=00004818, load size=0000000b bytes, run addr=200000e8, run size=000051da bytes, compression=rle
	.vtable: load addr=00004828, load size=00000009 bytes, run addr=20000000, run size=000000e4 bytes, compression=rle


LINKER GENERATED HANDLER TABLE

__TI_handler_table @ 00004834 records: 2, size/record: 4, table size: 8
	index: 0, handler: __TI_decompress_rle24
	index: 1, handler: __TI_decompress_none


GLOBAL SYMBOLS: SORTED ALPHABETICALLY BY Name 

address   name                                                     
-------   ----                                                     
00002575  ADC14_IRQHandler                                         
00002575  ADC14_IRQHandler                                         
00000939  ADC14_clearInterruptFlag                                 
000004d9  ADC14_configureConversionMemory                          
00000381  ADC14_configureMultiSequenceMode                         
00000417  ADC14_configureSingleSampleMode                          
00000611  ADC14_disableComparatorWindow                            
000004af  ADC14_disableConversion                                  
000008b3  ADC14_disableInterrupt                                   
00000255  ADC14_disableModule                                      
0000082f  ADC14_disableReferenceBurst                              
00000295  ADC14_disableSampleTimer                                 
00000581  ADC14_enableComparatorWindow                             
0000046d  ADC14_enableConversion                                   
00000887  ADC14_enableInterrupt                                    
0000024d  ADC14_enableModule                                       
00000819  ADC14_enableReferenceBurst                               
0000026b  ADC14_enableSampleTimer                                  
00000909  ADC14_getEnabledInterruptStatus                          
000008df  ADC14_getInterruptStatus                                 
00000739  ADC14_getMultiSequenceResult                             
0000030b  ADC14_getResolution                                      
0000071f  ADC14_getResult                                          
000007a5  ADC14_getResultArray                                     
000002ab  ADC14_initModule                                         
000004bb  ADC14_isBusy                                             
00000969  ADC14_registerInterrupt                                  
0000066f  ADC14_setComparatorWindowValue                           
00000845  ADC14_setPowerMode                                       
000002f1  ADC14_setResolution                                      
000006f5  ADC14_setResultFormat                                    
00000357  ADC14_setSampleHoldTime                                  
00000315  ADC14_setSampleHoldTrigger                               
0000048d  ADC14_toggleConversionTrigger                            
0000097d  ADC14_unregisterInterrupt                                
0000444f  AES256_IRQHandler                                        
0000444f  BusFault_Handler                                         
00004241  C$$EXIT                                                  
0000444f  COMP_E0_IRQHandler                                       
0000444f  COMP_E1_IRQHandler                                       
000043a1  CPU_basepriGet                                           
00004393  CPU_basepriSet                                           
0000436d  CPU_cpsid                                                
00004383  CPU_cpsie                                                
00004379  CPU_primask                                              
0000438f  CPU_wfi                                                  
0000444f  CS_IRQHandler                                            
00001b21  Crystalfontz128x128_Init                                 
00001c35  Crystalfontz128x128_SetDrawFrame                         
00001d63  Crystalfontz128x128_SetOrientation                       
0000444f  DMA_ERR_IRQHandler                                       
0000444f  DMA_INT0_IRQHandler                                      
0000444f  DMA_INT1_IRQHandler                                      
0000444f  DMA_INT2_IRQHandler                                      
0000444f  DMA_INT3_IRQHandler                                      
0000444f  DebugMon_Handler                                         
0000444f  Default_Handler                                          
0000444f  EUSCIA0_IRQHandler                                       
0000444f  EUSCIA1_IRQHandler                                       
0000444f  EUSCIA2_IRQHandler                                       
0000444f  EUSCIA3_IRQHandler                                       
0000444f  EUSCIB0_IRQHandler                                       
0000444f  EUSCIB1_IRQHandler                                       
0000444f  EUSCIB2_IRQHandler                                       
0000444f  EUSCIB3_IRQHandler                                       
000019eb  EUSCI_A_SPI_changeClockPhasePolarity                     
00001a9f  EUSCI_A_SPI_clearInterruptFlag                           
00001acf  EUSCI_A_SPI_disable                                      
00001a6d  EUSCI_A_SPI_disableInterrupt                             
00001ab9  EUSCI_A_SPI_enable                                       
00001a53  EUSCI_A_SPI_enableInterrupt                              
00001a87  EUSCI_A_SPI_getInterruptStatus                           
00001ae5  EUSCI_A_SPI_getReceiveBufferAddressForDMA                
00001af3  EUSCI_A_SPI_getTransmitBufferAddressForDMA               
00001b01  EUSCI_A_SPI_isBusy                                       
0000196b  EUSCI_A_SPI_masterChangeClock                            
00001a43  EUSCI_A_SPI_receiveData                                  
0000194b  EUSCI_A_SPI_select4PinFunctionality                      
000019a1  EUSCI_A_SPI_slaveInit                                    
00001a2d  EUSCI_A_SPI_transmitData                                 
0000181d  EUSCI_B_SPI_changeClockPhasePolarity                     
000018d1  EUSCI_B_SPI_clearInterruptFlag                           
00001901  EUSCI_B_SPI_disable                                      
0000189f  EUSCI_B_SPI_disableInterrupt                             
000018eb  EUSCI_B_SPI_enable                                       
00001885  EUSCI_B_SPI_enableInterrupt                              
000018b9  EUSCI_B_SPI_getInterruptStatus                           
00001917  EUSCI_B_SPI_getReceiveBufferAddressForDMA                
00001925  EUSCI_B_SPI_getTransmitBufferAddressForDMA               
00001933  EUSCI_B_SPI_isBusy                                       
000017a1  EUSCI_B_SPI_masterChangeClock                            
00001875  EUSCI_B_SPI_receiveData                                  
00001781  EUSCI_B_SPI_select4PinFunctionality                      
000017d3  EUSCI_B_SPI_slaveInit                                    
0000185f  EUSCI_B_SPI_transmitData                                 
0000444f  FLCTL_IRQHandler                                         
0000444f  FPU_IRQHandler                                           
000029ab  GPIO_clearInterruptFlag                                  
0000296b  GPIO_disableInterrupt                                    
00002949  GPIO_enableInterrupt                                     
00002a03  GPIO_getEnabledInterruptStatus                           
0000291b  GPIO_getInputPinValue                                    
0000298d  GPIO_getInterruptStatus                                  
000029cd  GPIO_interruptEdgeSelect                                 
00002ac3  GPIO_registerInterrupt                                   
000026c3  GPIO_setAsInputPin                                       
00002877  GPIO_setAsInputPinWithPullDownResistor                   
000028c9  GPIO_setAsInputPinWithPullUpResistor                     
00002689  GPIO_setAsOutputPin                                      
0000278d  GPIO_setAsPeripheralModuleFunctionInputPin               
00002709  GPIO_setAsPeripheralModuleFunctionOutputPin              
00002a7f  GPIO_setDriveStrengthHigh                                
00002aa1  GPIO_setDriveStrengthLow                                 
00002811  GPIO_setOutputHighOnPin                                  
00002833  GPIO_setOutputLowOnPin                                   
00002855  GPIO_toggleOutputOnPin                                   
00002ae3  GPIO_unregisterInterrupt                                 
00003831  Graphics_clearDisplay                                    
00003ce9  Graphics_clearDisplayOnDisplay                           
00003c3b  Graphics_drawHorizontalLineOnDisplay                     
00003bf7  Graphics_drawMultiplePixelsOnDisplay                     
00003843  Graphics_drawPixel                                       
00003bcd  Graphics_drawPixelOnDisplay                              
00003c6f  Graphics_drawVerticalLineOnDisplay                       
00003ca3  Graphics_fillRectangleOnDisplay                          
00003823  Graphics_flushBuffer                                     
00003cd7  Graphics_flushOnDisplay                                  
00003805  Graphics_getDisplayHeight                                
000037f5  Graphics_getDisplayWidth                                 
000037a3  Graphics_getFontBaseline                                 
000037d9  Graphics_getFontHeight                                   
000037e7  Graphics_getFontMaxWidth                                 
00003815  Graphics_getHeightOfDisplay                              
0000389d  Graphics_getWidthOfDisplay                               
00003645  Graphics_initContext                                     
00003759  Graphics_setBackgroundColor                              
00003773  Graphics_setBackgroundColorTranslated                    
0000368f  Graphics_setClipRegion                                   
00003789  Graphics_setFont                                         
000037b1  Graphics_setForegroundColor                              
000037c7  Graphics_setForegroundColorTranslated                    
00003cc1  Graphics_translateColorOnDisplay                         
00003dfd  HAL_LCD_PortInit                                         
00003e2d  HAL_LCD_SpiInit                                          
00003e63  HAL_LCD_writeCommand                                     
00003e8b  HAL_LCD_writeData                                        
0000444f  HardFault_Handler                                        
00002ccb  Interrupt_disableInterrupt                               
00002b1b  Interrupt_disableMaster                                  
00002ec9  Interrupt_disableSleepOnIsrExit                          
00002c59  Interrupt_enableInterrupt                                
00002b0b  Interrupt_enableMaster                                   
00002eb7  Interrupt_enableSleepOnIsrExit                           
00002c33  Interrupt_getPriority                                    
00002bab  Interrupt_getPriorityGrouping                            
00002e97  Interrupt_getPriorityMask                                
00002eb1  Interrupt_getVectorTableAddress                          
00002d3d  Interrupt_isEnabled                                      
00002dc9  Interrupt_pendInterrupt                                  
00002b2b  Interrupt_registerInterrupt                              
00002be3  Interrupt_setPriority                                    
00002b91  Interrupt_setPriorityGrouping                            
00002e87  Interrupt_setPriorityMask                                
00002ea1  Interrupt_setVectorTableAddress                          
00002e39  Interrupt_unpendInterrupt                                
00002b7d  Interrupt_unregisterInterrupt                            
200052be  Lcd_FlagRead                                             
200052bf  Lcd_FontSolid                                            
200052c0  Lcd_Orientation                                          
200052c1  Lcd_PenSolid                                             
200052b8  Lcd_ScreenHeigth                                         
200052ba  Lcd_ScreenWidth                                          
200052bc  Lcd_TouchTrim                                            
200000e8  MainScheduler                                            
0000444f  MemManage_Handler                                        
0000444f  NMI_Handler                                              
0000444f  PCM_IRQHandler                                           
00002533  PORT1_IRQHandler                                         
00002533  PORT1_IRQHandler                                         
0000444f  PORT2_IRQHandler                                         
0000444f  PORT3_IRQHandler                                         
0000444f  PORT4_IRQHandler                                         
0000444f  PORT5_IRQHandler                                         
0000444f  PORT6_IRQHandler                                         
0000444f  PSS_IRQHandler                                           
0000444f  PendSV_Handler                                           
0000444f  RTC_C_IRQHandler                                         
00004443  Reset_Handler                                            
000047bc  SHT$$INIT_ARRAY$$Base                                    
000047c0  SHT$$INIT_ARRAY$$Limit                                   
0000143f  SPI_changeClockPhasePolarity                             
00001399  SPI_changeMasterClock                                    
000015f1  SPI_clearInterruptFlag                                   
00001573  SPI_disableInterrupt                                     
000014cd  SPI_disableModule                                        
0000154d  SPI_enableInterrupt                                      
000014b1  SPI_enableModule                                         
000015c1  SPI_getEnabledInterruptStatus                            
00001599  SPI_getInterruptStatus                                   
000014e9  SPI_getReceiveBufferAddressForDMA                        
00001505  SPI_getTransmitBufferAddressForDMA                       
000012ad  SPI_initMaster                                           
000013c1  SPI_initSlave                                            
00001531  SPI_isBusy                                               
00001495  SPI_receiveData                                          
00001617  SPI_registerInterrupt                                    
00001373  SPI_selectFourPinFunctionality                           
0000146f  SPI_transmitData                                         
000016d5  SPI_unregisterInterrupt                                  
0000444f  SVC_Handler                                              
0000444f  SysTick_Handler                                          
2000572c  SystemCoreClock                                          
000032d5  SystemCoreClockUpdate                                    
00003549  SystemInit                                               
000024e1  T32_INT1_IRQHandler                                      
000024e1  T32_INT1_IRQHandler                                      
0000444f  T32_INT2_IRQHandler                                      
0000444f  T32_INTC_IRQHandler                                      
0000444f  TA0_0_IRQHandler                                         
0000444f  TA0_N_IRQHandler                                         
0000444f  TA1_0_IRQHandler                                         
0000444f  TA1_N_IRQHandler                                         
0000444f  TA2_0_IRQHandler                                         
0000444f  TA2_N_IRQHandler                                         
0000444f  TA3_0_IRQHandler                                         
0000444f  TA3_N_IRQHandler                                         
0000444f  UsageFault_Handler                                       
4000480c  WDTCTL_SYM                                               
0000444f  WDT_A_IRQHandler                                         
00002277  _Z5Setupv                                                
00003f65  _ZN10__cxxabiv116__enum_type_infoD0Ev                    
00003f63  _ZN10__cxxabiv116__enum_type_infoD1Ev                    
00003f63  _ZN10__cxxabiv116__enum_type_infoD2Ev                    
00003f5b  _ZN10__cxxabiv117__array_type_infoD0Ev                   
00003f59  _ZN10__cxxabiv117__array_type_infoD1Ev                   
00003f59  _ZN10__cxxabiv117__array_type_infoD2Ev                   
00003f51  _ZN10__cxxabiv117__class_type_infoD0Ev                   
00003f4f  _ZN10__cxxabiv117__class_type_infoD1Ev                   
00003f4f  _ZN10__cxxabiv117__class_type_infoD2Ev                   
00003f47  _ZN10__cxxabiv117__pbase_type_infoD0Ev                   
00003f45  _ZN10__cxxabiv117__pbase_type_infoD1Ev                   
00003f45  _ZN10__cxxabiv117__pbase_type_infoD2Ev                   
00003f3d  _ZN10__cxxabiv119__pointer_type_infoD0Ev                 
00003f3b  _ZN10__cxxabiv119__pointer_type_infoD1Ev                 
00003f3b  _ZN10__cxxabiv119__pointer_type_infoD2Ev                 
00003f33  _ZN10__cxxabiv120__function_type_infoD0Ev                
00003f31  _ZN10__cxxabiv120__function_type_infoD1Ev                
00003f31  _ZN10__cxxabiv120__function_type_infoD2Ev                
00003f29  _ZN10__cxxabiv120__si_class_type_infoD0Ev                
00003f27  _ZN10__cxxabiv120__si_class_type_infoD1Ev                
00003f27  _ZN10__cxxabiv120__si_class_type_infoD2Ev                
00003f1f  _ZN10__cxxabiv121__vmi_class_type_infoD0Ev               
00003f1d  _ZN10__cxxabiv121__vmi_class_type_infoD1Ev               
00003f1d  _ZN10__cxxabiv121__vmi_class_type_infoD2Ev               
00003f15  _ZN10__cxxabiv123__fundamental_type_infoD0Ev             
00003f13  _ZN10__cxxabiv123__fundamental_type_infoD1Ev             
00003f13  _ZN10__cxxabiv123__fundamental_type_infoD2Ev             
00003f0b  _ZN10__cxxabiv129__pointer_to_member_type_infoD0Ev       
00003f09  _ZN10__cxxabiv129__pointer_to_member_type_infoD1Ev       
00003f09  _ZN10__cxxabiv129__pointer_to_member_type_infoD2Ev       
00004061  _ZN3LED11readMessageEhh                                  
00004049  _ZN3LED3runEv                                            
00004011  _ZN3LEDC1Ehh                                             
00004011  _ZN3LEDC2Ehh                                             
0000440d  _ZN4Task11readMessageEhy                                 
00004451  _ZN4Task3runEv                                           
000043d9  _ZN4TaskC1Ev                                             
000043d9  _ZN4TaskC2Ev                                             
00003b09  _ZN6screen11readMessageEhy                               
00003aa9  _ZN6screen3runEv                                         
00003a61  _ZN6screenC1EhP16Graphics_ContextP18Graphics_RectangleS3_
00003a61  _ZN6screenC2EhP16Graphics_ContextP18Graphics_RectangleS3_
00001163  _ZN9Scheduler10runMessageEhh                             
00000bef  _ZN9Scheduler13attachMessageEhhby                        
00000d1b  _ZN9Scheduler17CalculateScheduleEv                       
0000126d  _ZN9Scheduler22SortScheduleByPriorityEP4Task             
00000cb1  _ZN9Scheduler3runEv                                      
000010b9  _ZN9Scheduler5cleanEh                                    
00000a9f  _ZN9Scheduler6attachEP4Taskb                             
00000b37  _ZN9Scheduler6attachEP4Taskyb                            
00000f5d  _ZN9Scheduler7mailManEv                                  
00001117  _ZN9Scheduler9cleanMailEv                                
000009c5  _ZN9SchedulerC1Ev                                        
000009c5  _ZN9SchedulerC2Ev                                        
00003ecb  _ZNKSt9type_info4nameEv                                  
00003efb  _ZNKSt9type_info6beforeERKS_                             
00003ee5  _ZNKSt9type_infoeqERKS_                                  
00003ecf  _ZNKSt9type_infoneERKS_                                  
00003ec3  _ZNSt9type_infoD0Ev                                      
00003ec1  _ZNSt9type_infoD1Ev                                      
00003ec1  _ZNSt9type_infoD2Ev                                      
200052b4  _ZSt16__dummy_typeinfo                                   
00003eb9  _ZSt21__gen_dummy_typeinfosv                             
00004710  _ZTI3LED                                                 
0000476c  _ZTI4Task                                                
0000471c  _ZTI6screen                                              
00004728  _ZTIN10__cxxabiv117__class_type_infoE                    
00004734  _ZTIN10__cxxabiv117__pbase_type_infoE                    
00004740  _ZTIN10__cxxabiv119__pointer_type_infoE                  
0000474c  _ZTIN10__cxxabiv120__si_class_type_infoE                 
00004758  _ZTIN10__cxxabiv123__fundamental_type_infoE              
00004690  _ZTIPKe                                                  
00004774  _ZTISt9type_info                                         
0000477c  _ZTIe                                                    
000047b2  _ZTS3LED                                                 
000047ac  _ZTS4Task                                                
00004784  _ZTS6screen                                              
000045dd  _ZTSN10__cxxabiv117__class_type_infoE                    
000045ff  _ZTSN10__cxxabiv117__pbase_type_infoE                    
000045b9  _ZTSN10__cxxabiv119__pointer_type_infoE                  
00004594  _ZTSN10__cxxabiv120__si_class_type_infoE                 
0000456c  _ZTSN10__cxxabiv123__fundamental_type_infoE              
000047b7  _ZTSPKe                                                  
00004700  _ZTSSt9type_info                                         
00004621  _ZTSe                                                    
0000467c  _ZTV3LED                                                 
000046a0  _ZTV4Task                                                
000046b0  _ZTV6screen                                              
000046c0  _ZTVN10__cxxabiv117__class_type_infoE                    
000046d0  _ZTVN10__cxxabiv119__pointer_type_infoE                  
000046e0  _ZTVN10__cxxabiv120__si_class_type_infoE                 
000046f0  _ZTVN10__cxxabiv123__fundamental_type_infoE              
0000445d  _ZdlPv                                                   
20010000  __STACK_END                                              
00000200  __STACK_SIZE                                             
00000400  __SYSMEM_SIZE                                            
0000483c  __TI_CINIT_Base                                          
00004854  __TI_CINIT_Limit                                         
00004834  __TI_Handler_Table_Base                                  
0000483c  __TI_Handler_Table_Limit                                 
00004111  __TI_auto_init                                           
20005708  __TI_cleanup_ptr                                         
00004435  __TI_decompress_none                                     
00004465  __TI_decompress_rle24                                    
2000570c  __TI_dtors_ptr                                           
20005710  __TI_enable_exit_profile_output                          
ffffffff  __TI_pprof_out_hndl                                      
ffffffff  __TI_prof_data_size                                      
ffffffff  __TI_prof_data_start                                     
00000000  __TI_static_base__                                       
000042e1  __aeabi_d2iz                                             
00004329  __aeabi_d2uiz                                            
000038b5  __aeabi_dadd                                             
00003d01  __aeabi_dmul                                             
000038ab  __aeabi_dsub                                             
00004095  __aeabi_memclr                                           
00004095  __aeabi_memclr4                                          
00004095  __aeabi_memclr8                                          
00003f75  __aeabi_memcpy                                           
00003f75  __aeabi_memcpy4                                          
00003f75  __aeabi_memcpy8                                          
00004097  __aeabi_memset                                           
00004097  __aeabi_memset4                                          
00004097  __aeabi_memset8                                          
000043ab  __aeabi_ul2d                                             
ffffffff  __binit__                                                
ffffffff  __c_args__                                               
0000127b  __mpu_init                                               
2000fe00  __stack                                                  
000025eb  __sti___8_main_cpp_4feb3ddf                              
000043f5  _args_main                                               
000041ed  _c_int00                                                 
20005720  _lock                                                    
0000442f  _nop                                                     
00004427  _register_lock                                           
00004421  _register_unlock                                         
200052c8  _sys_memory                                              
0000410f  _system_post_cinit                                       
0000446b  _system_pre_init                                         
20005724  _unlock                                                  
00004245  abort                                                    
ffffffff  binit                                                    
000032a1  calloc                                                   
00004295  copy_in                                                  
20005704  debounce                                                 
20005705  debounceCount                                            
20005700  dummycount                                               
0000424d  exit                                                     
00002fef  free                                                     
20000000  g_pfnRAMVectors                                          
20005288  g_sContext                                               
00004540  g_sCrystalfontz128x128                                   
200052a4  g_sNew                                                   
200052ac  g_sOld                                                   
00000000  interruptVectors                                         
000021ff  main                                                     
20005728  main_func_sp                                             
00002f87  malloc                                                   
000031bd  memalign                                                 
00003f75  memcpy                                                   
0000409d  memset                                                   
00002ef9  minit                                                    
000030b1  realloc                                                  


GLOBAL SYMBOLS: SORTED BY Symbol Address 

address   name                                                     
-------   ----                                                     
00000000  __TI_static_base__                                       
00000000  interruptVectors                                         
00000200  __STACK_SIZE                                             
0000024d  ADC14_enableModule                                       
00000255  ADC14_disableModule                                      
0000026b  ADC14_enableSampleTimer                                  
00000295  ADC14_disableSampleTimer                                 
000002ab  ADC14_initModule                                         
000002f1  ADC14_setResolution                                      
0000030b  ADC14_getResolution                                      
00000315  ADC14_setSampleHoldTrigger                               
00000357  ADC14_setSampleHoldTime                                  
00000381  ADC14_configureMultiSequenceMode                         
00000400  __SYSMEM_SIZE                                            
00000417  ADC14_configureSingleSampleMode                          
0000046d  ADC14_enableConversion                                   
0000048d  ADC14_toggleConversionTrigger                            
000004af  ADC14_disableConversion                                  
000004bb  ADC14_isBusy                                             
000004d9  ADC14_configureConversionMemory                          
00000581  ADC14_enableComparatorWindow                             
00000611  ADC14_disableComparatorWindow                            
0000066f  ADC14_setComparatorWindowValue                           
000006f5  ADC14_setResultFormat                                    
0000071f  ADC14_getResult                                          
00000739  ADC14_getMultiSequenceResult                             
000007a5  ADC14_getResultArray                                     
00000819  ADC14_enableReferenceBurst                               
0000082f  ADC14_disableReferenceBurst                              
00000845  ADC14_setPowerMode                                       
00000887  ADC14_enableInterrupt                                    
000008b3  ADC14_disableInterrupt                                   
000008df  ADC14_getInterruptStatus                                 
00000909  ADC14_getEnabledInterruptStatus                          
00000939  ADC14_clearInterruptFlag                                 
00000969  ADC14_registerInterrupt                                  
0000097d  ADC14_unregisterInterrupt                                
000009c5  _ZN9SchedulerC1Ev                                        
000009c5  _ZN9SchedulerC2Ev                                        
00000a9f  _ZN9Scheduler6attachEP4Taskb                             
00000b37  _ZN9Scheduler6attachEP4Taskyb                            
00000bef  _ZN9Scheduler13attachMessageEhhby                        
00000cb1  _ZN9Scheduler3runEv                                      
00000d1b  _ZN9Scheduler17CalculateScheduleEv                       
00000f5d  _ZN9Scheduler7mailManEv                                  
000010b9  _ZN9Scheduler5cleanEh                                    
00001117  _ZN9Scheduler9cleanMailEv                                
00001163  _ZN9Scheduler10runMessageEhh                             
0000126d  _ZN9Scheduler22SortScheduleByPriorityEP4Task             
0000127b  __mpu_init                                               
000012ad  SPI_initMaster                                           
00001373  SPI_selectFourPinFunctionality                           
00001399  SPI_changeMasterClock                                    
000013c1  SPI_initSlave                                            
0000143f  SPI_changeClockPhasePolarity                             
0000146f  SPI_transmitData                                         
00001495  SPI_receiveData                                          
000014b1  SPI_enableModule                                         
000014cd  SPI_disableModule                                        
000014e9  SPI_getReceiveBufferAddressForDMA                        
00001505  SPI_getTransmitBufferAddressForDMA                       
00001531  SPI_isBusy                                               
0000154d  SPI_enableInterrupt                                      
00001573  SPI_disableInterrupt                                     
00001599  SPI_getInterruptStatus                                   
000015c1  SPI_getEnabledInterruptStatus                            
000015f1  SPI_clearInterruptFlag                                   
00001617  SPI_registerInterrupt                                    
000016d5  SPI_unregisterInterrupt                                  
00001781  EUSCI_B_SPI_select4PinFunctionality                      
000017a1  EUSCI_B_SPI_masterChangeClock                            
000017d3  EUSCI_B_SPI_slaveInit                                    
0000181d  EUSCI_B_SPI_changeClockPhasePolarity                     
0000185f  EUSCI_B_SPI_transmitData                                 
00001875  EUSCI_B_SPI_receiveData                                  
00001885  EUSCI_B_SPI_enableInterrupt                              
0000189f  EUSCI_B_SPI_disableInterrupt                             
000018b9  EUSCI_B_SPI_getInterruptStatus                           
000018d1  EUSCI_B_SPI_clearInterruptFlag                           
000018eb  EUSCI_B_SPI_enable                                       
00001901  EUSCI_B_SPI_disable                                      
00001917  EUSCI_B_SPI_getReceiveBufferAddressForDMA                
00001925  EUSCI_B_SPI_getTransmitBufferAddressForDMA               
00001933  EUSCI_B_SPI_isBusy                                       
0000194b  EUSCI_A_SPI_select4PinFunctionality                      
0000196b  EUSCI_A_SPI_masterChangeClock                            
000019a1  EUSCI_A_SPI_slaveInit                                    
000019eb  EUSCI_A_SPI_changeClockPhasePolarity                     
00001a2d  EUSCI_A_SPI_transmitData                                 
00001a43  EUSCI_A_SPI_receiveData                                  
00001a53  EUSCI_A_SPI_enableInterrupt                              
00001a6d  EUSCI_A_SPI_disableInterrupt                             
00001a87  EUSCI_A_SPI_getInterruptStatus                           
00001a9f  EUSCI_A_SPI_clearInterruptFlag                           
00001ab9  EUSCI_A_SPI_enable                                       
00001acf  EUSCI_A_SPI_disable                                      
00001ae5  EUSCI_A_SPI_getReceiveBufferAddressForDMA                
00001af3  EUSCI_A_SPI_getTransmitBufferAddressForDMA               
00001b01  EUSCI_A_SPI_isBusy                                       
00001b21  Crystalfontz128x128_Init                                 
00001c35  Crystalfontz128x128_SetDrawFrame                         
00001d63  Crystalfontz128x128_SetOrientation                       
000021ff  main                                                     
00002277  _Z5Setupv                                                
000024e1  T32_INT1_IRQHandler                                      
000024e1  T32_INT1_IRQHandler                                      
00002533  PORT1_IRQHandler                                         
00002533  PORT1_IRQHandler                                         
00002575  ADC14_IRQHandler                                         
00002575  ADC14_IRQHandler                                         
000025eb  __sti___8_main_cpp_4feb3ddf                              
00002689  GPIO_setAsOutputPin                                      
000026c3  GPIO_setAsInputPin                                       
00002709  GPIO_setAsPeripheralModuleFunctionOutputPin              
0000278d  GPIO_setAsPeripheralModuleFunctionInputPin               
00002811  GPIO_setOutputHighOnPin                                  
00002833  GPIO_setOutputLowOnPin                                   
00002855  GPIO_toggleOutputOnPin                                   
00002877  GPIO_setAsInputPinWithPullDownResistor                   
000028c9  GPIO_setAsInputPinWithPullUpResistor                     
0000291b  GPIO_getInputPinValue                                    
00002949  GPIO_enableInterrupt                                     
0000296b  GPIO_disableInterrupt                                    
0000298d  GPIO_getInterruptStatus                                  
000029ab  GPIO_clearInterruptFlag                                  
000029cd  GPIO_interruptEdgeSelect                                 
00002a03  GPIO_getEnabledInterruptStatus                           
00002a7f  GPIO_setDriveStrengthHigh                                
00002aa1  GPIO_setDriveStrengthLow                                 
00002ac3  GPIO_registerInterrupt                                   
00002ae3  GPIO_unregisterInterrupt                                 
00002b0b  Interrupt_enableMaster                                   
00002b1b  Interrupt_disableMaster                                  
00002b2b  Interrupt_registerInterrupt                              
00002b7d  Interrupt_unregisterInterrupt                            
00002b91  Interrupt_setPriorityGrouping                            
00002bab  Interrupt_getPriorityGrouping                            
00002be3  Interrupt_setPriority                                    
00002c33  Interrupt_getPriority                                    
00002c59  Interrupt_enableInterrupt                                
00002ccb  Interrupt_disableInterrupt                               
00002d3d  Interrupt_isEnabled                                      
00002dc9  Interrupt_pendInterrupt                                  
00002e39  Interrupt_unpendInterrupt                                
00002e87  Interrupt_setPriorityMask                                
00002e97  Interrupt_getPriorityMask                                
00002ea1  Interrupt_setVectorTableAddress                          
00002eb1  Interrupt_getVectorTableAddress                          
00002eb7  Interrupt_enableSleepOnIsrExit                           
00002ec9  Interrupt_disableSleepOnIsrExit                          
00002ef9  minit                                                    
00002f87  malloc                                                   
00002fef  free                                                     
000030b1  realloc                                                  
000031bd  memalign                                                 
000032a1  calloc                                                   
000032d5  SystemCoreClockUpdate                                    
00003549  SystemInit                                               
00003645  Graphics_initContext                                     
0000368f  Graphics_setClipRegion                                   
00003759  Graphics_setBackgroundColor                              
00003773  Graphics_setBackgroundColorTranslated                    
00003789  Graphics_setFont                                         
000037a3  Graphics_getFontBaseline                                 
000037b1  Graphics_setForegroundColor                              
000037c7  Graphics_setForegroundColorTranslated                    
000037d9  Graphics_getFontHeight                                   
000037e7  Graphics_getFontMaxWidth                                 
000037f5  Graphics_getDisplayWidth                                 
00003805  Graphics_getDisplayHeight                                
00003815  Graphics_getHeightOfDisplay                              
00003823  Graphics_flushBuffer                                     
00003831  Graphics_clearDisplay                                    
00003843  Graphics_drawPixel                                       
0000389d  Graphics_getWidthOfDisplay                               
000038ab  __aeabi_dsub                                             
000038b5  __aeabi_dadd                                             
00003a61  _ZN6screenC1EhP16Graphics_ContextP18Graphics_RectangleS3_
00003a61  _ZN6screenC2EhP16Graphics_ContextP18Graphics_RectangleS3_
00003aa9  _ZN6screen3runEv                                         
00003b09  _ZN6screen11readMessageEhy                               
00003bcd  Graphics_drawPixelOnDisplay                              
00003bf7  Graphics_drawMultiplePixelsOnDisplay                     
00003c3b  Graphics_drawHorizontalLineOnDisplay                     
00003c6f  Graphics_drawVerticalLineOnDisplay                       
00003ca3  Graphics_fillRectangleOnDisplay                          
00003cc1  Graphics_translateColorOnDisplay                         
00003cd7  Graphics_flushOnDisplay                                  
00003ce9  Graphics_clearDisplayOnDisplay                           
00003d01  __aeabi_dmul                                             
00003dfd  HAL_LCD_PortInit                                         
00003e2d  HAL_LCD_SpiInit                                          
00003e63  HAL_LCD_writeCommand                                     
00003e8b  HAL_LCD_writeData                                        
00003eb9  _ZSt21__gen_dummy_typeinfosv                             
00003ec1  _ZNSt9type_infoD1Ev                                      
00003ec1  _ZNSt9type_infoD2Ev                                      
00003ec3  _ZNSt9type_infoD0Ev                                      
00003ecb  _ZNKSt9type_info4nameEv                                  
00003ecf  _ZNKSt9type_infoneERKS_                                  
00003ee5  _ZNKSt9type_infoeqERKS_                                  
00003efb  _ZNKSt9type_info6beforeERKS_                             
00003f09  _ZN10__cxxabiv129__pointer_to_member_type_infoD1Ev       
00003f09  _ZN10__cxxabiv129__pointer_to_member_type_infoD2Ev       
00003f0b  _ZN10__cxxabiv129__pointer_to_member_type_infoD0Ev       
00003f13  _ZN10__cxxabiv123__fundamental_type_infoD1Ev             
00003f13  _ZN10__cxxabiv123__fundamental_type_infoD2Ev             
00003f15  _ZN10__cxxabiv123__fundamental_type_infoD0Ev             
00003f1d  _ZN10__cxxabiv121__vmi_class_type_infoD1Ev               
00003f1d  _ZN10__cxxabiv121__vmi_class_type_infoD2Ev               
00003f1f  _ZN10__cxxabiv121__vmi_class_type_infoD0Ev               
00003f27  _ZN10__cxxabiv120__si_class_type_infoD1Ev                
00003f27  _ZN10__cxxabiv120__si_class_type_infoD2Ev                
00003f29  _ZN10__cxxabiv120__si_class_type_infoD0Ev                
00003f31  _ZN10__cxxabiv120__function_type_infoD1Ev                
00003f31  _ZN10__cxxabiv120__function_type_infoD2Ev                
00003f33  _ZN10__cxxabiv120__function_type_infoD0Ev                
00003f3b  _ZN10__cxxabiv119__pointer_type_infoD1Ev                 
00003f3b  _ZN10__cxxabiv119__pointer_type_infoD2Ev                 
00003f3d  _ZN10__cxxabiv119__pointer_type_infoD0Ev                 
00003f45  _ZN10__cxxabiv117__pbase_type_infoD1Ev                   
00003f45  _ZN10__cxxabiv117__pbase_type_infoD2Ev                   
00003f47  _ZN10__cxxabiv117__pbase_type_infoD0Ev                   
00003f4f  _ZN10__cxxabiv117__class_type_infoD1Ev                   
00003f4f  _ZN10__cxxabiv117__class_type_infoD2Ev                   
00003f51  _ZN10__cxxabiv117__class_type_infoD0Ev                   
00003f59  _ZN10__cxxabiv117__array_type_infoD1Ev                   
00003f59  _ZN10__cxxabiv117__array_type_infoD2Ev                   
00003f5b  _ZN10__cxxabiv117__array_type_infoD0Ev                   
00003f63  _ZN10__cxxabiv116__enum_type_infoD1Ev                    
00003f63  _ZN10__cxxabiv116__enum_type_infoD2Ev                    
00003f65  _ZN10__cxxabiv116__enum_type_infoD0Ev                    
00003f75  __aeabi_memcpy                                           
00003f75  __aeabi_memcpy4                                          
00003f75  __aeabi_memcpy8                                          
00003f75  memcpy                                                   
00004011  _ZN3LEDC1Ehh                                             
00004011  _ZN3LEDC2Ehh                                             
00004049  _ZN3LED3runEv                                            
00004061  _ZN3LED11readMessageEhh                                  
00004095  __aeabi_memclr                                           
00004095  __aeabi_memclr4                                          
00004095  __aeabi_memclr8                                          
00004097  __aeabi_memset                                           
00004097  __aeabi_memset4                                          
00004097  __aeabi_memset8                                          
0000409d  memset                                                   
0000410f  _system_post_cinit                                       
00004111  __TI_auto_init                                           
000041ed  _c_int00                                                 
00004241  C$$EXIT                                                  
00004245  abort                                                    
0000424d  exit                                                     
00004295  copy_in                                                  
000042e1  __aeabi_d2iz                                             
00004329  __aeabi_d2uiz                                            
0000436d  CPU_cpsid                                                
00004379  CPU_primask                                              
00004383  CPU_cpsie                                                
0000438f  CPU_wfi                                                  
00004393  CPU_basepriSet                                           
000043a1  CPU_basepriGet                                           
000043ab  __aeabi_ul2d                                             
000043d9  _ZN4TaskC1Ev                                             
000043d9  _ZN4TaskC2Ev                                             
000043f5  _args_main                                               
0000440d  _ZN4Task11readMessageEhy                                 
00004421  _register_unlock                                         
00004427  _register_lock                                           
0000442f  _nop                                                     
00004435  __TI_decompress_none                                     
00004443  Reset_Handler                                            
0000444f  AES256_IRQHandler                                        
0000444f  BusFault_Handler                                         
0000444f  COMP_E0_IRQHandler                                       
0000444f  COMP_E1_IRQHandler                                       
0000444f  CS_IRQHandler                                            
0000444f  DMA_ERR_IRQHandler                                       
0000444f  DMA_INT0_IRQHandler                                      
0000444f  DMA_INT1_IRQHandler                                      
0000444f  DMA_INT2_IRQHandler                                      
0000444f  DMA_INT3_IRQHandler                                      
0000444f  DebugMon_Handler                                         
0000444f  Default_Handler                                          
0000444f  EUSCIA0_IRQHandler                                       
0000444f  EUSCIA1_IRQHandler                                       
0000444f  EUSCIA2_IRQHandler                                       
0000444f  EUSCIA3_IRQHandler                                       
0000444f  EUSCIB0_IRQHandler                                       
0000444f  EUSCIB1_IRQHandler                                       
0000444f  EUSCIB2_IRQHandler                                       
0000444f  EUSCIB3_IRQHandler                                       
0000444f  FLCTL_IRQHandler                                         
0000444f  FPU_IRQHandler                                           
0000444f  HardFault_Handler                                        
0000444f  MemManage_Handler                                        
0000444f  NMI_Handler                                              
0000444f  PCM_IRQHandler                                           
0000444f  PORT2_IRQHandler                                         
0000444f  PORT3_IRQHandler                                         
0000444f  PORT4_IRQHandler                                         
0000444f  PORT5_IRQHandler                                         
0000444f  PORT6_IRQHandler                                         
0000444f  PSS_IRQHandler                                           
0000444f  PendSV_Handler                                           
0000444f  RTC_C_IRQHandler                                         
0000444f  SVC_Handler                                              
0000444f  SysTick_Handler                                          
0000444f  T32_INT2_IRQHandler                                      
0000444f  T32_INTC_IRQHandler                                      
0000444f  TA0_0_IRQHandler                                         
0000444f  TA0_N_IRQHandler                                         
0000444f  TA1_0_IRQHandler                                         
0000444f  TA1_N_IRQHandler                                         
0000444f  TA2_0_IRQHandler                                         
0000444f  TA2_N_IRQHandler                                         
0000444f  TA3_0_IRQHandler                                         
0000444f  TA3_N_IRQHandler                                         
0000444f  UsageFault_Handler                                       
0000444f  WDT_A_IRQHandler                                         
00004451  _ZN4Task3runEv                                           
0000445d  _ZdlPv                                                   
00004465  __TI_decompress_rle24                                    
0000446b  _system_pre_init                                         
00004540  g_sCrystalfontz128x128                                   
0000456c  _ZTSN10__cxxabiv123__fundamental_type_infoE              
00004594  _ZTSN10__cxxabiv120__si_class_type_infoE                 
000045b9  _ZTSN10__cxxabiv119__pointer_type_infoE                  
000045dd  _ZTSN10__cxxabiv117__class_type_infoE                    
000045ff  _ZTSN10__cxxabiv117__pbase_type_infoE                    
00004621  _ZTSe                                                    
0000467c  _ZTV3LED                                                 
00004690  _ZTIPKe                                                  
000046a0  _ZTV4Task                                                
000046b0  _ZTV6screen                                              
000046c0  _ZTVN10__cxxabiv117__class_type_infoE                    
000046d0  _ZTVN10__cxxabiv119__pointer_type_infoE                  
000046e0  _ZTVN10__cxxabiv120__si_class_type_infoE                 
000046f0  _ZTVN10__cxxabiv123__fundamental_type_infoE              
00004700  _ZTSSt9type_info                                         
00004710  _ZTI3LED                                                 
0000471c  _ZTI6screen                                              
00004728  _ZTIN10__cxxabiv117__class_type_infoE                    
00004734  _ZTIN10__cxxabiv117__pbase_type_infoE                    
00004740  _ZTIN10__cxxabiv119__pointer_type_infoE                  
0000474c  _ZTIN10__cxxabiv120__si_class_type_infoE                 
00004758  _ZTIN10__cxxabiv123__fundamental_type_infoE              
0000476c  _ZTI4Task                                                
00004774  _ZTISt9type_info                                         
0000477c  _ZTIe                                                    
00004784  _ZTS6screen                                              
000047ac  _ZTS4Task                                                
000047b2  _ZTS3LED                                                 
000047b7  _ZTSPKe                                                  
000047bc  SHT$$INIT_ARRAY$$Base                                    
000047c0  SHT$$INIT_ARRAY$$Limit                                   
00004834  __TI_Handler_Table_Base                                  
0000483c  __TI_CINIT_Base                                          
0000483c  __TI_Handler_Table_Limit                                 
00004854  __TI_CINIT_Limit                                         
20000000  g_pfnRAMVectors                                          
200000e8  MainScheduler                                            
20005288  g_sContext                                               
200052a4  g_sNew                                                   
200052ac  g_sOld                                                   
200052b4  _ZSt16__dummy_typeinfo                                   
200052b8  Lcd_ScreenHeigth                                         
200052ba  Lcd_ScreenWidth                                          
200052bc  Lcd_TouchTrim                                            
200052be  Lcd_FlagRead                                             
200052bf  Lcd_FontSolid                                            
200052c0  Lcd_Orientation                                          
200052c1  Lcd_PenSolid                                             
200052c8  _sys_memory                                              
20005700  dummycount                                               
20005704  debounce                                                 
20005705  debounceCount                                            
20005708  __TI_cleanup_ptr                                         
2000570c  __TI_dtors_ptr                                           
20005710  __TI_enable_exit_profile_output                          
20005720  _lock                                                    
20005724  _unlock                                                  
20005728  main_func_sp                                             
2000572c  SystemCoreClock                                          
2000fe00  __stack                                                  
20010000  __STACK_END                                              
4000480c  WDTCTL_SYM                                               
ffffffff  __TI_pprof_out_hndl                                      
ffffffff  __TI_prof_data_size                                      
ffffffff  __TI_prof_data_start                                     
ffffffff  __binit__                                                
ffffffff  __c_args__                                               
ffffffff  binit                                                    

[393 symbols]
