******************************************************************************
                  TI ARM Linker PC v15.12.1                    
******************************************************************************
>> Linked Wed Oct 19 20:52:09 2016

OUTPUT FILE NAME:   <Lab2.out>
ENTRY POINT SYMBOL: "_c_int00"  address: 00001691


MEMORY CONFIGURATION

         name            origin    length      used     unused   attr    fill
----------------------  --------  ---------  --------  --------  ----  --------
  MAIN                  00000000   00040000  00001a11  0003e5ef  R  X
  INFO                  00200000   00004000  00000000  00004000  R  X
  SRAM_CODE             01000000   00010000  000057dc  0000a824  RW X
  SRAM_DATA             20000000   00010000  000057dc  0000a824  RW  


SEGMENT ALLOCATION MAP

run origin  load origin   length   init length attrs members
----------  ----------- ---------- ----------- ----- -------
00000000    00000000    00001a14   00001a14    r-x
  00000000    00000000    000000e4   000000e4    r-- .intvecs
  000000e4    000000e4    00001736   00001736    r-x .text
  0000181c    0000181c    000001a7   000001a7    r-- .const
  000019c4    000019c4    00000004   00000004    r-- .init_array
  000019c8    000019c8    0000004c   0000004c    r-- .cinit
20000000    20000000    000055e0   00000000    rw-
  20000000    20000000    000051a4   00000000    rw- .bss
  200051a8    200051a8    00000400   00000000    rw- .sysmem
  200055a8    200055a8    00000038   00000000    rw- .data
2000fe00    2000fe00    00000200   00000000    rw-
  2000fe00    2000fe00    00000200   00000000    rw- .stack


SECTION ALLOCATION MAP

 output                                  attributes/
section   page    origin      length       input sections
--------  ----  ----------  ----------   ----------------
.intvecs   0    00000000    000000e4     
                  00000000    000000e4     startup_msp432p401r_ccs.obj (.intvecs:retain)

.binit     0    00000000    00000000     

.text      0    000000e4    00001736     
                  000000e4    000008bc     Scheduler.obj (.text)
                  000009a0    000003dc     rtsv7M4_T_le_v4SPD16_eabi.lib : memory.obj (.text)
                  00000d7c    00000370     system_msp432p401r.obj (.text)
                  000010ec    00000270     main.obj (.text)
                  0000135c    000000bc     rtsv7M4_T_le_v4SPD16_eabi.lib : typeinfo_.obj (.text)
                  00001418    0000009c                                   : memcpy_t2.obj (.text)
                  000014b4    00000084     LED.obj (.text)
                  00001538    0000007a     rtsv7M4_T_le_v4SPD16_eabi.lib : memset_t2.obj (.text)
                  000015b2    00000002                                   : mpu_init.obj (.text)
                  000015b4    00000070                                   : autoinit.obj (.text)
                  00001624    0000006a                                   : copy_decompress_rle.obj (.text)
                  0000168e    00000002                                   : startup.obj (.text)
                  00001690    00000054                                   : boot.obj (.text)
                  000016e4    00000054                                   : exit.obj (.text)
                  00001738    0000004c                                   : cpy_tbl.obj (.text)
                  00001784    0000001c     Task.obj (.text)
                  000017a0    00000018     rtsv7M4_T_le_v4SPD16_eabi.lib : args_main.obj (.text)
                  000017b8    00000014     Servo.obj (.text:_ZN4Task11readMessageEhh)
                  000017cc    00000014     rtsv7M4_T_le_v4SPD16_eabi.lib : _lock.obj (.text)
                  000017e0    0000000e                                   : copy_decompress_none.obj (.text:decompress:none)
                  000017ee    0000000e     startup_msp432p401r_ccs.obj (.text)
                  000017fc    0000000c     Task.obj (.text:_ZN4Task3runEv)
                  00001808    00000008     rtsv7M4_T_le_v4SPD16_eabi.lib : delete.obj (.text)
                  00001810    00000006                                   : copy_decompress_rle.obj (.text:decompress:rle24)
                  00001816    00000004                                   : pre_init.obj (.text)

.const     0    0000181c    000001a7     
                  0000181c    00000028     rtsv7M4_T_le_v4SPD16_eabi.lib : typeinfo_.obj (.const:.typeinfo:_ZTSN10__cxxabiv123__fundamental_type_infoE)
                  00001844    00000025                                   : typeinfo_.obj (.const:.typeinfo:_ZTSN10__cxxabiv120__si_class_type_infoE)
                  00001869    00000024                                   : typeinfo_.obj (.const:.typeinfo:_ZTSN10__cxxabiv119__pointer_type_infoE)
                  0000188d    00000022                                   : typeinfo_.obj (.const:.typeinfo:_ZTSN10__cxxabiv117__class_type_infoE)
                  000018af    00000022                                   : typeinfo_.obj (.const:.typeinfo:_ZTSN10__cxxabiv117__pbase_type_infoE)
                  000018d1    00000002                                   : typeinfo_.obj (.const:.typeinfo:_ZTSe)
                  000018d3    00000001     --HOLE-- [fill = 0]
                  000018d4    00000010                                   : typeinfo_.obj (.const:.typeinfo:_ZTIPKe)
                  000018e4    00000010     LED.obj (.const:_ZTV3LED)
                  000018f4    00000010     Task.obj (.const:_ZTV4Task)
                  00001904    00000010     rtsv7M4_T_le_v4SPD16_eabi.lib : typeinfo_.obj (.const:_ZTVN10__cxxabiv117__class_type_infoE)
                  00001914    00000010                                   : typeinfo_.obj (.const:_ZTVN10__cxxabiv119__pointer_type_infoE)
                  00001924    00000010                                   : typeinfo_.obj (.const:_ZTVN10__cxxabiv120__si_class_type_infoE)
                  00001934    00000010                                   : typeinfo_.obj (.const:_ZTVN10__cxxabiv123__fundamental_type_infoE)
                  00001944    0000000d                                   : typeinfo_.obj (.const:.typeinfo:_ZTSSt9type_info)
                  00001951    00000003     --HOLE-- [fill = 0]
                  00001954    0000000c     LED.obj (.const:.typeinfo:_ZTI3LED)
                  00001960    0000000c     rtsv7M4_T_le_v4SPD16_eabi.lib : typeinfo_.obj (.const:.typeinfo:_ZTIN10__cxxabiv117__class_type_infoE)
                  0000196c    0000000c                                   : typeinfo_.obj (.const:.typeinfo:_ZTIN10__cxxabiv117__pbase_type_infoE)
                  00001978    0000000c                                   : typeinfo_.obj (.const:.typeinfo:_ZTIN10__cxxabiv119__pointer_type_infoE)
                  00001984    0000000c                                   : typeinfo_.obj (.const:.typeinfo:_ZTIN10__cxxabiv120__si_class_type_infoE)
                  00001990    0000000c                                   : typeinfo_.obj (.const:.typeinfo:_ZTIN10__cxxabiv123__fundamental_type_infoE)
                  0000199c    00000008     LED.obj (.const:.typeinfo:_ZTI4Task)
                  000019a4    00000008     rtsv7M4_T_le_v4SPD16_eabi.lib : typeinfo_.obj (.const:.typeinfo:_ZTISt9type_info)
                  000019ac    00000008                                   : typeinfo_.obj (.const:.typeinfo:_ZTIe)
                  000019b4    00000006     LED.obj (.const:.typeinfo:_ZTS4Task)
                  000019ba    00000005     LED.obj (.const:.typeinfo:_ZTS3LED)
                  000019bf    00000004     rtsv7M4_T_le_v4SPD16_eabi.lib : typeinfo_.obj (.const:.typeinfo:_ZTSPKe)

.init_array 
*          0    000019c4    00000004     
                  000019c4    00000004     main.obj (.init_array)

.cinit     0    000019c8    0000004c     
                  000019c8    00000024     (.cinit..data.load) [load image, compression = rle]
                  000019ec    00000004     --HOLE-- [fill = 0]
                  000019f0    0000000b     (.cinit..bss.load) [load image, compression = rle]
                  000019fb    00000001     --HOLE-- [fill = 0]
                  000019fc    00000008     (__TI_handler_table)
                  00001a04    00000010     (__TI_cinit_table)

.bss       0    20000000    000051a4     UNINITIALIZED
                  20000000    000051a0     main.obj (.bss:MainScheduler)
                  200051a0    00000004     (.common:_ZSt16__dummy_typeinfo)

.sysmem    0    200051a8    00000400     UNINITIALIZED
                  200051a8    00000008     rtsv7M4_T_le_v4SPD16_eabi.lib : memory.obj (.sysmem)
                  200051b0    000003f8     --HOLE--

.data      0    200055a8    00000038     UNINITIALIZED
                  200055a8    0000000f     main.obj (.data)
                  200055b7    00000001     --HOLE--
                  200055b8    0000000c     rtsv7M4_T_le_v4SPD16_eabi.lib : exit.obj (.data:$O1$$)
                  200055c4    0000000c                                   : memory.obj (.data:$O1$$)
                  200055d0    00000008                                   : _lock.obj (.data:$O1$$)
                  200055d8    00000004                                   : stkdepth_vars.obj (.data)
                  200055dc    00000004     system_msp432p401r.obj (.data)

.stack     0    2000fe00    00000200     UNINITIALIZED
                  2000fe00    00000200     --HOLE--

MODULE SUMMARY

       Module                        code   ro data   rw data
       ------                        ----   -------   -------
    .\
       main.obj                      624    4         41822  
       Scheduler.obj                 2236   0         0      
       system_msp432p401r.obj        880    0         8      
       startup_msp432p401r_ccs.obj   14     228       0      
       LED.obj                       132    47        0      
       Task.obj                      40     16        0      
       Servo.obj                     20     0         0      
    +--+-----------------------------+------+---------+---------+
       Total:                        3946   295       41830  
                                                             
    C:\ti\ccsv6\tools\compiler\ti-cgt-arm_15.12.1.LTS\lib\rtsv7M4_T_le_v4SPD16_eabi.lib
       memory.obj                    988    0         24     
       typeinfo_.obj                 188    356       8      
       memcpy_t2.obj                 156    0         0      
       memset_t2.obj                 122    0         0      
       autoinit.obj                  112    0         0      
       copy_decompress_rle.obj       112    0         0      
       exit.obj                      84     0         24     
       boot.obj                      84     0         0      
       cpy_tbl.obj                   76     0         0      
       _lock.obj                     20     0         16     
       args_main.obj                 24     0         0      
       copy_decompress_none.obj      14     0         0      
       delete.obj                    8      0         0      
       stkdepth_vars.obj             0      0         8      
       pre_init.obj                  4      0         0      
       mpu_init.obj                  2      0         0      
       startup.obj                   2      0         0      
    +--+-----------------------------+------+---------+---------+
       Total:                        1996   356       80     
                                                             
       Heap:                         0      0         2048   
       Stack:                        0      0         1024   
       Linker Generated:             0      71        0      
    +--+-----------------------------+------+---------+---------+
       Grand Total:                  5942   722       44982  


LINKER GENERATED COPY TABLES

__TI_cinit_table @ 00001a04 records: 2, size/record: 8, table size: 16
	.data: load addr=000019c8, load size=00000024 bytes, run addr=200055a8, run size=00000038 bytes, compression=rle
	.bss: load addr=000019f0, load size=0000000b bytes, run addr=20000000, run size=000051a4 bytes, compression=rle


LINKER GENERATED HANDLER TABLE

__TI_handler_table @ 000019fc records: 2, size/record: 4, table size: 8
	index: 0, handler: __TI_decompress_rle24
	index: 1, handler: __TI_decompress_none


GLOBAL SYMBOLS: SORTED ALPHABETICALLY BY Name 

address   name                                              
-------   ----                                              
000017fb  ADC14_IRQHandler                                  
000017fb  AES256_IRQHandler                                 
000017fb  BusFault_Handler                                  
000016e5  C$$EXIT                                           
000017fb  COMP_E0_IRQHandler                                
000017fb  COMP_E1_IRQHandler                                
000017fb  CS_IRQHandler                                     
000017fb  DMA_ERR_IRQHandler                                
000017fb  DMA_INT0_IRQHandler                               
000017fb  DMA_INT1_IRQHandler                               
000017fb  DMA_INT2_IRQHandler                               
000017fb  DMA_INT3_IRQHandler                               
000017fb  DebugMon_Handler                                  
000017fb  Default_Handler                                   
000017fb  EUSCIA0_IRQHandler                                
000017fb  EUSCIA1_IRQHandler                                
000017fb  EUSCIA2_IRQHandler                                
000017fb  EUSCIA3_IRQHandler                                
000017fb  EUSCIB0_IRQHandler                                
000017fb  EUSCIB1_IRQHandler                                
000017fb  EUSCIB2_IRQHandler                                
000017fb  EUSCIB3_IRQHandler                                
000017fb  FLCTL_IRQHandler                                  
000017fb  FPU_IRQHandler                                    
000017fb  HardFault_Handler                                 
20000000  MainScheduler                                     
000017fb  MemManage_Handler                                 
000017fb  NMI_Handler                                       
000017fb  PCM_IRQHandler                                    
000012a7  PORT1_IRQHandler                                  
000012a7  PORT1_IRQHandler                                  
000017fb  PORT2_IRQHandler                                  
000017fb  PORT3_IRQHandler                                  
000017fb  PORT4_IRQHandler                                  
000017fb  PORT5_IRQHandler                                  
000017fb  PORT6_IRQHandler                                  
000017fb  PSS_IRQHandler                                    
000017fb  PendSV_Handler                                    
000017fb  RTC_C_IRQHandler                                  
000017ef  Reset_Handler                                     
000019c4  SHT$$INIT_ARRAY$$Base                             
000019c8  SHT$$INIT_ARRAY$$Limit                            
000017fb  SVC_Handler                                       
000017fb  SysTick_Handler                                   
200055dc  SystemCoreClock                                   
00000d7d  SystemCoreClockUpdate                             
00000ff1  SystemInit                                        
00001255  T32_INT1_IRQHandler                               
00001255  T32_INT1_IRQHandler                               
000017fb  T32_INT2_IRQHandler                               
000017fb  T32_INTC_IRQHandler                               
000017fb  TA0_0_IRQHandler                                  
000017fb  TA0_N_IRQHandler                                  
000017fb  TA1_0_IRQHandler                                  
000017fb  TA1_N_IRQHandler                                  
000017fb  TA2_0_IRQHandler                                  
000017fb  TA2_N_IRQHandler                                  
000017fb  TA3_0_IRQHandler                                  
000017fb  TA3_N_IRQHandler                                  
000017fb  UsageFault_Handler                                
4000480c  WDTCTL_SYM                                        
000017fb  WDT_A_IRQHandler                                  
000011c9  _Z5Setupv                                         
00001409  _ZN10__cxxabiv116__enum_type_infoD0Ev             
00001407  _ZN10__cxxabiv116__enum_type_infoD1Ev             
00001407  _ZN10__cxxabiv116__enum_type_infoD2Ev             
000013ff  _ZN10__cxxabiv117__array_type_infoD0Ev            
000013fd  _ZN10__cxxabiv117__array_type_infoD1Ev            
000013fd  _ZN10__cxxabiv117__array_type_infoD2Ev            
000013f5  _ZN10__cxxabiv117__class_type_infoD0Ev            
000013f3  _ZN10__cxxabiv117__class_type_infoD1Ev            
000013f3  _ZN10__cxxabiv117__class_type_infoD2Ev            
000013eb  _ZN10__cxxabiv117__pbase_type_infoD0Ev            
000013e9  _ZN10__cxxabiv117__pbase_type_infoD1Ev            
000013e9  _ZN10__cxxabiv117__pbase_type_infoD2Ev            
000013e1  _ZN10__cxxabiv119__pointer_type_infoD0Ev          
000013df  _ZN10__cxxabiv119__pointer_type_infoD1Ev          
000013df  _ZN10__cxxabiv119__pointer_type_infoD2Ev          
000013d7  _ZN10__cxxabiv120__function_type_infoD0Ev         
000013d5  _ZN10__cxxabiv120__function_type_infoD1Ev         
000013d5  _ZN10__cxxabiv120__function_type_infoD2Ev         
000013cd  _ZN10__cxxabiv120__si_class_type_infoD0Ev         
000013cb  _ZN10__cxxabiv120__si_class_type_infoD1Ev         
000013cb  _ZN10__cxxabiv120__si_class_type_infoD2Ev         
000013c3  _ZN10__cxxabiv121__vmi_class_type_infoD0Ev        
000013c1  _ZN10__cxxabiv121__vmi_class_type_infoD1Ev        
000013c1  _ZN10__cxxabiv121__vmi_class_type_infoD2Ev        
000013b9  _ZN10__cxxabiv123__fundamental_type_infoD0Ev      
000013b7  _ZN10__cxxabiv123__fundamental_type_infoD1Ev      
000013b7  _ZN10__cxxabiv123__fundamental_type_infoD2Ev      
000013af  _ZN10__cxxabiv129__pointer_to_member_type_infoD0Ev
000013ad  _ZN10__cxxabiv129__pointer_to_member_type_infoD1Ev
000013ad  _ZN10__cxxabiv129__pointer_to_member_type_infoD2Ev
00001505  _ZN3LED11readMessageEhh                           
000014ed  _ZN3LED3runEv                                     
000014b5  _ZN3LEDC1Ehh                                      
000014b5  _ZN3LEDC2Ehh                                      
000017b9  _ZN4Task11readMessageEhh                          
200055b6  _ZN4Task14m_u8NextTaskIDE                         
000017fd  _ZN4Task3runEv                                    
00001785  _ZN4TaskC1Ev                                      
00001785  _ZN4TaskC2Ev                                      
00000889  _ZN9Scheduler10runMessageEhh                      
0000030f  _ZN9Scheduler13attachMessageEhhby                 
0000043b  _ZN9Scheduler17CalculateScheduleEv                
00000993  _ZN9Scheduler22SortScheduleByPriorityEP4Task      
000003d1  _ZN9Scheduler3runEv                               
000007df  _ZN9Scheduler5cleanEh                             
000001bf  _ZN9Scheduler6attachEP4Taskb                      
00000257  _ZN9Scheduler6attachEP4Taskyb                     
0000067d  _ZN9Scheduler7mailManEv                           
0000083d  _ZN9Scheduler9cleanMailEv                         
000000e5  _ZN9SchedulerC1Ev                                 
000000e5  _ZN9SchedulerC2Ev                                 
0000136f  _ZNKSt9type_info4nameEv                           
0000139f  _ZNKSt9type_info6beforeERKS_                      
00001389  _ZNKSt9type_infoeqERKS_                           
00001373  _ZNKSt9type_infoneERKS_                           
00001367  _ZNSt9type_infoD0Ev                               
00001365  _ZNSt9type_infoD1Ev                               
00001365  _ZNSt9type_infoD2Ev                               
200051a0  _ZSt16__dummy_typeinfo                            
0000135d  _ZSt21__gen_dummy_typeinfosv                      
00001954  _ZTI3LED                                          
0000199c  _ZTI4Task                                         
00001960  _ZTIN10__cxxabiv117__class_type_infoE             
0000196c  _ZTIN10__cxxabiv117__pbase_type_infoE             
00001978  _ZTIN10__cxxabiv119__pointer_type_infoE           
00001984  _ZTIN10__cxxabiv120__si_class_type_infoE          
00001990  _ZTIN10__cxxabiv123__fundamental_type_infoE       
000018d4  _ZTIPKe                                           
000019a4  _ZTISt9type_info                                  
000019ac  _ZTIe                                             
000019ba  _ZTS3LED                                          
000019b4  _ZTS4Task                                         
0000188d  _ZTSN10__cxxabiv117__class_type_infoE             
000018af  _ZTSN10__cxxabiv117__pbase_type_infoE             
00001869  _ZTSN10__cxxabiv119__pointer_type_infoE           
00001844  _ZTSN10__cxxabiv120__si_class_type_infoE          
0000181c  _ZTSN10__cxxabiv123__fundamental_type_infoE       
000019bf  _ZTSPKe                                           
00001944  _ZTSSt9type_info                                  
000018d1  _ZTSe                                             
000018e4  _ZTV3LED                                          
000018f4  _ZTV4Task                                         
00001904  _ZTVN10__cxxabiv117__class_type_infoE             
00001914  _ZTVN10__cxxabiv119__pointer_type_infoE           
00001924  _ZTVN10__cxxabiv120__si_class_type_infoE          
00001934  _ZTVN10__cxxabiv123__fundamental_type_infoE       
00001809  _ZdlPv                                            
20010000  __STACK_END                                       
00000200  __STACK_SIZE                                      
00000400  __SYSMEM_SIZE                                     
00001a04  __TI_CINIT_Base                                   
00001a14  __TI_CINIT_Limit                                  
000019fc  __TI_Handler_Table_Base                           
00001a04  __TI_Handler_Table_Limit                          
000015b5  __TI_auto_init                                    
200055b8  __TI_cleanup_ptr                                  
000017e1  __TI_decompress_none                              
00001811  __TI_decompress_rle24                             
200055bc  __TI_dtors_ptr                                    
200055c0  __TI_enable_exit_profile_output                   
ffffffff  __TI_pprof_out_hndl                               
ffffffff  __TI_prof_data_size                               
ffffffff  __TI_prof_data_start                              
00000000  __TI_static_base__                                
00001539  __aeabi_memclr                                    
00001539  __aeabi_memclr4                                   
00001539  __aeabi_memclr8                                   
00001419  __aeabi_memcpy                                    
00001419  __aeabi_memcpy4                                   
00001419  __aeabi_memcpy8                                   
0000153b  __aeabi_memset                                    
0000153b  __aeabi_memset4                                   
0000153b  __aeabi_memset8                                   
ffffffff  __binit__                                         
ffffffff  __c_args__                                        
000015b3  __mpu_init                                        
2000fe00  __stack                                           
000012f9  __sti___8_main_cpp_937618a8                       
000017a1  _args_main                                        
00001691  _c_int00                                          
200055d0  _lock                                             
000017db  _nop                                              
000017d3  _register_lock                                    
000017cd  _register_unlock                                  
200051a8  _sys_memory                                       
0000168f  _system_post_cinit                                
00001817  _system_pre_init                                  
200055d4  _unlock                                           
000016e9  abort                                             
ffffffff  binit                                             
00000d49  calloc                                            
00001739  copy_in                                           
200055b4  debounce                                          
200055b5  debounceCount                                     
200055b0  dummycount                                        
000016f1  exit                                              
00000a97  free                                              
00000000  interruptVectors                                  
00001157  main                                              
200055d8  main_func_sp                                      
00000a2f  malloc                                            
00000c65  memalign                                          
00001419  memcpy                                            
00001541  memset                                            
000009a1  minit                                             
00000b59  realloc                                           


GLOBAL SYMBOLS: SORTED BY Symbol Address 

address   name                                              
-------   ----                                              
00000000  __TI_static_base__                                
00000000  interruptVectors                                  
000000e5  _ZN9SchedulerC1Ev                                 
000000e5  _ZN9SchedulerC2Ev                                 
000001bf  _ZN9Scheduler6attachEP4Taskb                      
00000200  __STACK_SIZE                                      
00000257  _ZN9Scheduler6attachEP4Taskyb                     
0000030f  _ZN9Scheduler13attachMessageEhhby                 
000003d1  _ZN9Scheduler3runEv                               
00000400  __SYSMEM_SIZE                                     
0000043b  _ZN9Scheduler17CalculateScheduleEv                
0000067d  _ZN9Scheduler7mailManEv                           
000007df  _ZN9Scheduler5cleanEh                             
0000083d  _ZN9Scheduler9cleanMailEv                         
00000889  _ZN9Scheduler10runMessageEhh                      
00000993  _ZN9Scheduler22SortScheduleByPriorityEP4Task      
000009a1  minit                                             
00000a2f  malloc                                            
00000a97  free                                              
00000b59  realloc                                           
00000c65  memalign                                          
00000d49  calloc                                            
00000d7d  SystemCoreClockUpdate                             
00000ff1  SystemInit                                        
00001157  main                                              
000011c9  _Z5Setupv                                         
00001255  T32_INT1_IRQHandler                               
00001255  T32_INT1_IRQHandler                               
000012a7  PORT1_IRQHandler                                  
000012a7  PORT1_IRQHandler                                  
000012f9  __sti___8_main_cpp_937618a8                       
0000135d  _ZSt21__gen_dummy_typeinfosv                      
00001365  _ZNSt9type_infoD1Ev                               
00001365  _ZNSt9type_infoD2Ev                               
00001367  _ZNSt9type_infoD0Ev                               
0000136f  _ZNKSt9type_info4nameEv                           
00001373  _ZNKSt9type_infoneERKS_                           
00001389  _ZNKSt9type_infoeqERKS_                           
0000139f  _ZNKSt9type_info6beforeERKS_                      
000013ad  _ZN10__cxxabiv129__pointer_to_member_type_infoD1Ev
000013ad  _ZN10__cxxabiv129__pointer_to_member_type_infoD2Ev
000013af  _ZN10__cxxabiv129__pointer_to_member_type_infoD0Ev
000013b7  _ZN10__cxxabiv123__fundamental_type_infoD1Ev      
000013b7  _ZN10__cxxabiv123__fundamental_type_infoD2Ev      
000013b9  _ZN10__cxxabiv123__fundamental_type_infoD0Ev      
000013c1  _ZN10__cxxabiv121__vmi_class_type_infoD1Ev        
000013c1  _ZN10__cxxabiv121__vmi_class_type_infoD2Ev        
000013c3  _ZN10__cxxabiv121__vmi_class_type_infoD0Ev        
000013cb  _ZN10__cxxabiv120__si_class_type_infoD1Ev         
000013cb  _ZN10__cxxabiv120__si_class_type_infoD2Ev         
000013cd  _ZN10__cxxabiv120__si_class_type_infoD0Ev         
000013d5  _ZN10__cxxabiv120__function_type_infoD1Ev         
000013d5  _ZN10__cxxabiv120__function_type_infoD2Ev         
000013d7  _ZN10__cxxabiv120__function_type_infoD0Ev         
000013df  _ZN10__cxxabiv119__pointer_type_infoD1Ev          
000013df  _ZN10__cxxabiv119__pointer_type_infoD2Ev          
000013e1  _ZN10__cxxabiv119__pointer_type_infoD0Ev          
000013e9  _ZN10__cxxabiv117__pbase_type_infoD1Ev            
000013e9  _ZN10__cxxabiv117__pbase_type_infoD2Ev            
000013eb  _ZN10__cxxabiv117__pbase_type_infoD0Ev            
000013f3  _ZN10__cxxabiv117__class_type_infoD1Ev            
000013f3  _ZN10__cxxabiv117__class_type_infoD2Ev            
000013f5  _ZN10__cxxabiv117__class_type_infoD0Ev            
000013fd  _ZN10__cxxabiv117__array_type_infoD1Ev            
000013fd  _ZN10__cxxabiv117__array_type_infoD2Ev            
000013ff  _ZN10__cxxabiv117__array_type_infoD0Ev            
00001407  _ZN10__cxxabiv116__enum_type_infoD1Ev             
00001407  _ZN10__cxxabiv116__enum_type_infoD2Ev             
00001409  _ZN10__cxxabiv116__enum_type_infoD0Ev             
00001419  __aeabi_memcpy                                    
00001419  __aeabi_memcpy4                                   
00001419  __aeabi_memcpy8                                   
00001419  memcpy                                            
000014b5  _ZN3LEDC1Ehh                                      
000014b5  _ZN3LEDC2Ehh                                      
000014ed  _ZN3LED3runEv                                     
00001505  _ZN3LED11readMessageEhh                           
00001539  __aeabi_memclr                                    
00001539  __aeabi_memclr4                                   
00001539  __aeabi_memclr8                                   
0000153b  __aeabi_memset                                    
0000153b  __aeabi_memset4                                   
0000153b  __aeabi_memset8                                   
00001541  memset                                            
000015b3  __mpu_init                                        
000015b5  __TI_auto_init                                    
0000168f  _system_post_cinit                                
00001691  _c_int00                                          
000016e5  C$$EXIT                                           
000016e9  abort                                             
000016f1  exit                                              
00001739  copy_in                                           
00001785  _ZN4TaskC1Ev                                      
00001785  _ZN4TaskC2Ev                                      
000017a1  _args_main                                        
000017b9  _ZN4Task11readMessageEhh                          
000017cd  _register_unlock                                  
000017d3  _register_lock                                    
000017db  _nop                                              
000017e1  __TI_decompress_none                              
000017ef  Reset_Handler                                     
000017fb  ADC14_IRQHandler                                  
000017fb  AES256_IRQHandler                                 
000017fb  BusFault_Handler                                  
000017fb  COMP_E0_IRQHandler                                
000017fb  COMP_E1_IRQHandler                                
000017fb  CS_IRQHandler                                     
000017fb  DMA_ERR_IRQHandler                                
000017fb  DMA_INT0_IRQHandler                               
000017fb  DMA_INT1_IRQHandler                               
000017fb  DMA_INT2_IRQHandler                               
000017fb  DMA_INT3_IRQHandler                               
000017fb  DebugMon_Handler                                  
000017fb  Default_Handler                                   
000017fb  EUSCIA0_IRQHandler                                
000017fb  EUSCIA1_IRQHandler                                
000017fb  EUSCIA2_IRQHandler                                
000017fb  EUSCIA3_IRQHandler                                
000017fb  EUSCIB0_IRQHandler                                
000017fb  EUSCIB1_IRQHandler                                
000017fb  EUSCIB2_IRQHandler                                
000017fb  EUSCIB3_IRQHandler                                
000017fb  FLCTL_IRQHandler                                  
000017fb  FPU_IRQHandler                                    
000017fb  HardFault_Handler                                 
000017fb  MemManage_Handler                                 
000017fb  NMI_Handler                                       
000017fb  PCM_IRQHandler                                    
000017fb  PORT2_IRQHandler                                  
000017fb  PORT3_IRQHandler                                  
000017fb  PORT4_IRQHandler                                  
000017fb  PORT5_IRQHandler                                  
000017fb  PORT6_IRQHandler                                  
000017fb  PSS_IRQHandler                                    
000017fb  PendSV_Handler                                    
000017fb  RTC_C_IRQHandler                                  
000017fb  SVC_Handler                                       
000017fb  SysTick_Handler                                   
000017fb  T32_INT2_IRQHandler                               
000017fb  T32_INTC_IRQHandler                               
000017fb  TA0_0_IRQHandler                                  
000017fb  TA0_N_IRQHandler                                  
000017fb  TA1_0_IRQHandler                                  
000017fb  TA1_N_IRQHandler                                  
000017fb  TA2_0_IRQHandler                                  
000017fb  TA2_N_IRQHandler                                  
000017fb  TA3_0_IRQHandler                                  
000017fb  TA3_N_IRQHandler                                  
000017fb  UsageFault_Handler                                
000017fb  WDT_A_IRQHandler                                  
000017fd  _ZN4Task3runEv                                    
00001809  _ZdlPv                                            
00001811  __TI_decompress_rle24                             
00001817  _system_pre_init                                  
0000181c  _ZTSN10__cxxabiv123__fundamental_type_infoE       
00001844  _ZTSN10__cxxabiv120__si_class_type_infoE          
00001869  _ZTSN10__cxxabiv119__pointer_type_infoE           
0000188d  _ZTSN10__cxxabiv117__class_type_infoE             
000018af  _ZTSN10__cxxabiv117__pbase_type_infoE             
000018d1  _ZTSe                                             
000018d4  _ZTIPKe                                           
000018e4  _ZTV3LED                                          
000018f4  _ZTV4Task                                         
00001904  _ZTVN10__cxxabiv117__class_type_infoE             
00001914  _ZTVN10__cxxabiv119__pointer_type_infoE           
00001924  _ZTVN10__cxxabiv120__si_class_type_infoE          
00001934  _ZTVN10__cxxabiv123__fundamental_type_infoE       
00001944  _ZTSSt9type_info                                  
00001954  _ZTI3LED                                          
00001960  _ZTIN10__cxxabiv117__class_type_infoE             
0000196c  _ZTIN10__cxxabiv117__pbase_type_infoE             
00001978  _ZTIN10__cxxabiv119__pointer_type_infoE           
00001984  _ZTIN10__cxxabiv120__si_class_type_infoE          
00001990  _ZTIN10__cxxabiv123__fundamental_type_infoE       
0000199c  _ZTI4Task                                         
000019a4  _ZTISt9type_info                                  
000019ac  _ZTIe                                             
000019b4  _ZTS4Task                                         
000019ba  _ZTS3LED                                          
000019bf  _ZTSPKe                                           
000019c4  SHT$$INIT_ARRAY$$Base                             
000019c8  SHT$$INIT_ARRAY$$Limit                            
000019fc  __TI_Handler_Table_Base                           
00001a04  __TI_CINIT_Base                                   
00001a04  __TI_Handler_Table_Limit                          
00001a14  __TI_CINIT_Limit                                  
20000000  MainScheduler                                     
200051a0  _ZSt16__dummy_typeinfo                            
200051a8  _sys_memory                                       
200055b0  dummycount                                        
200055b4  debounce                                          
200055b5  debounceCount                                     
200055b6  _ZN4Task14m_u8NextTaskIDE                         
200055b8  __TI_cleanup_ptr                                  
200055bc  __TI_dtors_ptr                                    
200055c0  __TI_enable_exit_profile_output                   
200055d0  _lock                                             
200055d4  _unlock                                           
200055d8  main_func_sp                                      
200055dc  SystemCoreClock                                   
2000fe00  __stack                                           
20010000  __STACK_END                                       
4000480c  WDTCTL_SYM                                        
ffffffff  __TI_pprof_out_hndl                               
ffffffff  __TI_prof_data_size                               
ffffffff  __TI_prof_data_start                              
ffffffff  __binit__                                         
ffffffff  __c_args__                                        
ffffffff  binit                                             

[209 symbols]
