******************************************************************************
                  TI ARM Linker PC v15.12.1                    
******************************************************************************
>> Linked Wed Oct 12 20:23:38 2016

OUTPUT FILE NAME:   <Lab2.out>
ENTRY POINT SYMBOL: "_c_int00"  address: 00000fb5


MEMORY CONFIGURATION

         name            origin    length      used     unused   attr    fill
----------------------  --------  ---------  --------  --------  ----  --------
  MAIN                  00000000   00040000  00001379  0003ec87  R  X
  INFO                  00200000   00004000  00000000  00004000  R  X
  SRAM_CODE             01000000   00010000  0000063c  0000f9c4  RW X
  SRAM_DATA             20000000   00010000  0000063c  0000f9c4  RW  


SEGMENT ALLOCATION MAP

run origin  load origin   length   init length attrs members
----------  ----------- ---------- ----------- ----- -------
00000000    00000000    0000137c   0000137c    r-x
  00000000    00000000    000000e4   000000e4    r-- .intvecs
  000000e4    000000e4    000010aa   000010aa    r-x .text
  00001190    00001190    0000019f   0000019f    r-- .const
  00001330    00001330    0000004c   0000004c    r-- .cinit
20000000    20000000    0000043c   00000000    rw-
  20000000    20000000    00000400   00000000    rw- .sysmem
  20000400    20000400    00000038   00000000    rw- .data
  20000438    20000438    00000004   00000000    rw- .bss
2000fe00    2000fe00    00000200   00000000    rw-
  2000fe00    2000fe00    00000200   00000000    rw- .stack


SECTION ALLOCATION MAP

 output                                  attributes/
section   page    origin      length       input sections
--------  ----  ----------  ----------   ----------------
.intvecs   0    00000000    000000e4     
                  00000000    000000e4     startup_msp432p401r_ccs.obj (.intvecs:retain)

.binit     0    00000000    00000000     

.text      0    000000e4    000010aa     
                  000000e4    000003dc     rtsv7M4_T_le_v4SPD16_eabi.lib : memory.obj (.text)
                  000004c0    0000032c     system_msp432p401r.obj (.text)
                  000007ec    0000031e     Scheduler.obj (.text)
                  00000b0a    00000002     rtsv7M4_T_le_v4SPD16_eabi.lib : mpu_init.obj (.text)
                  00000b0c    000001f8     main.obj (.text)
                  00000d04    000000bc     rtsv7M4_T_le_v4SPD16_eabi.lib : typeinfo_.obj (.text)
                  00000dc0    0000009c                                   : memcpy_t2.obj (.text)
                  00000e5c    0000007a                                   : memset_t2.obj (.text)
                  00000ed6    00000002                                   : startup.obj (.text)
                  00000ed8    00000070                                   : autoinit.obj (.text)
                  00000f48    0000006a                                   : copy_decompress_rle.obj (.text)
                  00000fb2    00000002     --HOLE-- [fill = 0]
                  00000fb4    00000054                                   : boot.obj (.text)
                  00001008    00000054                                   : exit.obj (.text)
                  0000105c    00000050     LED.obj (.text)
                  000010ac    0000004c     rtsv7M4_T_le_v4SPD16_eabi.lib : cpy_tbl.obj (.text)
                  000010f8    00000030     Task.obj (.text)
                  00001128    00000018     rtsv7M4_T_le_v4SPD16_eabi.lib : args_main.obj (.text)
                  00001140    00000014                                   : _lock.obj (.text)
                  00001154    0000000e                                   : copy_decompress_none.obj (.text:decompress:none)
                  00001162    0000000e     startup_msp432p401r_ccs.obj (.text)
                  00001170    0000000c     Task.obj (.text:_ZN4Task3runEv)
                  0000117c    00000008     rtsv7M4_T_le_v4SPD16_eabi.lib : delete.obj (.text)
                  00001184    00000006                                   : copy_decompress_rle.obj (.text:decompress:rle24)
                  0000118a    00000004                                   : pre_init.obj (.text)

.const     0    00001190    0000019f     
                  00001190    00000028     rtsv7M4_T_le_v4SPD16_eabi.lib : typeinfo_.obj (.const:.typeinfo:_ZTSN10__cxxabiv123__fundamental_type_infoE)
                  000011b8    00000025                                   : typeinfo_.obj (.const:.typeinfo:_ZTSN10__cxxabiv120__si_class_type_infoE)
                  000011dd    00000024                                   : typeinfo_.obj (.const:.typeinfo:_ZTSN10__cxxabiv119__pointer_type_infoE)
                  00001201    00000022                                   : typeinfo_.obj (.const:.typeinfo:_ZTSN10__cxxabiv117__class_type_infoE)
                  00001223    00000022                                   : typeinfo_.obj (.const:.typeinfo:_ZTSN10__cxxabiv117__pbase_type_infoE)
                  00001245    00000002                                   : typeinfo_.obj (.const:.typeinfo:_ZTSe)
                  00001247    00000001     --HOLE-- [fill = 0]
                  00001248    00000010                                   : typeinfo_.obj (.const:.typeinfo:_ZTIPKe)
                  00001258    00000010                                   : typeinfo_.obj (.const:_ZTVN10__cxxabiv117__class_type_infoE)
                  00001268    00000010                                   : typeinfo_.obj (.const:_ZTVN10__cxxabiv119__pointer_type_infoE)
                  00001278    00000010                                   : typeinfo_.obj (.const:_ZTVN10__cxxabiv120__si_class_type_infoE)
                  00001288    00000010                                   : typeinfo_.obj (.const:_ZTVN10__cxxabiv123__fundamental_type_infoE)
                  00001298    0000000d                                   : typeinfo_.obj (.const:.typeinfo:_ZTSSt9type_info)
                  000012a5    00000003     --HOLE-- [fill = 0]
                  000012a8    0000000c     LED.obj (.const:.typeinfo:_ZTI3LED)
                  000012b4    0000000c     rtsv7M4_T_le_v4SPD16_eabi.lib : typeinfo_.obj (.const:.typeinfo:_ZTIN10__cxxabiv117__class_type_infoE)
                  000012c0    0000000c                                   : typeinfo_.obj (.const:.typeinfo:_ZTIN10__cxxabiv117__pbase_type_infoE)
                  000012cc    0000000c                                   : typeinfo_.obj (.const:.typeinfo:_ZTIN10__cxxabiv119__pointer_type_infoE)
                  000012d8    0000000c                                   : typeinfo_.obj (.const:.typeinfo:_ZTIN10__cxxabiv120__si_class_type_infoE)
                  000012e4    0000000c                                   : typeinfo_.obj (.const:.typeinfo:_ZTIN10__cxxabiv123__fundamental_type_infoE)
                  000012f0    0000000c     LED.obj (.const:_ZTV3LED)
                  000012fc    0000000c     Task.obj (.const:_ZTV4Task)
                  00001308    00000008     LED.obj (.const:.typeinfo:_ZTI4Task)
                  00001310    00000008     rtsv7M4_T_le_v4SPD16_eabi.lib : typeinfo_.obj (.const:.typeinfo:_ZTISt9type_info)
                  00001318    00000008                                   : typeinfo_.obj (.const:.typeinfo:_ZTIe)
                  00001320    00000006     LED.obj (.const:.typeinfo:_ZTS4Task)
                  00001326    00000005     LED.obj (.const:.typeinfo:_ZTS3LED)
                  0000132b    00000004     rtsv7M4_T_le_v4SPD16_eabi.lib : typeinfo_.obj (.const:.typeinfo:_ZTSPKe)

.cinit     0    00001330    0000004c     
                  00001330    00000023     (.cinit..data.load) [load image, compression = rle]
                  00001353    00000005     --HOLE-- [fill = 0]
                  00001358    00000009     (.cinit..bss.load) [load image, compression = rle]
                  00001361    00000003     --HOLE-- [fill = 0]
                  00001364    00000008     (__TI_handler_table)
                  0000136c    00000010     (__TI_cinit_table)

.init_array 
*          0    00000000    00000000     UNINITIALIZED

.sysmem    0    20000000    00000400     UNINITIALIZED
                  20000000    00000008     rtsv7M4_T_le_v4SPD16_eabi.lib : memory.obj (.sysmem)
                  20000008    000003f8     --HOLE--

.data      0    20000400    00000038     UNINITIALIZED
                  20000400    0000000d     main.obj (.data)
                  2000040d    00000003     --HOLE--
                  20000410    0000000c     rtsv7M4_T_le_v4SPD16_eabi.lib : exit.obj (.data:$O1$$)
                  2000041c    0000000c                                   : memory.obj (.data:$O1$$)
                  20000428    00000008                                   : _lock.obj (.data:$O1$$)
                  20000430    00000004                                   : stkdepth_vars.obj (.data)
                  20000434    00000004     system_msp432p401r.obj (.data)

.bss       0    20000438    00000004     UNINITIALIZED
                  20000438    00000004     (.common:_ZSt16__dummy_typeinfo)

.stack     0    2000fe00    00000200     UNINITIALIZED
                  2000fe00    00000200     --HOLE--

MODULE SUMMARY

       Module                        code   ro data   rw data
       ------                        ----   -------   -------
    .\
       system_msp432p401r.obj        812    0         8      
       Scheduler.obj                 798    0         0      
       main.obj                      504    0         26     
       startup_msp432p401r_ccs.obj   14     228       0      
       LED.obj                       80     43        0      
       Task.obj                      60     12        0      
    +--+-----------------------------+------+---------+---------+
       Total:                        2268   283       34     
                                                             
    C:\ti\ccsv6\tools\compiler\ti-cgt-arm_15.12.1.LTS\lib\rtsv7M4_T_le_v4SPD16_eabi.lib
       memory.obj                    988    0         24     
       typeinfo_.obj                 188    356       8      
       memcpy_t2.obj                 156    0         0      
       memset_t2.obj                 122    0         0      
       autoinit.obj                  112    0         0      
       copy_decompress_rle.obj       112    0         0      
       exit.obj                      84     0         24     
       boot.obj                      84     0         0      
       cpy_tbl.obj                   76     0         0      
       _lock.obj                     20     0         16     
       args_main.obj                 24     0         0      
       copy_decompress_none.obj      14     0         0      
       delete.obj                    8      0         0      
       stkdepth_vars.obj             0      0         8      
       pre_init.obj                  4      0         0      
       mpu_init.obj                  2      0         0      
       startup.obj                   2      0         0      
    +--+-----------------------------+------+---------+---------+
       Total:                        1996   356       80     
                                                             
       Heap:                         0      0         2048   
       Stack:                        0      0         1024   
       Linker Generated:             0      68        0      
    +--+-----------------------------+------+---------+---------+
       Grand Total:                  4264   707       3186   


LINKER GENERATED COPY TABLES

__TI_cinit_table @ 0000136c records: 2, size/record: 8, table size: 16
	.data: load addr=00001330, load size=00000023 bytes, run addr=20000400, run size=00000038 bytes, compression=rle
	.bss: load addr=00001358, load size=00000009 bytes, run addr=20000438, run size=00000004 bytes, compression=rle


LINKER GENERATED HANDLER TABLE

__TI_handler_table @ 00001364 records: 2, size/record: 4, table size: 8
	index: 0, handler: __TI_decompress_rle24
	index: 1, handler: __TI_decompress_none


GLOBAL SYMBOLS: SORTED ALPHABETICALLY BY Name 

address   name                                              
-------   ----                                              
0000116f  ADC14_IRQHandler                                  
0000116f  AES256_IRQHandler                                 
0000116f  BusFault_Handler                                  
00001009  C$$EXIT                                           
0000116f  COMP_E0_IRQHandler                                
0000116f  COMP_E1_IRQHandler                                
0000116f  CS_IRQHandler                                     
0000116f  DMA_ERR_IRQHandler                                
0000116f  DMA_INT0_IRQHandler                               
0000116f  DMA_INT1_IRQHandler                               
0000116f  DMA_INT2_IRQHandler                               
0000116f  DMA_INT3_IRQHandler                               
0000116f  DebugMon_Handler                                  
0000116f  Default_Handler                                   
0000116f  EUSCIA0_IRQHandler                                
0000116f  EUSCIA1_IRQHandler                                
0000116f  EUSCIA2_IRQHandler                                
0000116f  EUSCIA3_IRQHandler                                
0000116f  EUSCIB0_IRQHandler                                
0000116f  EUSCIB1_IRQHandler                                
0000116f  EUSCIB2_IRQHandler                                
0000116f  EUSCIB3_IRQHandler                                
0000116f  FLCTL_IRQHandler                                  
0000116f  FPU_IRQHandler                                    
0000116f  HardFault_Handler                                 
0000116f  MemManage_Handler                                 
0000116f  NMI_Handler                                       
0000116f  PCM_IRQHandler                                    
00000c93  PORT1_IRQHandler                                  
00000c93  PORT1_IRQHandler                                  
0000116f  PORT2_IRQHandler                                  
0000116f  PORT3_IRQHandler                                  
0000116f  PORT4_IRQHandler                                  
0000116f  PORT5_IRQHandler                                  
0000116f  PORT6_IRQHandler                                  
0000116f  PSS_IRQHandler                                    
0000116f  PendSV_Handler                                    
0000116f  RTC_C_IRQHandler                                  
00001163  Reset_Handler                                     
UNDEFED   SHT$$INIT_ARRAY$$Base                             
UNDEFED   SHT$$INIT_ARRAY$$Limit                            
0000116f  SVC_Handler                                       
0000116f  SysTick_Handler                                   
20000434  SystemCoreClock                                   
000004c1  SystemCoreClockUpdate                             
00000735  SystemInit                                        
00000c6b  T32_INT1_IRQHandler                               
00000c6b  T32_INT1_IRQHandler                               
0000116f  T32_INT2_IRQHandler                               
0000116f  T32_INTC_IRQHandler                               
0000116f  TA0_0_IRQHandler                                  
0000116f  TA0_N_IRQHandler                                  
0000116f  TA1_0_IRQHandler                                  
0000116f  TA1_N_IRQHandler                                  
0000116f  TA2_0_IRQHandler                                  
0000116f  TA2_N_IRQHandler                                  
0000116f  TA3_0_IRQHandler                                  
0000116f  TA3_N_IRQHandler                                  
0000116f  UsageFault_Handler                                
4000480c  WDTCTL_SYM                                        
0000116f  WDT_A_IRQHandler                                  
00000be7  _Z5Setupv                                         
00000db1  _ZN10__cxxabiv116__enum_type_infoD0Ev             
00000daf  _ZN10__cxxabiv116__enum_type_infoD1Ev             
00000daf  _ZN10__cxxabiv116__enum_type_infoD2Ev             
00000da7  _ZN10__cxxabiv117__array_type_infoD0Ev            
00000da5  _ZN10__cxxabiv117__array_type_infoD1Ev            
00000da5  _ZN10__cxxabiv117__array_type_infoD2Ev            
00000d9d  _ZN10__cxxabiv117__class_type_infoD0Ev            
00000d9b  _ZN10__cxxabiv117__class_type_infoD1Ev            
00000d9b  _ZN10__cxxabiv117__class_type_infoD2Ev            
00000d93  _ZN10__cxxabiv117__pbase_type_infoD0Ev            
00000d91  _ZN10__cxxabiv117__pbase_type_infoD1Ev            
00000d91  _ZN10__cxxabiv117__pbase_type_infoD2Ev            
00000d89  _ZN10__cxxabiv119__pointer_type_infoD0Ev          
00000d87  _ZN10__cxxabiv119__pointer_type_infoD1Ev          
00000d87  _ZN10__cxxabiv119__pointer_type_infoD2Ev          
00000d7f  _ZN10__cxxabiv120__function_type_infoD0Ev         
00000d7d  _ZN10__cxxabiv120__function_type_infoD1Ev         
00000d7d  _ZN10__cxxabiv120__function_type_infoD2Ev         
00000d75  _ZN10__cxxabiv120__si_class_type_infoD0Ev         
00000d73  _ZN10__cxxabiv120__si_class_type_infoD1Ev         
00000d73  _ZN10__cxxabiv120__si_class_type_infoD2Ev         
00000d6b  _ZN10__cxxabiv121__vmi_class_type_infoD0Ev        
00000d69  _ZN10__cxxabiv121__vmi_class_type_infoD1Ev        
00000d69  _ZN10__cxxabiv121__vmi_class_type_infoD2Ev        
00000d61  _ZN10__cxxabiv123__fundamental_type_infoD0Ev      
00000d5f  _ZN10__cxxabiv123__fundamental_type_infoD1Ev      
00000d5f  _ZN10__cxxabiv123__fundamental_type_infoD2Ev      
00000d57  _ZN10__cxxabiv129__pointer_to_member_type_infoD0Ev
00000d55  _ZN10__cxxabiv129__pointer_to_member_type_infoD1Ev
00000d55  _ZN10__cxxabiv129__pointer_to_member_type_infoD2Ev
00001089  _ZN3LED3runEv                                     
0000105d  _ZN3LEDC1Eh                                       
0000105d  _ZN3LEDC2Eh                                       
2000040c  _ZN4Task14m_u8NextTaskIDE                         
00001171  _ZN4Task3runEv                                    
000010f9  _ZN4TaskC1Ev                                      
000010f9  _ZN4TaskC2Ev                                      
00000993  _ZN9Scheduler17CalculateScheduleEv                
00000afd  _ZN9Scheduler22SortScheduleByPriorityEP4Task      
0000092d  _ZN9Scheduler3runEv                               
00000aa7  _ZN9Scheduler5cleanEh                             
0000084f  _ZN9Scheduler6attachEP4Task                       
000008af  _ZN9Scheduler6attachEP4Tasky                      
000007ed  _ZN9SchedulerC1Ev                                 
000007ed  _ZN9SchedulerC2Ev                                 
00000d17  _ZNKSt9type_info4nameEv                           
00000d47  _ZNKSt9type_info6beforeERKS_                      
00000d31  _ZNKSt9type_infoeqERKS_                           
00000d1b  _ZNKSt9type_infoneERKS_                           
00000d0f  _ZNSt9type_infoD0Ev                               
00000d0d  _ZNSt9type_infoD1Ev                               
00000d0d  _ZNSt9type_infoD2Ev                               
20000438  _ZSt16__dummy_typeinfo                            
00000d05  _ZSt21__gen_dummy_typeinfosv                      
000012a8  _ZTI3LED                                          
00001308  _ZTI4Task                                         
000012b4  _ZTIN10__cxxabiv117__class_type_infoE             
000012c0  _ZTIN10__cxxabiv117__pbase_type_infoE             
000012cc  _ZTIN10__cxxabiv119__pointer_type_infoE           
000012d8  _ZTIN10__cxxabiv120__si_class_type_infoE          
000012e4  _ZTIN10__cxxabiv123__fundamental_type_infoE       
00001248  _ZTIPKe                                           
00001310  _ZTISt9type_info                                  
00001318  _ZTIe                                             
00001326  _ZTS3LED                                          
00001320  _ZTS4Task                                         
00001201  _ZTSN10__cxxabiv117__class_type_infoE             
00001223  _ZTSN10__cxxabiv117__pbase_type_infoE             
000011dd  _ZTSN10__cxxabiv119__pointer_type_infoE           
000011b8  _ZTSN10__cxxabiv120__si_class_type_infoE          
00001190  _ZTSN10__cxxabiv123__fundamental_type_infoE       
0000132b  _ZTSPKe                                           
00001298  _ZTSSt9type_info                                  
00001245  _ZTSe                                             
000012f0  _ZTV3LED                                          
000012fc  _ZTV4Task                                         
00001258  _ZTVN10__cxxabiv117__class_type_infoE             
00001268  _ZTVN10__cxxabiv119__pointer_type_infoE           
00001278  _ZTVN10__cxxabiv120__si_class_type_infoE          
00001288  _ZTVN10__cxxabiv123__fundamental_type_infoE       
0000117d  _ZdlPv                                            
20010000  __STACK_END                                       
00000200  __STACK_SIZE                                      
00000400  __SYSMEM_SIZE                                     
0000136c  __TI_CINIT_Base                                   
0000137c  __TI_CINIT_Limit                                  
00001364  __TI_Handler_Table_Base                           
0000136c  __TI_Handler_Table_Limit                          
00000ed9  __TI_auto_init                                    
20000410  __TI_cleanup_ptr                                  
00001155  __TI_decompress_none                              
00001185  __TI_decompress_rle24                             
20000414  __TI_dtors_ptr                                    
20000418  __TI_enable_exit_profile_output                   
ffffffff  __TI_pprof_out_hndl                               
ffffffff  __TI_prof_data_size                               
ffffffff  __TI_prof_data_start                              
00000000  __TI_static_base__                                
00000e5d  __aeabi_memclr                                    
00000e5d  __aeabi_memclr4                                   
00000e5d  __aeabi_memclr8                                   
00000dc1  __aeabi_memcpy                                    
00000dc1  __aeabi_memcpy4                                   
00000dc1  __aeabi_memcpy8                                   
00000e5f  __aeabi_memset                                    
00000e5f  __aeabi_memset4                                   
00000e5f  __aeabi_memset8                                   
ffffffff  __binit__                                         
ffffffff  __c_args__                                        
00000b0b  __mpu_init                                        
2000fe00  __stack                                           
00001129  _args_main                                        
00000fb5  _c_int00                                          
20000428  _lock                                             
0000114f  _nop                                              
00001147  _register_lock                                    
00001141  _register_unlock                                  
20000000  _sys_memory                                       
00000ed7  _system_post_cinit                                
0000118b  _system_pre_init                                  
2000042c  _unlock                                           
0000100d  abort                                             
ffffffff  binit                                             
0000048d  calloc                                            
000010ad  copy_in                                           
20000408  dummycount                                        
00001015  exit                                              
000001db  free                                              
00000000  interruptVectors                                  
00000b77  main                                              
20000430  main_func_sp                                      
00000173  malloc                                            
000003a9  memalign                                          
00000dc1  memcpy                                            
00000e65  memset                                            
000000e5  minit                                             
0000029d  realloc                                           


GLOBAL SYMBOLS: SORTED BY Symbol Address 

address   name                                              
-------   ----                                              
00000000  __TI_static_base__                                
00000000  interruptVectors                                  
000000e5  minit                                             
00000173  malloc                                            
000001db  free                                              
00000200  __STACK_SIZE                                      
0000029d  realloc                                           
000003a9  memalign                                          
00000400  __SYSMEM_SIZE                                     
0000048d  calloc                                            
000004c1  SystemCoreClockUpdate                             
00000735  SystemInit                                        
000007ed  _ZN9SchedulerC1Ev                                 
000007ed  _ZN9SchedulerC2Ev                                 
0000084f  _ZN9Scheduler6attachEP4Task                       
000008af  _ZN9Scheduler6attachEP4Tasky                      
0000092d  _ZN9Scheduler3runEv                               
00000993  _ZN9Scheduler17CalculateScheduleEv                
00000aa7  _ZN9Scheduler5cleanEh                             
00000afd  _ZN9Scheduler22SortScheduleByPriorityEP4Task      
00000b0b  __mpu_init                                        
00000b77  main                                              
00000be7  _Z5Setupv                                         
00000c6b  T32_INT1_IRQHandler                               
00000c6b  T32_INT1_IRQHandler                               
00000c93  PORT1_IRQHandler                                  
00000c93  PORT1_IRQHandler                                  
00000d05  _ZSt21__gen_dummy_typeinfosv                      
00000d0d  _ZNSt9type_infoD1Ev                               
00000d0d  _ZNSt9type_infoD2Ev                               
00000d0f  _ZNSt9type_infoD0Ev                               
00000d17  _ZNKSt9type_info4nameEv                           
00000d1b  _ZNKSt9type_infoneERKS_                           
00000d31  _ZNKSt9type_infoeqERKS_                           
00000d47  _ZNKSt9type_info6beforeERKS_                      
00000d55  _ZN10__cxxabiv129__pointer_to_member_type_infoD1Ev
00000d55  _ZN10__cxxabiv129__pointer_to_member_type_infoD2Ev
00000d57  _ZN10__cxxabiv129__pointer_to_member_type_infoD0Ev
00000d5f  _ZN10__cxxabiv123__fundamental_type_infoD1Ev      
00000d5f  _ZN10__cxxabiv123__fundamental_type_infoD2Ev      
00000d61  _ZN10__cxxabiv123__fundamental_type_infoD0Ev      
00000d69  _ZN10__cxxabiv121__vmi_class_type_infoD1Ev        
00000d69  _ZN10__cxxabiv121__vmi_class_type_infoD2Ev        
00000d6b  _ZN10__cxxabiv121__vmi_class_type_infoD0Ev        
00000d73  _ZN10__cxxabiv120__si_class_type_infoD1Ev         
00000d73  _ZN10__cxxabiv120__si_class_type_infoD2Ev         
00000d75  _ZN10__cxxabiv120__si_class_type_infoD0Ev         
00000d7d  _ZN10__cxxabiv120__function_type_infoD1Ev         
00000d7d  _ZN10__cxxabiv120__function_type_infoD2Ev         
00000d7f  _ZN10__cxxabiv120__function_type_infoD0Ev         
00000d87  _ZN10__cxxabiv119__pointer_type_infoD1Ev          
00000d87  _ZN10__cxxabiv119__pointer_type_infoD2Ev          
00000d89  _ZN10__cxxabiv119__pointer_type_infoD0Ev          
00000d91  _ZN10__cxxabiv117__pbase_type_infoD1Ev            
00000d91  _ZN10__cxxabiv117__pbase_type_infoD2Ev            
00000d93  _ZN10__cxxabiv117__pbase_type_infoD0Ev            
00000d9b  _ZN10__cxxabiv117__class_type_infoD1Ev            
00000d9b  _ZN10__cxxabiv117__class_type_infoD2Ev            
00000d9d  _ZN10__cxxabiv117__class_type_infoD0Ev            
00000da5  _ZN10__cxxabiv117__array_type_infoD1Ev            
00000da5  _ZN10__cxxabiv117__array_type_infoD2Ev            
00000da7  _ZN10__cxxabiv117__array_type_infoD0Ev            
00000daf  _ZN10__cxxabiv116__enum_type_infoD1Ev             
00000daf  _ZN10__cxxabiv116__enum_type_infoD2Ev             
00000db1  _ZN10__cxxabiv116__enum_type_infoD0Ev             
00000dc1  __aeabi_memcpy                                    
00000dc1  __aeabi_memcpy4                                   
00000dc1  __aeabi_memcpy8                                   
00000dc1  memcpy                                            
00000e5d  __aeabi_memclr                                    
00000e5d  __aeabi_memclr4                                   
00000e5d  __aeabi_memclr8                                   
00000e5f  __aeabi_memset                                    
00000e5f  __aeabi_memset4                                   
00000e5f  __aeabi_memset8                                   
00000e65  memset                                            
00000ed7  _system_post_cinit                                
00000ed9  __TI_auto_init                                    
00000fb5  _c_int00                                          
00001009  C$$EXIT                                           
0000100d  abort                                             
00001015  exit                                              
0000105d  _ZN3LEDC1Eh                                       
0000105d  _ZN3LEDC2Eh                                       
00001089  _ZN3LED3runEv                                     
000010ad  copy_in                                           
000010f9  _ZN4TaskC1Ev                                      
000010f9  _ZN4TaskC2Ev                                      
00001129  _args_main                                        
00001141  _register_unlock                                  
00001147  _register_lock                                    
0000114f  _nop                                              
00001155  __TI_decompress_none                              
00001163  Reset_Handler                                     
0000116f  ADC14_IRQHandler                                  
0000116f  AES256_IRQHandler                                 
0000116f  BusFault_Handler                                  
0000116f  COMP_E0_IRQHandler                                
0000116f  COMP_E1_IRQHandler                                
0000116f  CS_IRQHandler                                     
0000116f  DMA_ERR_IRQHandler                                
0000116f  DMA_INT0_IRQHandler                               
0000116f  DMA_INT1_IRQHandler                               
0000116f  DMA_INT2_IRQHandler                               
0000116f  DMA_INT3_IRQHandler                               
0000116f  DebugMon_Handler                                  
0000116f  Default_Handler                                   
0000116f  EUSCIA0_IRQHandler                                
0000116f  EUSCIA1_IRQHandler                                
0000116f  EUSCIA2_IRQHandler                                
0000116f  EUSCIA3_IRQHandler                                
0000116f  EUSCIB0_IRQHandler                                
0000116f  EUSCIB1_IRQHandler                                
0000116f  EUSCIB2_IRQHandler                                
0000116f  EUSCIB3_IRQHandler                                
0000116f  FLCTL_IRQHandler                                  
0000116f  FPU_IRQHandler                                    
0000116f  HardFault_Handler                                 
0000116f  MemManage_Handler                                 
0000116f  NMI_Handler                                       
0000116f  PCM_IRQHandler                                    
0000116f  PORT2_IRQHandler                                  
0000116f  PORT3_IRQHandler                                  
0000116f  PORT4_IRQHandler                                  
0000116f  PORT5_IRQHandler                                  
0000116f  PORT6_IRQHandler                                  
0000116f  PSS_IRQHandler                                    
0000116f  PendSV_Handler                                    
0000116f  RTC_C_IRQHandler                                  
0000116f  SVC_Handler                                       
0000116f  SysTick_Handler                                   
0000116f  T32_INT2_IRQHandler                               
0000116f  T32_INTC_IRQHandler                               
0000116f  TA0_0_IRQHandler                                  
0000116f  TA0_N_IRQHandler                                  
0000116f  TA1_0_IRQHandler                                  
0000116f  TA1_N_IRQHandler                                  
0000116f  TA2_0_IRQHandler                                  
0000116f  TA2_N_IRQHandler                                  
0000116f  TA3_0_IRQHandler                                  
0000116f  TA3_N_IRQHandler                                  
0000116f  UsageFault_Handler                                
0000116f  WDT_A_IRQHandler                                  
00001171  _ZN4Task3runEv                                    
0000117d  _ZdlPv                                            
00001185  __TI_decompress_rle24                             
0000118b  _system_pre_init                                  
00001190  _ZTSN10__cxxabiv123__fundamental_type_infoE       
000011b8  _ZTSN10__cxxabiv120__si_class_type_infoE          
000011dd  _ZTSN10__cxxabiv119__pointer_type_infoE           
00001201  _ZTSN10__cxxabiv117__class_type_infoE             
00001223  _ZTSN10__cxxabiv117__pbase_type_infoE             
00001245  _ZTSe                                             
00001248  _ZTIPKe                                           
00001258  _ZTVN10__cxxabiv117__class_type_infoE             
00001268  _ZTVN10__cxxabiv119__pointer_type_infoE           
00001278  _ZTVN10__cxxabiv120__si_class_type_infoE          
00001288  _ZTVN10__cxxabiv123__fundamental_type_infoE       
00001298  _ZTSSt9type_info                                  
000012a8  _ZTI3LED                                          
000012b4  _ZTIN10__cxxabiv117__class_type_infoE             
000012c0  _ZTIN10__cxxabiv117__pbase_type_infoE             
000012cc  _ZTIN10__cxxabiv119__pointer_type_infoE           
000012d8  _ZTIN10__cxxabiv120__si_class_type_infoE          
000012e4  _ZTIN10__cxxabiv123__fundamental_type_infoE       
000012f0  _ZTV3LED                                          
000012fc  _ZTV4Task                                         
00001308  _ZTI4Task                                         
00001310  _ZTISt9type_info                                  
00001318  _ZTIe                                             
00001320  _ZTS4Task                                         
00001326  _ZTS3LED                                          
0000132b  _ZTSPKe                                           
00001364  __TI_Handler_Table_Base                           
0000136c  __TI_CINIT_Base                                   
0000136c  __TI_Handler_Table_Limit                          
0000137c  __TI_CINIT_Limit                                  
20000000  _sys_memory                                       
20000408  dummycount                                        
2000040c  _ZN4Task14m_u8NextTaskIDE                         
20000410  __TI_cleanup_ptr                                  
20000414  __TI_dtors_ptr                                    
20000418  __TI_enable_exit_profile_output                   
20000428  _lock                                             
2000042c  _unlock                                           
20000430  main_func_sp                                      
20000434  SystemCoreClock                                   
20000438  _ZSt16__dummy_typeinfo                            
2000fe00  __stack                                           
20010000  __STACK_END                                       
4000480c  WDTCTL_SYM                                        
ffffffff  __TI_pprof_out_hndl                               
ffffffff  __TI_prof_data_size                               
ffffffff  __TI_prof_data_start                              
ffffffff  __binit__                                         
ffffffff  __c_args__                                        
ffffffff  binit                                             
UNDEFED   SHT$$INIT_ARRAY$$Base                             
UNDEFED   SHT$$INIT_ARRAY$$Limit                            

[199 symbols]
