<?xml version="1.0"?>
<link_info>
   <banner>TI ARM Linker PC v15.12.1.LTS</banner>
   <copyright>Copyright (c) 1996-2015 Texas Instruments Incorporated</copyright>
   <link_time>0x582aab17</link_time>
   <link_errors>0x0</link_errors>
   <output_file>ejemplo_linea.out</output_file>
   <entry_point>
      <name>_c_int00</name>
      <address>0x2451</address>
   </entry_point>
   <input_file_list>
      <input_file id="fl-2">
         <path>.\</path>
         <kind>object</kind>
         <file>main.obj</file>
         <name>main.obj</name>
      </input_file>
      <input_file id="fl-3">
         <path>.\</path>
         <kind>object</kind>
         <file>startup_msp432p401r_ccs.obj</file>
         <name>startup_msp432p401r_ccs.obj</name>
      </input_file>
      <input_file id="fl-4">
         <path>.\</path>
         <kind>object</kind>
         <file>system_msp432p401r.obj</file>
         <name>system_msp432p401r.obj</name>
      </input_file>
      <input_file id="fl-5">
         <path>.\GrLib\fonts\</path>
         <kind>object</kind>
         <file>fontfixed6x8.obj</file>
         <name>fontfixed6x8.obj</name>
      </input_file>
      <input_file id="fl-6">
         <path>.\GrLib\grlib\</path>
         <kind>object</kind>
         <file>button.obj</file>
         <name>button.obj</name>
      </input_file>
      <input_file id="fl-7">
         <path>.\GrLib\grlib\</path>
         <kind>object</kind>
         <file>checkbox.obj</file>
         <name>checkbox.obj</name>
      </input_file>
      <input_file id="fl-8">
         <path>.\GrLib\grlib\</path>
         <kind>object</kind>
         <file>circle.obj</file>
         <name>circle.obj</name>
      </input_file>
      <input_file id="fl-9">
         <path>.\GrLib\grlib\</path>
         <kind>object</kind>
         <file>context.obj</file>
         <name>context.obj</name>
      </input_file>
      <input_file id="fl-a">
         <path>.\GrLib\grlib\</path>
         <kind>object</kind>
         <file>display.obj</file>
         <name>display.obj</name>
      </input_file>
      <input_file id="fl-b">
         <path>.\GrLib\grlib\</path>
         <kind>object</kind>
         <file>image.obj</file>
         <name>image.obj</name>
      </input_file>
      <input_file id="fl-c">
         <path>.\GrLib\grlib\</path>
         <kind>object</kind>
         <file>imageButton.obj</file>
         <name>imageButton.obj</name>
      </input_file>
      <input_file id="fl-d">
         <path>.\GrLib\grlib\</path>
         <kind>object</kind>
         <file>line.obj</file>
         <name>line.obj</name>
      </input_file>
      <input_file id="fl-e">
         <path>.\GrLib\grlib\</path>
         <kind>object</kind>
         <file>radioButton.obj</file>
         <name>radioButton.obj</name>
      </input_file>
      <input_file id="fl-f">
         <path>.\GrLib\grlib\</path>
         <kind>object</kind>
         <file>rectangle.obj</file>
         <name>rectangle.obj</name>
      </input_file>
      <input_file id="fl-10">
         <path>.\GrLib\grlib\</path>
         <kind>object</kind>
         <file>string.obj</file>
         <name>string.obj</name>
      </input_file>
      <input_file id="fl-11">
         <path>.\LcdDriver\</path>
         <kind>object</kind>
         <file>Crystalfontz128x128_ST7735.obj</file>
         <name>Crystalfontz128x128_ST7735.obj</name>
      </input_file>
      <input_file id="fl-12">
         <path>.\LcdDriver\</path>
         <kind>object</kind>
         <file>HAL_MSP_EXP432P401R_Crystalfontz128x128_ST7735.obj</file>
         <name>HAL_MSP_EXP432P401R_Crystalfontz128x128_ST7735.obj</name>
      </input_file>
      <input_file id="fl-13">
         <path>.\driverlib\MSP432P4xx\</path>
         <kind>object</kind>
         <file>adc14.obj</file>
         <name>adc14.obj</name>
      </input_file>
      <input_file id="fl-14">
         <path>.\driverlib\MSP432P4xx\</path>
         <kind>object</kind>
         <file>aes256.obj</file>
         <name>aes256.obj</name>
      </input_file>
      <input_file id="fl-15">
         <path>.\driverlib\MSP432P4xx\</path>
         <kind>object</kind>
         <file>comp_e.obj</file>
         <name>comp_e.obj</name>
      </input_file>
      <input_file id="fl-16">
         <path>.\driverlib\MSP432P4xx\</path>
         <kind>object</kind>
         <file>cpu.obj</file>
         <name>cpu.obj</name>
      </input_file>
      <input_file id="fl-17">
         <path>.\driverlib\MSP432P4xx\</path>
         <kind>object</kind>
         <file>crc32.obj</file>
         <name>crc32.obj</name>
      </input_file>
      <input_file id="fl-18">
         <path>.\driverlib\MSP432P4xx\</path>
         <kind>object</kind>
         <file>cs.obj</file>
         <name>cs.obj</name>
      </input_file>
      <input_file id="fl-19">
         <path>.\driverlib\MSP432P4xx\</path>
         <kind>object</kind>
         <file>dma.obj</file>
         <name>dma.obj</name>
      </input_file>
      <input_file id="fl-1a">
         <path>.\driverlib\MSP432P4xx\</path>
         <kind>object</kind>
         <file>flash.obj</file>
         <name>flash.obj</name>
      </input_file>
      <input_file id="fl-1b">
         <path>.\driverlib\MSP432P4xx\</path>
         <kind>object</kind>
         <file>fpu.obj</file>
         <name>fpu.obj</name>
      </input_file>
      <input_file id="fl-1c">
         <path>.\driverlib\MSP432P4xx\</path>
         <kind>object</kind>
         <file>gpio.obj</file>
         <name>gpio.obj</name>
      </input_file>
      <input_file id="fl-1d">
         <path>.\driverlib\MSP432P4xx\</path>
         <kind>object</kind>
         <file>i2c.obj</file>
         <name>i2c.obj</name>
      </input_file>
      <input_file id="fl-1e">
         <path>.\driverlib\MSP432P4xx\</path>
         <kind>object</kind>
         <file>interrupt.obj</file>
         <name>interrupt.obj</name>
      </input_file>
      <input_file id="fl-1f">
         <path>.\driverlib\MSP432P4xx\</path>
         <kind>object</kind>
         <file>mpu.obj</file>
         <name>mpu.obj</name>
      </input_file>
      <input_file id="fl-20">
         <path>.\driverlib\MSP432P4xx\</path>
         <kind>object</kind>
         <file>pcm.obj</file>
         <name>pcm.obj</name>
      </input_file>
      <input_file id="fl-21">
         <path>.\driverlib\MSP432P4xx\</path>
         <kind>object</kind>
         <file>pmap.obj</file>
         <name>pmap.obj</name>
      </input_file>
      <input_file id="fl-22">
         <path>.\driverlib\MSP432P4xx\</path>
         <kind>object</kind>
         <file>pss.obj</file>
         <name>pss.obj</name>
      </input_file>
      <input_file id="fl-23">
         <path>.\driverlib\MSP432P4xx\</path>
         <kind>object</kind>
         <file>ref_a.obj</file>
         <name>ref_a.obj</name>
      </input_file>
      <input_file id="fl-24">
         <path>.\driverlib\MSP432P4xx\</path>
         <kind>object</kind>
         <file>reset.obj</file>
         <name>reset.obj</name>
      </input_file>
      <input_file id="fl-25">
         <path>.\driverlib\MSP432P4xx\</path>
         <kind>object</kind>
         <file>rtc_c.obj</file>
         <name>rtc_c.obj</name>
      </input_file>
      <input_file id="fl-26">
         <path>.\driverlib\MSP432P4xx\</path>
         <kind>object</kind>
         <file>spi.obj</file>
         <name>spi.obj</name>
      </input_file>
      <input_file id="fl-27">
         <path>.\driverlib\MSP432P4xx\</path>
         <kind>object</kind>
         <file>sysctl.obj</file>
         <name>sysctl.obj</name>
      </input_file>
      <input_file id="fl-28">
         <path>.\driverlib\MSP432P4xx\</path>
         <kind>object</kind>
         <file>systick.obj</file>
         <name>systick.obj</name>
      </input_file>
      <input_file id="fl-29">
         <path>.\driverlib\MSP432P4xx\</path>
         <kind>object</kind>
         <file>timer32.obj</file>
         <name>timer32.obj</name>
      </input_file>
      <input_file id="fl-2a">
         <path>.\driverlib\MSP432P4xx\</path>
         <kind>object</kind>
         <file>timer_a.obj</file>
         <name>timer_a.obj</name>
      </input_file>
      <input_file id="fl-2b">
         <path>.\driverlib\MSP432P4xx\</path>
         <kind>object</kind>
         <file>uart.obj</file>
         <name>uart.obj</name>
      </input_file>
      <input_file id="fl-2c">
         <path>.\driverlib\MSP432P4xx\</path>
         <kind>object</kind>
         <file>wdt_a.obj</file>
         <name>wdt_a.obj</name>
      </input_file>
      <input_file id="fl-e6">
         <path>C:\ti\ccsv6\tools\compiler\ti-cgt-arm_15.12.1.LTS\lib\</path>
         <kind>archive</kind>
         <file>rtsv7M4_T_le_v4SPD16_eabi.lib</file>
         <name>boot.obj</name>
      </input_file>
      <input_file id="fl-e7">
         <path>C:\ti\ccsv6\tools\compiler\ti-cgt-arm_15.12.1.LTS\lib\</path>
         <kind>archive</kind>
         <file>rtsv7M4_T_le_v4SPD16_eabi.lib</file>
         <name>copy_decompress_none.obj</name>
      </input_file>
      <input_file id="fl-e8">
         <path>C:\ti\ccsv6\tools\compiler\ti-cgt-arm_15.12.1.LTS\lib\</path>
         <kind>archive</kind>
         <file>rtsv7M4_T_le_v4SPD16_eabi.lib</file>
         <name>copy_decompress_rle.obj</name>
      </input_file>
      <input_file id="fl-e9">
         <path>C:\ti\ccsv6\tools\compiler\ti-cgt-arm_15.12.1.LTS\lib\</path>
         <kind>archive</kind>
         <file>rtsv7M4_T_le_v4SPD16_eabi.lib</file>
         <name>copy_zero_init.obj</name>
      </input_file>
      <input_file id="fl-ea">
         <path>C:\ti\ccsv6\tools\compiler\ti-cgt-arm_15.12.1.LTS\lib\</path>
         <kind>archive</kind>
         <file>rtsv7M4_T_le_v4SPD16_eabi.lib</file>
         <name>exit.obj</name>
      </input_file>
      <input_file id="fl-eb">
         <path>C:\ti\ccsv6\tools\compiler\ti-cgt-arm_15.12.1.LTS\lib\</path>
         <kind>archive</kind>
         <file>rtsv7M4_T_le_v4SPD16_eabi.lib</file>
         <name>memcpy_t2.obj</name>
      </input_file>
      <input_file id="fl-ec">
         <path>C:\ti\ccsv6\tools\compiler\ti-cgt-arm_15.12.1.LTS\lib\</path>
         <kind>archive</kind>
         <file>rtsv7M4_T_le_v4SPD16_eabi.lib</file>
         <name>memset_t2.obj</name>
      </input_file>
      <input_file id="fl-ed">
         <path>C:\ti\ccsv6\tools\compiler\ti-cgt-arm_15.12.1.LTS\lib\</path>
         <kind>archive</kind>
         <file>rtsv7M4_T_le_v4SPD16_eabi.lib</file>
         <name>mpu_init.obj</name>
      </input_file>
      <input_file id="fl-ee">
         <path>C:\ti\ccsv6\tools\compiler\ti-cgt-arm_15.12.1.LTS\lib\</path>
         <kind>archive</kind>
         <file>rtsv7M4_T_le_v4SPD16_eabi.lib</file>
         <name>pre_init.obj</name>
      </input_file>
      <input_file id="fl-ef">
         <path>C:\ti\ccsv6\tools\compiler\ti-cgt-arm_15.12.1.LTS\lib\</path>
         <kind>archive</kind>
         <file>rtsv7M4_T_le_v4SPD16_eabi.lib</file>
         <name>stkdepth_vars.obj</name>
      </input_file>
      <input_file id="fl-f0">
         <path>C:\ti\ccsv6\tools\compiler\ti-cgt-arm_15.12.1.LTS\lib\</path>
         <kind>archive</kind>
         <file>rtsv7M4_T_le_v4SPD16_eabi.lib</file>
         <name>_lock.obj</name>
      </input_file>
      <input_file id="fl-f1">
         <path>C:\ti\ccsv6\tools\compiler\ti-cgt-arm_15.12.1.LTS\lib\</path>
         <kind>archive</kind>
         <file>rtsv7M4_T_le_v4SPD16_eabi.lib</file>
         <name>args_main.obj</name>
      </input_file>
      <input_file id="fl-f2">
         <path>C:\ti\ccsv6\tools\compiler\ti-cgt-arm_15.12.1.LTS\lib\</path>
         <kind>archive</kind>
         <file>rtsv7M4_T_le_v4SPD16_eabi.lib</file>
         <name>autoinit.obj</name>
      </input_file>
      <input_file id="fl-f3">
         <path>C:\ti\ccsv6\tools\compiler\ti-cgt-arm_15.12.1.LTS\lib\</path>
         <kind>archive</kind>
         <file>rtsv7M4_T_le_v4SPD16_eabi.lib</file>
         <name>cpy_tbl.obj</name>
      </input_file>
      <input_file id="fl-f4">
         <path>C:\ti\ccsv6\tools\compiler\ti-cgt-arm_15.12.1.LTS\lib\</path>
         <kind>archive</kind>
         <file>rtsv7M4_T_le_v4SPD16_eabi.lib</file>
         <name>startup.obj</name>
      </input_file>
   </input_file_list>
   <object_component_list>
      <object_component id="oc-2a">
         <name>.intvecs:retain</name>
         <load_address>0x0</load_address>
         <run_address>0x0</run_address>
         <size>0x140</size>
         <input_file_ref idref="fl-3"/>
      </object_component>
      <object_component id="oc-153">
         <name>.text</name>
         <load_address>0x140</load_address>
         <run_address>0x140</run_address>
         <size>0x8a4</size>
         <input_file_ref idref="fl-26"/>
      </object_component>
      <object_component id="oc-c0">
         <name>.text</name>
         <load_address>0x9e4</load_address>
         <run_address>0x9e4</run_address>
         <size>0x678</size>
         <input_file_ref idref="fl-11"/>
      </object_component>
      <object_component id="oc-10e">
         <name>.text</name>
         <load_address>0x105c</load_address>
         <run_address>0x105c</run_address>
         <size>0x480</size>
         <input_file_ref idref="fl-1c"/>
      </object_component>
      <object_component id="oc-165">
         <name>.text</name>
         <load_address>0x14dc</load_address>
         <run_address>0x14dc</run_address>
         <size>0x3f0</size>
         <input_file_ref idref="fl-1e"/>
      </object_component>
      <object_component id="oc-b9">
         <name>.text</name>
         <load_address>0x18cc</load_address>
         <run_address>0x18cc</run_address>
         <size>0x328</size>
         <input_file_ref idref="fl-4"/>
      </object_component>
      <object_component id="oc-c6">
         <name>.text</name>
         <load_address>0x1bf4</load_address>
         <run_address>0x1bf4</run_address>
         <size>0x266</size>
         <input_file_ref idref="fl-9"/>
      </object_component>
      <object_component id="oc-53">
         <name>.text</name>
         <load_address>0x1e5a</load_address>
         <run_address>0x1e5a</run_address>
         <size>0x2</size>
         <input_file_ref idref="fl-ed"/>
      </object_component>
      <object_component id="oc-7b">
         <name>.text</name>
         <load_address>0x1e5c</load_address>
         <run_address>0x1e5c</run_address>
         <size>0x210</size>
         <input_file_ref idref="fl-2"/>
      </object_component>
      <object_component id="oc-126">
         <name>.text</name>
         <load_address>0x206c</load_address>
         <run_address>0x206c</run_address>
         <size>0x134</size>
         <input_file_ref idref="fl-a"/>
      </object_component>
      <object_component id="oc-108">
         <name>.text</name>
         <load_address>0x21a0</load_address>
         <run_address>0x21a0</run_address>
         <size>0xbc</size>
         <input_file_ref idref="fl-12"/>
      </object_component>
      <object_component id="oc-2e">
         <name>.text</name>
         <load_address>0x225c</load_address>
         <run_address>0x225c</run_address>
         <size>0x9c</size>
         <input_file_ref idref="fl-eb"/>
      </object_component>
      <object_component id="oc-47">
         <name>.text</name>
         <load_address>0x22f8</load_address>
         <run_address>0x22f8</run_address>
         <size>0x7a</size>
         <input_file_ref idref="fl-ec"/>
      </object_component>
      <object_component id="oc-a4">
         <name>.text</name>
         <load_address>0x2372</load_address>
         <run_address>0x2372</run_address>
         <size>0x2</size>
         <input_file_ref idref="fl-f4"/>
      </object_component>
      <object_component id="oc-5f">
         <name>.text</name>
         <load_address>0x2374</load_address>
         <run_address>0x2374</run_address>
         <size>0x70</size>
         <input_file_ref idref="fl-f2"/>
      </object_component>
      <object_component id="oc-3a">
         <name>.text</name>
         <load_address>0x23e4</load_address>
         <run_address>0x23e4</run_address>
         <size>0x6a</size>
         <input_file_ref idref="fl-e8"/>
      </object_component>
      <object_component id="oc-24">
         <name>.text</name>
         <load_address>0x2450</load_address>
         <run_address>0x2450</run_address>
         <size>0x54</size>
         <input_file_ref idref="fl-e6"/>
      </object_component>
      <object_component id="oc-6b">
         <name>.text</name>
         <load_address>0x24a4</load_address>
         <run_address>0x24a4</run_address>
         <size>0x54</size>
         <input_file_ref idref="fl-ea"/>
      </object_component>
      <object_component id="oc-9e">
         <name>.text</name>
         <load_address>0x24f8</load_address>
         <run_address>0x24f8</run_address>
         <size>0x4c</size>
         <input_file_ref idref="fl-f3"/>
      </object_component>
      <object_component id="oc-188">
         <name>.text</name>
         <load_address>0x2544</load_address>
         <run_address>0x2544</run_address>
         <size>0x3e</size>
         <input_file_ref idref="fl-16"/>
      </object_component>
      <object_component id="oc-65">
         <name>.text</name>
         <load_address>0x2584</load_address>
         <run_address>0x2584</run_address>
         <size>0x18</size>
         <input_file_ref idref="fl-f1"/>
      </object_component>
      <object_component id="oc-f8">
         <name>.text</name>
         <load_address>0x259c</load_address>
         <run_address>0x259c</run_address>
         <size>0x14</size>
         <input_file_ref idref="fl-f0"/>
      </object_component>
      <object_component id="oc-75">
         <name>.text</name>
         <load_address>0x25b0</load_address>
         <run_address>0x25b0</run_address>
         <size>0x12</size>
         <input_file_ref idref="fl-3"/>
      </object_component>
      <object_component id="oc-12">
         <name>.text:decompress:none</name>
         <load_address>0x25c2</load_address>
         <run_address>0x25c2</run_address>
         <size>0xe</size>
         <input_file_ref idref="fl-e7"/>
      </object_component>
      <object_component id="oc-18">
         <name>.text:decompress:rle24</name>
         <load_address>0x25d0</load_address>
         <run_address>0x25d0</run_address>
         <size>0x6</size>
         <input_file_ref idref="fl-e8"/>
      </object_component>
      <object_component id="oc-59">
         <name>.text</name>
         <load_address>0x25d6</load_address>
         <run_address>0x25d6</run_address>
         <size>0x4</size>
         <input_file_ref idref="fl-ee"/>
      </object_component>
      <object_component id="oc-141">
         <name>.const:.string:g_pucFontFixed6x8Data</name>
         <load_address>0x25dc</load_address>
         <run_address>0x25dc</run_address>
         <size>0x2f8</size>
         <input_file_ref idref="fl-5"/>
      </object_component>
      <object_component id="oc-d2">
         <name>.const:g_sFontFixed6x8</name>
         <load_address>0x28d4</load_address>
         <run_address>0x28d4</run_address>
         <size>0xc8</size>
         <input_file_ref idref="fl-5"/>
      </object_component>
      <object_component id="oc-194">
         <name>.const:g_pulRegs</name>
         <load_address>0x299c</load_address>
         <run_address>0x299c</run_address>
         <size>0x50</size>
         <input_file_ref idref="fl-1e"/>
      </object_component>
      <object_component id="oc-cf">
         <name>.const:g_sCrystalfontz128x128</name>
         <load_address>0x29ec</load_address>
         <run_address>0x29ec</run_address>
         <size>0x2c</size>
         <input_file_ref idref="fl-11"/>
      </object_component>
      <object_component id="oc-191">
         <name>.const:g_pulPriority</name>
         <load_address>0x2a18</load_address>
         <run_address>0x2a18</run_address>
         <size>0x20</size>
         <input_file_ref idref="fl-1e"/>
      </object_component>
      <object_component id="oc-159">
         <name>.const:$P$T0$1</name>
         <load_address>0x2a38</load_address>
         <run_address>0x2a38</run_address>
         <size>0x1c</size>
         <input_file_ref idref="fl-12"/>
      </object_component>
      <object_component id="oc-16b">
         <name>.const:GPIO_PORT_TO_INT</name>
         <load_address>0x2a54</load_address>
         <run_address>0x2a54</run_address>
         <size>0x1c</size>
         <input_file_ref idref="fl-1c"/>
      </object_component>
      <object_component id="oc-11d">
         <name>.const:$P$T0$1</name>
         <load_address>0x2a70</load_address>
         <run_address>0x2a70</run_address>
         <size>0x8</size>
         <input_file_ref idref="fl-11"/>
      </object_component>
      <object_component id="oc-19a">
         <name>.const:g_pulDisRegs</name>
         <load_address>0x2a78</load_address>
         <run_address>0x2a78</run_address>
         <size>0x8</size>
         <input_file_ref idref="fl-1e"/>
      </object_component>
      <object_component id="oc-197">
         <name>.const:g_pulEnRegs</name>
         <load_address>0x2a80</load_address>
         <run_address>0x2a80</run_address>
         <size>0x8</size>
         <input_file_ref idref="fl-1e"/>
      </object_component>
      <object_component id="oc-19d">
         <name>.const:g_pulPendRegs</name>
         <load_address>0x2a88</load_address>
         <run_address>0x2a88</run_address>
         <size>0x8</size>
         <input_file_ref idref="fl-1e"/>
      </object_component>
      <object_component id="oc-1a0">
         <name>.const:g_pulUnpendRegs</name>
         <load_address>0x2a90</load_address>
         <run_address>0x2a90</run_address>
         <size>0x8</size>
         <input_file_ref idref="fl-1e"/>
      </object_component>
      <object_component id="oc-1e6">
         <name>.cinit..data.load</name>
         <load_address>0x2a98</load_address>
         <run_address>0x2a98</run_address>
         <size>0x48</size>
      </object_component>
      <object_component id="oc-1e7">
         <name>.cinit..bss.load</name>
         <load_address>0x2ae0</load_address>
         <run_address>0x2ae0</run_address>
         <size>0x9</size>
      </object_component>
      <object_component id="oc-1e5">
         <name>.cinit..vtable.load</name>
         <load_address>0x2af0</load_address>
         <run_address>0x2af0</run_address>
         <size>0x9</size>
      </object_component>
      <object_component id="oc-1e3">
         <name>__TI_handler_table</name>
         <load_address>0x2afc</load_address>
         <run_address>0x2afc</run_address>
         <size>0x8</size>
      </object_component>
      <object_component id="oc-1e4">
         <name>__TI_cinit_table</name>
         <load_address>0x2b04</load_address>
         <run_address>0x2b04</run_address>
         <size>0x18</size>
      </object_component>
      <object_component id="oc-1c2">
         <name>.binit</name>
         <load_address>0x0</load_address>
         <run_address>0x0</run_address>
         <size>0x0</size>
      </object_component>
      <object_component id="oc-18e">
         <name>.vtable</name>
         <uninitialized>true</uninitialized>
         <run_address>0x20000000</run_address>
         <size>0xe4</size>
         <input_file_ref idref="fl-1e"/>
      </object_component>
      <object_component id="oc-104">
         <name>.data</name>
         <load_address>0x2000012c</load_address>
         <run_address>0x2000012c</run_address>
         <size>0x4</size>
         <input_file_ref idref="fl-4"/>
      </object_component>
      <object_component id="oc-162">
         <name>.data:GPIO_PORT_TO_BASE</name>
         <load_address>0x200000e4</load_address>
         <run_address>0x200000e4</run_address>
         <size>0x30</size>
         <input_file_ref idref="fl-1c"/>
      </object_component>
      <object_component id="oc-ae">
         <name>.data:$O1$$</name>
         <load_address>0x20000114</load_address>
         <run_address>0x20000114</run_address>
         <size>0xc</size>
         <input_file_ref idref="fl-ea"/>
      </object_component>
      <object_component id="oc-71">
         <name>.data</name>
         <load_address>0x20000128</load_address>
         <run_address>0x20000128</run_address>
         <size>0x4</size>
         <input_file_ref idref="fl-ef"/>
      </object_component>
      <object_component id="oc-b1">
         <name>.data:$O1$$</name>
         <load_address>0x20000120</load_address>
         <run_address>0x20000120</run_address>
         <size>0x8</size>
         <input_file_ref idref="fl-f0"/>
      </object_component>
      <object_component id="oc-cc">
         <name>.common:g_sContext</name>
         <uninitialized>true</uninitialized>
         <run_address>0x20000130</run_address>
         <size>0x1c</size>
      </object_component>
      <object_component id="oc-d6">
         <name>.common:g_sUp</name>
         <uninitialized>true</uninitialized>
         <run_address>0x20000154</run_address>
         <size>0x8</size>
      </object_component>
      <object_component id="oc-d5">
         <name>.common:g_sDown</name>
         <uninitialized>true</uninitialized>
         <run_address>0x2000014c</run_address>
         <size>0x8</size>
      </object_component>
      <object_component id="oc-d7">
         <name>.common:interrupt_count</name>
         <uninitialized>true</uninitialized>
         <run_address>0x20000162</run_address>
         <size>0x2</size>
      </object_component>
      <object_component id="oc-11c">
         <name>.common:Lcd_Orientation</name>
         <uninitialized>true</uninitialized>
         <run_address>0x20000166</run_address>
         <size>0x1</size>
      </object_component>
      <object_component id="oc-114">
         <name>.common:Lcd_ScreenWidth</name>
         <uninitialized>true</uninitialized>
         <run_address>0x2000015e</run_address>
         <size>0x2</size>
      </object_component>
      <object_component id="oc-117">
         <name>.common:Lcd_ScreenHeigth</name>
         <uninitialized>true</uninitialized>
         <run_address>0x2000015c</run_address>
         <size>0x2</size>
      </object_component>
      <object_component id="oc-118">
         <name>.common:Lcd_PenSolid</name>
         <uninitialized>true</uninitialized>
         <run_address>0x20000167</run_address>
         <size>0x1</size>
      </object_component>
      <object_component id="oc-119">
         <name>.common:Lcd_FontSolid</name>
         <uninitialized>true</uninitialized>
         <run_address>0x20000165</run_address>
         <size>0x1</size>
      </object_component>
      <object_component id="oc-11a">
         <name>.common:Lcd_FlagRead</name>
         <uninitialized>true</uninitialized>
         <run_address>0x20000164</run_address>
         <size>0x1</size>
      </object_component>
      <object_component id="oc-11b">
         <name>.common:Lcd_TouchTrim</name>
         <uninitialized>true</uninitialized>
         <run_address>0x20000160</run_address>
         <size>0x2</size>
      </object_component>
      <object_component id="oc-2d">
         <name>.stack</name>
         <uninitialized>true</uninitialized>
         <run_address>0x2000fe00</run_address>
         <size>0x0</size>
         <input_file_ref idref="fl-e6"/>
      </object_component>
      <object_component id="oc-1e8">
         <name>.stack</name>
         <uninitialized>true</uninitialized>
         <run_address>0x2000fe00</run_address>
         <size>0x0</size>
      </object_component>
      <object_component id="oc-cd">
         <name>.debug_info</name>
         <load_address>0x0</load_address>
         <run_address>0x0</run_address>
         <size>0x7de</size>
         <input_file_ref idref="fl-2"/>
      </object_component>
      <object_component id="oc-7d">
         <name>.debug_info</name>
         <load_address>0x7de</load_address>
         <run_address>0x7de</run_address>
         <size>0x2df</size>
         <input_file_ref idref="fl-2"/>
      </object_component>
      <object_component id="oc-135">
         <name>.debug_info</name>
         <load_address>0xabd</load_address>
         <run_address>0xabd</run_address>
         <size>0x103e</size>
         <input_file_ref idref="fl-2"/>
      </object_component>
      <object_component id="oc-130">
         <name>.debug_info</name>
         <load_address>0x1afb</load_address>
         <run_address>0x1afb</run_address>
         <size>0x36f2</size>
         <input_file_ref idref="fl-2"/>
      </object_component>
      <object_component id="oc-121">
         <name>.debug_info</name>
         <load_address>0x51ed</load_address>
         <run_address>0x51ed</run_address>
         <size>0x40a</size>
         <input_file_ref idref="fl-2"/>
      </object_component>
      <object_component id="oc-13a">
         <name>.debug_info</name>
         <load_address>0x55f7</load_address>
         <run_address>0x55f7</run_address>
         <size>0x8b</size>
         <input_file_ref idref="fl-2"/>
      </object_component>
      <object_component id="oc-d9">
         <name>.debug_info</name>
         <load_address>0x5682</load_address>
         <run_address>0x5682</run_address>
         <size>0x18b</size>
         <input_file_ref idref="fl-2"/>
      </object_component>
      <object_component id="oc-15d">
         <name>.debug_info</name>
         <load_address>0x580d</load_address>
         <run_address>0x580d</run_address>
         <size>0x131</size>
         <input_file_ref idref="fl-2"/>
      </object_component>
      <object_component id="oc-83">
         <name>.debug_info</name>
         <load_address>0x593e</load_address>
         <run_address>0x593e</run_address>
         <size>0x159</size>
         <input_file_ref idref="fl-3"/>
      </object_component>
      <object_component id="oc-2b">
         <name>.debug_info</name>
         <load_address>0x5a97</load_address>
         <run_address>0x5a97</run_address>
         <size>0x108</size>
         <input_file_ref idref="fl-3"/>
      </object_component>
      <object_component id="oc-76">
         <name>.debug_info</name>
         <load_address>0x5b9f</load_address>
         <run_address>0x5b9f</run_address>
         <size>0x26f</size>
         <input_file_ref idref="fl-3"/>
      </object_component>
      <object_component id="oc-8c">
         <name>.debug_info</name>
         <load_address>0x5e0e</load_address>
         <run_address>0x5e0e</run_address>
         <size>0x84</size>
         <input_file_ref idref="fl-3"/>
      </object_component>
      <object_component id="oc-105">
         <name>.debug_info</name>
         <load_address>0x5e92</load_address>
         <run_address>0x5e92</run_address>
         <size>0x101</size>
         <input_file_ref idref="fl-4"/>
      </object_component>
      <object_component id="oc-ba">
         <name>.debug_info</name>
         <load_address>0x5f93</load_address>
         <run_address>0x5f93</run_address>
         <size>0x273</size>
         <input_file_ref idref="fl-4"/>
      </object_component>
      <object_component id="oc-146">
         <name>.debug_info</name>
         <load_address>0x6206</load_address>
         <run_address>0x6206</run_address>
         <size>0x21a</size>
         <input_file_ref idref="fl-5"/>
      </object_component>
      <object_component id="oc-142">
         <name>.debug_info</name>
         <load_address>0x6420</load_address>
         <run_address>0x6420</run_address>
         <size>0x112</size>
         <input_file_ref idref="fl-5"/>
      </object_component>
      <object_component id="oc-d3">
         <name>.debug_info</name>
         <load_address>0x6532</load_address>
         <run_address>0x6532</run_address>
         <size>0x107</size>
         <input_file_ref idref="fl-5"/>
      </object_component>
      <object_component id="oc-12d">
         <name>.debug_info</name>
         <load_address>0x6639</load_address>
         <run_address>0x6639</run_address>
         <size>0x365</size>
         <input_file_ref idref="fl-9"/>
      </object_component>
      <object_component id="oc-ca">
         <name>.debug_info</name>
         <load_address>0x699e</load_address>
         <run_address>0x699e</run_address>
         <size>0xf32</size>
         <input_file_ref idref="fl-9"/>
      </object_component>
      <object_component id="oc-17a">
         <name>.debug_info</name>
         <load_address>0x78d0</load_address>
         <run_address>0x78d0</run_address>
         <size>0x205</size>
         <input_file_ref idref="fl-a"/>
      </object_component>
      <object_component id="oc-128">
         <name>.debug_info</name>
         <load_address>0x7ad5</load_address>
         <run_address>0x7ad5</run_address>
         <size>0x94f</size>
         <input_file_ref idref="fl-a"/>
      </object_component>
      <object_component id="oc-115">
         <name>.debug_info</name>
         <load_address>0x8424</load_address>
         <run_address>0x8424</run_address>
         <size>0x795</size>
         <input_file_ref idref="fl-11"/>
      </object_component>
      <object_component id="oc-d0">
         <name>.debug_info</name>
         <load_address>0x8bb9</load_address>
         <run_address>0x8bb9</run_address>
         <size>0x122</size>
         <input_file_ref idref="fl-11"/>
      </object_component>
      <object_component id="oc-11e">
         <name>.debug_info</name>
         <load_address>0x8cdb</load_address>
         <run_address>0x8cdb</run_address>
         <size>0x103</size>
         <input_file_ref idref="fl-11"/>
      </object_component>
      <object_component id="oc-c1">
         <name>.debug_info</name>
         <load_address>0x8dde</load_address>
         <run_address>0x8dde</run_address>
         <size>0x15c3</size>
         <input_file_ref idref="fl-11"/>
      </object_component>
      <object_component id="oc-172">
         <name>.debug_info</name>
         <load_address>0xa3a1</load_address>
         <run_address>0xa3a1</run_address>
         <size>0x36f2</size>
         <input_file_ref idref="fl-11"/>
      </object_component>
      <object_component id="oc-185">
         <name>.debug_info</name>
         <load_address>0xda93</load_address>
         <run_address>0xda93</run_address>
         <size>0x6b0</size>
         <input_file_ref idref="fl-12"/>
      </object_component>
      <object_component id="oc-15a">
         <name>.debug_info</name>
         <load_address>0xe143</load_address>
         <run_address>0xe143</run_address>
         <size>0x116</size>
         <input_file_ref idref="fl-12"/>
      </object_component>
      <object_component id="oc-10a">
         <name>.debug_info</name>
         <load_address>0xe259</load_address>
         <run_address>0xe259</run_address>
         <size>0x5b0</size>
         <input_file_ref idref="fl-12"/>
      </object_component>
      <object_component id="oc-189">
         <name>.debug_info</name>
         <load_address>0xe809</load_address>
         <run_address>0xe809</run_address>
         <size>0x3d7</size>
         <input_file_ref idref="fl-16"/>
      </object_component>
      <object_component id="oc-16f">
         <name>.debug_info</name>
         <load_address>0xebe0</load_address>
         <run_address>0xebe0</run_address>
         <size>0x4f3</size>
         <input_file_ref idref="fl-1c"/>
      </object_component>
      <object_component id="oc-16c">
         <name>.debug_info</name>
         <load_address>0xf0d3</load_address>
         <run_address>0xf0d3</run_address>
         <size>0x109</size>
         <input_file_ref idref="fl-1c"/>
      </object_component>
      <object_component id="oc-163">
         <name>.debug_info</name>
         <load_address>0xf1dc</load_address>
         <run_address>0xf1dc</run_address>
         <size>0x10b</size>
         <input_file_ref idref="fl-1c"/>
      </object_component>
      <object_component id="oc-10f">
         <name>.debug_info</name>
         <load_address>0xf2e7</load_address>
         <run_address>0xf2e7</run_address>
         <size>0x1a0c</size>
         <input_file_ref idref="fl-1c"/>
      </object_component>
      <object_component id="oc-1a4">
         <name>.debug_info</name>
         <load_address>0x10cf3</load_address>
         <run_address>0x10cf3</run_address>
         <size>0x481</size>
         <input_file_ref idref="fl-1e"/>
      </object_component>
      <object_component id="oc-192">
         <name>.debug_info</name>
         <load_address>0x11174</load_address>
         <run_address>0x11174</run_address>
         <size>0x108</size>
         <input_file_ref idref="fl-1e"/>
      </object_component>
      <object_component id="oc-195">
         <name>.debug_info</name>
         <load_address>0x1127c</load_address>
         <run_address>0x1127c</run_address>
         <size>0x100</size>
         <input_file_ref idref="fl-1e"/>
      </object_component>
      <object_component id="oc-198">
         <name>.debug_info</name>
         <load_address>0x1137c</load_address>
         <run_address>0x1137c</run_address>
         <size>0x104</size>
         <input_file_ref idref="fl-1e"/>
      </object_component>
      <object_component id="oc-19b">
         <name>.debug_info</name>
         <load_address>0x11480</load_address>
         <run_address>0x11480</run_address>
         <size>0x106</size>
         <input_file_ref idref="fl-1e"/>
      </object_component>
      <object_component id="oc-19e">
         <name>.debug_info</name>
         <load_address>0x11586</load_address>
         <run_address>0x11586</run_address>
         <size>0x108</size>
         <input_file_ref idref="fl-1e"/>
      </object_component>
      <object_component id="oc-1a1">
         <name>.debug_info</name>
         <load_address>0x1168e</load_address>
         <run_address>0x1168e</run_address>
         <size>0x10c</size>
         <input_file_ref idref="fl-1e"/>
      </object_component>
      <object_component id="oc-18f">
         <name>.debug_info</name>
         <load_address>0x1179a</load_address>
         <run_address>0x1179a</run_address>
         <size>0x10d</size>
         <input_file_ref idref="fl-1e"/>
      </object_component>
      <object_component id="oc-166">
         <name>.debug_info</name>
         <load_address>0x118a7</load_address>
         <run_address>0x118a7</run_address>
         <size>0x11b0</size>
         <input_file_ref idref="fl-1e"/>
      </object_component>
      <object_component id="oc-182">
         <name>.debug_info</name>
         <load_address>0x12a57</load_address>
         <run_address>0x12a57</run_address>
         <size>0x4e7</size>
         <input_file_ref idref="fl-26"/>
      </object_component>
      <object_component id="oc-156">
         <name>.debug_info</name>
         <load_address>0x12f3e</load_address>
         <run_address>0x12f3e</run_address>
         <size>0x3d78</size>
         <input_file_ref idref="fl-26"/>
      </object_component>
      <object_component id="oc-25">
         <name>.debug_info</name>
         <load_address>0x16cb6</load_address>
         <run_address>0x16cb6</run_address>
         <size>0x17c</size>
         <input_file_ref idref="fl-e6"/>
      </object_component>
      <object_component id="oc-39">
         <name>.debug_info</name>
         <load_address>0x16e32</load_address>
         <run_address>0x16e32</run_address>
         <size>0x15c</size>
         <input_file_ref idref="fl-e7"/>
      </object_component>
      <object_component id="oc-16">
         <name>.debug_info</name>
         <load_address>0x16f8e</load_address>
         <run_address>0x16f8e</run_address>
         <size>0x1fb</size>
         <input_file_ref idref="fl-e7"/>
      </object_component>
      <object_component id="oc-34">
         <name>.debug_info</name>
         <load_address>0x17189</load_address>
         <run_address>0x17189</run_address>
         <size>0x46</size>
         <input_file_ref idref="fl-e7"/>
      </object_component>
      <object_component id="oc-85">
         <name>.debug_info</name>
         <load_address>0x171cf</load_address>
         <run_address>0x171cf</run_address>
         <size>0x2c</size>
         <input_file_ref idref="fl-e7"/>
      </object_component>
      <object_component id="oc-41">
         <name>.debug_info</name>
         <load_address>0x171fb</load_address>
         <run_address>0x171fb</run_address>
         <size>0x150</size>
         <input_file_ref idref="fl-e8"/>
      </object_component>
      <object_component id="oc-3d">
         <name>.debug_info</name>
         <load_address>0x1734b</load_address>
         <run_address>0x1734b</run_address>
         <size>0x263</size>
         <input_file_ref idref="fl-e8"/>
      </object_component>
      <object_component id="oc-1b">
         <name>.debug_info</name>
         <load_address>0x175ae</load_address>
         <run_address>0x175ae</run_address>
         <size>0x1cd</size>
         <input_file_ref idref="fl-e8"/>
      </object_component>
      <object_component id="oc-42">
         <name>.debug_info</name>
         <load_address>0x1777b</load_address>
         <run_address>0x1777b</run_address>
         <size>0x39</size>
         <input_file_ref idref="fl-e8"/>
      </object_component>
      <object_component id="oc-94">
         <name>.debug_info</name>
         <load_address>0x177b4</load_address>
         <run_address>0x177b4</run_address>
         <size>0x2c</size>
         <input_file_ref idref="fl-e8"/>
      </object_component>
      <object_component id="oc-b5">
         <name>.debug_info</name>
         <load_address>0x177e0</load_address>
         <run_address>0x177e0</run_address>
         <size>0x250</size>
         <input_file_ref idref="fl-ea"/>
      </object_component>
      <object_component id="oc-af">
         <name>.debug_info</name>
         <load_address>0x17a30</load_address>
         <run_address>0x17a30</run_address>
         <size>0x1a1</size>
         <input_file_ref idref="fl-ea"/>
      </object_component>
      <object_component id="oc-6c">
         <name>.debug_info</name>
         <load_address>0x17bd1</load_address>
         <run_address>0x17bd1</run_address>
         <size>0x230</size>
         <input_file_ref idref="fl-ea"/>
      </object_component>
      <object_component id="oc-2f">
         <name>.debug_info</name>
         <load_address>0x17e01</load_address>
         <run_address>0x17e01</run_address>
         <size>0x12d</size>
         <input_file_ref idref="fl-eb"/>
      </object_component>
      <object_component id="oc-48">
         <name>.debug_info</name>
         <load_address>0x17f2e</load_address>
         <run_address>0x17f2e</run_address>
         <size>0x15b</size>
         <input_file_ref idref="fl-ec"/>
      </object_component>
      <object_component id="oc-54">
         <name>.debug_info</name>
         <load_address>0x18089</load_address>
         <run_address>0x18089</run_address>
         <size>0x154</size>
         <input_file_ref idref="fl-ed"/>
      </object_component>
      <object_component id="oc-5c">
         <name>.debug_info</name>
         <load_address>0x181dd</load_address>
         <run_address>0x181dd</run_address>
         <size>0x164</size>
         <input_file_ref idref="fl-ee"/>
      </object_component>
      <object_component id="oc-72">
         <name>.debug_info</name>
         <load_address>0x18341</load_address>
         <run_address>0x18341</run_address>
         <size>0x125</size>
         <input_file_ref idref="fl-ef"/>
      </object_component>
      <object_component id="oc-100">
         <name>.debug_info</name>
         <load_address>0x18466</load_address>
         <run_address>0x18466</run_address>
         <size>0x140</size>
         <input_file_ref idref="fl-f0"/>
      </object_component>
      <object_component id="oc-b2">
         <name>.debug_info</name>
         <load_address>0x185a6</load_address>
         <run_address>0x185a6</run_address>
         <size>0x12f</size>
         <input_file_ref idref="fl-f0"/>
      </object_component>
      <object_component id="oc-f9">
         <name>.debug_info</name>
         <load_address>0x186d5</load_address>
         <run_address>0x186d5</run_address>
         <size>0x23b</size>
         <input_file_ref idref="fl-f0"/>
      </object_component>
      <object_component id="oc-ad">
         <name>.debug_info</name>
         <load_address>0x18910</load_address>
         <run_address>0x18910</run_address>
         <size>0x182</size>
         <input_file_ref idref="fl-f1"/>
      </object_component>
      <object_component id="oc-66">
         <name>.debug_info</name>
         <load_address>0x18a92</load_address>
         <run_address>0x18a92</run_address>
         <size>0x183</size>
         <input_file_ref idref="fl-f1"/>
      </object_component>
      <object_component id="oc-f1">
         <name>.debug_info</name>
         <load_address>0x18c15</load_address>
         <run_address>0x18c15</run_address>
         <size>0x5e</size>
         <input_file_ref idref="fl-f1"/>
      </object_component>
      <object_component id="oc-ab">
         <name>.debug_info</name>
         <load_address>0x18c73</load_address>
         <run_address>0x18c73</run_address>
         <size>0x305</size>
         <input_file_ref idref="fl-f2"/>
      </object_component>
      <object_component id="oc-60">
         <name>.debug_info</name>
         <load_address>0x18f78</load_address>
         <run_address>0x18f78</run_address>
         <size>0x1ac</size>
         <input_file_ref idref="fl-f2"/>
      </object_component>
      <object_component id="oc-e5">
         <name>.debug_info</name>
         <load_address>0x19124</load_address>
         <run_address>0x19124</run_address>
         <size>0x39</size>
         <input_file_ref idref="fl-f2"/>
      </object_component>
      <object_component id="oc-ea">
         <name>.debug_info</name>
         <load_address>0x1915d</load_address>
         <run_address>0x1915d</run_address>
         <size>0xcd</size>
         <input_file_ref idref="fl-f2"/>
      </object_component>
      <object_component id="oc-e1">
         <name>.debug_info</name>
         <load_address>0x1922a</load_address>
         <run_address>0x1922a</run_address>
         <size>0x1fc</size>
         <input_file_ref idref="fl-f3"/>
      </object_component>
      <object_component id="oc-9f">
         <name>.debug_info</name>
         <load_address>0x19426</load_address>
         <run_address>0x19426</run_address>
         <size>0x19f</size>
         <input_file_ref idref="fl-f3"/>
      </object_component>
      <object_component id="oc-149">
         <name>.debug_info</name>
         <load_address>0x195c5</load_address>
         <run_address>0x195c5</run_address>
         <size>0x2c</size>
         <input_file_ref idref="fl-f3"/>
      </object_component>
      <object_component id="oc-a5">
         <name>.debug_info</name>
         <load_address>0x195f1</load_address>
         <run_address>0x195f1</run_address>
         <size>0x161</size>
         <input_file_ref idref="fl-f4"/>
      </object_component>
      <object_component id="oc-1e9">
         <name>.debug_info</name>
         <load_address>0x19752</load_address>
         <run_address>0x19752</run_address>
         <size>0xb7</size>
      </object_component>
      <object_component id="oc-12f">
         <name>.debug_line</name>
         <load_address>0x0</load_address>
         <run_address>0x0</run_address>
         <size>0xf2</size>
         <input_file_ref idref="fl-2"/>
      </object_component>
      <object_component id="oc-7c">
         <name>.debug_line</name>
         <load_address>0xf2</load_address>
         <run_address>0xf2</run_address>
         <size>0x94</size>
         <input_file_ref idref="fl-2"/>
      </object_component>
      <object_component id="oc-138">
         <name>.debug_line</name>
         <load_address>0x186</load_address>
         <run_address>0x186</run_address>
         <size>0x55</size>
         <input_file_ref idref="fl-2"/>
      </object_component>
      <object_component id="oc-133">
         <name>.debug_line</name>
         <load_address>0x1db</load_address>
         <run_address>0x1db</run_address>
         <size>0x52</size>
         <input_file_ref idref="fl-2"/>
      </object_component>
      <object_component id="oc-124">
         <name>.debug_line</name>
         <load_address>0x22d</load_address>
         <run_address>0x22d</run_address>
         <size>0x79</size>
         <input_file_ref idref="fl-2"/>
      </object_component>
      <object_component id="oc-13d">
         <name>.debug_line</name>
         <load_address>0x2a6</load_address>
         <run_address>0x2a6</run_address>
         <size>0x20</size>
         <input_file_ref idref="fl-2"/>
      </object_component>
      <object_component id="oc-dc">
         <name>.debug_line</name>
         <load_address>0x2c6</load_address>
         <run_address>0x2c6</run_address>
         <size>0x66</size>
         <input_file_ref idref="fl-2"/>
      </object_component>
      <object_component id="oc-160">
         <name>.debug_line</name>
         <load_address>0x32c</load_address>
         <run_address>0x32c</run_address>
         <size>0x80</size>
         <input_file_ref idref="fl-2"/>
      </object_component>
      <object_component id="oc-df">
         <name>.debug_line</name>
         <load_address>0x3ac</load_address>
         <run_address>0x3ac</run_address>
         <size>0x40</size>
         <input_file_ref idref="fl-3"/>
      </object_component>
      <object_component id="oc-82">
         <name>.debug_line</name>
         <load_address>0x3ec</load_address>
         <run_address>0x3ec</run_address>
         <size>0x40</size>
         <input_file_ref idref="fl-3"/>
      </object_component>
      <object_component id="oc-79">
         <name>.debug_line</name>
         <load_address>0x42c</load_address>
         <run_address>0x42c</run_address>
         <size>0xa1</size>
         <input_file_ref idref="fl-3"/>
      </object_component>
      <object_component id="oc-8f">
         <name>.debug_line</name>
         <load_address>0x4cd</load_address>
         <run_address>0x4cd</run_address>
         <size>0x20</size>
         <input_file_ref idref="fl-3"/>
      </object_component>
      <object_component id="oc-152">
         <name>.debug_line</name>
         <load_address>0x4ed</load_address>
         <run_address>0x4ed</run_address>
         <size>0x3b</size>
         <input_file_ref idref="fl-4"/>
      </object_component>
      <object_component id="oc-be">
         <name>.debug_line</name>
         <load_address>0x528</load_address>
         <run_address>0x528</run_address>
         <size>0x146</size>
         <input_file_ref idref="fl-4"/>
      </object_component>
      <object_component id="oc-180">
         <name>.debug_line</name>
         <load_address>0x66e</load_address>
         <run_address>0x66e</run_address>
         <size>0x20</size>
         <input_file_ref idref="fl-5"/>
      </object_component>
      <object_component id="oc-17e">
         <name>.debug_line</name>
         <load_address>0x68e</load_address>
         <run_address>0x68e</run_address>
         <size>0x41</size>
         <input_file_ref idref="fl-5"/>
      </object_component>
      <object_component id="oc-145">
         <name>.debug_line</name>
         <load_address>0x6cf</load_address>
         <run_address>0x6cf</run_address>
         <size>0x41</size>
         <input_file_ref idref="fl-5"/>
      </object_component>
      <object_component id="oc-17c">
         <name>.debug_line</name>
         <load_address>0x710</load_address>
         <run_address>0x710</run_address>
         <size>0x3a</size>
         <input_file_ref idref="fl-9"/>
      </object_component>
      <object_component id="oc-c7">
         <name>.debug_line</name>
         <load_address>0x74a</load_address>
         <run_address>0x74a</run_address>
         <size>0x223</size>
         <input_file_ref idref="fl-9"/>
      </object_component>
      <object_component id="oc-1aa">
         <name>.debug_line</name>
         <load_address>0x96d</load_address>
         <run_address>0x96d</run_address>
         <size>0x20</size>
         <input_file_ref idref="fl-a"/>
      </object_component>
      <object_component id="oc-127">
         <name>.debug_line</name>
         <load_address>0x98d</load_address>
         <run_address>0x98d</run_address>
         <size>0x10f</size>
         <input_file_ref idref="fl-a"/>
      </object_component>
      <object_component id="oc-171">
         <name>.debug_line</name>
         <load_address>0xa9c</load_address>
         <run_address>0xa9c</run_address>
         <size>0x12e</size>
         <input_file_ref idref="fl-11"/>
      </object_component>
      <object_component id="oc-140">
         <name>.debug_line</name>
         <load_address>0xbca</load_address>
         <run_address>0xbca</run_address>
         <size>0x4d</size>
         <input_file_ref idref="fl-11"/>
      </object_component>
      <object_component id="oc-178">
         <name>.debug_line</name>
         <load_address>0xc17</load_address>
         <run_address>0xc17</run_address>
         <size>0x4d</size>
         <input_file_ref idref="fl-11"/>
      </object_component>
      <object_component id="oc-c4">
         <name>.debug_line</name>
         <load_address>0xc64</load_address>
         <run_address>0xc64</run_address>
         <size>0x38c</size>
         <input_file_ref idref="fl-11"/>
      </object_component>
      <object_component id="oc-175">
         <name>.debug_line</name>
         <load_address>0xff0</load_address>
         <run_address>0xff0</run_address>
         <size>0x52</size>
         <input_file_ref idref="fl-11"/>
      </object_component>
      <object_component id="oc-1ae">
         <name>.debug_line</name>
         <load_address>0x1042</load_address>
         <run_address>0x1042</run_address>
         <size>0xe1</size>
         <input_file_ref idref="fl-12"/>
      </object_component>
      <object_component id="oc-184">
         <name>.debug_line</name>
         <load_address>0x1123</load_address>
         <run_address>0x1123</run_address>
         <size>0x61</size>
         <input_file_ref idref="fl-12"/>
      </object_component>
      <object_component id="oc-109">
         <name>.debug_line</name>
         <load_address>0x1184</load_address>
         <run_address>0x1184</run_address>
         <size>0xd6</size>
         <input_file_ref idref="fl-12"/>
      </object_component>
      <object_component id="oc-18c">
         <name>.debug_line</name>
         <load_address>0x125a</load_address>
         <run_address>0x125a</run_address>
         <size>0xe4</size>
         <input_file_ref idref="fl-16"/>
      </object_component>
      <object_component id="oc-1a8">
         <name>.debug_line</name>
         <load_address>0x133e</load_address>
         <run_address>0x133e</run_address>
         <size>0x86</size>
         <input_file_ref idref="fl-1c"/>
      </object_component>
      <object_component id="oc-1a6">
         <name>.debug_line</name>
         <load_address>0x13c4</load_address>
         <run_address>0x13c4</run_address>
         <size>0x42</size>
         <input_file_ref idref="fl-1c"/>
      </object_component>
      <object_component id="oc-187">
         <name>.debug_line</name>
         <load_address>0x1406</load_address>
         <run_address>0x1406</run_address>
         <size>0x42</size>
         <input_file_ref idref="fl-1c"/>
      </object_component>
      <object_component id="oc-112">
         <name>.debug_line</name>
         <load_address>0x1448</load_address>
         <run_address>0x1448</run_address>
         <size>0x2d1</size>
         <input_file_ref idref="fl-1c"/>
      </object_component>
      <object_component id="oc-1bf">
         <name>.debug_line</name>
         <load_address>0x1719</load_address>
         <run_address>0x1719</run_address>
         <size>0x80</size>
         <input_file_ref idref="fl-1e"/>
      </object_component>
      <object_component id="oc-1b3">
         <name>.debug_line</name>
         <load_address>0x1799</load_address>
         <run_address>0x1799</run_address>
         <size>0x47</size>
         <input_file_ref idref="fl-1e"/>
      </object_component>
      <object_component id="oc-1b5">
         <name>.debug_line</name>
         <load_address>0x17e0</load_address>
         <run_address>0x17e0</run_address>
         <size>0x47</size>
         <input_file_ref idref="fl-1e"/>
      </object_component>
      <object_component id="oc-1b7">
         <name>.debug_line</name>
         <load_address>0x1827</load_address>
         <run_address>0x1827</run_address>
         <size>0x47</size>
         <input_file_ref idref="fl-1e"/>
      </object_component>
      <object_component id="oc-1b9">
         <name>.debug_line</name>
         <load_address>0x186e</load_address>
         <run_address>0x186e</run_address>
         <size>0x47</size>
         <input_file_ref idref="fl-1e"/>
      </object_component>
      <object_component id="oc-1bb">
         <name>.debug_line</name>
         <load_address>0x18b5</load_address>
         <run_address>0x18b5</run_address>
         <size>0x47</size>
         <input_file_ref idref="fl-1e"/>
      </object_component>
      <object_component id="oc-1bd">
         <name>.debug_line</name>
         <load_address>0x18fc</load_address>
         <run_address>0x18fc</run_address>
         <size>0x47</size>
         <input_file_ref idref="fl-1e"/>
      </object_component>
      <object_component id="oc-1b1">
         <name>.debug_line</name>
         <load_address>0x1943</load_address>
         <run_address>0x1943</run_address>
         <size>0x47</size>
         <input_file_ref idref="fl-1e"/>
      </object_component>
      <object_component id="oc-169">
         <name>.debug_line</name>
         <load_address>0x198a</load_address>
         <run_address>0x198a</run_address>
         <size>0x349</size>
         <input_file_ref idref="fl-1e"/>
      </object_component>
      <object_component id="oc-1ac">
         <name>.debug_line</name>
         <load_address>0x1cd3</load_address>
         <run_address>0x1cd3</run_address>
         <size>0x86</size>
         <input_file_ref idref="fl-26"/>
      </object_component>
      <object_component id="oc-155">
         <name>.debug_line</name>
         <load_address>0x1d59</load_address>
         <run_address>0x1d59</run_address>
         <size>0x6b2</size>
         <input_file_ref idref="fl-26"/>
      </object_component>
      <object_component id="oc-28">
         <name>.debug_line</name>
         <load_address>0x240b</load_address>
         <run_address>0x240b</run_address>
         <size>0x53</size>
         <input_file_ref idref="fl-e6"/>
      </object_component>
      <object_component id="oc-8b">
         <name>.debug_line</name>
         <load_address>0x245e</load_address>
         <run_address>0x245e</run_address>
         <size>0xa5</size>
         <input_file_ref idref="fl-e7"/>
      </object_component>
      <object_component id="oc-14">
         <name>.debug_line</name>
         <load_address>0x2503</load_address>
         <run_address>0x2503</run_address>
         <size>0x55</size>
         <input_file_ref idref="fl-e7"/>
      </object_component>
      <object_component id="oc-37">
         <name>.debug_line</name>
         <load_address>0x2558</load_address>
         <run_address>0x2558</run_address>
         <size>0x3a</size>
         <input_file_ref idref="fl-e7"/>
      </object_component>
      <object_component id="oc-88">
         <name>.debug_line</name>
         <load_address>0x2592</load_address>
         <run_address>0x2592</run_address>
         <size>0xa5</size>
         <input_file_ref idref="fl-e7"/>
      </object_component>
      <object_component id="oc-93">
         <name>.debug_line</name>
         <load_address>0x2637</load_address>
         <run_address>0x2637</run_address>
         <size>0xa5</size>
         <input_file_ref idref="fl-e8"/>
      </object_component>
      <object_component id="oc-3c">
         <name>.debug_line</name>
         <load_address>0x26dc</load_address>
         <run_address>0x26dc</run_address>
         <size>0x98</size>
         <input_file_ref idref="fl-e8"/>
      </object_component>
      <object_component id="oc-1d">
         <name>.debug_line</name>
         <load_address>0x2774</load_address>
         <run_address>0x2774</run_address>
         <size>0x4b</size>
         <input_file_ref idref="fl-e8"/>
      </object_component>
      <object_component id="oc-45">
         <name>.debug_line</name>
         <load_address>0x27bf</load_address>
         <run_address>0x27bf</run_address>
         <size>0x39</size>
         <input_file_ref idref="fl-e8"/>
      </object_component>
      <object_component id="oc-97">
         <name>.debug_line</name>
         <load_address>0x27f8</load_address>
         <run_address>0x27f8</run_address>
         <size>0xa5</size>
         <input_file_ref idref="fl-e8"/>
      </object_component>
      <object_component id="oc-103">
         <name>.debug_line</name>
         <load_address>0x289d</load_address>
         <run_address>0x289d</run_address>
         <size>0x128</size>
         <input_file_ref idref="fl-ea"/>
      </object_component>
      <object_component id="oc-f7">
         <name>.debug_line</name>
         <load_address>0x29c5</load_address>
         <run_address>0x29c5</run_address>
         <size>0x2a</size>
         <input_file_ref idref="fl-ea"/>
      </object_component>
      <object_component id="oc-6f">
         <name>.debug_line</name>
         <load_address>0x29ef</load_address>
         <run_address>0x29ef</run_address>
         <size>0x86</size>
         <input_file_ref idref="fl-ea"/>
      </object_component>
      <object_component id="oc-32">
         <name>.debug_line</name>
         <load_address>0x2a75</load_address>
         <run_address>0x2a75</run_address>
         <size>0x88</size>
         <input_file_ref idref="fl-eb"/>
      </object_component>
      <object_component id="oc-4b">
         <name>.debug_line</name>
         <load_address>0x2afd</load_address>
         <run_address>0x2afd</run_address>
         <size>0x79</size>
         <input_file_ref idref="fl-ec"/>
      </object_component>
      <object_component id="oc-57">
         <name>.debug_line</name>
         <load_address>0x2b76</load_address>
         <run_address>0x2b76</run_address>
         <size>0x3d</size>
         <input_file_ref idref="fl-ed"/>
      </object_component>
      <object_component id="oc-5b">
         <name>.debug_line</name>
         <load_address>0x2bb3</load_address>
         <run_address>0x2bb3</run_address>
         <size>0x40</size>
         <input_file_ref idref="fl-ee"/>
      </object_component>
      <object_component id="oc-b8">
         <name>.debug_line</name>
         <load_address>0x2bf3</load_address>
         <run_address>0x2bf3</run_address>
         <size>0x33</size>
         <input_file_ref idref="fl-ef"/>
      </object_component>
      <object_component id="oc-150">
         <name>.debug_line</name>
         <load_address>0x2c26</load_address>
         <run_address>0x2c26</run_address>
         <size>0x20</size>
         <input_file_ref idref="fl-f0"/>
      </object_component>
      <object_component id="oc-ff">
         <name>.debug_line</name>
         <load_address>0x2c46</load_address>
         <run_address>0x2c46</run_address>
         <size>0x2b</size>
         <input_file_ref idref="fl-f0"/>
      </object_component>
      <object_component id="oc-fd">
         <name>.debug_line</name>
         <load_address>0x2c71</load_address>
         <run_address>0x2c71</run_address>
         <size>0x68</size>
         <input_file_ref idref="fl-f0"/>
      </object_component>
      <object_component id="oc-f0">
         <name>.debug_line</name>
         <load_address>0x2cd9</load_address>
         <run_address>0x2cd9</run_address>
         <size>0x2b</size>
         <input_file_ref idref="fl-f1"/>
      </object_component>
      <object_component id="oc-69">
         <name>.debug_line</name>
         <load_address>0x2d04</load_address>
         <run_address>0x2d04</run_address>
         <size>0x50</size>
         <input_file_ref idref="fl-f1"/>
      </object_component>
      <object_component id="oc-f4">
         <name>.debug_line</name>
         <load_address>0x2d54</load_address>
         <run_address>0x2d54</run_address>
         <size>0x2b</size>
         <input_file_ref idref="fl-f1"/>
      </object_component>
      <object_component id="oc-e4">
         <name>.debug_line</name>
         <load_address>0x2d7f</load_address>
         <run_address>0x2d7f</run_address>
         <size>0xc4</size>
         <input_file_ref idref="fl-f2"/>
      </object_component>
      <object_component id="oc-64">
         <name>.debug_line</name>
         <load_address>0x2e43</load_address>
         <run_address>0x2e43</run_address>
         <size>0x8b</size>
         <input_file_ref idref="fl-f2"/>
      </object_component>
      <object_component id="oc-e8">
         <name>.debug_line</name>
         <load_address>0x2ece</load_address>
         <run_address>0x2ece</run_address>
         <size>0x2e</size>
         <input_file_ref idref="fl-f2"/>
      </object_component>
      <object_component id="oc-ed">
         <name>.debug_line</name>
         <load_address>0x2efc</load_address>
         <run_address>0x2efc</run_address>
         <size>0xa6</size>
         <input_file_ref idref="fl-f2"/>
      </object_component>
      <object_component id="oc-148">
         <name>.debug_line</name>
         <load_address>0x2fa2</load_address>
         <run_address>0x2fa2</run_address>
         <size>0xb3</size>
         <input_file_ref idref="fl-f3"/>
      </object_component>
      <object_component id="oc-a2">
         <name>.debug_line</name>
         <load_address>0x3055</load_address>
         <run_address>0x3055</run_address>
         <size>0x68</size>
         <input_file_ref idref="fl-f3"/>
      </object_component>
      <object_component id="oc-14c">
         <name>.debug_line</name>
         <load_address>0x30bd</load_address>
         <run_address>0x30bd</run_address>
         <size>0x2e</size>
         <input_file_ref idref="fl-f3"/>
      </object_component>
      <object_component id="oc-a9">
         <name>.debug_line</name>
         <load_address>0x30eb</load_address>
         <run_address>0x30eb</run_address>
         <size>0x3c</size>
         <input_file_ref idref="fl-f4"/>
      </object_component>
      <object_component id="oc-80">
         <name>.debug_frame</name>
         <load_address>0x0</load_address>
         <run_address>0x0</run_address>
         <size>0xa3</size>
         <input_file_ref idref="fl-2"/>
      </object_component>
      <object_component id="oc-7a">
         <name>.debug_frame</name>
         <load_address>0xa3</load_address>
         <run_address>0xa3</run_address>
         <size>0xb9</size>
         <input_file_ref idref="fl-3"/>
      </object_component>
      <object_component id="oc-bd">
         <name>.debug_frame</name>
         <load_address>0x15c</load_address>
         <run_address>0x15c</run_address>
         <size>0x98</size>
         <input_file_ref idref="fl-4"/>
      </object_component>
      <object_component id="oc-c8">
         <name>.debug_frame</name>
         <load_address>0x1f4</load_address>
         <run_address>0x1f4</run_address>
         <size>0x20c</size>
         <input_file_ref idref="fl-9"/>
      </object_component>
      <object_component id="oc-12b">
         <name>.debug_frame</name>
         <load_address>0x400</load_address>
         <run_address>0x400</run_address>
         <size>0x15a</size>
         <input_file_ref idref="fl-a"/>
      </object_component>
      <object_component id="oc-c5">
         <name>.debug_frame</name>
         <load_address>0x55a</load_address>
         <run_address>0x55a</run_address>
         <size>0x1a0</size>
         <input_file_ref idref="fl-11"/>
      </object_component>
      <object_component id="oc-10d">
         <name>.debug_frame</name>
         <load_address>0x6fa</load_address>
         <run_address>0x6fa</run_address>
         <size>0xd5</size>
         <input_file_ref idref="fl-12"/>
      </object_component>
      <object_component id="oc-18d">
         <name>.debug_frame</name>
         <load_address>0x7cf</load_address>
         <run_address>0x7cf</run_address>
         <size>0xda</size>
         <input_file_ref idref="fl-16"/>
      </object_component>
      <object_component id="oc-113">
         <name>.debug_frame</name>
         <load_address>0x8a9</load_address>
         <run_address>0x8a9</run_address>
         <size>0x249</size>
         <input_file_ref idref="fl-1c"/>
      </object_component>
      <object_component id="oc-16a">
         <name>.debug_frame</name>
         <load_address>0xaf2</load_address>
         <run_address>0xaf2</run_address>
         <size>0x226</size>
         <input_file_ref idref="fl-1e"/>
      </object_component>
      <object_component id="oc-158">
         <name>.debug_frame</name>
         <load_address>0xd18</load_address>
         <run_address>0xd18</run_address>
         <size>0x550</size>
         <input_file_ref idref="fl-26"/>
      </object_component>
      <object_component id="oc-13">
         <name>.debug_frame</name>
         <load_address>0x1268</load_address>
         <run_address>0x1268</run_address>
         <size>0x7f</size>
         <input_file_ref idref="fl-e7"/>
      </object_component>
      <object_component id="oc-3f">
         <name>.debug_frame</name>
         <load_address>0x12e7</load_address>
         <run_address>0x12e7</run_address>
         <size>0x8e</size>
         <input_file_ref idref="fl-e8"/>
      </object_component>
      <object_component id="oc-1a">
         <name>.debug_frame</name>
         <load_address>0x1375</load_address>
         <run_address>0x1375</run_address>
         <size>0x7f</size>
         <input_file_ref idref="fl-e8"/>
      </object_component>
      <object_component id="oc-70">
         <name>.debug_frame</name>
         <load_address>0x13f4</load_address>
         <run_address>0x13f4</run_address>
         <size>0xb3</size>
         <input_file_ref idref="fl-ea"/>
      </object_component>
      <object_component id="oc-58">
         <name>.debug_frame</name>
         <load_address>0x14a7</load_address>
         <run_address>0x14a7</run_address>
         <size>0x7f</size>
         <input_file_ref idref="fl-ed"/>
      </object_component>
      <object_component id="oc-5a">
         <name>.debug_frame</name>
         <load_address>0x1526</load_address>
         <run_address>0x1526</run_address>
         <size>0x7f</size>
         <input_file_ref idref="fl-ee"/>
      </object_component>
      <object_component id="oc-fc">
         <name>.debug_frame</name>
         <load_address>0x15a5</load_address>
         <run_address>0x15a5</run_address>
         <size>0xa1</size>
         <input_file_ref idref="fl-f0"/>
      </object_component>
      <object_component id="oc-6a">
         <name>.debug_frame</name>
         <load_address>0x1646</load_address>
         <run_address>0x1646</run_address>
         <size>0x7f</size>
         <input_file_ref idref="fl-f1"/>
      </object_component>
      <object_component id="oc-63">
         <name>.debug_frame</name>
         <load_address>0x16c5</load_address>
         <run_address>0x16c5</run_address>
         <size>0x8a</size>
         <input_file_ref idref="fl-f2"/>
      </object_component>
      <object_component id="oc-a3">
         <name>.debug_frame</name>
         <load_address>0x174f</load_address>
         <run_address>0x174f</run_address>
         <size>0x8e</size>
         <input_file_ref idref="fl-f3"/>
      </object_component>
      <object_component id="oc-a8">
         <name>.debug_frame</name>
         <load_address>0x17dd</load_address>
         <run_address>0x17dd</run_address>
         <size>0x7f</size>
         <input_file_ref idref="fl-f4"/>
      </object_component>
      <object_component id="oc-12e">
         <name>.debug_abbrev</name>
         <load_address>0x0</load_address>
         <run_address>0x0</run_address>
         <size>0x113</size>
         <input_file_ref idref="fl-2"/>
      </object_component>
      <object_component id="oc-d8">
         <name>.debug_abbrev</name>
         <load_address>0x113</load_address>
         <run_address>0x113</run_address>
         <size>0x7b</size>
         <input_file_ref idref="fl-2"/>
      </object_component>
      <object_component id="oc-137">
         <name>.debug_abbrev</name>
         <load_address>0x18e</load_address>
         <run_address>0x18e</run_address>
         <size>0x97</size>
         <input_file_ref idref="fl-2"/>
      </object_component>
      <object_component id="oc-132">
         <name>.debug_abbrev</name>
         <load_address>0x225</load_address>
         <run_address>0x225</run_address>
         <size>0xbd</size>
         <input_file_ref idref="fl-2"/>
      </object_component>
      <object_component id="oc-123">
         <name>.debug_abbrev</name>
         <load_address>0x2e2</load_address>
         <run_address>0x2e2</run_address>
         <size>0x61</size>
         <input_file_ref idref="fl-2"/>
      </object_component>
      <object_component id="oc-13c">
         <name>.debug_abbrev</name>
         <load_address>0x343</load_address>
         <run_address>0x343</run_address>
         <size>0x1f</size>
         <input_file_ref idref="fl-2"/>
      </object_component>
      <object_component id="oc-db">
         <name>.debug_abbrev</name>
         <load_address>0x362</load_address>
         <run_address>0x362</run_address>
         <size>0x35</size>
         <input_file_ref idref="fl-2"/>
      </object_component>
      <object_component id="oc-15f">
         <name>.debug_abbrev</name>
         <load_address>0x397</load_address>
         <run_address>0x397</run_address>
         <size>0x4b</size>
         <input_file_ref idref="fl-2"/>
      </object_component>
      <object_component id="oc-de">
         <name>.debug_abbrev</name>
         <load_address>0x3e2</load_address>
         <run_address>0x3e2</run_address>
         <size>0x68</size>
         <input_file_ref idref="fl-3"/>
      </object_component>
      <object_component id="oc-81">
         <name>.debug_abbrev</name>
         <load_address>0x44a</load_address>
         <run_address>0x44a</run_address>
         <size>0x29</size>
         <input_file_ref idref="fl-3"/>
      </object_component>
      <object_component id="oc-bf">
         <name>.debug_abbrev</name>
         <load_address>0x473</load_address>
         <run_address>0x473</run_address>
         <size>0x85</size>
         <input_file_ref idref="fl-3"/>
      </object_component>
      <object_component id="oc-8e">
         <name>.debug_abbrev</name>
         <load_address>0x4f8</load_address>
         <run_address>0x4f8</run_address>
         <size>0x1f</size>
         <input_file_ref idref="fl-3"/>
      </object_component>
      <object_component id="oc-151">
         <name>.debug_abbrev</name>
         <load_address>0x517</load_address>
         <run_address>0x517</run_address>
         <size>0x29</size>
         <input_file_ref idref="fl-4"/>
      </object_component>
      <object_component id="oc-107">
         <name>.debug_abbrev</name>
         <load_address>0x540</load_address>
         <run_address>0x540</run_address>
         <size>0x8b</size>
         <input_file_ref idref="fl-4"/>
      </object_component>
      <object_component id="oc-17f">
         <name>.debug_abbrev</name>
         <load_address>0x5cb</load_address>
         <run_address>0x5cb</run_address>
         <size>0x76</size>
         <input_file_ref idref="fl-5"/>
      </object_component>
      <object_component id="oc-17d">
         <name>.debug_abbrev</name>
         <load_address>0x641</load_address>
         <run_address>0x641</run_address>
         <size>0x27</size>
         <input_file_ref idref="fl-5"/>
      </object_component>
      <object_component id="oc-144">
         <name>.debug_abbrev</name>
         <load_address>0x668</load_address>
         <run_address>0x668</run_address>
         <size>0x29</size>
         <input_file_ref idref="fl-5"/>
      </object_component>
      <object_component id="oc-17b">
         <name>.debug_abbrev</name>
         <load_address>0x691</load_address>
         <run_address>0x691</run_address>
         <size>0x90</size>
         <input_file_ref idref="fl-9"/>
      </object_component>
      <object_component id="oc-12c">
         <name>.debug_abbrev</name>
         <load_address>0x721</load_address>
         <run_address>0x721</run_address>
         <size>0x105</size>
         <input_file_ref idref="fl-9"/>
      </object_component>
      <object_component id="oc-1a9">
         <name>.debug_abbrev</name>
         <load_address>0x826</load_address>
         <run_address>0x826</run_address>
         <size>0x62</size>
         <input_file_ref idref="fl-a"/>
      </object_component>
      <object_component id="oc-179">
         <name>.debug_abbrev</name>
         <load_address>0x888</load_address>
         <run_address>0x888</run_address>
         <size>0xaa</size>
         <input_file_ref idref="fl-a"/>
      </object_component>
      <object_component id="oc-170">
         <name>.debug_abbrev</name>
         <load_address>0x932</load_address>
         <run_address>0x932</run_address>
         <size>0xf7</size>
         <input_file_ref idref="fl-11"/>
      </object_component>
      <object_component id="oc-13f">
         <name>.debug_abbrev</name>
         <load_address>0xa29</load_address>
         <run_address>0xa29</run_address>
         <size>0x29</size>
         <input_file_ref idref="fl-11"/>
      </object_component>
      <object_component id="oc-177">
         <name>.debug_abbrev</name>
         <load_address>0xa52</load_address>
         <run_address>0xa52</run_address>
         <size>0x27</size>
         <input_file_ref idref="fl-11"/>
      </object_component>
      <object_component id="oc-120">
         <name>.debug_abbrev</name>
         <load_address>0xa79</load_address>
         <run_address>0xa79</run_address>
         <size>0x133</size>
         <input_file_ref idref="fl-11"/>
      </object_component>
      <object_component id="oc-174">
         <name>.debug_abbrev</name>
         <load_address>0xbac</load_address>
         <run_address>0xbac</run_address>
         <size>0xbd</size>
         <input_file_ref idref="fl-11"/>
      </object_component>
      <object_component id="oc-1ad">
         <name>.debug_abbrev</name>
         <load_address>0xc69</load_address>
         <run_address>0xc69</run_address>
         <size>0xd5</size>
         <input_file_ref idref="fl-12"/>
      </object_component>
      <object_component id="oc-183">
         <name>.debug_abbrev</name>
         <load_address>0xd3e</load_address>
         <run_address>0xd3e</run_address>
         <size>0x27</size>
         <input_file_ref idref="fl-12"/>
      </object_component>
      <object_component id="oc-15c">
         <name>.debug_abbrev</name>
         <load_address>0xd65</load_address>
         <run_address>0xd65</run_address>
         <size>0x7a</size>
         <input_file_ref idref="fl-12"/>
      </object_component>
      <object_component id="oc-1af">
         <name>.debug_abbrev</name>
         <load_address>0xddf</load_address>
         <run_address>0xddf</run_address>
         <size>0xf9</size>
         <input_file_ref idref="fl-16"/>
      </object_component>
      <object_component id="oc-1a7">
         <name>.debug_abbrev</name>
[...]
         <value>0x124b</value>
         <object_component_ref idref="oc-10e"/>
      </symbol>
      <symbol id="sm-241">
         <name>GPIO_setAsInputPinWithPullUpResistor</name>
         <value>0x129d</value>
         <object_component_ref idref="oc-10e"/>
      </symbol>
      <symbol id="sm-242">
         <name>GPIO_getInterruptStatus</name>
         <value>0x1361</value>
         <object_component_ref idref="oc-10e"/>
      </symbol>
      <symbol id="sm-243">
         <name>GPIO_enableInterrupt</name>
         <value>0x131d</value>
         <object_component_ref idref="oc-10e"/>
      </symbol>
      <symbol id="sm-244">
         <name>GPIO_getEnabledInterruptStatus</name>
         <value>0x13d7</value>
         <object_component_ref idref="oc-10e"/>
      </symbol>
      <symbol id="sm-245">
         <name>GPIO_setAsOutputPin</name>
         <value>0x105d</value>
         <object_component_ref idref="oc-10e"/>
      </symbol>
      <symbol id="sm-246">
         <name>GPIO_interruptEdgeSelect</name>
         <value>0x13a1</value>
         <object_component_ref idref="oc-10e"/>
      </symbol>
      <symbol id="sm-247">
         <name>GPIO_setDriveStrengthLow</name>
         <value>0x1475</value>
         <object_component_ref idref="oc-10e"/>
      </symbol>
      <symbol id="sm-248">
         <name>GPIO_setOutputLowOnPin</name>
         <value>0x1207</value>
         <object_component_ref idref="oc-10e"/>
      </symbol>
      <symbol id="sm-249">
         <name>GPIO_clearInterruptFlag</name>
         <value>0x137f</value>
         <object_component_ref idref="oc-10e"/>
      </symbol>
      <symbol id="sm-24a">
         <name>GPIO_toggleOutputOnPin</name>
         <value>0x1229</value>
         <object_component_ref idref="oc-10e"/>
      </symbol>
      <symbol id="sm-24b">
         <name>GPIO_setAsPeripheralModuleFunctionOutputPin</name>
         <value>0x10dd</value>
         <object_component_ref idref="oc-10e"/>
      </symbol>
      <symbol id="sm-24c">
         <name>GPIO_getInputPinValue</name>
         <value>0x12ef</value>
         <object_component_ref idref="oc-10e"/>
      </symbol>
      <symbol id="sm-24d">
         <name>GPIO_setAsPeripheralModuleFunctionInputPin</name>
         <value>0x1161</value>
         <object_component_ref idref="oc-10e"/>
      </symbol>
      <symbol id="sm-24e">
         <name>GPIO_registerInterrupt</name>
         <value>0x1497</value>
         <object_component_ref idref="oc-10e"/>
      </symbol>
      <symbol id="sm-24f">
         <name>GPIO_disableInterrupt</name>
         <value>0x133f</value>
         <object_component_ref idref="oc-10e"/>
      </symbol>
      <symbol id="sm-2d3">
         <name>Interrupt_disableMaster</name>
         <value>0x14ef</value>
         <object_component_ref idref="oc-165"/>
      </symbol>
      <symbol id="sm-2d4">
         <name>Interrupt_disableInterrupt</name>
         <value>0x169f</value>
         <object_component_ref idref="oc-165"/>
      </symbol>
      <symbol id="sm-2d5">
         <name>Interrupt_getPriorityMask</name>
         <value>0x186b</value>
         <object_component_ref idref="oc-165"/>
      </symbol>
      <symbol id="sm-2d6">
         <name>Interrupt_unpendInterrupt</name>
         <value>0x180d</value>
         <object_component_ref idref="oc-165"/>
      </symbol>
      <symbol id="sm-2d7">
         <name>Interrupt_setPriorityMask</name>
         <value>0x185b</value>
         <object_component_ref idref="oc-165"/>
      </symbol>
      <symbol id="sm-2d8">
         <name>Interrupt_unregisterInterrupt</name>
         <value>0x1551</value>
         <object_component_ref idref="oc-165"/>
      </symbol>
      <symbol id="sm-2d9">
         <name>Interrupt_setVectorTableAddress</name>
         <value>0x1875</value>
         <object_component_ref idref="oc-165"/>
      </symbol>
      <symbol id="sm-2da">
         <name>Interrupt_setPriority</name>
         <value>0x15b7</value>
         <object_component_ref idref="oc-165"/>
      </symbol>
      <symbol id="sm-2db">
         <name>Interrupt_enableSleepOnIsrExit</name>
         <value>0x188b</value>
         <object_component_ref idref="oc-165"/>
      </symbol>
      <symbol id="sm-2dc">
         <name>Interrupt_enableMaster</name>
         <value>0x14df</value>
         <object_component_ref idref="oc-165"/>
      </symbol>
      <symbol id="sm-2dd">
         <name>Interrupt_enableInterrupt</name>
         <value>0x162d</value>
         <object_component_ref idref="oc-165"/>
      </symbol>
      <symbol id="sm-2de">
         <name>Interrupt_getPriority</name>
         <value>0x1607</value>
         <object_component_ref idref="oc-165"/>
      </symbol>
      <symbol id="sm-2df">
         <name>Interrupt_registerInterrupt</name>
         <value>0x14ff</value>
         <object_component_ref idref="oc-165"/>
      </symbol>
      <symbol id="sm-2e0">
         <name>g_pfnRAMVectors</name>
         <value>0x20000000</value>
         <object_component_ref idref="oc-18e"/>
      </symbol>
      <symbol id="sm-2e1">
         <name>Interrupt_disableSleepOnIsrExit</name>
         <value>0x189d</value>
         <object_component_ref idref="oc-165"/>
      </symbol>
      <symbol id="sm-2e2">
         <name>Interrupt_setPriorityGrouping</name>
         <value>0x1565</value>
         <object_component_ref idref="oc-165"/>
      </symbol>
      <symbol id="sm-2e3">
         <name>Interrupt_getPriorityGrouping</name>
         <value>0x157f</value>
         <object_component_ref idref="oc-165"/>
      </symbol>
      <symbol id="sm-2e4">
         <name>Interrupt_getVectorTableAddress</name>
         <value>0x1885</value>
         <object_component_ref idref="oc-165"/>
      </symbol>
      <symbol id="sm-2e5">
         <name>Interrupt_isEnabled</name>
         <value>0x1711</value>
         <object_component_ref idref="oc-165"/>
      </symbol>
      <symbol id="sm-2e6">
         <name>Interrupt_pendInterrupt</name>
         <value>0x179d</value>
         <object_component_ref idref="oc-165"/>
      </symbol>
      <symbol id="sm-372">
         <name>EUSCI_B_SPI_isBusy</name>
         <value>0x7f7</value>
         <object_component_ref idref="oc-153"/>
      </symbol>
      <symbol id="sm-373">
         <name>EUSCI_B_SPI_select4PinFunctionality</name>
         <value>0x645</value>
         <object_component_ref idref="oc-153"/>
      </symbol>
      <symbol id="sm-374">
         <name>EUSCI_A_SPI_select4PinFunctionality</name>
         <value>0x80f</value>
         <object_component_ref idref="oc-153"/>
      </symbol>
      <symbol id="sm-375">
         <name>SPI_initSlave</name>
         <value>0x285</value>
         <object_component_ref idref="oc-153"/>
      </symbol>
      <symbol id="sm-376">
         <name>EUSCI_B_SPI_receiveData</name>
         <value>0x739</value>
         <object_component_ref idref="oc-153"/>
      </symbol>
      <symbol id="sm-377">
         <name>EUSCI_A_SPI_changeClockPhasePolarity</name>
         <value>0x8af</value>
         <object_component_ref idref="oc-153"/>
      </symbol>
      <symbol id="sm-378">
         <name>EUSCI_A_SPI_enableInterrupt</name>
         <value>0x917</value>
         <object_component_ref idref="oc-153"/>
      </symbol>
      <symbol id="sm-379">
         <name>SPI_changeClockPhasePolarity</name>
         <value>0x303</value>
         <object_component_ref idref="oc-153"/>
      </symbol>
      <symbol id="sm-37a">
         <name>EUSCI_B_SPI_masterChangeClock</name>
         <value>0x665</value>
         <object_component_ref idref="oc-153"/>
      </symbol>
      <symbol id="sm-37b">
         <name>EUSCI_A_SPI_disable</name>
         <value>0x993</value>
         <object_component_ref idref="oc-153"/>
      </symbol>
      <symbol id="sm-37c">
         <name>EUSCI_A_SPI_getInterruptStatus</name>
         <value>0x94b</value>
         <object_component_ref idref="oc-153"/>
      </symbol>
      <symbol id="sm-37d">
         <name>EUSCI_B_SPI_getInterruptStatus</name>
         <value>0x77d</value>
         <object_component_ref idref="oc-153"/>
      </symbol>
      <symbol id="sm-37e">
         <name>EUSCI_A_SPI_getTransmitBufferAddressForDMA</name>
         <value>0x9b7</value>
         <object_component_ref idref="oc-153"/>
      </symbol>
      <symbol id="sm-37f">
         <name>EUSCI_B_SPI_enable</name>
         <value>0x7af</value>
         <object_component_ref idref="oc-153"/>
      </symbol>
      <symbol id="sm-380">
         <name>SPI_enableModule</name>
         <value>0x375</value>
         <object_component_ref idref="oc-153"/>
      </symbol>
      <symbol id="sm-381">
         <name>EUSCI_A_SPI_receiveData</name>
         <value>0x907</value>
         <object_component_ref idref="oc-153"/>
      </symbol>
      <symbol id="sm-382">
         <name>EUSCI_A_SPI_transmitData</name>
         <value>0x8f1</value>
         <object_component_ref idref="oc-153"/>
      </symbol>
      <symbol id="sm-383">
         <name>SPI_disableModule</name>
         <value>0x391</value>
         <object_component_ref idref="oc-153"/>
      </symbol>
      <symbol id="sm-384">
         <name>EUSCI_B_SPI_getReceiveBufferAddressForDMA</name>
         <value>0x7db</value>
         <object_component_ref idref="oc-153"/>
      </symbol>
      <symbol id="sm-385">
         <name>SPI_changeMasterClock</name>
         <value>0x25d</value>
         <object_component_ref idref="oc-153"/>
      </symbol>
      <symbol id="sm-386">
         <name>EUSCI_B_SPI_disableInterrupt</name>
         <value>0x763</value>
         <object_component_ref idref="oc-153"/>
      </symbol>
      <symbol id="sm-387">
         <name>EUSCI_B_SPI_disable</name>
         <value>0x7c5</value>
         <object_component_ref idref="oc-153"/>
      </symbol>
      <symbol id="sm-388">
         <name>SPI_selectFourPinFunctionality</name>
         <value>0x237</value>
         <object_component_ref idref="oc-153"/>
      </symbol>
      <symbol id="sm-389">
         <name>SPI_clearInterruptFlag</name>
         <value>0x4b5</value>
         <object_component_ref idref="oc-153"/>
      </symbol>
      <symbol id="sm-38a">
         <name>SPI_registerInterrupt</name>
         <value>0x4db</value>
         <object_component_ref idref="oc-153"/>
      </symbol>
      <symbol id="sm-38b">
         <name>EUSCI_B_SPI_changeClockPhasePolarity</name>
         <value>0x6e1</value>
         <object_component_ref idref="oc-153"/>
      </symbol>
      <symbol id="sm-38c">
         <name>EUSCI_B_SPI_transmitData</name>
         <value>0x723</value>
         <object_component_ref idref="oc-153"/>
      </symbol>
      <symbol id="sm-38d">
         <name>SPI_isBusy</name>
         <value>0x3f5</value>
         <object_component_ref idref="oc-153"/>
      </symbol>
      <symbol id="sm-38e">
         <name>EUSCI_B_SPI_clearInterruptFlag</name>
         <value>0x795</value>
         <object_component_ref idref="oc-153"/>
      </symbol>
      <symbol id="sm-38f">
         <name>EUSCI_A_SPI_clearInterruptFlag</name>
         <value>0x963</value>
         <object_component_ref idref="oc-153"/>
      </symbol>
      <symbol id="sm-390">
         <name>SPI_transmitData</name>
         <value>0x333</value>
         <object_component_ref idref="oc-153"/>
      </symbol>
      <symbol id="sm-391">
         <name>SPI_getReceiveBufferAddressForDMA</name>
         <value>0x3ad</value>
         <object_component_ref idref="oc-153"/>
      </symbol>
      <symbol id="sm-392">
         <name>SPI_getTransmitBufferAddressForDMA</name>
         <value>0x3c9</value>
         <object_component_ref idref="oc-153"/>
      </symbol>
      <symbol id="sm-393">
         <name>EUSCI_A_SPI_enable</name>
         <value>0x97d</value>
         <object_component_ref idref="oc-153"/>
      </symbol>
      <symbol id="sm-394">
         <name>EUSCI_B_SPI_enableInterrupt</name>
         <value>0x749</value>
         <object_component_ref idref="oc-153"/>
      </symbol>
      <symbol id="sm-395">
         <name>SPI_receiveData</name>
         <value>0x359</value>
         <object_component_ref idref="oc-153"/>
      </symbol>
      <symbol id="sm-396">
         <name>EUSCI_A_SPI_getReceiveBufferAddressForDMA</name>
         <value>0x9a9</value>
         <object_component_ref idref="oc-153"/>
      </symbol>
      <symbol id="sm-397">
         <name>SPI_getInterruptStatus</name>
         <value>0x45d</value>
         <object_component_ref idref="oc-153"/>
      </symbol>
      <symbol id="sm-398">
         <name>EUSCI_A_SPI_slaveInit</name>
         <value>0x865</value>
         <object_component_ref idref="oc-153"/>
      </symbol>
      <symbol id="sm-399">
         <name>EUSCI_B_SPI_slaveInit</name>
         <value>0x697</value>
         <object_component_ref idref="oc-153"/>
      </symbol>
      <symbol id="sm-39a">
         <name>SPI_initMaster</name>
         <value>0x171</value>
         <object_component_ref idref="oc-153"/>
      </symbol>
      <symbol id="sm-39b">
         <name>SPI_getEnabledInterruptStatus</name>
         <value>0x485</value>
         <object_component_ref idref="oc-153"/>
      </symbol>
      <symbol id="sm-39c">
         <name>EUSCI_B_SPI_getTransmitBufferAddressForDMA</name>
         <value>0x7e9</value>
         <object_component_ref idref="oc-153"/>
      </symbol>
      <symbol id="sm-39d">
         <name>EUSCI_A_SPI_disableInterrupt</name>
         <value>0x931</value>
         <object_component_ref idref="oc-153"/>
      </symbol>
      <symbol id="sm-39e">
         <name>SPI_unregisterInterrupt</name>
         <value>0x599</value>
         <object_component_ref idref="oc-153"/>
      </symbol>
      <symbol id="sm-39f">
         <name>EUSCI_A_SPI_masterChangeClock</name>
         <value>0x82f</value>
         <object_component_ref idref="oc-153"/>
      </symbol>
      <symbol id="sm-3a0">
         <name>EUSCI_A_SPI_isBusy</name>
         <value>0x9c5</value>
         <object_component_ref idref="oc-153"/>
      </symbol>
      <symbol id="sm-3a1">
         <name>SPI_enableInterrupt</name>
         <value>0x411</value>
         <object_component_ref idref="oc-153"/>
      </symbol>
      <symbol id="sm-3a2">
         <name>SPI_disableInterrupt</name>
         <value>0x437</value>
         <object_component_ref idref="oc-153"/>
      </symbol>
      <symbol id="sm-3b9">
         <name>_c_int00</name>
         <value>0x2451</value>
         <object_component_ref idref="oc-24"/>
      </symbol>
      <symbol id="sm-3ba">
         <name>__stack</name>
         <value>0x2000fe00</value>
         <object_component_ref idref="oc-2d"/>
      </symbol>
      <symbol id="sm-3d1">
         <name>__TI_decompress_none</name>
         <value>0x25c3</value>
         <object_component_ref idref="oc-12"/>
      </symbol>
      <symbol id="sm-3f9">
         <name>__TI_decompress_rle24</name>
         <value>0x25d1</value>
         <object_component_ref idref="oc-18"/>
      </symbol>
      <symbol id="sm-41b">
         <name>C$$EXIT</name>
         <value>0x24a5</value>
         <object_component_ref idref="oc-6b"/>
      </symbol>
      <symbol id="sm-41c">
         <name>abort</name>
         <value>0x24a9</value>
         <object_component_ref idref="oc-6b"/>
      </symbol>
      <symbol id="sm-41d">
         <name>exit</name>
         <value>0x24b1</value>
         <object_component_ref idref="oc-6b"/>
      </symbol>
      <symbol id="sm-41e">
         <name>__TI_dtors_ptr</name>
         <value>0x20000118</value>
         <object_component_ref idref="oc-ae"/>
      </symbol>
      <symbol id="sm-41f">
         <name>__TI_cleanup_ptr</name>
         <value>0x20000114</value>
         <object_component_ref idref="oc-ae"/>
      </symbol>
      <symbol id="sm-420">
         <name>__TI_enable_exit_profile_output</name>
         <value>0x2000011c</value>
         <object_component_ref idref="oc-ae"/>
      </symbol>
      <symbol id="sm-43b">
         <name>memcpy</name>
         <value>0x225d</value>
         <object_component_ref idref="oc-2e"/>
      </symbol>
      <symbol id="sm-43c">
         <name>__aeabi_memcpy</name>
         <value>0x225d</value>
         <object_component_ref idref="oc-2e"/>
      </symbol>
      <symbol id="sm-43d">
         <name>__aeabi_memcpy8</name>
         <value>0x225d</value>
         <object_component_ref idref="oc-2e"/>
      </symbol>
      <symbol id="sm-43e">
         <name>__aeabi_memcpy4</name>
         <value>0x225d</value>
         <object_component_ref idref="oc-2e"/>
      </symbol>
      <symbol id="sm-44d">
         <name>__aeabi_memset</name>
         <value>0x22fb</value>
         <object_component_ref idref="oc-47"/>
      </symbol>
      <symbol id="sm-44e">
         <name>memset</name>
         <value>0x2301</value>
         <object_component_ref idref="oc-47"/>
      </symbol>
      <symbol id="sm-44f">
         <name>__aeabi_memset8</name>
         <value>0x22fb</value>
         <object_component_ref idref="oc-47"/>
      </symbol>
      <symbol id="sm-450">
         <name>__aeabi_memset4</name>
         <value>0x22fb</value>
         <object_component_ref idref="oc-47"/>
      </symbol>
      <symbol id="sm-451">
         <name>__aeabi_memclr8</name>
         <value>0x22f9</value>
         <object_component_ref idref="oc-47"/>
      </symbol>
      <symbol id="sm-452">
         <name>__aeabi_memclr4</name>
         <value>0x22f9</value>
         <object_component_ref idref="oc-47"/>
      </symbol>
      <symbol id="sm-453">
         <name>__aeabi_memclr</name>
         <value>0x22f9</value>
         <object_component_ref idref="oc-47"/>
      </symbol>
      <symbol id="sm-45d">
         <name>__mpu_init</name>
         <value>0x1e5b</value>
         <object_component_ref idref="oc-53"/>
      </symbol>
      <symbol id="sm-467">
         <name>_system_pre_init</name>
         <value>0x25d7</value>
         <object_component_ref idref="oc-59"/>
      </symbol>
      <symbol id="sm-46f">
         <name>main_func_sp</name>
         <value>0x20000128</value>
         <object_component_ref idref="oc-71"/>
      </symbol>
      <symbol id="sm-488">
         <name>_nop</name>
         <value>0x25ab</value>
         <object_component_ref idref="oc-f8"/>
      </symbol>
      <symbol id="sm-489">
         <name>_lock</name>
         <value>0x20000120</value>
         <object_component_ref idref="oc-b1"/>
      </symbol>
      <symbol id="sm-48a">
         <name>_unlock</name>
         <value>0x20000124</value>
         <object_component_ref idref="oc-b1"/>
      </symbol>
      <symbol id="sm-48b">
         <name>_register_lock</name>
         <value>0x25a3</value>
         <object_component_ref idref="oc-f8"/>
      </symbol>
      <symbol id="sm-48c">
         <name>_register_unlock</name>
         <value>0x259d</value>
         <object_component_ref idref="oc-f8"/>
      </symbol>
      <symbol id="sm-4a0">
         <name>_args_main</name>
         <value>0x2585</value>
         <object_component_ref idref="oc-65"/>
      </symbol>
      <symbol id="sm-4c5">
         <name>__TI_auto_init</name>
         <value>0x2375</value>
         <object_component_ref idref="oc-5f"/>
      </symbol>
      <symbol id="sm-4df">
         <name>copy_in</name>
         <value>0x24f9</value>
         <object_component_ref idref="oc-9e"/>
      </symbol>
      <symbol id="sm-4e9">
         <name>_system_post_cinit</name>
         <value>0x2373</value>
         <object_component_ref idref="oc-a4"/>
      </symbol>
      <symbol id="sm-4ea">
         <name>__TI_static_base__</name>
         <value>0x0</value>
      </symbol>
      <symbol id="sm-4ed">
         <name>SHT$$INIT_ARRAY$$Limit</name>
         <value>0x0</value>
      </symbol>
      <symbol id="sm-4ee">
         <name>SHT$$INIT_ARRAY$$Base</name>
         <value>0x0</value>
      </symbol>
   </symbol_table>
   <title>Link successful</title>
</link_info>
