******************************************************************************
                  TI ARM Linker PC v15.12.1                    
******************************************************************************
>> Linked Tue Nov 15 00:28:39 2016

OUTPUT FILE NAME:   <ejemplo_linea.out>
ENTRY POINT SYMBOL: "_c_int00"  address: 00002451


MEMORY CONFIGURATION

         name            origin    length      used     unused   attr    fill
----------------------  --------  ---------  --------  --------  ----  --------
  MAIN                  00000000   00040000  00002b1a  0003d4e6  R  X
  INFO                  00200000   00004000  00000000  00004000  R  X
  SRAM_CODE             01000000   00010000  00000368  0000fc98  RW X
  SRAM_DATA             20000000   00010000  00000368  0000fc98  RW  


SEGMENT ALLOCATION MAP

run origin  load origin   length   init length attrs members
----------  ----------- ---------- ----------- ----- -------
00000000    00000000    00002b1c   00002b1c    r-x
  00000000    00000000    00000140   00000140    r-- .intvecs
  00000140    00000140    0000249a   0000249a    r-x .text
  000025dc    000025dc    000004bc   000004bc    r-- .const
  00002a98    00002a98    00000084   00000084    r-- .cinit
20000000    20000000    00000168   00000000    rw-
  20000000    20000000    000000e4   00000000    rw- .vtable
  200000e4    200000e4    0000004c   00000000    rw- .data
  20000130    20000130    00000038   00000000    rw- .bss
2000fe00    2000fe00    00000200   00000000    rw-
  2000fe00    2000fe00    00000200   00000000    rw- .stack


SECTION ALLOCATION MAP

 output                                  attributes/
section   page    origin      length       input sections
--------  ----  ----------  ----------   ----------------
.intvecs   0    00000000    00000140     
                  00000000    00000140     startup_msp432p401r_ccs.obj (.intvecs:retain)

.binit     0    00000000    00000000     

.text      0    00000140    0000249a     
                  00000140    000008a4     spi.obj (.text)
                  000009e4    00000678     Crystalfontz128x128_ST7735.obj (.text)
                  0000105c    00000480     gpio.obj (.text)
                  000014dc    000003f0     interrupt.obj (.text)
                  000018cc    00000328     system_msp432p401r.obj (.text)
                  00001bf4    00000266     context.obj (.text)
                  00001e5a    00000002     rtsv7M4_T_le_v4SPD16_eabi.lib : mpu_init.obj (.text)
                  00001e5c    00000210     main.obj (.text)
                  0000206c    00000134     display.obj (.text)
                  000021a0    000000bc     HAL_MSP_EXP432P401R_Crystalfontz128x128_ST7735.obj (.text)
                  0000225c    0000009c     rtsv7M4_T_le_v4SPD16_eabi.lib : memcpy_t2.obj (.text)
                  000022f8    0000007a                                   : memset_t2.obj (.text)
                  00002372    00000002                                   : startup.obj (.text)
                  00002374    00000070                                   : autoinit.obj (.text)
                  000023e4    0000006a                                   : copy_decompress_rle.obj (.text)
                  0000244e    00000002     --HOLE-- [fill = 0]
                  00002450    00000054                                   : boot.obj (.text)
                  000024a4    00000054                                   : exit.obj (.text)
                  000024f8    0000004c                                   : cpy_tbl.obj (.text)
                  00002544    0000003e     cpu.obj (.text)
                  00002582    00000002     --HOLE-- [fill = 0]
                  00002584    00000018     rtsv7M4_T_le_v4SPD16_eabi.lib : args_main.obj (.text)
                  0000259c    00000014                                   : _lock.obj (.text)
                  000025b0    00000012     startup_msp432p401r_ccs.obj (.text)
                  000025c2    0000000e     rtsv7M4_T_le_v4SPD16_eabi.lib : copy_decompress_none.obj (.text:decompress:none)
                  000025d0    00000006                                   : copy_decompress_rle.obj (.text:decompress:rle24)
                  000025d6    00000004                                   : pre_init.obj (.text)

.const     0    000025dc    000004bc     
                  000025dc    000002f8     fontfixed6x8.obj (.const:.string:g_pucFontFixed6x8Data)
                  000028d4    000000c8     fontfixed6x8.obj (.const:g_sFontFixed6x8)
                  0000299c    00000050     interrupt.obj (.const:g_pulRegs)
                  000029ec    0000002c     Crystalfontz128x128_ST7735.obj (.const:g_sCrystalfontz128x128)
                  00002a18    00000020     interrupt.obj (.const:g_pulPriority)
                  00002a38    0000001c     HAL_MSP_EXP432P401R_Crystalfontz128x128_ST7735.obj (.const:$P$T0$1)
                  00002a54    0000001c     gpio.obj (.const:GPIO_PORT_TO_INT)
                  00002a70    00000008     Crystalfontz128x128_ST7735.obj (.const:$P$T0$1)
                  00002a78    00000008     interrupt.obj (.const:g_pulDisRegs)
                  00002a80    00000008     interrupt.obj (.const:g_pulEnRegs)
                  00002a88    00000008     interrupt.obj (.const:g_pulPendRegs)
                  00002a90    00000008     interrupt.obj (.const:g_pulUnpendRegs)

.cinit     0    00002a98    00000084     
                  00002a98    00000048     (.cinit..data.load) [load image, compression = rle]
                  00002ae0    00000009     (.cinit..bss.load) [load image, compression = rle]
                  00002ae9    00000007     --HOLE-- [fill = 0]
                  00002af0    00000009     (.cinit..vtable.load) [load image, compression = rle]
                  00002af9    00000003     --HOLE-- [fill = 0]
                  00002afc    00000008     (__TI_handler_table)
                  00002b04    00000018     (__TI_cinit_table)

.init_array 
*          0    00000000    00000000     UNINITIALIZED

.vtable    0    20000000    000000e4     UNINITIALIZED
                  20000000    000000e4     interrupt.obj (.vtable)

.data      0    200000e4    0000004c     UNINITIALIZED
                  200000e4    00000030     gpio.obj (.data:GPIO_PORT_TO_BASE)
                  20000114    0000000c     rtsv7M4_T_le_v4SPD16_eabi.lib : exit.obj (.data:$O1$$)
                  20000120    00000008                                   : _lock.obj (.data:$O1$$)
                  20000128    00000004                                   : stkdepth_vars.obj (.data)
                  2000012c    00000004     system_msp432p401r.obj (.data)

.bss       0    20000130    00000038     UNINITIALIZED
                  20000130    0000001c     (.common:g_sContext)
                  2000014c    00000008     (.common:g_sDown)
                  20000154    00000008     (.common:g_sUp)
                  2000015c    00000002     (.common:Lcd_ScreenHeigth)
                  2000015e    00000002     (.common:Lcd_ScreenWidth)
                  20000160    00000002     (.common:Lcd_TouchTrim)
                  20000162    00000002     (.common:interrupt_count)
                  20000164    00000001     (.common:Lcd_FlagRead)
                  20000165    00000001     (.common:Lcd_FontSolid)
                  20000166    00000001     (.common:Lcd_Orientation)
                  20000167    00000001     (.common:Lcd_PenSolid)

.stack     0    2000fe00    00000200     UNINITIALIZED
                  2000fe00    00000200     --HOLE--

MODULE SUMMARY

       Module                                               code   ro data   rw data
       ------                                               ----   -------   -------
    .\
       system_msp432p401r.obj                               808    0         8      
       main.obj                                             528    0         92     
       startup_msp432p401r_ccs.obj                          18     320       0      
    +--+----------------------------------------------------+------+---------+---------+
       Total:                                               1354   320       100    
                                                                                    
    .\GrLib\fonts\
       fontfixed6x8.obj                                     0      960       0      
    +--+----------------------------------------------------+------+---------+---------+
       Total:                                               0      960       0      
                                                                                    
    .\GrLib\grlib\
       context.obj                                          614    0         0      
       display.obj                                          308    0         0      
    +--+----------------------------------------------------+------+---------+---------+
       Total:                                               922    0         0      
                                                                                    
    .\LcdDriver\
       Crystalfontz128x128_ST7735.obj                       1656   52        20     
       HAL_MSP_EXP432P401R_Crystalfontz128x128_ST7735.obj   188    28        0      
    +--+----------------------------------------------------+------+---------+---------+
       Total:                                               1844   80        20     
                                                                                    
    .\driverlib\MSP432P4xx\
       spi.obj                                              2212   0         0      
       interrupt.obj                                        1008   144       456    
       gpio.obj                                             1152   28        96     
       cpu.obj                                              62     0         0      
    +--+----------------------------------------------------+------+---------+---------+
       Total:                                               4434   172       552    
                                                                                    
    C:\ti\ccsv6\tools\compiler\ti-cgt-arm_15.12.1.LTS\lib\rtsv7M4_T_le_v4SPD16_eabi.lib
       memcpy_t2.obj                                        156    0         0      
       memset_t2.obj                                        122    0         0      
       autoinit.obj                                         112    0         0      
       copy_decompress_rle.obj                              112    0         0      
       exit.obj                                             84     0         24     
       boot.obj                                             84     0         0      
       cpy_tbl.obj                                          76     0         0      
       _lock.obj                                            20     0         16     
       args_main.obj                                        24     0         0      
       copy_decompress_none.obj                             14     0         0      
       stkdepth_vars.obj                                    0      0         8      
       pre_init.obj                                         4      0         0      
       mpu_init.obj                                         2      0         0      
       startup.obj                                          2      0         0      
    +--+----------------------------------------------------+------+---------+---------+
       Total:                                               812    0         48     
                                                                                    
       Stack:                                               0      0         1024   
       Linker Generated:                                    0      122       0      
    +--+----------------------------------------------------+------+---------+---------+
       Grand Total:                                         9366   1654      1744   


LINKER GENERATED COPY TABLES

__TI_cinit_table @ 00002b04 records: 3, size/record: 8, table size: 24
	.data: load addr=00002a98, load size=00000048 bytes, run addr=200000e4, run size=0000004c bytes, compression=rle
	.bss: load addr=00002ae0, load size=00000009 bytes, run addr=20000130, run size=00000038 bytes, compression=rle
	.vtable: load addr=00002af0, load size=00000009 bytes, run addr=20000000, run size=000000e4 bytes, compression=rle


LINKER GENERATED HANDLER TABLE

__TI_handler_table @ 00002afc records: 2, size/record: 4, table size: 8
	index: 0, handler: __TI_decompress_rle24
	index: 1, handler: __TI_decompress_none


GLOBAL SYMBOLS: SORTED ALPHABETICALLY BY Name 

address   name                                       
-------   ----                                       
00002003  ADC14_IRQHandler                           
000024a5  C$$EXIT                                    
00002579  CPU_basepriGet                             
0000256b  CPU_basepriSet                             
00002545  CPU_cpsid                                  
0000255b  CPU_cpsie                                  
00002551  CPU_primask                                
00002567  CPU_wfi                                    
000009e5  Crystalfontz128x128_Init                   
00000af9  Crystalfontz128x128_SetDrawFrame           
00000c27  Crystalfontz128x128_SetOrientation         
000008af  EUSCI_A_SPI_changeClockPhasePolarity       
00000963  EUSCI_A_SPI_clearInterruptFlag             
00000993  EUSCI_A_SPI_disable                        
00000931  EUSCI_A_SPI_disableInterrupt               
0000097d  EUSCI_A_SPI_enable                         
00000917  EUSCI_A_SPI_enableInterrupt                
0000094b  EUSCI_A_SPI_getInterruptStatus             
000009a9  EUSCI_A_SPI_getReceiveBufferAddressForDMA  
000009b7  EUSCI_A_SPI_getTransmitBufferAddressForDMA 
000009c5  EUSCI_A_SPI_isBusy                         
0000082f  EUSCI_A_SPI_masterChangeClock              
00000907  EUSCI_A_SPI_receiveData                    
0000080f  EUSCI_A_SPI_select4PinFunctionality        
00000865  EUSCI_A_SPI_slaveInit                      
000008f1  EUSCI_A_SPI_transmitData                   
000006e1  EUSCI_B_SPI_changeClockPhasePolarity       
00000795  EUSCI_B_SPI_clearInterruptFlag             
000007c5  EUSCI_B_SPI_disable                        
00000763  EUSCI_B_SPI_disableInterrupt               
000007af  EUSCI_B_SPI_enable                         
00000749  EUSCI_B_SPI_enableInterrupt                
0000077d  EUSCI_B_SPI_getInterruptStatus             
000007db  EUSCI_B_SPI_getReceiveBufferAddressForDMA  
000007e9  EUSCI_B_SPI_getTransmitBufferAddressForDMA 
000007f7  EUSCI_B_SPI_isBusy                         
00000665  EUSCI_B_SPI_masterChangeClock              
00000739  EUSCI_B_SPI_receiveData                    
00000645  EUSCI_B_SPI_select4PinFunctionality        
00000697  EUSCI_B_SPI_slaveInit                      
00000723  EUSCI_B_SPI_transmitData                   
0000137f  GPIO_clearInterruptFlag                    
0000133f  GPIO_disableInterrupt                      
0000131d  GPIO_enableInterrupt                       
000013d7  GPIO_getEnabledInterruptStatus             
000012ef  GPIO_getInputPinValue                      
00001361  GPIO_getInterruptStatus                    
000013a1  GPIO_interruptEdgeSelect                   
00001497  GPIO_registerInterrupt                     
00001097  GPIO_setAsInputPin                         
0000124b  GPIO_setAsInputPinWithPullDownResistor     
0000129d  GPIO_setAsInputPinWithPullUpResistor       
0000105d  GPIO_setAsOutputPin                        
00001161  GPIO_setAsPeripheralModuleFunctionInputPin 
000010dd  GPIO_setAsPeripheralModuleFunctionOutputPin
00001453  GPIO_setDriveStrengthHigh                  
00001475  GPIO_setDriveStrengthLow                   
000011e5  GPIO_setOutputHighOnPin                    
00001207  GPIO_setOutputLowOnPin                     
00001229  GPIO_toggleOutputOnPin                     
000014b7  GPIO_unregisterInterrupt                   
00001de1  Graphics_clearDisplay                      
00002189  Graphics_clearDisplayOnDisplay             
000020db  Graphics_drawHorizontalLineOnDisplay       
00002097  Graphics_drawMultiplePixelsOnDisplay       
00001df3  Graphics_drawPixel                         
0000206d  Graphics_drawPixelOnDisplay                
0000210f  Graphics_drawVerticalLineOnDisplay         
00002143  Graphics_fillRectangleOnDisplay            
00001dd3  Graphics_flushBuffer                       
00002177  Graphics_flushOnDisplay                    
00001db5  Graphics_getDisplayHeight                  
00001da5  Graphics_getDisplayWidth                   
00001d53  Graphics_getFontBaseline                   
00001d89  Graphics_getFontHeight                     
00001d97  Graphics_getFontMaxWidth                   
00001dc5  Graphics_getHeightOfDisplay                
00001e4d  Graphics_getWidthOfDisplay                 
00001bf5  Graphics_initContext                       
00001d09  Graphics_setBackgroundColor                
00001d23  Graphics_setBackgroundColorTranslated      
00001c3f  Graphics_setClipRegion                     
00001d39  Graphics_setFont                           
00001d61  Graphics_setForegroundColor                
00001d77  Graphics_setForegroundColorTranslated      
00002161  Graphics_translateColorOnDisplay           
000021a1  HAL_LCD_PortInit                           
000021d1  HAL_LCD_SpiInit                            
00002207  HAL_LCD_writeCommand                       
0000222f  HAL_LCD_writeData                          
0000169f  Interrupt_disableInterrupt                 
000014ef  Interrupt_disableMaster                    
0000189d  Interrupt_disableSleepOnIsrExit            
0000162d  Interrupt_enableInterrupt                  
000014df  Interrupt_enableMaster                     
0000188b  Interrupt_enableSleepOnIsrExit             
00001607  Interrupt_getPriority                      
0000157f  Interrupt_getPriorityGrouping              
0000186b  Interrupt_getPriorityMask                  
00001885  Interrupt_getVectorTableAddress            
00001711  Interrupt_isEnabled                        
0000179d  Interrupt_pendInterrupt                    
000014ff  Interrupt_registerInterrupt                
000015b7  Interrupt_setPriority                      
00001565  Interrupt_setPriorityGrouping              
0000185b  Interrupt_setPriorityMask                  
00001875  Interrupt_setVectorTableAddress            
0000180d  Interrupt_unpendInterrupt                  
00001551  Interrupt_unregisterInterrupt              
20000164  Lcd_FlagRead                               
20000165  Lcd_FontSolid                              
20000166  Lcd_Orientation                            
20000167  Lcd_PenSolid                               
2000015c  Lcd_ScreenHeigth                           
2000015e  Lcd_ScreenWidth                            
20000160  Lcd_TouchTrim                              
UNDEFED   SHT$$INIT_ARRAY$$Base                      
UNDEFED   SHT$$INIT_ARRAY$$Limit                     
00000303  SPI_changeClockPhasePolarity               
0000025d  SPI_changeMasterClock                      
000004b5  SPI_clearInterruptFlag                     
00000437  SPI_disableInterrupt                       
00000391  SPI_disableModule                          
00000411  SPI_enableInterrupt                        
00000375  SPI_enableModule                           
00000485  SPI_getEnabledInterruptStatus              
0000045d  SPI_getInterruptStatus                     
000003ad  SPI_getReceiveBufferAddressForDMA          
000003c9  SPI_getTransmitBufferAddressForDMA         
00000171  SPI_initMaster                             
00000285  SPI_initSlave                              
000003f5  SPI_isBusy                                 
00000359  SPI_receiveData                            
000004db  SPI_registerInterrupt                      
00000237  SPI_selectFourPinFunctionality             
00000333  SPI_transmitData                           
00000599  SPI_unregisterInterrupt                    
2000012c  SystemCoreClock                            
000018cd  SystemCoreClockUpdate                      
00001b41  SystemInit                                 
4000480c  WDTCTL_SYM                                 
20010000  __STACK_END                                
00000200  __STACK_SIZE                               
00002b04  __TI_CINIT_Base                            
00002b1c  __TI_CINIT_Limit                           
00002afc  __TI_Handler_Table_Base                    
00002b04  __TI_Handler_Table_Limit                   
00002375  __TI_auto_init                             
20000114  __TI_cleanup_ptr                           
000025c3  __TI_decompress_none                       
000025d1  __TI_decompress_rle24                      
20000118  __TI_dtors_ptr                             
2000011c  __TI_enable_exit_profile_output            
ffffffff  __TI_pprof_out_hndl                        
ffffffff  __TI_prof_data_size                        
ffffffff  __TI_prof_data_start                       
00000000  __TI_static_base__                         
000022f9  __aeabi_memclr                             
000022f9  __aeabi_memclr4                            
000022f9  __aeabi_memclr8                            
0000225d  __aeabi_memcpy                             
0000225d  __aeabi_memcpy4                            
0000225d  __aeabi_memcpy8                            
000022fb  __aeabi_memset                             
000022fb  __aeabi_memset4                            
000022fb  __aeabi_memset8                            
ffffffff  __binit__                                  
ffffffff  __c_args__                                 
00001e5b  __mpu_init                                 
2000fe00  __stack                                    
00002585  _args_main                                 
00002451  _c_int00                                   
20000120  _lock                                      
000025ab  _nop                                       
000025a3  _register_lock                             
0000259d  _register_unlock                           
00002373  _system_post_cinit                         
000025d7  _system_pre_init                           
20000124  _unlock                                    
000024a9  abort                                      
ffffffff  binit                                      
000024f9  copy_in                                    
000024b1  exit                                       
20000000  g_pfnRAMVectors                            
20000130  g_sContext                                 
000029ec  g_sCrystalfontz128x128                     
2000014c  g_sDown                                    
000028d4  g_sFontFixed6x8                            
20000154  g_sUp                                      
00000000  interruptVectors                           
20000162  interrupt_count                            
00001e5d  main                                       
20000128  main_func_sp                               
0000225d  memcpy                                     
00002301  memset                                     


GLOBAL SYMBOLS: SORTED BY Symbol Address 

address   name                                       
-------   ----                                       
00000000  __TI_static_base__                         
00000000  interruptVectors                           
00000171  SPI_initMaster                             
00000200  __STACK_SIZE                               
00000237  SPI_selectFourPinFunctionality             
0000025d  SPI_changeMasterClock                      
00000285  SPI_initSlave                              
00000303  SPI_changeClockPhasePolarity               
00000333  SPI_transmitData                           
00000359  SPI_receiveData                            
00000375  SPI_enableModule                           
00000391  SPI_disableModule                          
000003ad  SPI_getReceiveBufferAddressForDMA          
000003c9  SPI_getTransmitBufferAddressForDMA         
000003f5  SPI_isBusy                                 
00000411  SPI_enableInterrupt                        
00000437  SPI_disableInterrupt                       
0000045d  SPI_getInterruptStatus                     
00000485  SPI_getEnabledInterruptStatus              
000004b5  SPI_clearInterruptFlag                     
000004db  SPI_registerInterrupt                      
00000599  SPI_unregisterInterrupt                    
00000645  EUSCI_B_SPI_select4PinFunctionality        
00000665  EUSCI_B_SPI_masterChangeClock              
00000697  EUSCI_B_SPI_slaveInit                      
000006e1  EUSCI_B_SPI_changeClockPhasePolarity       
00000723  EUSCI_B_SPI_transmitData                   
00000739  EUSCI_B_SPI_receiveData                    
00000749  EUSCI_B_SPI_enableInterrupt                
00000763  EUSCI_B_SPI_disableInterrupt               
0000077d  EUSCI_B_SPI_getInterruptStatus             
00000795  EUSCI_B_SPI_clearInterruptFlag             
000007af  EUSCI_B_SPI_enable                         
000007c5  EUSCI_B_SPI_disable                        
000007db  EUSCI_B_SPI_getReceiveBufferAddressForDMA  
000007e9  EUSCI_B_SPI_getTransmitBufferAddressForDMA 
000007f7  EUSCI_B_SPI_isBusy                         
0000080f  EUSCI_A_SPI_select4PinFunctionality        
0000082f  EUSCI_A_SPI_masterChangeClock              
00000865  EUSCI_A_SPI_slaveInit                      
000008af  EUSCI_A_SPI_changeClockPhasePolarity       
000008f1  EUSCI_A_SPI_transmitData                   
00000907  EUSCI_A_SPI_receiveData                    
00000917  EUSCI_A_SPI_enableInterrupt                
00000931  EUSCI_A_SPI_disableInterrupt               
0000094b  EUSCI_A_SPI_getInterruptStatus             
00000963  EUSCI_A_SPI_clearInterruptFlag             
0000097d  EUSCI_A_SPI_enable                         
00000993  EUSCI_A_SPI_disable                        
000009a9  EUSCI_A_SPI_getReceiveBufferAddressForDMA  
000009b7  EUSCI_A_SPI_getTransmitBufferAddressForDMA 
000009c5  EUSCI_A_SPI_isBusy                         
000009e5  Crystalfontz128x128_Init                   
00000af9  Crystalfontz128x128_SetDrawFrame           
00000c27  Crystalfontz128x128_SetOrientation         
0000105d  GPIO_setAsOutputPin                        
00001097  GPIO_setAsInputPin                         
000010dd  GPIO_setAsPeripheralModuleFunctionOutputPin
00001161  GPIO_setAsPeripheralModuleFunctionInputPin 
000011e5  GPIO_setOutputHighOnPin                    
00001207  GPIO_setOutputLowOnPin                     
00001229  GPIO_toggleOutputOnPin                     
0000124b  GPIO_setAsInputPinWithPullDownResistor     
0000129d  GPIO_setAsInputPinWithPullUpResistor       
000012ef  GPIO_getInputPinValue                      
0000131d  GPIO_enableInterrupt                       
0000133f  GPIO_disableInterrupt                      
00001361  GPIO_getInterruptStatus                    
0000137f  GPIO_clearInterruptFlag                    
000013a1  GPIO_interruptEdgeSelect                   
000013d7  GPIO_getEnabledInterruptStatus             
00001453  GPIO_setDriveStrengthHigh                  
00001475  GPIO_setDriveStrengthLow                   
00001497  GPIO_registerInterrupt                     
000014b7  GPIO_unregisterInterrupt                   
000014df  Interrupt_enableMaster                     
000014ef  Interrupt_disableMaster                    
000014ff  Interrupt_registerInterrupt                
00001551  Interrupt_unregisterInterrupt              
00001565  Interrupt_setPriorityGrouping              
0000157f  Interrupt_getPriorityGrouping              
000015b7  Interrupt_setPriority                      
00001607  Interrupt_getPriority                      
0000162d  Interrupt_enableInterrupt                  
0000169f  Interrupt_disableInterrupt                 
00001711  Interrupt_isEnabled                        
0000179d  Interrupt_pendInterrupt                    
0000180d  Interrupt_unpendInterrupt                  
0000185b  Interrupt_setPriorityMask                  
0000186b  Interrupt_getPriorityMask                  
00001875  Interrupt_setVectorTableAddress            
00001885  Interrupt_getVectorTableAddress            
0000188b  Interrupt_enableSleepOnIsrExit             
0000189d  Interrupt_disableSleepOnIsrExit            
000018cd  SystemCoreClockUpdate                      
00001b41  SystemInit                                 
00001bf5  Graphics_initContext                       
00001c3f  Graphics_setClipRegion                     
00001d09  Graphics_setBackgroundColor                
00001d23  Graphics_setBackgroundColorTranslated      
00001d39  Graphics_setFont                           
00001d53  Graphics_getFontBaseline                   
00001d61  Graphics_setForegroundColor                
00001d77  Graphics_setForegroundColorTranslated      
00001d89  Graphics_getFontHeight                     
00001d97  Graphics_getFontMaxWidth                   
00001da5  Graphics_getDisplayWidth                   
00001db5  Graphics_getDisplayHeight                  
00001dc5  Graphics_getHeightOfDisplay                
00001dd3  Graphics_flushBuffer                       
00001de1  Graphics_clearDisplay                      
00001df3  Graphics_drawPixel                         
00001e4d  Graphics_getWidthOfDisplay                 
00001e5b  __mpu_init                                 
00001e5d  main                                       
00002003  ADC14_IRQHandler                           
0000206d  Graphics_drawPixelOnDisplay                
00002097  Graphics_drawMultiplePixelsOnDisplay       
000020db  Graphics_drawHorizontalLineOnDisplay       
0000210f  Graphics_drawVerticalLineOnDisplay         
00002143  Graphics_fillRectangleOnDisplay            
00002161  Graphics_translateColorOnDisplay           
00002177  Graphics_flushOnDisplay                    
00002189  Graphics_clearDisplayOnDisplay             
000021a1  HAL_LCD_PortInit                           
000021d1  HAL_LCD_SpiInit                            
00002207  HAL_LCD_writeCommand                       
0000222f  HAL_LCD_writeData                          
0000225d  __aeabi_memcpy                             
0000225d  __aeabi_memcpy4                            
0000225d  __aeabi_memcpy8                            
0000225d  memcpy                                     
000022f9  __aeabi_memclr                             
000022f9  __aeabi_memclr4                            
000022f9  __aeabi_memclr8                            
000022fb  __aeabi_memset                             
000022fb  __aeabi_memset4                            
000022fb  __aeabi_memset8                            
00002301  memset                                     
00002373  _system_post_cinit                         
00002375  __TI_auto_init                             
00002451  _c_int00                                   
000024a5  C$$EXIT                                    
000024a9  abort                                      
000024b1  exit                                       
000024f9  copy_in                                    
00002545  CPU_cpsid                                  
00002551  CPU_primask                                
0000255b  CPU_cpsie                                  
00002567  CPU_wfi                                    
0000256b  CPU_basepriSet                             
00002579  CPU_basepriGet                             
00002585  _args_main                                 
0000259d  _register_unlock                           
000025a3  _register_lock                             
000025ab  _nop                                       
000025c3  __TI_decompress_none                       
000025d1  __TI_decompress_rle24                      
000025d7  _system_pre_init                           
000028d4  g_sFontFixed6x8                            
000029ec  g_sCrystalfontz128x128                     
00002afc  __TI_Handler_Table_Base                    
00002b04  __TI_CINIT_Base                            
00002b04  __TI_Handler_Table_Limit                   
00002b1c  __TI_CINIT_Limit                           
20000000  g_pfnRAMVectors                            
20000114  __TI_cleanup_ptr                           
20000118  __TI_dtors_ptr                             
2000011c  __TI_enable_exit_profile_output            
20000120  _lock                                      
20000124  _unlock                                    
20000128  main_func_sp                               
2000012c  SystemCoreClock                            
20000130  g_sContext                                 
2000014c  g_sDown                                    
20000154  g_sUp                                      
2000015c  Lcd_ScreenHeigth                           
2000015e  Lcd_ScreenWidth                            
20000160  Lcd_TouchTrim                              
20000162  interrupt_count                            
20000164  Lcd_FlagRead                               
20000165  Lcd_FontSolid                              
20000166  Lcd_Orientation                            
20000167  Lcd_PenSolid                               
2000fe00  __stack                                    
20010000  __STACK_END                                
4000480c  WDTCTL_SYM                                 
ffffffff  __TI_pprof_out_hndl                        
ffffffff  __TI_prof_data_size                        
ffffffff  __TI_prof_data_start                       
ffffffff  __binit__                                  
ffffffff  __c_args__                                 
ffffffff  binit                                      
UNDEFED   SHT$$INIT_ARRAY$$Base                      
UNDEFED   SHT$$INIT_ARRAY$$Limit                     

[195 symbols]
